To honour the JVM settings for this build a single-use Daemon process will be forked. For more on this, please refer to https://docs.gradle.org/9.1.0/userguide/gradle_daemon.html#sec:disabling_the_daemon in the Gradle documentation.
Daemon will be stopped at the end of the build 
> Task :mmo-api:compileJava UP-TO-DATE
> Task :mmo-api:processResources NO-SOURCE
> Task :mmo-api:classes UP-TO-DATE
> Task :mmo-api:jar UP-TO-DATE
> Task :mmo-content:compileJava UP-TO-DATE
> Task :mmo-combat:compileJava UP-TO-DATE
> Task :mmo-integrations:compileJava UP-TO-DATE
> Task :mmo-items:compileJava UP-TO-DATE
> Task :mmo-lifeskills:compileJava UP-TO-DATE
> Task :mmo-magic:compileJava UP-TO-DATE
> Task :mmo-progression:compileJava UP-TO-DATE
> Task :mmo-persistence:compileJava UP-TO-DATE
> Task :mmo-scenes:compileJava UP-TO-DATE
> Task :mmo-social:compileJava UP-TO-DATE
> Task :mmo-worldloop:compileJava UP-TO-DATE
> Task :mmo-integrations:integration-mythicmobs:compileJava UP-TO-DATE
> Task :mmo-integrations:integration-oraxen:compileJava UP-TO-DATE
> Task :mmo-integrations:integration-packetevents:compileJava UP-TO-DATE
> Task :mmo-integrations:integration-wallet:compileJava UP-TO-DATE
> Task :mmo-integrations:integration-worldguard:compileJava UP-TO-DATE
> Task :mmo-bootstrap:compileJava
> Task :mmo-bootstrap:processResources UP-TO-DATE
> Task :mmo-bootstrap:classes
> Task :mmo-combat:processResources NO-SOURCE
> Task :mmo-combat:classes UP-TO-DATE
> Task :mmo-combat:jar UP-TO-DATE
> Task :mmo-content:processResources NO-SOURCE
> Task :mmo-content:classes UP-TO-DATE
> Task :mmo-content:jar UP-TO-DATE
> Task :mmo-integrations:processResources NO-SOURCE
> Task :mmo-integrations:classes UP-TO-DATE
> Task :mmo-integrations:jar UP-TO-DATE
> Task :mmo-items:processResources NO-SOURCE
> Task :mmo-items:classes UP-TO-DATE
> Task :mmo-items:jar UP-TO-DATE
> Task :mmo-lifeskills:processResources NO-SOURCE
> Task :mmo-lifeskills:classes UP-TO-DATE
> Task :mmo-lifeskills:jar UP-TO-DATE
> Task :mmo-magic:processResources NO-SOURCE
> Task :mmo-magic:classes UP-TO-DATE
> Task :mmo-magic:jar UP-TO-DATE
> Task :mmo-persistence:processResources UP-TO-DATE
> Task :mmo-persistence:classes UP-TO-DATE
> Task :mmo-persistence:jar UP-TO-DATE
> Task :mmo-progression:processResources NO-SOURCE
> Task :mmo-progression:classes UP-TO-DATE
> Task :mmo-progression:jar UP-TO-DATE
> Task :mmo-scenes:processResources NO-SOURCE
> Task :mmo-scenes:classes UP-TO-DATE
> Task :mmo-scenes:jar UP-TO-DATE
> Task :mmo-social:processResources NO-SOURCE
> Task :mmo-social:classes UP-TO-DATE
> Task :mmo-social:jar UP-TO-DATE
> Task :mmo-worldloop:processResources NO-SOURCE
> Task :mmo-worldloop:classes UP-TO-DATE
> Task :mmo-worldloop:jar UP-TO-DATE
> Task :mmo-integrations:integration-mythicmobs:processResources NO-SOURCE
> Task :mmo-integrations:integration-mythicmobs:classes UP-TO-DATE
> Task :mmo-integrations:integration-mythicmobs:jar UP-TO-DATE
> Task :mmo-integrations:integration-oraxen:processResources NO-SOURCE
> Task :mmo-integrations:integration-oraxen:classes UP-TO-DATE
> Task :mmo-integrations:integration-oraxen:jar UP-TO-DATE
> Task :mmo-integrations:integration-packetevents:processResources NO-SOURCE
> Task :mmo-integrations:integration-packetevents:classes UP-TO-DATE
> Task :mmo-integrations:integration-packetevents:jar UP-TO-DATE
> Task :mmo-integrations:integration-wallet:processResources NO-SOURCE
> Task :mmo-integrations:integration-wallet:classes UP-TO-DATE
> Task :mmo-integrations:integration-wallet:jar UP-TO-DATE
> Task :mmo-integrations:integration-worldguard:processResources NO-SOURCE
> Task :mmo-integrations:integration-worldguard:classes UP-TO-DATE
> Task :mmo-integrations:integration-worldguard:jar UP-TO-DATE
> Task :mmo-bootstrap:shadowJar

> Task :mmo-bootstrap:runServer
Located Paper 26.2 build 112 in local cache.
Starting Paper...

Downloading mojang_26.2.jar
Applying patches
Starting org.bukkit.craftbukkit.Main
2026-08-15T10:35:29.861775Z ServerMain WARN Advanced terminal features are not available in this environment
[17:35:30 INFO]: [bootstrap] Running Java 25 (OpenJDK 64-Bit Server VM 25.0.3+9-LTS; Eclipse Adoptium Temurin-25.0.3+9) on Windows 11 10.0 (amd64)
[17:35:30 INFO]: [bootstrap] Loading Paper 26.2-112-main@c9e894d (2026-08-11T05:18:39Z) for Minecraft 26.2
[17:35:30 INFO]: [PluginInitializerManager] Initializing plugins...
[17:35:30 INFO]: [PluginInitializerManager] Initialized 1 plugin
[17:35:30 INFO]: [PluginInitializerManager] Bukkit plugins (1):
 - BranzMMO (1.0.0-SNAPSHOT)
WARNING: A terminally deprecated method in sun.misc.Unsafe has been called
WARNING: sun.misc.Unsafe::objectFieldOffset has been called by org.joml.MemUtil$MemUtilUnsafe (file:/C:/Users/User/AppData/Local/BranzMMORPGHarness/repo/mmo-bootstrap/run/libraries/org/joml/joml/1.10.8/joml-1.10.8.jar)
WARNING: Please consider reporting this to the maintainers of class org.joml.MemUtil$MemUtilUnsafe
WARNING: sun.misc.Unsafe::objectFieldOffset will be removed in a future release
[17:35:36 INFO]: [ca.spottedleaf.dataconverter.minecraft.datatypes.MCTypeRegistry] Initialising converters for DataConverter...
[17:35:36 INFO]: Environment: Environment[sessionHost=https://sessionserver.mojang.com, servicesHost=https://api.minecraftservices.com, profilesHost=https://api.mojang.com, name=PROD]
[17:35:37 INFO]: [ca.spottedleaf.dataconverter.minecraft.datatypes.MCTypeRegistry] Finished initialising converters for DataConverter in 646.6ms
[17:35:37 INFO]: Found new data pack paper, loading it automatically
[17:35:38 INFO]: No existing world data, creating new world
[17:35:39 INFO]: Loaded 1585 recipes
[17:35:39 INFO]: Loaded 1688 advancements
[17:35:39 INFO]: Starting minecraft server version 26.2
[17:35:39 INFO]: Loading properties
[17:35:39 INFO]: This server is running Paper version 26.2-112-main@c9e894d (2026-08-11T05:18:39Z) (Implementing API version 26.2.build.112-stable)
[17:35:40 INFO]: [spark] This server bundles the spark profiler. For more information please visit https://docs.papermc.io/paper/profiling
[17:35:40 INFO]: Using 4 threads for Netty based IO
[17:35:40 INFO]: Server Ping Player Sample Count: 12
[17:35:40 INFO]: [MoonriseCommon] Paper is using 3 worker threads, 1 I/O threads
[17:35:40 INFO]: Default game type: SURVIVAL
[17:35:40 INFO]: Generating keypair
[17:35:40 INFO]: Starting Minecraft server on *:25565
[17:35:40 INFO]: Paper: Using Java compression from Velocity.
[17:35:40 INFO]: Paper: Using Java cipher from Velocity.
[17:35:41 INFO]: [BranzMMO] Loading server plugin BranzMMO v1.0.0-SNAPSHOT
[17:35:41 INFO]: [BranzMMO] Enabling BranzMMO v1.0.0-SNAPSHOT
[17:35:41 INFO]: [BranzMMO] Loading and validating content snapshot from C:\Users\User\AppData\Local\BranzMMORPGHarness\repo\example-content\milestone-1
[17:35:41 WARN]: **** SERVER IS RUNNING IN OFFLINE/INSECURE MODE!
[17:35:41 WARN]: The server will make no attempt to authenticate usernames. Beware.
[17:35:41 WARN]: While this makes the game possible to play without internet access, it also opens up the ability for hackers to connect with any username they choose.
[17:35:41 WARN]: To change this, set "online-mode" to "true" in the server.properties file.
[17:35:41 INFO]: Preparing level "world"
[17:35:41 INFO]: Selecting spawn point for level 'minecraft:overworld'...
[17:35:46 INFO]: Selecting spawn point for level 'minecraft:the_nether'...
[17:35:47 INFO]: Selecting spawn point for level 'minecraft:the_end'...
[17:35:47 INFO]: Loading 0 persistent chunks for level 'minecraft:overworld'...
[17:35:47 INFO]: Preparing spawn area: 100%
[17:35:47 INFO]: Prepared spawn area in 5950 ms
[17:35:47 INFO]: Loading 0 persistent chunks for level 'minecraft:the_nether'...
[17:35:47 INFO]: Preparing spawn area: 100%
[17:35:47 INFO]: Prepared spawn area in 1163 ms
[17:35:47 INFO]: Loading 0 persistent chunks for level 'minecraft:the_end'...
[17:35:47 INFO]: Preparing spawn area: 100%
[17:35:47 INFO]: Prepared spawn area in 344 ms
[17:35:47 INFO]: Done preparing level "world" (6.542s)
[17:35:47 INFO]: [spark] Starting background profiler...
[17:35:47 INFO]: [spark] The async-profiler engine is not supported for your os/arch (windows11/amd64), so the built-in Java engine will be used instead.
[17:35:48 INFO]: Saving chunks for level 'ServerLevel[world]'/minecraft:overworld
[17:35:48 INFO]: Saving chunks for level 'ServerLevel[world]'/minecraft:the_nether
[17:35:48 INFO]: Saving chunks for level 'ServerLevel[world]'/minecraft:the_end
[17:35:48 INFO]: ThreadedAnvilChunkStorage (world): All chunks are saved
[17:35:48 INFO]: ThreadedAnvilChunkStorage (DIM-1): All chunks are saved
[17:35:48 INFO]: ThreadedAnvilChunkStorage (DIM1): All chunks are saved
[17:35:48 INFO]: ThreadedAnvilChunkStorage: All dimensions are saved
[17:35:48 INFO]: Running delayed init tasks
[17:35:48 INFO]: Done (19.509s)! For help, type "help"
[17:35:48 INFO]: *************************************************************************************
[17:35:48 INFO]: This is the first time you're starting this server.
[17:35:48 INFO]: It's recommended you read our 'Getting Started' documentation for guidance.
[17:35:48 INFO]: View this and more helpful information here: https://docs.papermc.io/paper/next-steps
[17:35:48 INFO]: *************************************************************************************
[17:35:48 INFO]: [io.zonky.test.db.postgres.embedded.EmbeddedPostgres] Detected a Windows x86_64 system
[17:35:48 INFO]: [io.zonky.test.db.postgres.embedded.DefaultPostgresBinaryResolver] Detected distribution: 'Unknown'
[17:35:48 INFO]: [io.zonky.test.db.postgres.embedded.DefaultPostgresBinaryResolver] System specific postgres binaries found: 'postgres-windows-x86_64.txz'
[17:35:50 INFO]: [io.zonky.test.db.postgres.embedded.EmbeddedPostgres] Postgres binaries at C:\Users\User\AppData\Local\Temp\embedded-pg\PG-3942d5a1dcdbfebc27772e9e670d5d85
[17:35:50 INFO]: [io.zonky.test.db.postgres.embedded.EmbeddedPostgres] The files belonging to this database system will be owned by user "User".
[17:35:50 INFO]: [io.zonky.test.db.postgres.embedded.EmbeddedPostgres] This user must also own the server process.
[17:35:50 INFO]: [io.zonky.test.db.postgres.embedded.EmbeddedPostgres] 
[17:35:50 INFO]: [io.zonky.test.db.postgres.embedded.EmbeddedPostgres] The database cluster will be initialized with locale "English_United States.874".
[17:35:50 INFO]: [io.zonky.test.db.postgres.embedded.EmbeddedPostgres] The default text search configuration will be set to "english".
[17:35:50 INFO]: [io.zonky.test.db.postgres.embedded.EmbeddedPostgres] 
[17:35:50 INFO]: [io.zonky.test.db.postgres.embedded.EmbeddedPostgres] Data page checksums are disabled.
[17:35:50 INFO]: [io.zonky.test.db.postgres.embedded.EmbeddedPostgres] 
[17:35:50 INFO]: [io.zonky.test.db.postgres.embedded.EmbeddedPostgres] fixing permissions on existing directory C:/Users/User/AppData/Local/BranzMMORPGHarness/repo/mmo-bootstrap/run/plugins/BranzMMO/embedded-postgres ... ok
[17:35:50 INFO]: [io.zonky.test.db.postgres.embedded.EmbeddedPostgres] creating subdirectories ... ok
[17:35:50 INFO]: [io.zonky.test.db.postgres.embedded.EmbeddedPostgres] selecting dynamic shared memory implementation ... windows
[17:35:50 INFO]: [io.zonky.test.db.postgres.embedded.EmbeddedPostgres] selecting default max_connections ... 100
[17:35:50 INFO]: [io.zonky.test.db.postgres.embedded.EmbeddedPostgres] selecting default shared_buffers ... 128MB
[17:35:50 INFO]: [io.zonky.test.db.postgres.embedded.EmbeddedPostgres] selecting default time zone ... Asia/Bangkok
[17:35:50 INFO]: [io.zonky.test.db.postgres.embedded.EmbeddedPostgres] creating configuration files ... ok
[17:35:52 INFO]: [io.zonky.test.db.postgres.embedded.EmbeddedPostgres] running bootstrap script ... ok
[17:36:03 INFO]: [io.zonky.test.db.postgres.embedded.EmbeddedPostgres] performing post-bootstrap initialization ... ok
[17:36:08 INFO]: [io.zonky.test.db.postgres.embedded.EmbeddedPostgres] syncing data to disk ... ok
[17:36:08 INFO]: [io.zonky.test.db.postgres.embedded.EmbeddedPostgres] 
[17:36:08 INFO]: [io.zonky.test.db.postgres.embedded.EmbeddedPostgres] Success. You can now start the database server using:
[17:36:08 INFO]: [io.zonky.test.db.postgres.embedded.EmbeddedPostgres] 
[17:36:08 INFO]: [io.zonky.test.db.postgres.embedded.EmbeddedPostgres]     ^"C^:^\Users^\User^\AppData^\Local^\Temp^\embedded^-pg^\PG^-3942d5a1dcdbfebc27772e9e670d5d85^\bin^\pg^_ctl^" -D ^"C^:^\Users^\User^\AppData^\Local^\BranzMMORPGHarness^\repo^\mmo^-bootstrap^\run^\plugins^\BranzMMO^\embedded^-postgres^" -l logfile start
[17:36:08 INFO]: [io.zonky.test.db.postgres.embedded.EmbeddedPostgres] 
[17:36:08 INFO]: [io.zonky.test.db.postgres.embedded.EmbeddedPostgres] a3185e1d-bf8f-4416-b886-d39d47ddf943 initdb completed in 00:00:18.037
[17:36:08 INFO]: [io.zonky.test.db.postgres.embedded.EmbeddedPostgres] a3185e1d-bf8f-4416-b886-d39d47ddf943 postmaster started as Process[pid=31012, exitValue="not exited"] on port 52122.  Waiting up to PT10S for server startup to finish.
[17:36:08 INFO]: [io.zonky.test.db.postgres.embedded.EmbeddedPostgres] waiting for server to start....2026-08-15 17:36:08.343 +07 [32000] LOG:  starting PostgreSQL 14.22, compiled by Visual C++ build 1944, 64-bit
[17:36:08 INFO]: [io.zonky.test.db.postgres.embedded.EmbeddedPostgres] 2026-08-15 17:36:08.354 +07 [32000] LOG:  listening on IPv6 address "::1", port 52122
[17:36:08 INFO]: [io.zonky.test.db.postgres.embedded.EmbeddedPostgres] 2026-08-15 17:36:08.354 +07 [32000] LOG:  listening on IPv4 address "127.0.0.1", port 52122
[17:36:08 INFO]: [io.zonky.test.db.postgres.embedded.EmbeddedPostgres] 2026-08-15 17:36:08.431 +07 [34708] LOG:  database system was shut down at 2026-08-15 17:36:03 +07
[17:36:08 INFO]: [io.zonky.test.db.postgres.embedded.EmbeddedPostgres] 2026-08-15 17:36:08.528 +07 [32000] LOG:  database system is ready to accept connections
[17:36:08 INFO]: [io.zonky.test.db.postgres.embedded.EmbeddedPostgres]  done
[17:36:08 INFO]: [io.zonky.test.db.postgres.embedded.EmbeddedPostgres] server started
[17:36:09 INFO]: [io.zonky.test.db.postgres.embedded.EmbeddedPostgres] a3185e1d-bf8f-4416-b886-d39d47ddf943 postmaster startup finished in 00:00:01.443
[17:36:12 INFO]: [BranzMMO] Milestone 3 runtime ready; item definitions=20, move definitions=6, spell definitions=5, technique definitions=5, form definitions=4, ailment definitions=6, encounter reward definitions=1, Scene presentation=WORLD_BACKED
[17:36:12 INFO]: [BranzMMO] Provider asset.oraxen=UNAVAILABLE [OPTIONAL]: plugin is not installed: Oraxen
[17:36:12 INFO]: [BranzMMO] Provider mob.mythicmobs=UNAVAILABLE [OPTIONAL]: plugin is not installed: MythicMobs
[17:36:12 INFO]: [BranzMMO] Provider packet.packetevents=UNAVAILABLE [OPTIONAL]: plugin is not installed: packetevents
[17:36:12 INFO]: [BranzMMO] Provider region.worldguard=UNAVAILABLE [OPTIONAL]: plugin is not installed: WorldGuard
[17:36:12 INFO]: [BranzMMO] Provider wallet.external=UNAVAILABLE [OPTIONAL]: plugin is not installed: Wallet
[17:36:12 WARN]: [BranzMMO] asset.oraxen [OPTIONAL]: plugin is not installed: Oraxen
[17:36:12 WARN]: [BranzMMO] mob.mythicmobs [OPTIONAL]: plugin is not installed: MythicMobs
[17:36:12 WARN]: [BranzMMO] packet.packetevents [OPTIONAL]: plugin is not installed: packetevents
[17:36:12 WARN]: [BranzMMO] region.worldguard [OPTIONAL]: plugin is not installed: WorldGuard
[17:36:12 WARN]: [BranzMMO] wallet.external [OPTIONAL]: plugin is not installed: Wallet
[17:36:12 INFO]: [BranzMMO] Branz MMO startup DEGRADED; content=v1.milestone-1.example.4, definitions=48
[17:36:12 INFO]: [BranzMMO] PostgreSQL runtime ready; mode=EMBEDDED_LOCAL, server-instance=local-70b884e4-f31f-4e5e-9648-0710d4a234e7
[17:36:12 INFO]: [BranzMMO] Recovered 0 boss encounter(s) from V0009.
[17:36:12 INFO]: [BranzMMO] Death Pouch reconciliation is ready.
[17:36:12 INFO]: [BranzMMO] Recovered 0 downed encounter(s) from V0010.
[17:36:56 INFO]: UUID of player Player0 is 2654e3c3-150d-3857-a426-0b141796a4e0
[17:37:06 INFO]: Player0 joined the game
[17:37:06 INFO]: Player0[/127.0.0.1:62555] logged in with entity id 22 at ([minecraft:overworld]-78.5, 63.0, -163.5)
[17:37:07 INFO]: Made Player0 a server operator
[17:37:07 INFO]: Set 7 experience levels on Player0
[17:37:09 INFO]: Player0 issued server command: /item replace entity @s hotbar.0 with minecraft:stone
[17:37:09 INFO]: [Player0: Replaced a slot on Player0 with [Stone]]
[17:37:09 INFO]: Player0 issued server command: /item replace entity @s hotbar.1 with minecraft:stone
[17:37:09 INFO]: [Player0: Replaced a slot on Player0 with [Stone]]
[17:37:09 INFO]: Player0 issued server command: /item replace entity @s hotbar.2 with minecraft:stone
[17:37:09 INFO]: [Player0: Replaced a slot on Player0 with [Stone]]
[17:37:10 INFO]: Player0 issued server command: /item replace entity @s hotbar.3 with minecraft:stone
[17:37:10 INFO]: [Player0: Replaced a slot on Player0 with [Stone]]
[17:37:10 INFO]: Player0 issued server command: /item replace entity @s hotbar.4 with minecraft:stone
[17:37:10 INFO]: [Player0: Replaced a slot on Player0 with [Stone]]
[17:37:10 INFO]: Player0 issued server command: /item replace entity @s hotbar.5 with minecraft:stone
[17:37:10 INFO]: [Player0: Replaced a slot on Player0 with [Stone]]
[17:37:10 INFO]: Player0 issued server command: /item replace entity @s hotbar.6 with minecraft:stone
[17:37:10 INFO]: [Player0: Replaced a slot on Player0 with [Stone]]
[17:37:11 INFO]: Player0 issued server command: /item replace entity @s hotbar.7 with minecraft:stone
[17:37:11 INFO]: [Player0: Replaced a slot on Player0 with [Stone]]
[17:37:12 INFO]: Player0 issued server command: /mmo dev
[17:37:15 INFO]: [BranzMMO] PHYSICAL_AUTHORITY_INVENTORY_CLICK_SERVER player=Player0 action=PICKUP_ALL slot=12 currentProjection=false cursorProjection=false
[17:37:15 INFO]: [BranzMMO] PHYSICAL_AUTHORITY_INVENTORY_CLICK_SERVER player=Player0 action=MOVE_TO_OTHER_INVENTORY slot=5 currentProjection=false cursorProjection=false
[17:37:16 INFO]: Player0 issued server command: /mmo physical status
[17:37:17 INFO]: Player0 issued server command: /mmo physical status
[17:37:18 INFO]: Player0 issued server command: /item replace entity @s hotbar.7 with minecraft:air
[17:37:18 INFO]: [Player0: Replaced a slot on Player0 with [Air]]
[17:37:18 INFO]: [BranzMMO] PHYSICAL_AUTHORITY_INVENTORY_CLICK_SERVER player=Player0 action=PICKUP_ALL slot=9 currentProjection=true cursorProjection=false
[17:37:18 INFO]: [BranzMMO] PHYSICAL_AUTHORITY_INVENTORY_PLAN_SERVER player=Player0 disposition=TRANSIENT_CURSOR intent=none
[17:37:19 INFO]: [BranzMMO] PHYSICAL_AUTHORITY_INVENTORY_CLICK_SERVER player=Player0 action=PLACE_ALL slot=7 currentProjection=false cursorProjection=true
[17:37:19 INFO]: [BranzMMO] PHYSICAL_AUTHORITY_INVENTORY_PLAN_SERVER player=Player0 disposition=READY_TO_COMMIT intent=STACKABLE_LOT:9->7:931661d3-0d3b-43c6-9ab5-12668780659b
[17:37:19 INFO]: [BranzMMO] PHYSICAL_AUTHORITY_INVENTORY_COMMIT_BEGIN_SERVER player=Player0 type=STACKABLE_LOT source=9 destination=7 value=931661d3-0d3b-43c6-9ab5-12668780659b
[17:37:19 INFO]: Player0 issued server command: /mmo physical status
[17:37:20 INFO]: Player0 issued server command: /mmo physical status
[17:37:20 INFO]: [BranzMMO] PHYSICAL_AUTHORITY_INVENTORY_COMMIT_SUCCESS_SERVER player=Player0 type=STACKABLE_LOT source=9 destination=7 value=931661d3-0d3b-43c6-9ab5-12668780659b
[17:37:21 INFO]: Player0 issued server command: /mmo physical status
[17:37:21 INFO]: Player0 issued server command: /mmo physical status
[17:37:22 INFO]: [BranzMMO] PHYSICAL_AUTHORITY_CONSUMABLE_USE_INTERACT_SERVER player=Player0 action=RIGHT_CLICK_BLOCK slot=7
[17:37:22 INFO]: [BranzMMO] PHYSICAL_AUTHORITY_CONSUMABLE_USE_ROUTED_SERVER slot=7 player=Player0
[17:37:22 INFO]: [BranzMMO] PHYSICAL_AUTHORITY_CONSUMABLE_USE_SELECTED_SERVER lot=LotId[value=931661d3-0d3b-43c6-9ab5-12668780659b] definition=consumable.training_body_tonic category=BODY_TONIC player=Player0
[17:37:22 INFO]: [BranzMMO] PHYSICAL_AUTHORITY_CONSUMABLE_USE_BEGIN_ENTER_SERVER lot=LotId[value=931661d3-0d3b-43c6-9ab5-12668780659b] player=Player0
[17:37:22 INFO]: [BranzMMO] PHYSICAL_AUTHORITY_CONSUMABLE_USE_BEGIN_SERVER lot=LotId[value=931661d3-0d3b-43c6-9ab5-12668780659b] operation=6f065e0c-7f65-4277-a809-59728355a827 category=BODY_TONIC player=Player0
[17:37:24 INFO]: Player0 issued server command: /mmo physical status
[17:37:25 INFO]: Player0 issued server command: /mmo physical status
[17:37:25 INFO]: Player0 issued server command: /mmo physical status
[17:37:26 INFO]: Player0 issued server command: /mmo physical status
[17:37:27 INFO]: Player0 lost connection: Disconnected
[17:37:27 INFO]: Player0 left the game
[17:37:27 INFO]: Stopping the server
[17:37:27 INFO]: Stopping server
[17:37:27 INFO]: [BranzMMO] Disabling BranzMMO v1.0.0-SNAPSHOT
[17:37:27 INFO]: [io.zonky.test.db.postgres.embedded.EmbeddedPostgres] 2026-08-15 17:37:27.653 +07 [32000] LOG:  received fast shutdown request
[17:37:27 INFO]: [io.zonky.test.db.postgres.embedded.EmbeddedPostgres] 2026-08-15 17:37:27.653 +07 [32000] LOG:  aborting any active transactions
[17:37:27 INFO]: [io.zonky.test.db.postgres.embedded.EmbeddedPostgres] 2026-08-15 17:37:27.665 +07 [32000] LOG:  background worker "logical replication launcher" (PID 35764) exited with exit code 1
[17:37:27 INFO]: [io.zonky.test.db.postgres.embedded.EmbeddedPostgres] 2026-08-15 17:37:27.666 +07 [28512] LOG:  shutting down
[17:37:27 ERROR]: [STDERR] [me.lucko.spark.paper.common.util.log.Logger$1] Uncaught exception thrown in thread spark-monitoring-1-thread-1
[17:37:27 WARN]: java.util.concurrent.CancellationException
[17:37:27 WARN]: 	at java.base/java.util.concurrent.FutureTask.report(FutureTask.java:123)
[17:37:27 WARN]: 	at java.base/java.util.concurrent.FutureTask.get(FutureTask.java:193)
[17:37:27 WARN]: 	at me.lucko.spark.paper.common.util.SparkScheduledThreadPoolExecutor.afterExecute(SparkScheduledThreadPoolExecutor.java:48)
[17:37:27 WARN]: 	at java.base/java.util.concurrent.ThreadPoolExecutor.runWorker(ThreadPoolExecutor.java:1091)
[17:37:27 WARN]: 	at java.base/java.util.concurrent.ThreadPoolExecutor$Worker.run(ThreadPoolExecutor.java:614)
[17:37:27 WARN]: 	at java.base/java.lang.Thread.run(Thread.java:1474)
[17:37:28 INFO]: [io.zonky.test.db.postgres.embedded.EmbeddedPostgres] 2026-08-15 17:37:28.212 +07 [32000] LOG:  database system is shut down
[17:37:28 INFO]: [io.zonky.test.db.postgres.embedded.EmbeddedPostgres] waiting for server to shut down.... done
[17:37:28 INFO]: [io.zonky.test.db.postgres.embedded.EmbeddedPostgres] server stopped
[17:37:28 INFO]: [io.zonky.test.db.postgres.embedded.EmbeddedPostgres] a3185e1d-bf8f-4416-b886-d39d47ddf943 shut down postmaster in 00:00:00.640
[17:37:28 INFO]: [io.zonky.test.db.postgres.embedded.EmbeddedPostgres] Did not clean up directory C:\Users\User\AppData\Local\BranzMMORPGHarness\repo\mmo-bootstrap\run\plugins\BranzMMO\embedded-postgres
[17:37:28 INFO]: [BranzMMO] Branz MMO platform disabled cleanly.
[17:37:28 INFO]: Saving players
[17:37:28 INFO]: Saving worlds
[17:37:28 INFO]: Saving chunks for level 'ServerLevel[world]'/minecraft:overworld
[17:37:28 INFO]: [ChunkHolderManager] Waiting 60s for chunk system to halt for world 'minecraft:overworld'
[17:37:28 INFO]: [ChunkHolderManager] Halted chunk system for world 'minecraft:overworld'
[17:37:28 INFO]: [ChunkHolderManager] Saving all chunkholders for world 'minecraft:overworld'
[17:37:29 INFO]: [ChunkHolderManager] Saved 1741 block chunks, 255 entity chunks, 1 poi chunks in world 'minecraft:overworld' in 1.35s
[17:37:29 INFO]: [ChunkHolderManager] Waiting 60s for chunk I/O to halt for world 'minecraft:overworld'
[17:37:29 INFO]: [ChunkHolderManager] Halted I/O scheduler for world 'minecraft:overworld'
[17:37:29 INFO]: Saving chunks for level 'ServerLevel[world]'/minecraft:the_nether
[17:37:29 INFO]: [ChunkHolderManager] Waiting 60s for chunk system to halt for world 'minecraft:the_nether'
[17:37:29 INFO]: [ChunkHolderManager] Halted chunk system for world 'minecraft:the_nether'
[17:37:29 INFO]: [ChunkHolderManager] Saving all chunkholders for world 'minecraft:the_nether'
[17:37:29 INFO]: [ChunkHolderManager] Saved 0 block chunks, 0 entity chunks, 0 poi chunks in world 'minecraft:the_nether' in 0.02s
[17:37:29 INFO]: [ChunkHolderManager] Waiting 60s for chunk I/O to halt for world 'minecraft:the_nether'
[17:37:29 INFO]: [ChunkHolderManager] Halted I/O scheduler for world 'minecraft:the_nether'
[17:37:29 INFO]: Saving chunks for level 'ServerLevel[world]'/minecraft:the_end
[17:37:29 INFO]: [ChunkHolderManager] Waiting 60s for chunk system to halt for world 'minecraft:the_end'
[17:37:29 INFO]: [ChunkHolderManager] Halted chunk system for world 'minecraft:the_end'
[17:37:29 INFO]: [ChunkHolderManager] Saving all chunkholders for world 'minecraft:the_end'
[17:37:29 INFO]: [ChunkHolderManager] Saved 0 block chunks, 0 entity chunks, 0 poi chunks in world 'minecraft:the_end' in 0.00s
[17:37:29 INFO]: [ChunkHolderManager] Waiting 60s for chunk I/O to halt for world 'minecraft:the_end'
[17:37:29 INFO]: [ChunkHolderManager] Halted I/O scheduler for world 'minecraft:the_end'
[17:37:29 INFO]: ThreadedAnvilChunkStorage (world): All chunks are saved
[17:37:29 INFO]: ThreadedAnvilChunkStorage (DIM-1): All chunks are saved
[17:37:29 INFO]: ThreadedAnvilChunkStorage (DIM1): All chunks are saved
[17:37:29 INFO]: ThreadedAnvilChunkStorage: All dimensions are saved
[17:37:29 INFO]: Waiting for all RegionFile I/O tasks to complete...
[17:37:29 INFO]: All RegionFile I/O tasks to complete
[17:37:29 INFO]: [MoonriseCommon] Awaiting termination of worker pool for up to 60s...
[17:37:29 INFO]: [MoonriseCommon] Awaiting termination of I/O pool for up to 60s...

BUILD SUCCESSFUL in 2m 44s
39 actionable tasks: 3 executed, 36 up-to-date
Consider enabling configuration cache to speed up this build: https://docs.gradle.org/9.1.0/userguide/configuration_cache_enabling.html
