To honour the JVM settings for this build a single-use Daemon process will be forked. For more on this, please refer to https://docs.gradle.org/9.1.0/userguide/gradle_daemon.html#sec:disabling_the_daemon in the Gradle documentation.
Daemon will be stopped at the end of the build 
> Task :mmo-api:compileJava UP-TO-DATE
> Task :mmo-api:processResources NO-SOURCE
> Task :mmo-api:classes UP-TO-DATE
> Task :mmo-api:jar UP-TO-DATE
> Task :mmo-content:compileJava UP-TO-DATE
> Task :mmo-combat:compileJava UP-TO-DATE
> Task :mmo-integrations:compileJava UP-TO-DATE
> Task :mmo-items:compileJava UP-TO-DATE
> Task :mmo-lifeskills:compileJava UP-TO-DATE
> Task :mmo-magic:compileJava UP-TO-DATE
> Task :mmo-progression:compileJava UP-TO-DATE
> Task :mmo-persistence:compileJava UP-TO-DATE
> Task :mmo-scenes:compileJava UP-TO-DATE
> Task :mmo-social:compileJava UP-TO-DATE
> Task :mmo-worldloop:compileJava UP-TO-DATE
> Task :mmo-integrations:integration-mythicmobs:compileJava UP-TO-DATE
> Task :mmo-integrations:integration-oraxen:compileJava UP-TO-DATE
> Task :mmo-integrations:integration-packetevents:compileJava UP-TO-DATE
> Task :mmo-integrations:integration-wallet:compileJava UP-TO-DATE
> Task :mmo-integrations:integration-worldguard:compileJava UP-TO-DATE
> Task :mmo-bootstrap:compileJava
> Task :mmo-bootstrap:processResources UP-TO-DATE
> Task :mmo-bootstrap:classes
> Task :mmo-combat:processResources NO-SOURCE
> Task :mmo-combat:classes UP-TO-DATE
> Task :mmo-combat:jar UP-TO-DATE
> Task :mmo-content:processResources NO-SOURCE
> Task :mmo-content:classes UP-TO-DATE
> Task :mmo-content:jar UP-TO-DATE
> Task :mmo-integrations:processResources NO-SOURCE
> Task :mmo-integrations:classes UP-TO-DATE
> Task :mmo-integrations:jar UP-TO-DATE
> Task :mmo-items:processResources NO-SOURCE
> Task :mmo-items:classes UP-TO-DATE
> Task :mmo-items:jar UP-TO-DATE
> Task :mmo-lifeskills:processResources NO-SOURCE
> Task :mmo-lifeskills:classes UP-TO-DATE
> Task :mmo-lifeskills:jar UP-TO-DATE
> Task :mmo-magic:processResources NO-SOURCE
> Task :mmo-magic:classes UP-TO-DATE
> Task :mmo-magic:jar UP-TO-DATE
> Task :mmo-persistence:processResources UP-TO-DATE
> Task :mmo-persistence:classes UP-TO-DATE
> Task :mmo-persistence:jar UP-TO-DATE
> Task :mmo-progression:processResources NO-SOURCE
> Task :mmo-progression:classes UP-TO-DATE
> Task :mmo-progression:jar UP-TO-DATE
> Task :mmo-scenes:processResources NO-SOURCE
> Task :mmo-scenes:classes UP-TO-DATE
> Task :mmo-scenes:jar UP-TO-DATE
> Task :mmo-social:processResources NO-SOURCE
> Task :mmo-social:classes UP-TO-DATE
> Task :mmo-social:jar UP-TO-DATE
> Task :mmo-worldloop:processResources NO-SOURCE
> Task :mmo-worldloop:classes UP-TO-DATE
> Task :mmo-worldloop:jar UP-TO-DATE
> Task :mmo-integrations:integration-mythicmobs:processResources NO-SOURCE
> Task :mmo-integrations:integration-mythicmobs:classes UP-TO-DATE
> Task :mmo-integrations:integration-mythicmobs:jar UP-TO-DATE
> Task :mmo-integrations:integration-oraxen:processResources NO-SOURCE
> Task :mmo-integrations:integration-oraxen:classes UP-TO-DATE
> Task :mmo-integrations:integration-oraxen:jar UP-TO-DATE
> Task :mmo-integrations:integration-packetevents:processResources NO-SOURCE
> Task :mmo-integrations:integration-packetevents:classes UP-TO-DATE
> Task :mmo-integrations:integration-packetevents:jar UP-TO-DATE
> Task :mmo-integrations:integration-wallet:processResources NO-SOURCE
> Task :mmo-integrations:integration-wallet:classes UP-TO-DATE
> Task :mmo-integrations:integration-wallet:jar UP-TO-DATE
> Task :mmo-integrations:integration-worldguard:processResources NO-SOURCE
> Task :mmo-integrations:integration-worldguard:classes UP-TO-DATE
> Task :mmo-integrations:integration-worldguard:jar UP-TO-DATE
> Task :mmo-bootstrap:shadowJar

> Task :mmo-bootstrap:runServer
Located Paper 26.2 build 112 in local cache.
Starting Paper...

Downloading mojang_26.2.jar
Applying patches
Starting org.bukkit.craftbukkit.Main
2026-08-13T18:07:21.970517400Z ServerMain WARN Advanced terminal features are not available in this environment
[01:07:22 INFO]: [bootstrap] Running Java 25 (OpenJDK 64-Bit Server VM 25.0.3+9-LTS; Eclipse Adoptium Temurin-25.0.3+9) on Windows 11 10.0 (amd64)
[01:07:22 INFO]: [bootstrap] Loading Paper 26.2-112-main@c9e894d (2026-08-11T05:18:39Z) for Minecraft 26.2
[01:07:22 INFO]: [PluginInitializerManager] Initializing plugins...
[01:07:23 INFO]: [PluginInitializerManager] Initialized 1 plugin
[01:07:23 INFO]: [PluginInitializerManager] Bukkit plugins (1):
 - BranzMMO (1.0.0-SNAPSHOT)
WARNING: A terminally deprecated method in sun.misc.Unsafe has been called
WARNING: sun.misc.Unsafe::objectFieldOffset has been called by org.joml.MemUtil$MemUtilUnsafe (file:/C:/Users/User/AppData/Local/BranzMMORPGHarness/repo/mmo-bootstrap/run/libraries/org/joml/joml/1.10.8/joml-1.10.8.jar)
WARNING: Please consider reporting this to the maintainers of class org.joml.MemUtil$MemUtilUnsafe
WARNING: sun.misc.Unsafe::objectFieldOffset will be removed in a future release
[01:07:31 INFO]: [ca.spottedleaf.dataconverter.minecraft.datatypes.MCTypeRegistry] Initialising converters for DataConverter...
[01:07:31 INFO]: Environment: Environment[sessionHost=https://sessionserver.mojang.com, servicesHost=https://api.minecraftservices.com, profilesHost=https://api.mojang.com, name=PROD]
[01:07:31 INFO]: [ca.spottedleaf.dataconverter.minecraft.datatypes.MCTypeRegistry] Finished initialising converters for DataConverter in 582.7ms
[01:07:32 INFO]: Found new data pack paper, loading it automatically
[01:07:32 INFO]: No existing world data, creating new world
[01:07:34 INFO]: Loaded 1585 recipes
[01:07:34 INFO]: Loaded 1688 advancements
[01:07:34 INFO]: Starting minecraft server version 26.2
[01:07:34 INFO]: Loading properties
[01:07:34 INFO]: This server is running Paper version 26.2-112-main@c9e894d (2026-08-11T05:18:39Z) (Implementing API version 26.2.build.112-stable)
[01:07:34 INFO]: [spark] This server bundles the spark profiler. For more information please visit https://docs.papermc.io/paper/profiling
[01:07:35 INFO]: Using 4 threads for Netty based IO
[01:07:35 INFO]: Server Ping Player Sample Count: 12
[01:07:35 INFO]: [MoonriseCommon] Paper is using 3 worker threads, 1 I/O threads
[01:07:36 INFO]: Default game type: SURVIVAL
[01:07:36 INFO]: Generating keypair
[01:07:36 INFO]: Starting Minecraft server on *:25565
[01:07:36 INFO]: Paper: Using Java compression from Velocity.
[01:07:36 INFO]: Paper: Using Java cipher from Velocity.
[01:07:36 INFO]: [BranzMMO] Loading server plugin BranzMMO v1.0.0-SNAPSHOT
[01:07:36 INFO]: [BranzMMO] Enabling BranzMMO v1.0.0-SNAPSHOT
[01:07:36 INFO]: [BranzMMO] Loading and validating content snapshot from C:\Users\User\AppData\Local\BranzMMORPGHarness\repo\example-content\milestone-1
[01:07:36 WARN]: **** SERVER IS RUNNING IN OFFLINE/INSECURE MODE!
[01:07:36 WARN]: The server will make no attempt to authenticate usernames. Beware.
[01:07:36 WARN]: While this makes the game possible to play without internet access, it also opens up the ability for hackers to connect with any username they choose.
[01:07:36 WARN]: To change this, set "online-mode" to "true" in the server.properties file.
[01:07:36 INFO]: Preparing level "world"
[01:07:37 INFO]: Selecting spawn point for level 'minecraft:overworld'...
[01:07:42 INFO]: Selecting spawn point for level 'minecraft:the_nether'...
[01:07:43 INFO]: Selecting spawn point for level 'minecraft:the_end'...
[01:07:43 INFO]: Loading 0 persistent chunks for level 'minecraft:overworld'...
[01:07:43 INFO]: Preparing spawn area: 100%
[01:07:43 INFO]: Prepared spawn area in 6095 ms
[01:07:43 INFO]: Loading 0 persistent chunks for level 'minecraft:the_nether'...
[01:07:43 INFO]: Preparing spawn area: 100%
[01:07:43 INFO]: Prepared spawn area in 1144 ms
[01:07:43 INFO]: Loading 0 persistent chunks for level 'minecraft:the_end'...
[01:07:43 INFO]: Preparing spawn area: 100%
[01:07:43 INFO]: Prepared spawn area in 463 ms
[01:07:43 INFO]: Done preparing level "world" (6.628s)
[01:07:43 INFO]: [spark] Starting background profiler...
[01:07:43 INFO]: [spark] The async-profiler engine is not supported for your os/arch (windows11/amd64), so the built-in Java engine will be used instead.
[01:07:44 INFO]: Saving chunks for level 'ServerLevel[world]'/minecraft:overworld
[01:07:44 INFO]: Saving chunks for level 'ServerLevel[world]'/minecraft:the_nether
[01:07:44 INFO]: Saving chunks for level 'ServerLevel[world]'/minecraft:the_end
[01:07:44 INFO]: ThreadedAnvilChunkStorage (world): All chunks are saved
[01:07:44 INFO]: ThreadedAnvilChunkStorage (DIM-1): All chunks are saved
[01:07:44 INFO]: ThreadedAnvilChunkStorage (DIM1): All chunks are saved
[01:07:44 INFO]: ThreadedAnvilChunkStorage: All dimensions are saved
[01:07:44 INFO]: Running delayed init tasks
[01:07:44 INFO]: Done (23.614s)! For help, type "help"
[01:07:44 INFO]: *************************************************************************************
[01:07:44 INFO]: This is the first time you're starting this server.
[01:07:44 INFO]: It's recommended you read our 'Getting Started' documentation for guidance.
[01:07:44 INFO]: View this and more helpful information here: https://docs.papermc.io/paper/next-steps
[01:07:44 INFO]: *************************************************************************************
[01:07:44 INFO]: [io.zonky.test.db.postgres.embedded.EmbeddedPostgres] Detected a Windows x86_64 system
[01:07:44 INFO]: [io.zonky.test.db.postgres.embedded.DefaultPostgresBinaryResolver] Detected distribution: 'Unknown'
[01:07:44 INFO]: [io.zonky.test.db.postgres.embedded.DefaultPostgresBinaryResolver] System specific postgres binaries found: 'postgres-windows-x86_64.txz'
[01:07:46 INFO]: [io.zonky.test.db.postgres.embedded.EmbeddedPostgres] Postgres binaries at C:\Users\User\AppData\Local\Temp\embedded-pg\PG-3942d5a1dcdbfebc27772e9e670d5d85
[01:07:46 INFO]: [io.zonky.test.db.postgres.embedded.EmbeddedPostgres] The files belonging to this database system will be owned by user "User".
[01:07:46 INFO]: [io.zonky.test.db.postgres.embedded.EmbeddedPostgres] This user must also own the server process.
[01:07:46 INFO]: [io.zonky.test.db.postgres.embedded.EmbeddedPostgres] 
[01:07:46 INFO]: [io.zonky.test.db.postgres.embedded.EmbeddedPostgres] The database cluster will be initialized with locale "English_United States.874".
[01:07:46 INFO]: [io.zonky.test.db.postgres.embedded.EmbeddedPostgres] The default text search configuration will be set to "english".
[01:07:46 INFO]: [io.zonky.test.db.postgres.embedded.EmbeddedPostgres] 
[01:07:46 INFO]: [io.zonky.test.db.postgres.embedded.EmbeddedPostgres] Data page checksums are disabled.
[01:07:46 INFO]: [io.zonky.test.db.postgres.embedded.EmbeddedPostgres] 
[01:07:46 INFO]: [io.zonky.test.db.postgres.embedded.EmbeddedPostgres] fixing permissions on existing directory C:/Users/User/AppData/Local/BranzMMORPGHarness/repo/mmo-bootstrap/run/plugins/BranzMMO/embedded-postgres ... ok
[01:07:46 INFO]: [io.zonky.test.db.postgres.embedded.EmbeddedPostgres] creating subdirectories ... ok
[01:07:46 INFO]: [io.zonky.test.db.postgres.embedded.EmbeddedPostgres] selecting dynamic shared memory implementation ... windows
[01:07:47 INFO]: [io.zonky.test.db.postgres.embedded.EmbeddedPostgres] selecting default max_connections ... 100
[01:07:47 INFO]: [io.zonky.test.db.postgres.embedded.EmbeddedPostgres] selecting default shared_buffers ... 128MB
[01:07:47 INFO]: [io.zonky.test.db.postgres.embedded.EmbeddedPostgres] selecting default time zone ... Asia/Bangkok
[01:07:47 INFO]: [io.zonky.test.db.postgres.embedded.EmbeddedPostgres] creating configuration files ... ok
[01:07:50 INFO]: [io.zonky.test.db.postgres.embedded.EmbeddedPostgres] running bootstrap script ... ok
[01:07:54 INFO]: [io.zonky.test.db.postgres.embedded.EmbeddedPostgres] performing post-bootstrap initialization ... ok
[01:07:58 INFO]: [io.zonky.test.db.postgres.embedded.EmbeddedPostgres] syncing data to disk ... ok
[01:07:58 INFO]: [io.zonky.test.db.postgres.embedded.EmbeddedPostgres] 
[01:07:58 INFO]: [io.zonky.test.db.postgres.embedded.EmbeddedPostgres] Success. You can now start the database server using:
[01:07:58 INFO]: [io.zonky.test.db.postgres.embedded.EmbeddedPostgres] 
[01:07:58 INFO]: [io.zonky.test.db.postgres.embedded.EmbeddedPostgres]     ^"C^:^\Users^\User^\AppData^\Local^\Temp^\embedded^-pg^\PG^-3942d5a1dcdbfebc27772e9e670d5d85^\bin^\pg^_ctl^" -D ^"C^:^\Users^\User^\AppData^\Local^\BranzMMORPGHarness^\repo^\mmo^-bootstrap^\run^\plugins^\BranzMMO^\embedded^-postgres^" -l logfile start
[01:07:58 INFO]: [io.zonky.test.db.postgres.embedded.EmbeddedPostgres] 
[01:07:58 INFO]: [io.zonky.test.db.postgres.embedded.EmbeddedPostgres] eb0edf3b-a04d-4907-87a7-6ee249f868b9 initdb completed in 00:00:11.451
[01:07:58 INFO]: [io.zonky.test.db.postgres.embedded.EmbeddedPostgres] eb0edf3b-a04d-4907-87a7-6ee249f868b9 postmaster started as Process[pid=22936, exitValue="not exited"] on port 59727.  Waiting up to PT10S for server startup to finish.
[01:07:58 INFO]: [io.zonky.test.db.postgres.embedded.EmbeddedPostgres] waiting for server to start....2026-08-14 01:07:58.428 +07 [23316] LOG:  starting PostgreSQL 14.22, compiled by Visual C++ build 1944, 64-bit
[01:07:58 INFO]: [io.zonky.test.db.postgres.embedded.EmbeddedPostgres] 2026-08-14 01:07:58.437 +07 [23316] LOG:  listening on IPv6 address "::1", port 59727
[01:07:58 INFO]: [io.zonky.test.db.postgres.embedded.EmbeddedPostgres] 2026-08-14 01:07:58.437 +07 [23316] LOG:  listening on IPv4 address "127.0.0.1", port 59727
[01:07:58 INFO]: [io.zonky.test.db.postgres.embedded.EmbeddedPostgres] 2026-08-14 01:07:58.522 +07 [2364] LOG:  database system was shut down at 2026-08-14 01:07:54 +07
[01:07:58 INFO]: [io.zonky.test.db.postgres.embedded.EmbeddedPostgres] 2026-08-14 01:07:58.607 +07 [23316] LOG:  database system is ready to accept connections
[01:07:58 INFO]: [io.zonky.test.db.postgres.embedded.EmbeddedPostgres]  done
[01:07:58 INFO]: [io.zonky.test.db.postgres.embedded.EmbeddedPostgres] server started
[01:07:59 INFO]: [io.zonky.test.db.postgres.embedded.EmbeddedPostgres] eb0edf3b-a04d-4907-87a7-6ee249f868b9 postmaster startup finished in 00:00:01.002
[01:08:01 INFO]: [BranzMMO] Milestone 3 runtime ready; item definitions=20, move definitions=6, spell definitions=5, technique definitions=5, form definitions=4, ailment definitions=6, encounter reward definitions=1, Scene presentation=WORLD_BACKED
[01:08:01 INFO]: [BranzMMO] Provider asset.oraxen=UNAVAILABLE [OPTIONAL]: plugin is not installed: Oraxen
[01:08:01 INFO]: [BranzMMO] Provider mob.mythicmobs=UNAVAILABLE [OPTIONAL]: plugin is not installed: MythicMobs
[01:08:01 INFO]: [BranzMMO] Provider packet.packetevents=UNAVAILABLE [OPTIONAL]: plugin is not installed: packetevents
[01:08:01 INFO]: [BranzMMO] Provider region.worldguard=UNAVAILABLE [OPTIONAL]: plugin is not installed: WorldGuard
[01:08:01 INFO]: [BranzMMO] Provider wallet.external=UNAVAILABLE [OPTIONAL]: plugin is not installed: Wallet
[01:08:01 WARN]: [BranzMMO] asset.oraxen [OPTIONAL]: plugin is not installed: Oraxen
[01:08:01 WARN]: [BranzMMO] mob.mythicmobs [OPTIONAL]: plugin is not installed: MythicMobs
[01:08:01 WARN]: [BranzMMO] packet.packetevents [OPTIONAL]: plugin is not installed: packetevents
[01:08:01 WARN]: [BranzMMO] region.worldguard [OPTIONAL]: plugin is not installed: WorldGuard
[01:08:01 WARN]: [BranzMMO] wallet.external [OPTIONAL]: plugin is not installed: Wallet
[01:08:01 INFO]: [BranzMMO] Branz MMO startup DEGRADED; content=v1.milestone-1.example.4, definitions=48
[01:08:01 INFO]: [BranzMMO] PostgreSQL runtime ready; mode=EMBEDDED_LOCAL, server-instance=local-93af4ec4-347f-4e8f-8ea3-fb9c94b27739
[01:08:02 INFO]: [BranzMMO] Recovered 0 boss encounter(s) from V0009.
[01:08:02 INFO]: [BranzMMO] Death Pouch reconciliation is ready.
[01:08:02 INFO]: [BranzMMO] Recovered 0 downed encounter(s) from V0010.
[01:08:38 INFO]: UUID of player Player0 is 2654e3c3-150d-3857-a426-0b141796a4e0
[01:08:46 INFO]: Player0 joined the game
[01:08:46 INFO]: Player0[/127.0.0.1:50778] logged in with entity id 9 at ([minecraft:overworld]-6.5, 92.0, 7.5)
[01:08:47 INFO]: Made Player0 a server operator
[01:08:47 INFO]: Set 7 experience levels on Player0
[01:08:50 INFO]: [BranzMMO] PHYSICAL_AUTHORITY_PRIMARY_STAGE_PERSISTED_SERVER player=Player0 definition=weapon.training_blade
[01:08:50 INFO]: [BranzMMO] PHYSICAL_AUTHORITY_PRIMARY_STAGE_PROJECTED_SERVER player=Player0 definition=weapon.training_blade
[01:08:50 INFO]: [BranzMMO] PHYSICAL_AUTHORITY_HOTBAR_STAGE_PROJECTED_SERVER player=Player0 definition=weapon.training_blade
[01:08:52 INFO]: Player0 issued server command: /mmo physical status
[01:08:53 INFO]: [BranzMMO] PHYSICAL_AUTHORITY_HOTBAR_CLICK_HANDLER_SERVER player=Player0 action=PICKUP_ALL click=LEFT rawSlot=36 slot=0 cancelled=false currentProjection=true cursorProjection=false
[01:08:53 INFO]: [BranzMMO] PHYSICAL_AUTHORITY_HOTBAR_CLICK_MONITOR_SERVER player=Player0 action=PICKUP_ALL click=LEFT rawSlot=36 slot=0 cancelled=false sameInventory=true currentProjection=true eventCursorProjection=false playerCursorProjection=false
[01:08:53 INFO]: [BranzMMO] PHYSICAL_AUTHORITY_HOTBAR_CLICK_MONITOR_SERVER player=Player0 action=SWAP_WITH_CURSOR click=LEFT rawSlot=44 slot=8 cancelled=true sameInventory=true currentProjection=false eventCursorProjection=true playerCursorProjection=true
[01:08:53 INFO]: [BranzMMO] PHYSICAL_AUTHORITY_HOTBAR_OBSERVATION_SERVER player=Player0 storageCount=0 cursorPresent=true
[01:08:53 INFO]: [BranzMMO] PHYSICAL_AUTHORITY_HOTBAR_PLAN_SERVER player=Player0 disposition=TRANSIENT_CURSOR intent=none
[01:08:59 INFO]: Player0 lost connection: Disconnected
[01:09:00 INFO]: Player0 left the game
[01:09:02 INFO]: Stopping the server
[01:09:02 INFO]: Stopping server
[01:09:02 INFO]: [BranzMMO] Disabling BranzMMO v1.0.0-SNAPSHOT
[01:09:02 INFO]: [io.zonky.test.db.postgres.embedded.EmbeddedPostgres] 2026-08-14 01:09:02.352 +07 [23316] LOG:  received fast shutdown request
[01:09:02 INFO]: [io.zonky.test.db.postgres.embedded.EmbeddedPostgres] 2026-08-14 01:09:02.352 +07 [23316] LOG:  aborting any active transactions
[01:09:02 INFO]: [io.zonky.test.db.postgres.embedded.EmbeddedPostgres] 2026-08-14 01:09:02.360 +07 [23316] LOG:  background worker "logical replication launcher" (PID 3592) exited with exit code 1
[01:09:02 INFO]: [io.zonky.test.db.postgres.embedded.EmbeddedPostgres] 2026-08-14 01:09:02.362 +07 [5444] LOG:  shutting down
[01:09:02 INFO]: [io.zonky.test.db.postgres.embedded.EmbeddedPostgres] 2026-08-14 01:09:02.649 +07 [23316] LOG:  database system is shut down
[01:09:02 INFO]: [io.zonky.test.db.postgres.embedded.EmbeddedPostgres] waiting for server to shut down.... done
[01:09:02 INFO]: [io.zonky.test.db.postgres.embedded.EmbeddedPostgres] server stopped
[01:09:02 INFO]: [io.zonky.test.db.postgres.embedded.EmbeddedPostgres] eb0edf3b-a04d-4907-87a7-6ee249f868b9 shut down postmaster in 00:00:00.393
[01:09:02 INFO]: [io.zonky.test.db.postgres.embedded.EmbeddedPostgres] Did not clean up directory C:\Users\User\AppData\Local\BranzMMORPGHarness\repo\mmo-bootstrap\run\plugins\BranzMMO\embedded-postgres
[01:09:02 INFO]: [BranzMMO] Branz MMO platform disabled cleanly.
[01:09:02 INFO]: Saving players
[01:09:02 INFO]: Saving worlds
[01:09:02 INFO]: Saving chunks for level 'ServerLevel[world]'/minecraft:overworld
[01:09:02 INFO]: [ChunkHolderManager] Waiting 60s for chunk system to halt for world 'minecraft:overworld'
[01:09:02 INFO]: [ChunkHolderManager] Halted chunk system for world 'minecraft:overworld'
[01:09:02 INFO]: [ChunkHolderManager] Saving all chunkholders for world 'minecraft:overworld'
[01:09:03 ERROR]: [STDERR] [me.lucko.spark.paper.common.util.log.Logger$1] Uncaught exception thrown in thread spark-monitoring-1-thread-1
[01:09:03 WARN]: java.util.concurrent.CancellationException
[01:09:03 WARN]: 	at java.base/java.util.concurrent.FutureTask.report(FutureTask.java:123)
[01:09:03 WARN]: 	at java.base/java.util.concurrent.FutureTask.get(FutureTask.java:193)
[01:09:03 WARN]: 	at me.lucko.spark.paper.common.util.SparkScheduledThreadPoolExecutor.afterExecute(SparkScheduledThreadPoolExecutor.java:48)
[01:09:03 WARN]: 	at java.base/java.util.concurrent.ThreadPoolExecutor.runWorker(ThreadPoolExecutor.java:1091)
[01:09:03 WARN]: 	at java.base/java.util.concurrent.ThreadPoolExecutor$Worker.run(ThreadPoolExecutor.java:614)
[01:09:03 WARN]: 	at java.base/java.lang.Thread.run(Thread.java:1474)
[01:09:03 INFO]: [ChunkHolderManager] Saved 1504 block chunks, 250 entity chunks, 8 poi chunks in world 'minecraft:overworld' in 1.08s
[01:09:03 INFO]: [ChunkHolderManager] Waiting 60s for chunk I/O to halt for world 'minecraft:overworld'
[01:09:03 INFO]: [ChunkHolderManager] Halted I/O scheduler for world 'minecraft:overworld'
[01:09:04 INFO]: Saving chunks for level 'ServerLevel[world]'/minecraft:the_nether
[01:09:04 INFO]: [ChunkHolderManager] Waiting 60s for chunk system to halt for world 'minecraft:the_nether'
[01:09:04 INFO]: [ChunkHolderManager] Halted chunk system for world 'minecraft:the_nether'
[01:09:04 INFO]: [ChunkHolderManager] Saving all chunkholders for world 'minecraft:the_nether'
[01:09:04 INFO]: [ChunkHolderManager] Saved 0 block chunks, 0 entity chunks, 0 poi chunks in world 'minecraft:the_nether' in 0.02s
[01:09:04 INFO]: [ChunkHolderManager] Waiting 60s for chunk I/O to halt for world 'minecraft:the_nether'
[01:09:04 INFO]: [ChunkHolderManager] Halted I/O scheduler for world 'minecraft:the_nether'
[01:09:04 INFO]: Saving chunks for level 'ServerLevel[world]'/minecraft:the_end
[01:09:04 INFO]: [ChunkHolderManager] Waiting 60s for chunk system to halt for world 'minecraft:the_end'
[01:09:04 INFO]: [ChunkHolderManager] Halted chunk system for world 'minecraft:the_end'
[01:09:04 INFO]: [ChunkHolderManager] Saving all chunkholders for world 'minecraft:the_end'
[01:09:04 INFO]: [ChunkHolderManager] Saved 0 block chunks, 0 entity chunks, 0 poi chunks in world 'minecraft:the_end' in 0.02s
[01:09:04 INFO]: [ChunkHolderManager] Waiting 60s for chunk I/O to halt for world 'minecraft:the_end'
[01:09:04 INFO]: [ChunkHolderManager] Halted I/O scheduler for world 'minecraft:the_end'
[01:09:04 INFO]: ThreadedAnvilChunkStorage (world): All chunks are saved
[01:09:04 INFO]: ThreadedAnvilChunkStorage (DIM-1): All chunks are saved
[01:09:04 INFO]: ThreadedAnvilChunkStorage (DIM1): All chunks are saved
[01:09:04 INFO]: ThreadedAnvilChunkStorage: All dimensions are saved
[01:09:04 INFO]: Waiting for all RegionFile I/O tasks to complete...
[01:09:04 INFO]: All RegionFile I/O tasks to complete
[01:09:04 INFO]: [MoonriseCommon] Awaiting termination of worker pool for up to 60s...
[01:09:04 INFO]: [MoonriseCommon] Awaiting termination of I/O pool for up to 60s...

BUILD SUCCESSFUL in 2m 32s
39 actionable tasks: 3 executed, 36 up-to-date
Consider enabling configuration cache to speed up this build: https://docs.gradle.org/9.1.0/userguide/configuration_cache_enabling.html
