To honour the JVM settings for this build a single-use Daemon process will be forked. For more on this, please refer to https://docs.gradle.org/9.1.0/userguide/gradle_daemon.html#sec:disabling_the_daemon in the Gradle documentation.
Daemon will be stopped at the end of the build 
> Task :mmo-api:compileJava UP-TO-DATE
> Task :mmo-api:processResources NO-SOURCE
> Task :mmo-api:classes UP-TO-DATE
> Task :mmo-api:jar UP-TO-DATE
> Task :mmo-content:compileJava UP-TO-DATE
> Task :mmo-combat:compileJava UP-TO-DATE
> Task :mmo-integrations:compileJava UP-TO-DATE
> Task :mmo-items:compileJava UP-TO-DATE
> Task :mmo-lifeskills:compileJava UP-TO-DATE
> Task :mmo-magic:compileJava UP-TO-DATE
> Task :mmo-progression:compileJava UP-TO-DATE
> Task :mmo-persistence:compileJava UP-TO-DATE
> Task :mmo-scenes:compileJava UP-TO-DATE
> Task :mmo-social:compileJava UP-TO-DATE
> Task :mmo-worldloop:compileJava UP-TO-DATE
> Task :mmo-integrations:integration-mythicmobs:compileJava UP-TO-DATE
> Task :mmo-integrations:integration-oraxen:compileJava UP-TO-DATE
> Task :mmo-integrations:integration-packetevents:compileJava UP-TO-DATE
> Task :mmo-integrations:integration-wallet:compileJava UP-TO-DATE
> Task :mmo-integrations:integration-worldguard:compileJava UP-TO-DATE
> Task :mmo-bootstrap:compileJava UP-TO-DATE
> Task :mmo-bootstrap:processResources UP-TO-DATE
> Task :mmo-bootstrap:classes UP-TO-DATE
> Task :mmo-combat:processResources NO-SOURCE
> Task :mmo-combat:classes UP-TO-DATE
> Task :mmo-combat:jar UP-TO-DATE
> Task :mmo-content:processResources NO-SOURCE
> Task :mmo-content:classes UP-TO-DATE
> Task :mmo-content:jar UP-TO-DATE
> Task :mmo-integrations:processResources NO-SOURCE
> Task :mmo-integrations:classes UP-TO-DATE
> Task :mmo-integrations:jar UP-TO-DATE
> Task :mmo-items:processResources NO-SOURCE
> Task :mmo-items:classes UP-TO-DATE
> Task :mmo-items:jar UP-TO-DATE
> Task :mmo-lifeskills:processResources NO-SOURCE
> Task :mmo-lifeskills:classes UP-TO-DATE
> Task :mmo-lifeskills:jar UP-TO-DATE
> Task :mmo-magic:processResources NO-SOURCE
> Task :mmo-magic:classes UP-TO-DATE
> Task :mmo-magic:jar UP-TO-DATE
> Task :mmo-persistence:processResources UP-TO-DATE
> Task :mmo-persistence:classes UP-TO-DATE
> Task :mmo-persistence:jar UP-TO-DATE
> Task :mmo-progression:processResources NO-SOURCE
> Task :mmo-progression:classes UP-TO-DATE
> Task :mmo-progression:jar UP-TO-DATE
> Task :mmo-scenes:processResources NO-SOURCE
> Task :mmo-scenes:classes UP-TO-DATE
> Task :mmo-scenes:jar UP-TO-DATE
> Task :mmo-social:processResources NO-SOURCE
> Task :mmo-social:classes UP-TO-DATE
> Task :mmo-social:jar UP-TO-DATE
> Task :mmo-worldloop:processResources NO-SOURCE
> Task :mmo-worldloop:classes UP-TO-DATE
> Task :mmo-worldloop:jar UP-TO-DATE
> Task :mmo-integrations:integration-mythicmobs:processResources NO-SOURCE
> Task :mmo-integrations:integration-mythicmobs:classes UP-TO-DATE
> Task :mmo-integrations:integration-mythicmobs:jar UP-TO-DATE
> Task :mmo-integrations:integration-oraxen:processResources NO-SOURCE
> Task :mmo-integrations:integration-oraxen:classes UP-TO-DATE
> Task :mmo-integrations:integration-oraxen:jar UP-TO-DATE
> Task :mmo-integrations:integration-packetevents:processResources NO-SOURCE
> Task :mmo-integrations:integration-packetevents:classes UP-TO-DATE
> Task :mmo-integrations:integration-packetevents:jar UP-TO-DATE
> Task :mmo-integrations:integration-wallet:processResources NO-SOURCE
> Task :mmo-integrations:integration-wallet:classes UP-TO-DATE
> Task :mmo-integrations:integration-wallet:jar UP-TO-DATE
> Task :mmo-integrations:integration-worldguard:processResources NO-SOURCE
> Task :mmo-integrations:integration-worldguard:classes UP-TO-DATE
> Task :mmo-integrations:integration-worldguard:jar UP-TO-DATE
> Task :mmo-bootstrap:shadowJar UP-TO-DATE

> Task :mmo-bootstrap:runServer
Fetching latest Paper build for version 26.2...
Latest build for 26.2 is 112.
Located Paper 26.2 build 112 in local cache.
Starting Paper...

Downloading mojang_26.2.jar
Applying patches
Starting org.bukkit.craftbukkit.Main
2026-08-15T15:07:53.540468800Z ServerMain WARN Advanced terminal features are not available in this environment
[22:07:54 INFO]: [bootstrap] Running Java 25 (OpenJDK 64-Bit Server VM 25.0.3+9-LTS; Eclipse Adoptium Temurin-25.0.3+9) on Windows 11 10.0 (amd64)
[22:07:54 INFO]: [bootstrap] Loading Paper 26.2-112-main@c9e894d (2026-08-11T05:18:39Z) for Minecraft 26.2
[22:07:54 INFO]: [PluginInitializerManager] Initializing plugins...
[22:07:54 INFO]: [PluginInitializerManager] Initialized 1 plugin
[22:07:54 INFO]: [PluginInitializerManager] Bukkit plugins (1):
 - BranzMMO (1.0.0-SNAPSHOT)
WARNING: A terminally deprecated method in sun.misc.Unsafe has been called
WARNING: sun.misc.Unsafe::objectFieldOffset has been called by org.joml.MemUtil$MemUtilUnsafe (file:/C:/Users/User/AppData/Local/BranzMMORPGHarness/repo/mmo-bootstrap/run/libraries/org/joml/joml/1.10.8/joml-1.10.8.jar)
WARNING: Please consider reporting this to the maintainers of class org.joml.MemUtil$MemUtilUnsafe
WARNING: sun.misc.Unsafe::objectFieldOffset will be removed in a future release
[22:08:02 INFO]: [ca.spottedleaf.dataconverter.minecraft.datatypes.MCTypeRegistry] Initialising converters for DataConverter...
[22:08:02 INFO]: Environment: Environment[sessionHost=https://sessionserver.mojang.com, servicesHost=https://api.minecraftservices.com, profilesHost=https://api.mojang.com, name=PROD]
[22:08:03 INFO]: [ca.spottedleaf.dataconverter.minecraft.datatypes.MCTypeRegistry] Finished initialising converters for DataConverter in 968.6ms
[22:08:04 INFO]: Found new data pack paper, loading it automatically
[22:08:05 INFO]: No existing world data, creating new world
[22:08:06 INFO]: Loaded 1585 recipes
[22:08:06 INFO]: Loaded 1688 advancements
[22:08:07 INFO]: Starting minecraft server version 26.2
[22:08:07 INFO]: Loading properties
[22:08:07 INFO]: This server is running Paper version 26.2-112-main@c9e894d (2026-08-11T05:18:39Z) (Implementing API version 26.2.build.112-stable)
[22:08:07 INFO]: [spark] This server bundles the spark profiler. For more information please visit https://docs.papermc.io/paper/profiling
[22:08:07 INFO]: Using 4 threads for Netty based IO
[22:08:07 INFO]: Server Ping Player Sample Count: 12
[22:08:07 INFO]: [MoonriseCommon] Paper is using 3 worker threads, 1 I/O threads
[22:08:08 INFO]: Default game type: SURVIVAL
[22:08:08 INFO]: Generating keypair
[22:08:08 INFO]: Starting Minecraft server on *:25565
[22:08:08 INFO]: Paper: Using Java compression from Velocity.
[22:08:08 INFO]: Paper: Using Java cipher from Velocity.
[22:08:08 INFO]: [BranzMMO] Loading server plugin BranzMMO v1.0.0-SNAPSHOT
[22:08:08 INFO]: [BranzMMO] Enabling BranzMMO v1.0.0-SNAPSHOT
[22:08:08 INFO]: [BranzMMO] Loading and validating content snapshot from C:\Users\User\AppData\Local\BranzMMORPGHarness\repo\example-content\milestone-1
[22:08:08 WARN]: **** SERVER IS RUNNING IN OFFLINE/INSECURE MODE!
[22:08:08 WARN]: The server will make no attempt to authenticate usernames. Beware.
[22:08:08 WARN]: While this makes the game possible to play without internet access, it also opens up the ability for hackers to connect with any username they choose.
[22:08:08 WARN]: To change this, set "online-mode" to "true" in the server.properties file.
[22:08:08 INFO]: Preparing level "world"
[22:08:09 INFO]: Selecting spawn point for level 'minecraft:overworld'...
[22:08:14 INFO]: Selecting spawn point for level 'minecraft:the_nether'...
[22:08:15 INFO]: Selecting spawn point for level 'minecraft:the_end'...
[22:08:15 INFO]: Loading 0 persistent chunks for level 'minecraft:overworld'...
[22:08:15 INFO]: Preparing spawn area: 100%
[22:08:15 INFO]: Prepared spawn area in 6585 ms
[22:08:15 INFO]: Loading 0 persistent chunks for level 'minecraft:the_nether'...
[22:08:15 INFO]: Preparing spawn area: 100%
[22:08:16 INFO]: Prepared spawn area in 1126 ms
[22:08:16 INFO]: Loading 0 persistent chunks for level 'minecraft:the_end'...
[22:08:16 INFO]: Preparing spawn area: 100%
[22:08:16 INFO]: Prepared spawn area in 373 ms
[22:08:16 INFO]: Done preparing level "world" (7.199s)
[22:08:16 INFO]: [spark] Starting background profiler...
[22:08:16 INFO]: [spark] The async-profiler engine is not supported for your os/arch (windows11/amd64), so the built-in Java engine will be used instead.
[22:08:16 INFO]: Saving chunks for level 'ServerLevel[world]'/minecraft:overworld
[22:08:16 INFO]: Saving chunks for level 'ServerLevel[world]'/minecraft:the_nether
[22:08:16 INFO]: Saving chunks for level 'ServerLevel[world]'/minecraft:the_end
[22:08:16 INFO]: ThreadedAnvilChunkStorage (world): All chunks are saved
[22:08:16 INFO]: ThreadedAnvilChunkStorage (DIM-1): All chunks are saved
[22:08:16 INFO]: ThreadedAnvilChunkStorage (DIM1): All chunks are saved
[22:08:16 INFO]: ThreadedAnvilChunkStorage: All dimensions are saved
[22:08:16 INFO]: Running delayed init tasks
[22:08:16 INFO]: Done (24.583s)! For help, type "help"
[22:08:16 INFO]: *************************************************************************************
[22:08:16 INFO]: This is the first time you're starting this server.
[22:08:16 INFO]: It's recommended you read our 'Getting Started' documentation for guidance.
[22:08:16 INFO]: View this and more helpful information here: https://docs.papermc.io/paper/next-steps
[22:08:16 INFO]: *************************************************************************************
[22:08:16 INFO]: [io.zonky.test.db.postgres.embedded.EmbeddedPostgres] Detected a Windows x86_64 system
[22:08:16 INFO]: [io.zonky.test.db.postgres.embedded.DefaultPostgresBinaryResolver] Detected distribution: 'Unknown'
[22:08:17 INFO]: [io.zonky.test.db.postgres.embedded.DefaultPostgresBinaryResolver] System specific postgres binaries found: 'postgres-windows-x86_64.txz'
[22:08:19 INFO]: [io.zonky.test.db.postgres.embedded.EmbeddedPostgres] Postgres binaries at C:\Users\User\AppData\Local\Temp\embedded-pg\PG-3942d5a1dcdbfebc27772e9e670d5d85
[22:08:20 INFO]: [io.zonky.test.db.postgres.embedded.EmbeddedPostgres] The files belonging to this database system will be owned by user "User".
[22:08:20 INFO]: [io.zonky.test.db.postgres.embedded.EmbeddedPostgres] This user must also own the server process.
[22:08:20 INFO]: [io.zonky.test.db.postgres.embedded.EmbeddedPostgres] 
[22:08:20 INFO]: [io.zonky.test.db.postgres.embedded.EmbeddedPostgres] The database cluster will be initialized with locale "English_United States.874".
[22:08:20 INFO]: [io.zonky.test.db.postgres.embedded.EmbeddedPostgres] The default text search configuration will be set to "english".
[22:08:20 INFO]: [io.zonky.test.db.postgres.embedded.EmbeddedPostgres] 
[22:08:20 INFO]: [io.zonky.test.db.postgres.embedded.EmbeddedPostgres] Data page checksums are disabled.
[22:08:20 INFO]: [io.zonky.test.db.postgres.embedded.EmbeddedPostgres] 
[22:08:20 INFO]: [io.zonky.test.db.postgres.embedded.EmbeddedPostgres] fixing permissions on existing directory C:/Users/User/AppData/Local/BranzMMORPGHarness/repo/mmo-bootstrap/run/plugins/BranzMMO/embedded-postgres ... ok
[22:08:20 INFO]: [io.zonky.test.db.postgres.embedded.EmbeddedPostgres] creating subdirectories ... ok
[22:08:20 INFO]: [io.zonky.test.db.postgres.embedded.EmbeddedPostgres] selecting dynamic shared memory implementation ... windows
[22:08:21 INFO]: [io.zonky.test.db.postgres.embedded.EmbeddedPostgres] selecting default max_connections ... 100
[22:08:21 INFO]: [io.zonky.test.db.postgres.embedded.EmbeddedPostgres] selecting default shared_buffers ... 128MB
[22:08:21 INFO]: [io.zonky.test.db.postgres.embedded.EmbeddedPostgres] selecting default time zone ... Asia/Bangkok
[22:08:21 INFO]: [io.zonky.test.db.postgres.embedded.EmbeddedPostgres] creating configuration files ... ok
[22:08:24 INFO]: [io.zonky.test.db.postgres.embedded.EmbeddedPostgres] running bootstrap script ... ok
[22:08:30 INFO]: [io.zonky.test.db.postgres.embedded.EmbeddedPostgres] performing post-bootstrap initialization ... ok
[22:08:36 INFO]: [io.zonky.test.db.postgres.embedded.EmbeddedPostgres] syncing data to disk ... ok
[22:08:36 INFO]: [io.zonky.test.db.postgres.embedded.EmbeddedPostgres] 
[22:08:36 INFO]: [io.zonky.test.db.postgres.embedded.EmbeddedPostgres] Success. You can now start the database server using:
[22:08:36 INFO]: [io.zonky.test.db.postgres.embedded.EmbeddedPostgres] 
[22:08:36 INFO]: [io.zonky.test.db.postgres.embedded.EmbeddedPostgres]     ^"C^:^\Users^\User^\AppData^\Local^\Temp^\embedded^-pg^\PG^-3942d5a1dcdbfebc27772e9e670d5d85^\bin^\pg^_ctl^" -D ^"C^:^\Users^\User^\AppData^\Local^\BranzMMORPGHarness^\repo^\mmo^-bootstrap^\run^\plugins^\BranzMMO^\embedded^-postgres^" -l logfile start
[22:08:36 INFO]: [io.zonky.test.db.postgres.embedded.EmbeddedPostgres] 
[22:08:36 INFO]: [io.zonky.test.db.postgres.embedded.EmbeddedPostgres] 5cb47a8a-35d9-4f05-9d00-5acc668ef717 initdb completed in 00:00:16.597
[22:08:36 INFO]: [io.zonky.test.db.postgres.embedded.EmbeddedPostgres] 5cb47a8a-35d9-4f05-9d00-5acc668ef717 postmaster started as Process[pid=8436, exitValue="not exited"] on port 64840.  Waiting up to PT10S for server startup to finish.
[22:08:37 INFO]: [io.zonky.test.db.postgres.embedded.EmbeddedPostgres] waiting for server to start....2026-08-15 22:08:37.794 +07 [8084] LOG:  starting PostgreSQL 14.22, compiled by Visual C++ build 1944, 64-bit
[22:08:37 INFO]: [io.zonky.test.db.postgres.embedded.EmbeddedPostgres] 2026-08-15 22:08:37.806 +07 [8084] LOG:  listening on IPv6 address "::1", port 64840
[22:08:37 INFO]: [io.zonky.test.db.postgres.embedded.EmbeddedPostgres] 2026-08-15 22:08:37.806 +07 [8084] LOG:  listening on IPv4 address "127.0.0.1", port 64840
[22:08:38 INFO]: [io.zonky.test.db.postgres.embedded.EmbeddedPostgres] 2026-08-15 22:08:38.101 +07 [30568] LOG:  database system was shut down at 2026-08-15 22:08:30 +07
[22:08:38 INFO]: [io.zonky.test.db.postgres.embedded.EmbeddedPostgres] 2026-08-15 22:08:38.271 +07 [8084] LOG:  database system is ready to accept connections
[22:08:38 INFO]: [io.zonky.test.db.postgres.embedded.EmbeddedPostgres]  done
[22:08:38 INFO]: [io.zonky.test.db.postgres.embedded.EmbeddedPostgres] server started
[22:08:39 INFO]: [io.zonky.test.db.postgres.embedded.EmbeddedPostgres] 5cb47a8a-35d9-4f05-9d00-5acc668ef717 postmaster startup finished in 00:00:02.745
[22:08:42 INFO]: [BranzMMO] Milestone 3 runtime ready; item definitions=20, move definitions=6, spell definitions=5, technique definitions=5, form definitions=4, ailment definitions=6, encounter reward definitions=1, Scene presentation=WORLD_BACKED
[22:08:42 INFO]: [BranzMMO] Provider asset.oraxen=UNAVAILABLE [OPTIONAL]: plugin is not installed: Oraxen
[22:08:42 INFO]: [BranzMMO] Provider mob.mythicmobs=UNAVAILABLE [OPTIONAL]: plugin is not installed: MythicMobs
[22:08:42 INFO]: [BranzMMO] Provider packet.packetevents=UNAVAILABLE [OPTIONAL]: plugin is not installed: packetevents
[22:08:42 INFO]: [BranzMMO] Provider region.worldguard=UNAVAILABLE [OPTIONAL]: plugin is not installed: WorldGuard
[22:08:42 INFO]: [BranzMMO] Provider wallet.external=UNAVAILABLE [OPTIONAL]: plugin is not installed: Wallet
[22:08:42 WARN]: [BranzMMO] asset.oraxen [OPTIONAL]: plugin is not installed: Oraxen
[22:08:42 WARN]: [BranzMMO] mob.mythicmobs [OPTIONAL]: plugin is not installed: MythicMobs
[22:08:42 WARN]: [BranzMMO] packet.packetevents [OPTIONAL]: plugin is not installed: packetevents
[22:08:42 WARN]: [BranzMMO] region.worldguard [OPTIONAL]: plugin is not installed: WorldGuard
[22:08:42 WARN]: [BranzMMO] wallet.external [OPTIONAL]: plugin is not installed: Wallet
[22:08:42 INFO]: [BranzMMO] Branz MMO startup DEGRADED; content=v1.milestone-1.example.4, definitions=48
[22:08:42 INFO]: [BranzMMO] PostgreSQL runtime ready; mode=EMBEDDED_LOCAL, server-instance=local-fa845101-fcca-495b-86da-12b19f8b22f4
[22:08:43 INFO]: [BranzMMO] Recovered 0 boss encounter(s) from V0009.
[22:08:43 INFO]: [BranzMMO] Death Pouch reconciliation is ready.
[22:08:43 INFO]: [BranzMMO] Recovered 0 downed encounter(s) from V0010.
[22:09:26 INFO]: UUID of player Player0 is 2654e3c3-150d-3857-a426-0b141796a4e0
[22:09:35 INFO]: Player0 joined the game
[22:09:35 INFO]: Player0[/127.0.0.1:58538] logged in with entity id 6 at ([minecraft:overworld]4.5, 77.0, 9.5)
[22:09:36 INFO]: Made Player0 a server operator
[22:09:36 INFO]: Set 7 experience levels on Player0
[22:09:39 INFO]: Player0 issued server command: /item replace entity @s hotbar.0 with minecraft:stone
[22:09:39 INFO]: [Player0: Replaced a slot on Player0 with [Stone]]
[22:09:39 INFO]: Player0 issued server command: /item replace entity @s hotbar.1 with minecraft:stone
[22:09:39 INFO]: [Player0: Replaced a slot on Player0 with [Stone]]
[22:09:39 INFO]: Player0 issued server command: /item replace entity @s hotbar.2 with minecraft:stone
[22:09:39 INFO]: [Player0: Replaced a slot on Player0 with [Stone]]
[22:09:39 INFO]: Player0 issued server command: /item replace entity @s hotbar.3 with minecraft:stone
[22:09:39 INFO]: [Player0: Replaced a slot on Player0 with [Stone]]
[22:09:39 INFO]: Player0 issued server command: /item replace entity @s hotbar.4 with minecraft:stone
[22:09:40 INFO]: [Player0: Replaced a slot on Player0 with [Stone]]
[22:09:40 INFO]: Player0 issued server command: /item replace entity @s hotbar.5 with minecraft:stone
[22:09:40 INFO]: [Player0: Replaced a slot on Player0 with [Stone]]
[22:09:40 INFO]: Player0 issued server command: /item replace entity @s hotbar.6 with minecraft:stone
[22:09:40 INFO]: [Player0: Replaced a slot on Player0 with [Stone]]
[22:09:40 INFO]: Player0 issued server command: /item replace entity @s hotbar.7 with minecraft:stone
[22:09:40 INFO]: [Player0: Replaced a slot on Player0 with [Stone]]
[22:09:40 INFO]: Player0 issued server command: /mmo dev
[22:09:40 INFO]: [BranzMMO] PHYSICAL_AUTHORITY_INVENTORY_CLICK_SERVER player=Player0 action=PICKUP_ALL slot=12 currentProjection=false cursorProjection=false
[22:09:41 INFO]: [BranzMMO] PHYSICAL_AUTHORITY_INVENTORY_CLICK_SERVER player=Player0 action=MOVE_TO_OTHER_INVENTORY slot=5 currentProjection=false cursorProjection=false
[22:09:42 INFO]: Player0 issued server command: /mmo physical status
[22:09:43 INFO]: Player0 issued server command: /mmo physical status
[22:09:44 INFO]: Player0 issued server command: /mmo physical status
[22:09:45 INFO]: Player0 issued server command: /item replace entity @s hotbar.7 with minecraft:air
[22:09:45 INFO]: [Player0: Replaced a slot on Player0 with [Air]]
[22:09:45 INFO]: [BranzMMO] PHYSICAL_AUTHORITY_INVENTORY_CLICK_SERVER player=Player0 action=PICKUP_ALL slot=9 currentProjection=true cursorProjection=false
[22:09:45 INFO]: [BranzMMO] PHYSICAL_AUTHORITY_INVENTORY_PLAN_SERVER player=Player0 disposition=TRANSIENT_CURSOR intent=none
[22:09:45 INFO]: [BranzMMO] PHYSICAL_AUTHORITY_INVENTORY_CLICK_SERVER player=Player0 action=PLACE_ALL slot=7 currentProjection=false cursorProjection=true
[22:09:45 INFO]: [BranzMMO] PHYSICAL_AUTHORITY_INVENTORY_CLOSE_DEFERRED_SERVER player=Player0
[22:09:45 INFO]: [BranzMMO] PHYSICAL_AUTHORITY_INVENTORY_PLAN_SERVER player=Player0 disposition=READY_TO_COMMIT intent=STACKABLE_LOT:9->7:941fbc7c-13ca-4b32-9c69-3a568affd267
[22:09:45 INFO]: [BranzMMO] PHYSICAL_AUTHORITY_INVENTORY_COMMIT_BEGIN_SERVER player=Player0 type=STACKABLE_LOT source=9 destination=7 value=941fbc7c-13ca-4b32-9c69-3a568affd267
[22:09:46 INFO]: Player0 issued server command: /mmo physical status
[22:09:46 INFO]: Player0 issued server command: /mmo physical status
[22:09:47 INFO]: [BranzMMO] PHYSICAL_AUTHORITY_INVENTORY_COMMIT_SUCCESS_SERVER player=Player0 type=STACKABLE_LOT source=9 destination=7 value=941fbc7c-13ca-4b32-9c69-3a568affd267
[22:09:48 INFO]: Player0 issued server command: /mmo physical status
[22:09:49 INFO]: Player0 issued server command: /mmo physical status
[22:09:49 INFO]: [BranzMMO] PHYSICAL_AUTHORITY_CONSUMABLE_USE_INTERACT_SERVER player=Player0 action=RIGHT_CLICK_AIR slot=7
[22:09:49 INFO]: [BranzMMO] PHYSICAL_AUTHORITY_CONSUMABLE_USE_ROUTED_SERVER slot=7 player=Player0
[22:09:49 INFO]: [BranzMMO] PHYSICAL_AUTHORITY_CONSUMABLE_USE_SELECTED_SERVER lot=LotId[value=941fbc7c-13ca-4b32-9c69-3a568affd267] definition=consumable.training_body_tonic category=BODY_TONIC player=Player0
[22:09:49 INFO]: [BranzMMO] PHYSICAL_AUTHORITY_CONSUMABLE_USE_BEGIN_ENTER_SERVER lot=LotId[value=941fbc7c-13ca-4b32-9c69-3a568affd267] player=Player0
[22:09:49 INFO]: [BranzMMO] PHYSICAL_AUTHORITY_CONSUMABLE_USE_BEGIN_SERVER lot=LotId[value=941fbc7c-13ca-4b32-9c69-3a568affd267] operation=18ecb54f-5542-4329-a694-0ac4e26682e1 category=BODY_TONIC player=Player0
[22:09:52 INFO]: Player0 issued server command: /mmo physical status
[22:09:53 INFO]: Player0 issued server command: /mmo physical status
[22:09:53 INFO]: Player0 issued server command: /mmo physical status
[22:09:55 INFO]: Player0 issued server command: /mmo physical status
[22:09:55 INFO]: Player0 lost connection: Disconnected
[22:09:55 INFO]: Player0 left the game
[22:09:56 INFO]: Stopping the server
[22:09:56 INFO]: Stopping server
[22:09:56 INFO]: [BranzMMO] Disabling BranzMMO v1.0.0-SNAPSHOT
[22:09:56 INFO]: [io.zonky.test.db.postgres.embedded.EmbeddedPostgres] 2026-08-15 22:09:56.476 +07 [8084] LOG:  received fast shutdown request
[22:09:56 INFO]: [io.zonky.test.db.postgres.embedded.EmbeddedPostgres] 2026-08-15 22:09:56.476 +07 [8084] LOG:  aborting any active transactions
[22:09:56 INFO]: [io.zonky.test.db.postgres.embedded.EmbeddedPostgres] 2026-08-15 22:09:56.514 +07 [8084] LOG:  background worker "logical replication launcher" (PID 15296) exited with exit code 1
[22:09:56 INFO]: [io.zonky.test.db.postgres.embedded.EmbeddedPostgres] 2026-08-15 22:09:56.515 +07 [33332] LOG:  shutting down
[22:09:56 INFO]: [io.zonky.test.db.postgres.embedded.EmbeddedPostgres] 2026-08-15 22:09:56.996 +07 [8084] LOG:  database system is shut down
[22:09:57 INFO]: [io.zonky.test.db.postgres.embedded.EmbeddedPostgres] waiting for server to shut down.... done
[22:09:57 INFO]: [io.zonky.test.db.postgres.embedded.EmbeddedPostgres] server stopped
[22:09:57 INFO]: [io.zonky.test.db.postgres.embedded.EmbeddedPostgres] 5cb47a8a-35d9-4f05-9d00-5acc668ef717 shut down postmaster in 00:00:00.690
[22:09:57 INFO]: [io.zonky.test.db.postgres.embedded.EmbeddedPostgres] Did not clean up directory C:\Users\User\AppData\Local\BranzMMORPGHarness\repo\mmo-bootstrap\run\plugins\BranzMMO\embedded-postgres
[22:09:57 INFO]: [BranzMMO] Branz MMO platform disabled cleanly.
[22:09:57 INFO]: Saving players
[22:09:57 INFO]: Saving worlds
[22:09:57 INFO]: Saving chunks for level 'ServerLevel[world]'/minecraft:overworld
[22:09:57 INFO]: [ChunkHolderManager] Waiting 60s for chunk system to halt for world 'minecraft:overworld'
[22:09:57 INFO]: [ChunkHolderManager] Halted chunk system for world 'minecraft:overworld'
[22:09:57 INFO]: [ChunkHolderManager] Saving all chunkholders for world 'minecraft:overworld'
[22:09:58 INFO]: [ChunkHolderManager] Saved 1618 block chunks, 236 entity chunks, 15 poi chunks in world 'minecraft:overworld' in 1.61s
[22:09:58 INFO]: [ChunkHolderManager] Waiting 60s for chunk I/O to halt for world 'minecraft:overworld'
[22:09:58 INFO]: [ChunkHolderManager] Halted I/O scheduler for world 'minecraft:overworld'
[22:09:58 INFO]: Saving chunks for level 'ServerLevel[world]'/minecraft:the_nether
[22:09:58 INFO]: [ChunkHolderManager] Waiting 60s for chunk system to halt for world 'minecraft:the_nether'
[22:09:58 INFO]: [ChunkHolderManager] Halted chunk system for world 'minecraft:the_nether'
[22:09:58 INFO]: [ChunkHolderManager] Saving all chunkholders for world 'minecraft:the_nether'
[22:09:58 INFO]: [ChunkHolderManager] Saved 0 block chunks, 0 entity chunks, 0 poi chunks in world 'minecraft:the_nether' in 0.00s
[22:09:58 INFO]: [ChunkHolderManager] Waiting 60s for chunk I/O to halt for world 'minecraft:the_nether'
[22:09:58 INFO]: [ChunkHolderManager] Halted I/O scheduler for world 'minecraft:the_nether'
[22:09:58 INFO]: Saving chunks for level 'ServerLevel[world]'/minecraft:the_end
[22:09:58 INFO]: [ChunkHolderManager] Waiting 60s for chunk system to halt for world 'minecraft:the_end'
[22:09:58 INFO]: [ChunkHolderManager] Halted chunk system for world 'minecraft:the_end'
[22:09:58 INFO]: [ChunkHolderManager] Saving all chunkholders for world 'minecraft:the_end'
[22:09:58 INFO]: [ChunkHolderManager] Saved 0 block chunks, 0 entity chunks, 0 poi chunks in world 'minecraft:the_end' in 0.00s
[22:09:58 INFO]: [ChunkHolderManager] Waiting 60s for chunk I/O to halt for world 'minecraft:the_end'
[22:09:58 INFO]: [ChunkHolderManager] Halted I/O scheduler for world 'minecraft:the_end'
[22:09:58 INFO]: ThreadedAnvilChunkStorage (world): All chunks are saved
[22:09:58 INFO]: ThreadedAnvilChunkStorage (DIM-1): All chunks are saved
[22:09:58 INFO]: ThreadedAnvilChunkStorage (DIM1): All chunks are saved
[22:09:58 INFO]: ThreadedAnvilChunkStorage: All dimensions are saved
[22:09:58 INFO]: Waiting for all RegionFile I/O tasks to complete...
[22:09:58 INFO]: All RegionFile I/O tasks to complete
[22:09:58 INFO]: [MoonriseCommon] Awaiting termination of worker pool for up to 60s...
[22:09:58 INFO]: [MoonriseCommon] Awaiting termination of I/O pool for up to 60s...

BUILD SUCCESSFUL in 3m 4s
39 actionable tasks: 1 executed, 38 up-to-date
Consider enabling configuration cache to speed up this build: https://docs.gradle.org/9.1.0/userguide/configuration_cache_enabling.html
