To honour the JVM settings for this build a single-use Daemon process will be forked. For more on this, please refer to https://docs.gradle.org/9.1.0/userguide/gradle_daemon.html#sec:disabling_the_daemon in the Gradle documentation.
Daemon will be stopped at the end of the build 
> Task :mmo-api:compileJava UP-TO-DATE
> Task :mmo-api:processResources NO-SOURCE
> Task :mmo-api:classes UP-TO-DATE
> Task :mmo-api:jar UP-TO-DATE
> Task :mmo-content:compileJava UP-TO-DATE
> Task :mmo-combat:compileJava UP-TO-DATE
> Task :mmo-integrations:compileJava UP-TO-DATE
> Task :mmo-items:compileJava UP-TO-DATE
> Task :mmo-lifeskills:compileJava UP-TO-DATE
> Task :mmo-magic:compileJava UP-TO-DATE
> Task :mmo-progression:compileJava UP-TO-DATE
> Task :mmo-persistence:compileJava UP-TO-DATE
> Task :mmo-scenes:compileJava UP-TO-DATE
> Task :mmo-social:compileJava UP-TO-DATE
> Task :mmo-worldloop:compileJava UP-TO-DATE
> Task :mmo-integrations:integration-mythicmobs:compileJava UP-TO-DATE
> Task :mmo-integrations:integration-oraxen:compileJava UP-TO-DATE
> Task :mmo-integrations:integration-packetevents:compileJava UP-TO-DATE
> Task :mmo-integrations:integration-wallet:compileJava UP-TO-DATE
> Task :mmo-integrations:integration-worldguard:compileJava UP-TO-DATE
> Task :mmo-bootstrap:compileJava UP-TO-DATE
> Task :mmo-bootstrap:processResources UP-TO-DATE
> Task :mmo-bootstrap:classes UP-TO-DATE
> Task :mmo-combat:processResources NO-SOURCE
> Task :mmo-combat:classes UP-TO-DATE
> Task :mmo-combat:jar UP-TO-DATE
> Task :mmo-content:processResources NO-SOURCE
> Task :mmo-content:classes UP-TO-DATE
> Task :mmo-content:jar UP-TO-DATE
> Task :mmo-integrations:processResources NO-SOURCE
> Task :mmo-integrations:classes UP-TO-DATE
> Task :mmo-integrations:jar UP-TO-DATE
> Task :mmo-items:processResources NO-SOURCE
> Task :mmo-items:classes UP-TO-DATE
> Task :mmo-items:jar UP-TO-DATE
> Task :mmo-lifeskills:processResources NO-SOURCE
> Task :mmo-lifeskills:classes UP-TO-DATE
> Task :mmo-lifeskills:jar UP-TO-DATE
> Task :mmo-magic:processResources NO-SOURCE
> Task :mmo-magic:classes UP-TO-DATE
> Task :mmo-magic:jar UP-TO-DATE
> Task :mmo-persistence:processResources UP-TO-DATE
> Task :mmo-persistence:classes UP-TO-DATE
> Task :mmo-persistence:jar UP-TO-DATE
> Task :mmo-progression:processResources NO-SOURCE
> Task :mmo-progression:classes UP-TO-DATE
> Task :mmo-progression:jar UP-TO-DATE
> Task :mmo-scenes:processResources NO-SOURCE
> Task :mmo-scenes:classes UP-TO-DATE
> Task :mmo-scenes:jar UP-TO-DATE
> Task :mmo-social:processResources NO-SOURCE
> Task :mmo-social:classes UP-TO-DATE
> Task :mmo-social:jar UP-TO-DATE
> Task :mmo-worldloop:processResources NO-SOURCE
> Task :mmo-worldloop:classes UP-TO-DATE
> Task :mmo-worldloop:jar UP-TO-DATE
> Task :mmo-integrations:integration-mythicmobs:processResources NO-SOURCE
> Task :mmo-integrations:integration-mythicmobs:classes UP-TO-DATE
> Task :mmo-integrations:integration-mythicmobs:jar UP-TO-DATE
> Task :mmo-integrations:integration-oraxen:processResources NO-SOURCE
> Task :mmo-integrations:integration-oraxen:classes UP-TO-DATE
> Task :mmo-integrations:integration-oraxen:jar UP-TO-DATE
> Task :mmo-integrations:integration-packetevents:processResources NO-SOURCE
> Task :mmo-integrations:integration-packetevents:classes UP-TO-DATE
> Task :mmo-integrations:integration-packetevents:jar UP-TO-DATE
> Task :mmo-integrations:integration-wallet:processResources NO-SOURCE
> Task :mmo-integrations:integration-wallet:classes UP-TO-DATE
> Task :mmo-integrations:integration-wallet:jar UP-TO-DATE
> Task :mmo-integrations:integration-worldguard:processResources NO-SOURCE
> Task :mmo-integrations:integration-worldguard:classes UP-TO-DATE
> Task :mmo-integrations:integration-worldguard:jar UP-TO-DATE
> Task :mmo-bootstrap:shadowJar UP-TO-DATE

> Task :mmo-bootstrap:runServer
Located Paper 26.2 build 112 in local cache.
Starting Paper...

Downloading mojang_26.2.jar
Applying patches
Starting org.bukkit.craftbukkit.Main
2026-08-15T10:40:19.113299800Z ServerMain WARN Advanced terminal features are not available in this environment
[17:40:19 INFO]: [bootstrap] Running Java 25 (OpenJDK 64-Bit Server VM 25.0.3+9-LTS; Eclipse Adoptium Temurin-25.0.3+9) on Windows 11 10.0 (amd64)
[17:40:19 INFO]: [bootstrap] Loading Paper 26.2-112-main@c9e894d (2026-08-11T05:18:39Z) for Minecraft 26.2
[17:40:19 INFO]: [PluginInitializerManager] Initializing plugins...
[17:40:19 INFO]: [PluginInitializerManager] Initialized 1 plugin
[17:40:19 INFO]: [PluginInitializerManager] Bukkit plugins (1):
 - BranzMMO (1.0.0-SNAPSHOT)
WARNING: A terminally deprecated method in sun.misc.Unsafe has been called
WARNING: sun.misc.Unsafe::objectFieldOffset has been called by org.joml.MemUtil$MemUtilUnsafe (file:/C:/Users/User/AppData/Local/BranzMMORPGHarness/repo/mmo-bootstrap/run/libraries/org/joml/joml/1.10.8/joml-1.10.8.jar)
WARNING: Please consider reporting this to the maintainers of class org.joml.MemUtil$MemUtilUnsafe
WARNING: sun.misc.Unsafe::objectFieldOffset will be removed in a future release
[17:40:24 INFO]: [ca.spottedleaf.dataconverter.minecraft.datatypes.MCTypeRegistry] Initialising converters for DataConverter...
[17:40:24 INFO]: Environment: Environment[sessionHost=https://sessionserver.mojang.com, servicesHost=https://api.minecraftservices.com, profilesHost=https://api.mojang.com, name=PROD]
[17:40:25 INFO]: [ca.spottedleaf.dataconverter.minecraft.datatypes.MCTypeRegistry] Finished initialising converters for DataConverter in 514.2ms
[17:40:25 INFO]: Found new data pack paper, loading it automatically
[17:40:26 INFO]: No existing world data, creating new world
[17:40:27 INFO]: Loaded 1585 recipes
[17:40:27 INFO]: Loaded 1688 advancements
[17:40:27 INFO]: Starting minecraft server version 26.2
[17:40:27 INFO]: Loading properties
[17:40:27 INFO]: This server is running Paper version 26.2-112-main@c9e894d (2026-08-11T05:18:39Z) (Implementing API version 26.2.build.112-stable)
[17:40:27 INFO]: [spark] This server bundles the spark profiler. For more information please visit https://docs.papermc.io/paper/profiling
[17:40:27 INFO]: Using 4 threads for Netty based IO
[17:40:27 INFO]: Server Ping Player Sample Count: 12
[17:40:27 INFO]: [MoonriseCommon] Paper is using 3 worker threads, 1 I/O threads
[17:40:28 INFO]: Default game type: SURVIVAL
[17:40:28 INFO]: Generating keypair
[17:40:28 INFO]: Starting Minecraft server on *:25565
[17:40:28 INFO]: Paper: Using Java compression from Velocity.
[17:40:28 INFO]: Paper: Using Java cipher from Velocity.
[17:40:28 INFO]: [BranzMMO] Loading server plugin BranzMMO v1.0.0-SNAPSHOT
[17:40:28 INFO]: [BranzMMO] Enabling BranzMMO v1.0.0-SNAPSHOT
[17:40:28 INFO]: [BranzMMO] Loading and validating content snapshot from C:\Users\User\AppData\Local\BranzMMORPGHarness\repo\example-content\milestone-1
[17:40:28 WARN]: **** SERVER IS RUNNING IN OFFLINE/INSECURE MODE!
[17:40:28 WARN]: The server will make no attempt to authenticate usernames. Beware.
[17:40:28 WARN]: While this makes the game possible to play without internet access, it also opens up the ability for hackers to connect with any username they choose.
[17:40:28 WARN]: To change this, set "online-mode" to "true" in the server.properties file.
[17:40:28 INFO]: Preparing level "world"
[17:40:28 INFO]: Selecting spawn point for level 'minecraft:overworld'...
[17:40:32 INFO]: Selecting spawn point for level 'minecraft:the_nether'...
[17:40:33 INFO]: Selecting spawn point for level 'minecraft:the_end'...
[17:40:33 INFO]: Loading 0 persistent chunks for level 'minecraft:overworld'...
[17:40:33 INFO]: Preparing spawn area: 100%
[17:40:33 INFO]: Prepared spawn area in 4857 ms
[17:40:33 INFO]: Loading 0 persistent chunks for level 'minecraft:the_nether'...
[17:40:33 INFO]: Preparing spawn area: 100%
[17:40:33 INFO]: Prepared spawn area in 942 ms
[17:40:33 INFO]: Loading 0 persistent chunks for level 'minecraft:the_end'...
[17:40:33 INFO]: Preparing spawn area: 100%
[17:40:33 INFO]: Prepared spawn area in 345 ms
[17:40:33 INFO]: Done preparing level "world" (5.267s)
[17:40:33 INFO]: [spark] Starting background profiler...
[17:40:33 INFO]: [spark] The async-profiler engine is not supported for your os/arch (windows11/amd64), so the built-in Java engine will be used instead.
[17:40:33 INFO]: Saving chunks for level 'ServerLevel[world]'/minecraft:overworld
[17:40:33 INFO]: Saving chunks for level 'ServerLevel[world]'/minecraft:the_nether
[17:40:34 INFO]: Saving chunks for level 'ServerLevel[world]'/minecraft:the_end
[17:40:34 INFO]: ThreadedAnvilChunkStorage (world): All chunks are saved
[17:40:34 INFO]: ThreadedAnvilChunkStorage (DIM-1): All chunks are saved
[17:40:34 INFO]: ThreadedAnvilChunkStorage (DIM1): All chunks are saved
[17:40:34 INFO]: ThreadedAnvilChunkStorage: All dimensions are saved
[17:40:34 INFO]: Running delayed init tasks
[17:40:34 INFO]: Done (15.693s)! For help, type "help"
[17:40:34 INFO]: *************************************************************************************
[17:40:34 INFO]: This is the first time you're starting this server.
[17:40:34 INFO]: It's recommended you read our 'Getting Started' documentation for guidance.
[17:40:34 INFO]: View this and more helpful information here: https://docs.papermc.io/paper/next-steps
[17:40:34 INFO]: *************************************************************************************
[17:40:34 INFO]: [io.zonky.test.db.postgres.embedded.EmbeddedPostgres] Detected a Windows x86_64 system
[17:40:34 INFO]: [io.zonky.test.db.postgres.embedded.DefaultPostgresBinaryResolver] Detected distribution: 'Unknown'
[17:40:34 INFO]: [io.zonky.test.db.postgres.embedded.DefaultPostgresBinaryResolver] System specific postgres binaries found: 'postgres-windows-x86_64.txz'
[17:40:35 INFO]: [io.zonky.test.db.postgres.embedded.EmbeddedPostgres] Postgres binaries at C:\Users\User\AppData\Local\Temp\embedded-pg\PG-3942d5a1dcdbfebc27772e9e670d5d85
[17:40:35 INFO]: [io.zonky.test.db.postgres.embedded.EmbeddedPostgres] The files belonging to this database system will be owned by user "User".
[17:40:35 INFO]: [io.zonky.test.db.postgres.embedded.EmbeddedPostgres] This user must also own the server process.
[17:40:35 INFO]: [io.zonky.test.db.postgres.embedded.EmbeddedPostgres] 
[17:40:35 INFO]: [io.zonky.test.db.postgres.embedded.EmbeddedPostgres] The database cluster will be initialized with locale "English_United States.874".
[17:40:35 INFO]: [io.zonky.test.db.postgres.embedded.EmbeddedPostgres] The default text search configuration will be set to "english".
[17:40:35 INFO]: [io.zonky.test.db.postgres.embedded.EmbeddedPostgres] 
[17:40:35 INFO]: [io.zonky.test.db.postgres.embedded.EmbeddedPostgres] Data page checksums are disabled.
[17:40:35 INFO]: [io.zonky.test.db.postgres.embedded.EmbeddedPostgres] 
[17:40:35 INFO]: [io.zonky.test.db.postgres.embedded.EmbeddedPostgres] fixing permissions on existing directory C:/Users/User/AppData/Local/BranzMMORPGHarness/repo/mmo-bootstrap/run/plugins/BranzMMO/embedded-postgres ... ok
[17:40:35 INFO]: [io.zonky.test.db.postgres.embedded.EmbeddedPostgres] creating subdirectories ... ok
[17:40:35 INFO]: [io.zonky.test.db.postgres.embedded.EmbeddedPostgres] selecting dynamic shared memory implementation ... windows
[17:40:35 INFO]: [io.zonky.test.db.postgres.embedded.EmbeddedPostgres] selecting default max_connections ... 100
[17:40:35 INFO]: [io.zonky.test.db.postgres.embedded.EmbeddedPostgres] selecting default shared_buffers ... 128MB
[17:40:35 INFO]: [io.zonky.test.db.postgres.embedded.EmbeddedPostgres] selecting default time zone ... Asia/Bangkok
[17:40:35 INFO]: [io.zonky.test.db.postgres.embedded.EmbeddedPostgres] creating configuration files ... ok
[17:40:37 INFO]: [io.zonky.test.db.postgres.embedded.EmbeddedPostgres] running bootstrap script ... ok
[17:40:40 INFO]: [io.zonky.test.db.postgres.embedded.EmbeddedPostgres] performing post-bootstrap initialization ... ok
[17:40:45 INFO]: [io.zonky.test.db.postgres.embedded.EmbeddedPostgres] syncing data to disk ... ok
[17:40:45 INFO]: [io.zonky.test.db.postgres.embedded.EmbeddedPostgres] 
[17:40:45 INFO]: [io.zonky.test.db.postgres.embedded.EmbeddedPostgres] Success. You can now start the database server using:
[17:40:45 INFO]: [io.zonky.test.db.postgres.embedded.EmbeddedPostgres] 
[17:40:45 INFO]: [io.zonky.test.db.postgres.embedded.EmbeddedPostgres]     ^"C^:^\Users^\User^\AppData^\Local^\Temp^\embedded^-pg^\PG^-3942d5a1dcdbfebc27772e9e670d5d85^\bin^\pg^_ctl^" -D ^"C^:^\Users^\User^\AppData^\Local^\BranzMMORPGHarness^\repo^\mmo^-bootstrap^\run^\plugins^\BranzMMO^\embedded^-postgres^" -l logfile start
[17:40:45 INFO]: [io.zonky.test.db.postgres.embedded.EmbeddedPostgres] 
[17:40:45 INFO]: [io.zonky.test.db.postgres.embedded.EmbeddedPostgres] 2c6a6420-d0fb-499b-9563-788713fb7a4d initdb completed in 00:00:10.099
[17:40:45 INFO]: [io.zonky.test.db.postgres.embedded.EmbeddedPostgres] 2c6a6420-d0fb-499b-9563-788713fb7a4d postmaster started as Process[pid=33052, exitValue="not exited"] on port 62094.  Waiting up to PT10S for server startup to finish.
[17:40:45 INFO]: [io.zonky.test.db.postgres.embedded.EmbeddedPostgres] waiting for server to start....2026-08-15 17:40:45.502 +07 [30608] LOG:  starting PostgreSQL 14.22, compiled by Visual C++ build 1944, 64-bit
[17:40:45 INFO]: [io.zonky.test.db.postgres.embedded.EmbeddedPostgres] 2026-08-15 17:40:45.509 +07 [30608] LOG:  listening on IPv6 address "::1", port 62094
[17:40:45 INFO]: [io.zonky.test.db.postgres.embedded.EmbeddedPostgres] 2026-08-15 17:40:45.509 +07 [30608] LOG:  listening on IPv4 address "127.0.0.1", port 62094
[17:40:45 INFO]: [io.zonky.test.db.postgres.embedded.EmbeddedPostgres] 2026-08-15 17:40:45.571 +07 [13608] LOG:  database system was shut down at 2026-08-15 17:40:40 +07
[17:40:45 INFO]: [io.zonky.test.db.postgres.embedded.EmbeddedPostgres] 2026-08-15 17:40:45.719 +07 [30608] LOG:  database system is ready to accept connections
[17:40:45 INFO]: [io.zonky.test.db.postgres.embedded.EmbeddedPostgres]  done
[17:40:45 INFO]: [io.zonky.test.db.postgres.embedded.EmbeddedPostgres] server started
[17:40:46 INFO]: [io.zonky.test.db.postgres.embedded.EmbeddedPostgres] 2c6a6420-d0fb-499b-9563-788713fb7a4d postmaster startup finished in 00:00:00.834
[17:40:48 INFO]: [BranzMMO] Milestone 3 runtime ready; item definitions=20, move definitions=6, spell definitions=5, technique definitions=5, form definitions=4, ailment definitions=6, encounter reward definitions=1, Scene presentation=WORLD_BACKED
[17:40:48 INFO]: [BranzMMO] Provider asset.oraxen=UNAVAILABLE [OPTIONAL]: plugin is not installed: Oraxen
[17:40:48 INFO]: [BranzMMO] Provider mob.mythicmobs=UNAVAILABLE [OPTIONAL]: plugin is not installed: MythicMobs
[17:40:48 INFO]: [BranzMMO] Provider packet.packetevents=UNAVAILABLE [OPTIONAL]: plugin is not installed: packetevents
[17:40:48 INFO]: [BranzMMO] Provider region.worldguard=UNAVAILABLE [OPTIONAL]: plugin is not installed: WorldGuard
[17:40:48 INFO]: [BranzMMO] Provider wallet.external=UNAVAILABLE [OPTIONAL]: plugin is not installed: Wallet
[17:40:48 WARN]: [BranzMMO] asset.oraxen [OPTIONAL]: plugin is not installed: Oraxen
[17:40:48 WARN]: [BranzMMO] mob.mythicmobs [OPTIONAL]: plugin is not installed: MythicMobs
[17:40:48 WARN]: [BranzMMO] packet.packetevents [OPTIONAL]: plugin is not installed: packetevents
[17:40:48 WARN]: [BranzMMO] region.worldguard [OPTIONAL]: plugin is not installed: WorldGuard
[17:40:48 WARN]: [BranzMMO] wallet.external [OPTIONAL]: plugin is not installed: Wallet
[17:40:48 INFO]: [BranzMMO] Branz MMO startup DEGRADED; content=v1.milestone-1.example.4, definitions=48
[17:40:48 INFO]: [BranzMMO] PostgreSQL runtime ready; mode=EMBEDDED_LOCAL, server-instance=local-88e91778-5906-483f-b342-921f0bd3c52b
[17:40:48 INFO]: [BranzMMO] Recovered 0 boss encounter(s) from V0009.
[17:40:48 INFO]: [BranzMMO] Death Pouch reconciliation is ready.
[17:40:48 INFO]: [BranzMMO] Recovered 0 downed encounter(s) from V0010.
[17:41:17 INFO]: UUID of player Player0 is 2654e3c3-150d-3857-a426-0b141796a4e0
[17:41:23 INFO]: Player0 joined the game
[17:41:23 INFO]: Player0[/127.0.0.1:61187] logged in with entity id 24 at ([minecraft:overworld]186.5, 74.0, -54.5)
[17:41:23 INFO]: Made Player0 a server operator
[17:41:23 INFO]: Set 7 experience levels on Player0
[17:41:25 INFO]: Player0 issued server command: /item replace entity @s hotbar.0 with minecraft:stone
[17:41:25 INFO]: [Player0: Replaced a slot on Player0 with [Stone]]
[17:41:25 INFO]: Player0 issued server command: /item replace entity @s hotbar.1 with minecraft:stone
[17:41:25 INFO]: [Player0: Replaced a slot on Player0 with [Stone]]
[17:41:26 INFO]: Player0 issued server command: /item replace entity @s hotbar.2 with minecraft:stone
[17:41:26 INFO]: [Player0: Replaced a slot on Player0 with [Stone]]
[17:41:26 INFO]: Player0 issued server command: /item replace entity @s hotbar.3 with minecraft:stone
[17:41:26 INFO]: [Player0: Replaced a slot on Player0 with [Stone]]
[17:41:26 INFO]: Player0 issued server command: /item replace entity @s hotbar.4 with minecraft:stone
[17:41:26 INFO]: [Player0: Replaced a slot on Player0 with [Stone]]
[17:41:26 INFO]: Player0 issued server command: /item replace entity @s hotbar.5 with minecraft:stone
[17:41:26 INFO]: [Player0: Replaced a slot on Player0 with [Stone]]
[17:41:26 INFO]: Player0 issued server command: /item replace entity @s hotbar.6 with minecraft:stone
[17:41:26 INFO]: [Player0: Replaced a slot on Player0 with [Stone]]
[17:41:26 INFO]: Player0 issued server command: /item replace entity @s hotbar.7 with minecraft:stone
[17:41:26 INFO]: [Player0: Replaced a slot on Player0 with [Stone]]
[17:41:26 INFO]: Player0 issued server command: /mmo dev
[17:41:26 INFO]: [BranzMMO] PHYSICAL_AUTHORITY_INVENTORY_CLICK_SERVER player=Player0 action=PICKUP_ALL slot=12 currentProjection=false cursorProjection=false
[17:41:27 INFO]: [BranzMMO] PHYSICAL_AUTHORITY_INVENTORY_CLICK_SERVER player=Player0 action=MOVE_TO_OTHER_INVENTORY slot=5 currentProjection=false cursorProjection=false
[17:41:28 INFO]: Player0 issued server command: /mmo physical status
[17:41:30 INFO]: Player0 issued server command: /mmo physical status
[17:41:31 INFO]: Player0 issued server command: /mmo physical status
[17:41:31 INFO]: Player0 issued server command: /mmo physical status
[17:41:32 INFO]: Player0 issued server command: /item replace entity @s hotbar.7 with minecraft:air
[17:41:32 INFO]: [Player0: Replaced a slot on Player0 with [Air]]
[17:41:33 INFO]: [BranzMMO] PHYSICAL_AUTHORITY_INVENTORY_CLICK_SERVER player=Player0 action=PICKUP_ALL slot=9 currentProjection=true cursorProjection=false
[17:41:33 INFO]: [BranzMMO] PHYSICAL_AUTHORITY_INVENTORY_PLAN_SERVER player=Player0 disposition=TRANSIENT_CURSOR intent=none
[17:41:33 INFO]: [BranzMMO] PHYSICAL_AUTHORITY_INVENTORY_CLICK_SERVER player=Player0 action=PLACE_ALL slot=7 currentProjection=false cursorProjection=true
[17:41:33 INFO]: [BranzMMO] PHYSICAL_AUTHORITY_INVENTORY_CLOSE_DEFERRED_SERVER player=Player0
[17:41:33 INFO]: [BranzMMO] PHYSICAL_AUTHORITY_INVENTORY_PLAN_SERVER player=Player0 disposition=READY_TO_COMMIT intent=STACKABLE_LOT:9->7:1a1afea5-5e60-49d7-91aa-41e1fc83149e
[17:41:33 INFO]: [BranzMMO] PHYSICAL_AUTHORITY_INVENTORY_COMMIT_BEGIN_SERVER player=Player0 type=STACKABLE_LOT source=9 destination=7 value=1a1afea5-5e60-49d7-91aa-41e1fc83149e
[17:41:33 INFO]: Player0 issued server command: /mmo physical status
[17:41:35 INFO]: Player0 issued server command: /mmo physical status
[17:41:35 INFO]: [BranzMMO] PHYSICAL_AUTHORITY_INVENTORY_COMMIT_SUCCESS_SERVER player=Player0 type=STACKABLE_LOT source=9 destination=7 value=1a1afea5-5e60-49d7-91aa-41e1fc83149e
[17:41:35 INFO]: Player0 issued server command: /mmo physical status
[17:41:36 INFO]: Player0 issued server command: /mmo physical status
[17:41:37 INFO]: [BranzMMO] PHYSICAL_AUTHORITY_CONSUMABLE_USE_INTERACT_SERVER player=Player0 action=RIGHT_CLICK_AIR slot=7
[17:41:42 INFO]: Player0 lost connection: Disconnected
[17:41:42 INFO]: Player0 left the game
[17:41:44 INFO]: Stopping the server
[17:41:44 INFO]: Stopping server
[17:41:44 INFO]: [BranzMMO] Disabling BranzMMO v1.0.0-SNAPSHOT
[17:41:44 INFO]: [io.zonky.test.db.postgres.embedded.EmbeddedPostgres] 2026-08-15 17:41:44.165 +07 [30608] LOG:  received fast shutdown request
[17:41:44 INFO]: [io.zonky.test.db.postgres.embedded.EmbeddedPostgres] 2026-08-15 17:41:44.166 +07 [30608] LOG:  aborting any active transactions
[17:41:44 INFO]: [io.zonky.test.db.postgres.embedded.EmbeddedPostgres] 2026-08-15 17:41:44.174 +07 [30608] LOG:  background worker "logical replication launcher" (PID 26552) exited with exit code 1
[17:41:44 INFO]: [io.zonky.test.db.postgres.embedded.EmbeddedPostgres] 2026-08-15 17:41:44.197 +07 [27552] LOG:  shutting down
[17:41:44 INFO]: [io.zonky.test.db.postgres.embedded.EmbeddedPostgres] 2026-08-15 17:41:44.455 +07 [30608] LOG:  database system is shut down
[17:41:44 INFO]: [io.zonky.test.db.postgres.embedded.EmbeddedPostgres] waiting for server to shut down.... done
[17:41:44 INFO]: [io.zonky.test.db.postgres.embedded.EmbeddedPostgres] server stopped
[17:41:44 INFO]: [io.zonky.test.db.postgres.embedded.EmbeddedPostgres] 2c6a6420-d0fb-499b-9563-788713fb7a4d shut down postmaster in 00:00:00.409
[17:41:44 INFO]: [io.zonky.test.db.postgres.embedded.EmbeddedPostgres] Did not clean up directory C:\Users\User\AppData\Local\BranzMMORPGHarness\repo\mmo-bootstrap\run\plugins\BranzMMO\embedded-postgres
[17:41:44 INFO]: [BranzMMO] Branz MMO platform disabled cleanly.
[17:41:44 INFO]: Saving players
[17:41:44 INFO]: Saving worlds
[17:41:44 INFO]: Saving chunks for level 'ServerLevel[world]'/minecraft:overworld
[17:41:44 INFO]: [ChunkHolderManager] Waiting 60s for chunk system to halt for world 'minecraft:overworld'
[17:41:44 INFO]: [ChunkHolderManager] Halted chunk system for world 'minecraft:overworld'
[17:41:44 INFO]: [ChunkHolderManager] Saving all chunkholders for world 'minecraft:overworld'
[17:41:45 INFO]: [ChunkHolderManager] Saved 2099 block chunks, 515 entity chunks, 13 poi chunks in world 'minecraft:overworld' in 1.14s
[17:41:45 INFO]: [ChunkHolderManager] Waiting 60s for chunk I/O to halt for world 'minecraft:overworld'
[17:41:45 INFO]: [ChunkHolderManager] Halted I/O scheduler for world 'minecraft:overworld'
[17:41:45 INFO]: Saving chunks for level 'ServerLevel[world]'/minecraft:the_nether
[17:41:45 INFO]: [ChunkHolderManager] Waiting 60s for chunk system to halt for world 'minecraft:the_nether'
[17:41:45 INFO]: [ChunkHolderManager] Halted chunk system for world 'minecraft:the_nether'
[17:41:45 INFO]: [ChunkHolderManager] Saving all chunkholders for world 'minecraft:the_nether'
[17:41:45 INFO]: [ChunkHolderManager] Saved 0 block chunks, 0 entity chunks, 0 poi chunks in world 'minecraft:the_nether' in 0.00s
[17:41:45 INFO]: [ChunkHolderManager] Waiting 60s for chunk I/O to halt for world 'minecraft:the_nether'
[17:41:45 INFO]: [ChunkHolderManager] Halted I/O scheduler for world 'minecraft:the_nether'
[17:41:45 INFO]: Saving chunks for level 'ServerLevel[world]'/minecraft:the_end
[17:41:45 INFO]: [ChunkHolderManager] Waiting 60s for chunk system to halt for world 'minecraft:the_end'
[17:41:45 INFO]: [ChunkHolderManager] Halted chunk system for world 'minecraft:the_end'
[17:41:45 INFO]: [ChunkHolderManager] Saving all chunkholders for world 'minecraft:the_end'
[17:41:45 INFO]: [ChunkHolderManager] Saved 0 block chunks, 0 entity chunks, 0 poi chunks in world 'minecraft:the_end' in 0.00s
[17:41:45 INFO]: [ChunkHolderManager] Waiting 60s for chunk I/O to halt for world 'minecraft:the_end'
[17:41:45 INFO]: [ChunkHolderManager] Halted I/O scheduler for world 'minecraft:the_end'
[17:41:45 INFO]: ThreadedAnvilChunkStorage (world): All chunks are saved
[17:41:45 INFO]: ThreadedAnvilChunkStorage (DIM-1): All chunks are saved
[17:41:45 INFO]: ThreadedAnvilChunkStorage (DIM1): All chunks are saved
[17:41:45 INFO]: ThreadedAnvilChunkStorage: All dimensions are saved
[17:41:45 INFO]: Waiting for all RegionFile I/O tasks to complete...
[17:41:45 INFO]: All RegionFile I/O tasks to complete
[17:41:45 INFO]: [MoonriseCommon] Awaiting termination of worker pool for up to 60s...
[17:41:45 INFO]: [MoonriseCommon] Awaiting termination of I/O pool for up to 60s...

BUILD SUCCESSFUL in 1m 53s
39 actionable tasks: 1 executed, 38 up-to-date
Consider enabling configuration cache to speed up this build: https://docs.gradle.org/9.1.0/userguide/configuration_cache_enabling.html
