To honour the JVM settings for this build a single-use Daemon process will be forked. For more on this, please refer to https://docs.gradle.org/9.1.0/userguide/gradle_daemon.html#sec:disabling_the_daemon in the Gradle documentation.
Daemon will be stopped at the end of the build 
> Task :mmo-api:compileJava UP-TO-DATE
> Task :mmo-api:processResources NO-SOURCE
> Task :mmo-api:classes UP-TO-DATE
> Task :mmo-api:jar UP-TO-DATE
> Task :mmo-content:compileJava UP-TO-DATE
> Task :mmo-combat:compileJava UP-TO-DATE
> Task :mmo-integrations:compileJava UP-TO-DATE
> Task :mmo-items:compileJava UP-TO-DATE
> Task :mmo-lifeskills:compileJava UP-TO-DATE
> Task :mmo-magic:compileJava UP-TO-DATE
> Task :mmo-progression:compileJava UP-TO-DATE
> Task :mmo-persistence:compileJava UP-TO-DATE
> Task :mmo-scenes:compileJava UP-TO-DATE
> Task :mmo-social:compileJava UP-TO-DATE
> Task :mmo-worldloop:compileJava UP-TO-DATE
> Task :mmo-integrations:integration-mythicmobs:compileJava UP-TO-DATE
> Task :mmo-integrations:integration-oraxen:compileJava UP-TO-DATE
> Task :mmo-integrations:integration-packetevents:compileJava UP-TO-DATE
> Task :mmo-integrations:integration-wallet:compileJava UP-TO-DATE
> Task :mmo-integrations:integration-worldguard:compileJava UP-TO-DATE
> Task :mmo-bootstrap:compileJava UP-TO-DATE
> Task :mmo-bootstrap:processResources UP-TO-DATE
> Task :mmo-bootstrap:classes UP-TO-DATE
> Task :mmo-combat:processResources NO-SOURCE
> Task :mmo-combat:classes UP-TO-DATE
> Task :mmo-combat:jar UP-TO-DATE
> Task :mmo-content:processResources NO-SOURCE
> Task :mmo-content:classes UP-TO-DATE
> Task :mmo-content:jar UP-TO-DATE
> Task :mmo-integrations:processResources NO-SOURCE
> Task :mmo-integrations:classes UP-TO-DATE
> Task :mmo-integrations:jar UP-TO-DATE
> Task :mmo-items:processResources NO-SOURCE
> Task :mmo-items:classes UP-TO-DATE
> Task :mmo-items:jar UP-TO-DATE
> Task :mmo-lifeskills:processResources NO-SOURCE
> Task :mmo-lifeskills:classes UP-TO-DATE
> Task :mmo-lifeskills:jar UP-TO-DATE
> Task :mmo-magic:processResources NO-SOURCE
> Task :mmo-magic:classes UP-TO-DATE
> Task :mmo-magic:jar UP-TO-DATE
> Task :mmo-persistence:processResources UP-TO-DATE
> Task :mmo-persistence:classes UP-TO-DATE
> Task :mmo-persistence:jar UP-TO-DATE
> Task :mmo-progression:processResources NO-SOURCE
> Task :mmo-progression:classes UP-TO-DATE
> Task :mmo-progression:jar UP-TO-DATE
> Task :mmo-scenes:processResources NO-SOURCE
> Task :mmo-scenes:classes UP-TO-DATE
> Task :mmo-scenes:jar UP-TO-DATE
> Task :mmo-social:processResources NO-SOURCE
> Task :mmo-social:classes UP-TO-DATE
> Task :mmo-social:jar UP-TO-DATE
> Task :mmo-worldloop:processResources NO-SOURCE
> Task :mmo-worldloop:classes UP-TO-DATE
> Task :mmo-worldloop:jar UP-TO-DATE
> Task :mmo-integrations:integration-mythicmobs:processResources NO-SOURCE
> Task :mmo-integrations:integration-mythicmobs:classes UP-TO-DATE
> Task :mmo-integrations:integration-mythicmobs:jar UP-TO-DATE
> Task :mmo-integrations:integration-oraxen:processResources NO-SOURCE
> Task :mmo-integrations:integration-oraxen:classes UP-TO-DATE
> Task :mmo-integrations:integration-oraxen:jar UP-TO-DATE
> Task :mmo-integrations:integration-packetevents:processResources NO-SOURCE
> Task :mmo-integrations:integration-packetevents:classes UP-TO-DATE
> Task :mmo-integrations:integration-packetevents:jar UP-TO-DATE
> Task :mmo-integrations:integration-wallet:processResources NO-SOURCE
> Task :mmo-integrations:integration-wallet:classes UP-TO-DATE
> Task :mmo-integrations:integration-wallet:jar UP-TO-DATE
> Task :mmo-integrations:integration-worldguard:processResources NO-SOURCE
> Task :mmo-integrations:integration-worldguard:classes UP-TO-DATE
> Task :mmo-integrations:integration-worldguard:jar UP-TO-DATE
> Task :mmo-bootstrap:shadowJar UP-TO-DATE

> Task :mmo-bootstrap:runServer
Fetching latest Paper build for version 26.2...
Latest build for 26.2 is 112.
Located Paper 26.2 build 112 in local cache.
Starting Paper...

Downloading mojang_26.2.jar
Applying patches
Starting org.bukkit.craftbukkit.Main
2026-08-15T09:57:46.407841700Z ServerMain WARN Advanced terminal features are not available in this environment
[16:57:46 INFO]: [bootstrap] Running Java 25 (OpenJDK 64-Bit Server VM 25.0.3+9-LTS; Eclipse Adoptium Temurin-25.0.3+9) on Windows 11 10.0 (amd64)
[16:57:46 INFO]: [bootstrap] Loading Paper 26.2-112-main@c9e894d (2026-08-11T05:18:39Z) for Minecraft 26.2
[16:57:46 INFO]: [PluginInitializerManager] Initializing plugins...
[16:57:46 INFO]: [PluginInitializerManager] Initialized 1 plugin
[16:57:46 INFO]: [PluginInitializerManager] Bukkit plugins (1):
 - BranzMMO (1.0.0-SNAPSHOT)
WARNING: A terminally deprecated method in sun.misc.Unsafe has been called
WARNING: sun.misc.Unsafe::objectFieldOffset has been called by org.joml.MemUtil$MemUtilUnsafe (file:/C:/Users/User/AppData/Local/BranzMMORPGHarness/repo/mmo-bootstrap/run/libraries/org/joml/joml/1.10.8/joml-1.10.8.jar)
WARNING: Please consider reporting this to the maintainers of class org.joml.MemUtil$MemUtilUnsafe
WARNING: sun.misc.Unsafe::objectFieldOffset will be removed in a future release
[16:57:50 INFO]: [ca.spottedleaf.dataconverter.minecraft.datatypes.MCTypeRegistry] Initialising converters for DataConverter...
[16:57:50 INFO]: Environment: Environment[sessionHost=https://sessionserver.mojang.com, servicesHost=https://api.minecraftservices.com, profilesHost=https://api.mojang.com, name=PROD]
[16:57:50 INFO]: [ca.spottedleaf.dataconverter.minecraft.datatypes.MCTypeRegistry] Finished initialising converters for DataConverter in 310.8ms
[16:57:50 INFO]: Found new data pack paper, loading it automatically
[16:57:51 INFO]: No existing world data, creating new world
[16:57:51 INFO]: Loaded 1585 recipes
[16:57:51 INFO]: Loaded 1688 advancements
[16:57:51 INFO]: Starting minecraft server version 26.2
[16:57:51 INFO]: Loading properties
[16:57:51 INFO]: This server is running Paper version 26.2-112-main@c9e894d (2026-08-11T05:18:39Z) (Implementing API version 26.2.build.112-stable)
[16:57:51 INFO]: [spark] This server bundles the spark profiler. For more information please visit https://docs.papermc.io/paper/profiling
[16:57:51 INFO]: Using 4 threads for Netty based IO
[16:57:51 INFO]: Server Ping Player Sample Count: 12
[16:57:52 INFO]: [MoonriseCommon] Paper is using 3 worker threads, 1 I/O threads
[16:57:52 INFO]: Default game type: SURVIVAL
[16:57:52 INFO]: Generating keypair
[16:57:52 INFO]: Starting Minecraft server on *:25565
[16:57:52 INFO]: Paper: Using Java compression from Velocity.
[16:57:52 INFO]: Paper: Using Java cipher from Velocity.
[16:57:52 INFO]: [BranzMMO] Loading server plugin BranzMMO v1.0.0-SNAPSHOT
[16:57:52 INFO]: [BranzMMO] Enabling BranzMMO v1.0.0-SNAPSHOT
[16:57:52 INFO]: [BranzMMO] Loading and validating content snapshot from C:\Users\User\AppData\Local\BranzMMORPGHarness\repo\example-content\milestone-1
[16:57:52 WARN]: **** SERVER IS RUNNING IN OFFLINE/INSECURE MODE!
[16:57:52 WARN]: The server will make no attempt to authenticate usernames. Beware.
[16:57:52 WARN]: While this makes the game possible to play without internet access, it also opens up the ability for hackers to connect with any username they choose.
[16:57:52 WARN]: To change this, set "online-mode" to "true" in the server.properties file.
[16:57:52 INFO]: Preparing level "world"
[16:57:52 INFO]: Selecting spawn point for level 'minecraft:overworld'...
[16:57:55 INFO]: Selecting spawn point for level 'minecraft:the_nether'...
[16:57:55 INFO]: Selecting spawn point for level 'minecraft:the_end'...
[16:57:55 INFO]: Loading 0 persistent chunks for level 'minecraft:overworld'...
[16:57:55 INFO]: Preparing spawn area: 100%
[16:57:55 INFO]: Prepared spawn area in 2977 ms
[16:57:55 INFO]: Loading 0 persistent chunks for level 'minecraft:the_nether'...
[16:57:55 INFO]: Preparing spawn area: 100%
[16:57:55 INFO]: Prepared spawn area in 630 ms
[16:57:55 INFO]: Loading 0 persistent chunks for level 'minecraft:the_end'...
[16:57:55 INFO]: Preparing spawn area: 100%
[16:57:55 INFO]: Prepared spawn area in 220 ms
[16:57:55 INFO]: Done preparing level "world" (3.313s)
[16:57:55 INFO]: [spark] Starting background profiler...
[16:57:55 INFO]: [spark] The async-profiler engine is not supported for your os/arch (windows11/amd64), so the built-in Java engine will be used instead.
[16:57:55 INFO]: Saving chunks for level 'ServerLevel[world]'/minecraft:overworld
[16:57:56 INFO]: Saving chunks for level 'ServerLevel[world]'/minecraft:the_nether
[16:57:56 INFO]: Saving chunks for level 'ServerLevel[world]'/minecraft:the_end
[16:57:56 INFO]: ThreadedAnvilChunkStorage (world): All chunks are saved
[16:57:56 INFO]: ThreadedAnvilChunkStorage (DIM-1): All chunks are saved
[16:57:56 INFO]: ThreadedAnvilChunkStorage (DIM1): All chunks are saved
[16:57:56 INFO]: ThreadedAnvilChunkStorage: All dimensions are saved
[16:57:56 INFO]: Running delayed init tasks
[16:57:56 INFO]: Done (10.315s)! For help, type "help"
[16:57:56 INFO]: *************************************************************************************
[16:57:56 INFO]: This is the first time you're starting this server.
[16:57:56 INFO]: It's recommended you read our 'Getting Started' documentation for guidance.
[16:57:56 INFO]: View this and more helpful information here: https://docs.papermc.io/paper/next-steps
[16:57:56 INFO]: *************************************************************************************
[16:57:56 INFO]: [io.zonky.test.db.postgres.embedded.EmbeddedPostgres] Detected a Windows x86_64 system
[16:57:56 INFO]: [io.zonky.test.db.postgres.embedded.DefaultPostgresBinaryResolver] Detected distribution: 'Unknown'
[16:57:56 INFO]: [io.zonky.test.db.postgres.embedded.DefaultPostgresBinaryResolver] System specific postgres binaries found: 'postgres-windows-x86_64.txz'
[16:57:56 INFO]: [io.zonky.test.db.postgres.embedded.EmbeddedPostgres] Postgres binaries at C:\Users\User\AppData\Local\Temp\embedded-pg\PG-3942d5a1dcdbfebc27772e9e670d5d85
[16:57:57 INFO]: [io.zonky.test.db.postgres.embedded.EmbeddedPostgres] The files belonging to this database system will be owned by user "User".
[16:57:57 INFO]: [io.zonky.test.db.postgres.embedded.EmbeddedPostgres] This user must also own the server process.
[16:57:57 INFO]: [io.zonky.test.db.postgres.embedded.EmbeddedPostgres] 
[16:57:57 INFO]: [io.zonky.test.db.postgres.embedded.EmbeddedPostgres] The database cluster will be initialized with locale "English_United States.874".
[16:57:57 INFO]: [io.zonky.test.db.postgres.embedded.EmbeddedPostgres] The default text search configuration will be set to "english".
[16:57:57 INFO]: [io.zonky.test.db.postgres.embedded.EmbeddedPostgres] 
[16:57:57 INFO]: [io.zonky.test.db.postgres.embedded.EmbeddedPostgres] Data page checksums are disabled.
[16:57:57 INFO]: [io.zonky.test.db.postgres.embedded.EmbeddedPostgres] 
[16:57:57 INFO]: [io.zonky.test.db.postgres.embedded.EmbeddedPostgres] fixing permissions on existing directory C:/Users/User/AppData/Local/BranzMMORPGHarness/repo/mmo-bootstrap/run/plugins/BranzMMO/embedded-postgres ... ok
[16:57:57 INFO]: [io.zonky.test.db.postgres.embedded.EmbeddedPostgres] creating subdirectories ... ok
[16:57:57 INFO]: [io.zonky.test.db.postgres.embedded.EmbeddedPostgres] selecting dynamic shared memory implementation ... windows
[16:57:57 INFO]: [io.zonky.test.db.postgres.embedded.EmbeddedPostgres] selecting default max_connections ... 100
[16:57:57 INFO]: [io.zonky.test.db.postgres.embedded.EmbeddedPostgres] selecting default shared_buffers ... 128MB
[16:57:57 INFO]: [io.zonky.test.db.postgres.embedded.EmbeddedPostgres] selecting default time zone ... Asia/Bangkok
[16:57:57 INFO]: [io.zonky.test.db.postgres.embedded.EmbeddedPostgres] creating configuration files ... ok
[16:57:58 INFO]: [io.zonky.test.db.postgres.embedded.EmbeddedPostgres] running bootstrap script ... ok
[16:58:01 INFO]: [io.zonky.test.db.postgres.embedded.EmbeddedPostgres] performing post-bootstrap initialization ... ok
[16:58:05 INFO]: [io.zonky.test.db.postgres.embedded.EmbeddedPostgres] syncing data to disk ... ok
[16:58:05 INFO]: [io.zonky.test.db.postgres.embedded.EmbeddedPostgres] 
[16:58:05 INFO]: [io.zonky.test.db.postgres.embedded.EmbeddedPostgres] Success. You can now start the database server using:
[16:58:05 INFO]: [io.zonky.test.db.postgres.embedded.EmbeddedPostgres] 
[16:58:05 INFO]: [io.zonky.test.db.postgres.embedded.EmbeddedPostgres]     ^"C^:^\Users^\User^\AppData^\Local^\Temp^\embedded^-pg^\PG^-3942d5a1dcdbfebc27772e9e670d5d85^\bin^\pg^_ctl^" -D ^"C^:^\Users^\User^\AppData^\Local^\BranzMMORPGHarness^\repo^\mmo^-bootstrap^\run^\plugins^\BranzMMO^\embedded^-postgres^" -l logfile start
[16:58:05 INFO]: [io.zonky.test.db.postgres.embedded.EmbeddedPostgres] 
[16:58:05 INFO]: [io.zonky.test.db.postgres.embedded.EmbeddedPostgres] f98dfa23-34f6-4bfc-b78f-eabb296f5a8e initdb completed in 00:00:08.816
[16:58:05 INFO]: [io.zonky.test.db.postgres.embedded.EmbeddedPostgres] f98dfa23-34f6-4bfc-b78f-eabb296f5a8e postmaster started as Process[pid=29324, exitValue="not exited"] on port 58825.  Waiting up to PT10S for server startup to finish.
[16:58:05 INFO]: [io.zonky.test.db.postgres.embedded.EmbeddedPostgres] waiting for server to start....2026-08-15 16:58:05.991 +07 [33196] LOG:  starting PostgreSQL 14.22, compiled by Visual C++ build 1944, 64-bit
[16:58:05 INFO]: [io.zonky.test.db.postgres.embedded.EmbeddedPostgres] 2026-08-15 16:58:05.999 +07 [33196] LOG:  listening on IPv6 address "::1", port 58825
[16:58:05 INFO]: [io.zonky.test.db.postgres.embedded.EmbeddedPostgres] 2026-08-15 16:58:05.999 +07 [33196] LOG:  listening on IPv4 address "127.0.0.1", port 58825
[16:58:06 INFO]: [io.zonky.test.db.postgres.embedded.EmbeddedPostgres] 2026-08-15 16:58:06.039 +07 [35280] LOG:  database system was shut down at 2026-08-15 16:58:01 +07
[16:58:06 INFO]: [io.zonky.test.db.postgres.embedded.EmbeddedPostgres] 2026-08-15 16:58:06.129 +07 [33196] LOG:  database system is ready to accept connections
[16:58:06 INFO]: [io.zonky.test.db.postgres.embedded.EmbeddedPostgres]  done
[16:58:06 INFO]: [io.zonky.test.db.postgres.embedded.EmbeddedPostgres] server started
[16:58:06 INFO]: [io.zonky.test.db.postgres.embedded.EmbeddedPostgres] f98dfa23-34f6-4bfc-b78f-eabb296f5a8e postmaster startup finished in 00:00:00.739
[16:58:08 INFO]: [BranzMMO] Milestone 3 runtime ready; item definitions=20, move definitions=6, spell definitions=5, technique definitions=5, form definitions=4, ailment definitions=6, encounter reward definitions=1, Scene presentation=WORLD_BACKED
[16:58:08 INFO]: [BranzMMO] Provider asset.oraxen=UNAVAILABLE [OPTIONAL]: plugin is not installed: Oraxen
[16:58:08 INFO]: [BranzMMO] Provider mob.mythicmobs=UNAVAILABLE [OPTIONAL]: plugin is not installed: MythicMobs
[16:58:08 INFO]: [BranzMMO] Provider packet.packetevents=UNAVAILABLE [OPTIONAL]: plugin is not installed: packetevents
[16:58:08 INFO]: [BranzMMO] Provider region.worldguard=UNAVAILABLE [OPTIONAL]: plugin is not installed: WorldGuard
[16:58:08 INFO]: [BranzMMO] Provider wallet.external=UNAVAILABLE [OPTIONAL]: plugin is not installed: Wallet
[16:58:08 WARN]: [BranzMMO] asset.oraxen [OPTIONAL]: plugin is not installed: Oraxen
[16:58:08 WARN]: [BranzMMO] mob.mythicmobs [OPTIONAL]: plugin is not installed: MythicMobs
[16:58:08 WARN]: [BranzMMO] packet.packetevents [OPTIONAL]: plugin is not installed: packetevents
[16:58:08 WARN]: [BranzMMO] region.worldguard [OPTIONAL]: plugin is not installed: WorldGuard
[16:58:08 WARN]: [BranzMMO] wallet.external [OPTIONAL]: plugin is not installed: Wallet
[16:58:08 INFO]: [BranzMMO] Branz MMO startup DEGRADED; content=v1.milestone-1.example.4, definitions=48
[16:58:08 INFO]: [BranzMMO] PostgreSQL runtime ready; mode=EMBEDDED_LOCAL, server-instance=local-8893fb40-ed66-44e0-887a-66570f0f1b52
[16:58:08 INFO]: [BranzMMO] Recovered 0 boss encounter(s) from V0009.
[16:58:08 INFO]: [BranzMMO] Death Pouch reconciliation is ready.
[16:58:08 INFO]: [BranzMMO] Recovered 0 downed encounter(s) from V0010.
[16:58:31 INFO]: UUID of player Player0 is 2654e3c3-150d-3857-a426-0b141796a4e0
[16:58:35 INFO]: Player0 joined the game
[16:58:35 INFO]: Player0[/127.0.0.1:59336] logged in with entity id 5 at ([minecraft:overworld]-151.5, 77.0, -55.5)
[16:58:35 INFO]: Made Player0 a server operator
[16:58:35 INFO]: Set 7 experience levels on Player0
[16:58:36 INFO]: Player0 issued server command: /item replace entity @s hotbar.0 with minecraft:stone
[16:58:36 INFO]: [Player0: Replaced a slot on Player0 with [Stone]]
[16:58:36 INFO]: Player0 issued server command: /item replace entity @s hotbar.1 with minecraft:stone
[16:58:36 INFO]: [Player0: Replaced a slot on Player0 with [Stone]]
[16:58:36 INFO]: Player0 issued server command: /item replace entity @s hotbar.2 with minecraft:stone
[16:58:36 INFO]: [Player0: Replaced a slot on Player0 with [Stone]]
[16:58:37 INFO]: Player0 issued server command: /item replace entity @s hotbar.3 with minecraft:stone
[16:58:37 INFO]: [Player0: Replaced a slot on Player0 with [Stone]]
[16:58:37 INFO]: Player0 issued server command: /item replace entity @s hotbar.4 with minecraft:stone
[16:58:37 INFO]: [Player0: Replaced a slot on Player0 with [Stone]]
[16:58:37 INFO]: Player0 issued server command: /item replace entity @s hotbar.5 with minecraft:stone
[16:58:37 INFO]: [Player0: Replaced a slot on Player0 with [Stone]]
[16:58:37 INFO]: Player0 issued server command: /item replace entity @s hotbar.6 with minecraft:stone
[16:58:37 INFO]: [Player0: Replaced a slot on Player0 with [Stone]]
[16:58:37 INFO]: Player0 issued server command: /item replace entity @s hotbar.7 with minecraft:stone
[16:58:37 INFO]: [Player0: Replaced a slot on Player0 with [Stone]]
[16:58:37 INFO]: Player0 issued server command: /mmo dev
[16:58:37 INFO]: [BranzMMO] PHYSICAL_AUTHORITY_INVENTORY_CLICK_SERVER player=Player0 action=PICKUP_ALL slot=12 currentProjection=false cursorProjection=false
[16:58:37 INFO]: [BranzMMO] PHYSICAL_AUTHORITY_INVENTORY_CLICK_SERVER player=Player0 action=MOVE_TO_OTHER_INVENTORY slot=5 currentProjection=false cursorProjection=false
[16:58:39 INFO]: Player0 issued server command: /mmo physical status
[16:58:39 INFO]: Player0 issued server command: /item replace entity @s hotbar.7 with minecraft:air
[16:58:39 INFO]: [Player0: Replaced a slot on Player0 with [Air]]
[16:58:39 INFO]: [BranzMMO] PHYSICAL_AUTHORITY_INVENTORY_CLICK_SERVER player=Player0 action=PICKUP_ALL slot=9 currentProjection=true cursorProjection=false
[16:58:39 INFO]: [BranzMMO] PHYSICAL_AUTHORITY_INVENTORY_PLAN_SERVER player=Player0 disposition=TRANSIENT_CURSOR intent=none
[16:58:40 INFO]: [BranzMMO] PHYSICAL_AUTHORITY_INVENTORY_CLICK_SERVER player=Player0 action=PLACE_ALL slot=7 currentProjection=false cursorProjection=true
[16:58:40 INFO]: [BranzMMO] PHYSICAL_AUTHORITY_INVENTORY_PLAN_SERVER player=Player0 disposition=READY_TO_COMMIT intent=STACKABLE_LOT:9->7:a334b7f7-5c4c-4ac7-923e-ea6a3e1d3256
[16:58:40 INFO]: [BranzMMO] PHYSICAL_AUTHORITY_INVENTORY_COMMIT_BEGIN_SERVER player=Player0 type=STACKABLE_LOT source=9 destination=7 value=a334b7f7-5c4c-4ac7-923e-ea6a3e1d3256
[16:58:40 INFO]: Player0 issued server command: /mmo physical status
[16:58:41 INFO]: [BranzMMO] PHYSICAL_AUTHORITY_INVENTORY_COMMIT_SUCCESS_SERVER player=Player0 type=STACKABLE_LOT source=9 destination=7 value=a334b7f7-5c4c-4ac7-923e-ea6a3e1d3256
[16:58:42 INFO]: Player0 lost connection: Disconnected
[16:58:42 INFO]: Player0 left the game
[16:58:43 INFO]: Stopping the server
[16:58:43 INFO]: Stopping server
[16:58:43 INFO]: [BranzMMO] Disabling BranzMMO v1.0.0-SNAPSHOT
[16:58:43 INFO]: [io.zonky.test.db.postgres.embedded.EmbeddedPostgres] 2026-08-15 16:58:43.848 +07 [33196] LOG:  received fast shutdown request
[16:58:43 INFO]: [io.zonky.test.db.postgres.embedded.EmbeddedPostgres] 2026-08-15 16:58:43.848 +07 [33196] LOG:  aborting any active transactions
[16:58:43 INFO]: [io.zonky.test.db.postgres.embedded.EmbeddedPostgres] 2026-08-15 16:58:43.853 +07 [33196] LOG:  background worker "logical replication launcher" (PID 29544) exited with exit code 1
[16:58:43 INFO]: [io.zonky.test.db.postgres.embedded.EmbeddedPostgres] 2026-08-15 16:58:43.854 +07 [17292] LOG:  shutting down
[16:58:44 INFO]: [io.zonky.test.db.postgres.embedded.EmbeddedPostgres] 2026-08-15 16:58:44.040 +07 [33196] LOG:  database system is shut down
[16:58:44 INFO]: [io.zonky.test.db.postgres.embedded.EmbeddedPostgres] waiting for server to shut down.... done
[16:58:44 INFO]: [io.zonky.test.db.postgres.embedded.EmbeddedPostgres] server stopped
[16:58:44 INFO]: [io.zonky.test.db.postgres.embedded.EmbeddedPostgres] f98dfa23-34f6-4bfc-b78f-eabb296f5a8e shut down postmaster in 00:00:00.281
[16:58:44 INFO]: [io.zonky.test.db.postgres.embedded.EmbeddedPostgres] Did not clean up directory C:\Users\User\AppData\Local\BranzMMORPGHarness\repo\mmo-bootstrap\run\plugins\BranzMMO\embedded-postgres
[16:58:44 INFO]: [BranzMMO] Branz MMO platform disabled cleanly.
[16:58:44 INFO]: Saving players
[16:58:44 INFO]: Saving worlds
[16:58:44 INFO]: Saving chunks for level 'ServerLevel[world]'/minecraft:overworld
[16:58:44 INFO]: [ChunkHolderManager] Waiting 60s for chunk system to halt for world 'minecraft:overworld'
[16:58:44 INFO]: [ChunkHolderManager] Halted chunk system for world 'minecraft:overworld'
[16:58:44 INFO]: [ChunkHolderManager] Saving all chunkholders for world 'minecraft:overworld'
[16:58:44 INFO]: [ChunkHolderManager] Saved 1618 block chunks, 298 entity chunks, 2 poi chunks in world 'minecraft:overworld' in 0.67s
[16:58:44 INFO]: [ChunkHolderManager] Waiting 60s for chunk I/O to halt for world 'minecraft:overworld'
[16:58:44 INFO]: [ChunkHolderManager] Halted I/O scheduler for world 'minecraft:overworld'
[16:58:44 INFO]: Saving chunks for level 'ServerLevel[world]'/minecraft:the_nether
[16:58:44 INFO]: [ChunkHolderManager] Waiting 60s for chunk system to halt for world 'minecraft:the_nether'
[16:58:44 INFO]: [ChunkHolderManager] Halted chunk system for world 'minecraft:the_nether'
[16:58:44 INFO]: [ChunkHolderManager] Saving all chunkholders for world 'minecraft:the_nether'
[16:58:44 INFO]: [ChunkHolderManager] Saved 0 block chunks, 0 entity chunks, 0 poi chunks in world 'minecraft:the_nether' in 0.00s
[16:58:44 INFO]: [ChunkHolderManager] Waiting 60s for chunk I/O to halt for world 'minecraft:the_nether'
[16:58:44 INFO]: [ChunkHolderManager] Halted I/O scheduler for world 'minecraft:the_nether'
[16:58:44 INFO]: Saving chunks for level 'ServerLevel[world]'/minecraft:the_end
[16:58:44 INFO]: [ChunkHolderManager] Waiting 60s for chunk system to halt for world 'minecraft:the_end'
[16:58:44 INFO]: [ChunkHolderManager] Halted chunk system for world 'minecraft:the_end'
[16:58:44 INFO]: [ChunkHolderManager] Saving all chunkholders for world 'minecraft:the_end'
[16:58:44 INFO]: [ChunkHolderManager] Saved 0 block chunks, 0 entity chunks, 0 poi chunks in world 'minecraft:the_end' in 0.00s
[16:58:44 INFO]: [ChunkHolderManager] Waiting 60s for chunk I/O to halt for world 'minecraft:the_end'
[16:58:44 INFO]: [ChunkHolderManager] Halted I/O scheduler for world 'minecraft:the_end'
[16:58:44 INFO]: ThreadedAnvilChunkStorage (world): All chunks are saved
[16:58:44 INFO]: ThreadedAnvilChunkStorage (DIM-1): All chunks are saved
[16:58:44 INFO]: ThreadedAnvilChunkStorage (DIM1): All chunks are saved
[16:58:44 INFO]: ThreadedAnvilChunkStorage: All dimensions are saved
[16:58:44 INFO]: Waiting for all RegionFile I/O tasks to complete...
[16:58:44 INFO]: All RegionFile I/O tasks to complete
[16:58:44 INFO]: [MoonriseCommon] Awaiting termination of worker pool for up to 60s...
[16:58:44 INFO]: [MoonriseCommon] Awaiting termination of I/O pool for up to 60s...

BUILD SUCCESSFUL in 1m 26s
39 actionable tasks: 1 executed, 38 up-to-date
Consider enabling configuration cache to speed up this build: https://docs.gradle.org/9.1.0/userguide/configuration_cache_enabling.html
