To honour the JVM settings for this build a single-use Daemon process will be forked. For more on this, please refer to https://docs.gradle.org/9.1.0/userguide/gradle_daemon.html#sec:disabling_the_daemon in the Gradle documentation.
Daemon will be stopped at the end of the build 
> Task :mmo-api:compileJava UP-TO-DATE
> Task :mmo-api:processResources NO-SOURCE
> Task :mmo-api:classes UP-TO-DATE
> Task :mmo-api:jar UP-TO-DATE
> Task :mmo-content:compileJava UP-TO-DATE
> Task :mmo-combat:compileJava UP-TO-DATE
> Task :mmo-integrations:compileJava UP-TO-DATE
> Task :mmo-items:compileJava UP-TO-DATE
> Task :mmo-lifeskills:compileJava UP-TO-DATE
> Task :mmo-magic:compileJava UP-TO-DATE
> Task :mmo-progression:compileJava UP-TO-DATE
> Task :mmo-persistence:compileJava UP-TO-DATE
> Task :mmo-scenes:compileJava UP-TO-DATE
> Task :mmo-social:compileJava UP-TO-DATE
> Task :mmo-worldloop:compileJava UP-TO-DATE
> Task :mmo-integrations:integration-mythicmobs:compileJava UP-TO-DATE
> Task :mmo-integrations:integration-oraxen:compileJava UP-TO-DATE
> Task :mmo-integrations:integration-packetevents:compileJava UP-TO-DATE
> Task :mmo-integrations:integration-wallet:compileJava UP-TO-DATE
> Task :mmo-integrations:integration-worldguard:compileJava UP-TO-DATE
> Task :mmo-bootstrap:compileJava UP-TO-DATE
> Task :mmo-bootstrap:processResources UP-TO-DATE
> Task :mmo-bootstrap:classes UP-TO-DATE
> Task :mmo-combat:processResources NO-SOURCE
> Task :mmo-combat:classes UP-TO-DATE
> Task :mmo-combat:jar UP-TO-DATE
> Task :mmo-content:processResources NO-SOURCE
> Task :mmo-content:classes UP-TO-DATE
> Task :mmo-content:jar UP-TO-DATE
> Task :mmo-integrations:processResources NO-SOURCE
> Task :mmo-integrations:classes UP-TO-DATE
> Task :mmo-integrations:jar UP-TO-DATE
> Task :mmo-items:processResources NO-SOURCE
> Task :mmo-items:classes UP-TO-DATE
> Task :mmo-items:jar UP-TO-DATE
> Task :mmo-lifeskills:processResources NO-SOURCE
> Task :mmo-lifeskills:classes UP-TO-DATE
> Task :mmo-lifeskills:jar UP-TO-DATE
> Task :mmo-magic:processResources NO-SOURCE
> Task :mmo-magic:classes UP-TO-DATE
> Task :mmo-magic:jar UP-TO-DATE
> Task :mmo-persistence:processResources UP-TO-DATE
> Task :mmo-persistence:classes UP-TO-DATE
> Task :mmo-persistence:jar UP-TO-DATE
> Task :mmo-progression:processResources NO-SOURCE
> Task :mmo-progression:classes UP-TO-DATE
> Task :mmo-progression:jar UP-TO-DATE
> Task :mmo-scenes:processResources NO-SOURCE
> Task :mmo-scenes:classes UP-TO-DATE
> Task :mmo-scenes:jar UP-TO-DATE
> Task :mmo-social:processResources NO-SOURCE
> Task :mmo-social:classes UP-TO-DATE
> Task :mmo-social:jar UP-TO-DATE
> Task :mmo-worldloop:processResources NO-SOURCE
> Task :mmo-worldloop:classes UP-TO-DATE
> Task :mmo-worldloop:jar UP-TO-DATE
> Task :mmo-integrations:integration-mythicmobs:processResources NO-SOURCE
> Task :mmo-integrations:integration-mythicmobs:classes UP-TO-DATE
> Task :mmo-integrations:integration-mythicmobs:jar UP-TO-DATE
> Task :mmo-integrations:integration-oraxen:processResources NO-SOURCE
> Task :mmo-integrations:integration-oraxen:classes UP-TO-DATE
> Task :mmo-integrations:integration-oraxen:jar UP-TO-DATE
> Task :mmo-integrations:integration-packetevents:processResources NO-SOURCE
> Task :mmo-integrations:integration-packetevents:classes UP-TO-DATE
> Task :mmo-integrations:integration-packetevents:jar UP-TO-DATE
> Task :mmo-integrations:integration-wallet:processResources NO-SOURCE
> Task :mmo-integrations:integration-wallet:classes UP-TO-DATE
> Task :mmo-integrations:integration-wallet:jar UP-TO-DATE
> Task :mmo-integrations:integration-worldguard:processResources NO-SOURCE
> Task :mmo-integrations:integration-worldguard:classes UP-TO-DATE
> Task :mmo-integrations:integration-worldguard:jar UP-TO-DATE
> Task :mmo-bootstrap:shadowJar UP-TO-DATE

> Task :mmo-bootstrap:runServer
Located Paper 26.2 build 112 in local cache.
Starting Paper...

Downloading mojang_26.2.jar
Applying patches
Starting org.bukkit.craftbukkit.Main
2026-08-19T11:33:33.374822Z ServerMain WARN Advanced terminal features are not available in this environment
[18:33:33 INFO]: [bootstrap] Running Java 25 (OpenJDK 64-Bit Server VM 25.0.3+9-LTS; Eclipse Adoptium Temurin-25.0.3+9) on Windows 11 10.0 (amd64)
[18:33:33 INFO]: [bootstrap] Loading Paper 26.2-112-main@c9e894d (2026-08-11T05:18:39Z) for Minecraft 26.2
[18:33:33 INFO]: [PluginInitializerManager] Initializing plugins...
[18:33:33 INFO]: [PluginInitializerManager] Initialized 1 plugin
[18:33:33 INFO]: [PluginInitializerManager] Bukkit plugins (1):
 - BranzMMO (1.0.0-SNAPSHOT)
WARNING: A terminally deprecated method in sun.misc.Unsafe has been called
WARNING: sun.misc.Unsafe::objectFieldOffset has been called by org.joml.MemUtil$MemUtilUnsafe (file:/C:/Users/User/AppData/Local/BranzMMORPGHarness/repo/mmo-bootstrap/run/libraries/org/joml/joml/1.10.8/joml-1.10.8.jar)
WARNING: Please consider reporting this to the maintainers of class org.joml.MemUtil$MemUtilUnsafe
WARNING: sun.misc.Unsafe::objectFieldOffset will be removed in a future release
[18:33:38 INFO]: [ca.spottedleaf.dataconverter.minecraft.datatypes.MCTypeRegistry] Initialising converters for DataConverter...
[18:33:38 INFO]: Environment: Environment[sessionHost=https://sessionserver.mojang.com, servicesHost=https://api.minecraftservices.com, profilesHost=https://api.mojang.com, name=PROD]
[18:33:38 INFO]: [ca.spottedleaf.dataconverter.minecraft.datatypes.MCTypeRegistry] Finished initialising converters for DataConverter in 397.1ms
[18:33:38 INFO]: Found new data pack paper, loading it automatically
[18:33:39 INFO]: No existing world data, creating new world
[18:33:39 INFO]: Loaded 1585 recipes
[18:33:39 INFO]: Loaded 1688 advancements
[18:33:40 INFO]: Starting minecraft server version 26.2
[18:33:40 INFO]: Loading properties
[18:33:40 INFO]: This server is running Paper version 26.2-112-main@c9e894d (2026-08-11T05:18:39Z) (Implementing API version 26.2.build.112-stable)
[18:33:40 INFO]: [spark] This server bundles the spark profiler. For more information please visit https://docs.papermc.io/paper/profiling
[18:33:40 INFO]: Server Ping Player Sample Count: 12
[18:33:40 INFO]: Using 4 threads for Netty based IO
[18:33:40 INFO]: [MoonriseCommon] Paper is using 3 worker threads, 1 I/O threads
[18:33:40 INFO]: Default game type: SURVIVAL
[18:33:40 INFO]: Generating keypair
[18:33:40 INFO]: Starting Minecraft server on *:25565
[18:33:40 INFO]: Paper: Using Java compression from Velocity.
[18:33:40 INFO]: Paper: Using Java cipher from Velocity.
[18:33:41 INFO]: [BranzMMO] Loading server plugin BranzMMO v1.0.0-SNAPSHOT
[18:33:41 INFO]: [BranzMMO] Enabling BranzMMO v1.0.0-SNAPSHOT
[18:33:41 INFO]: [BranzMMO] Loading and validating content snapshot from C:\Users\User\AppData\Local\BranzMMORPGHarness\repo\example-content\milestone-1
[18:33:41 WARN]: **** SERVER IS RUNNING IN OFFLINE/INSECURE MODE!
[18:33:41 WARN]: The server will make no attempt to authenticate usernames. Beware.
[18:33:41 WARN]: While this makes the game possible to play without internet access, it also opens up the ability for hackers to connect with any username they choose.
[18:33:41 WARN]: To change this, set "online-mode" to "true" in the server.properties file.
[18:33:41 INFO]: Preparing level "world"
[18:33:41 INFO]: Selecting spawn point for level 'minecraft:overworld'...
[18:33:44 INFO]: Selecting spawn point for level 'minecraft:the_nether'...
[18:33:44 INFO]: Selecting spawn point for level 'minecraft:the_end'...
[18:33:44 INFO]: Loading 0 persistent chunks for level 'minecraft:overworld'...
[18:33:44 INFO]: Preparing spawn area: 100%
[18:33:45 INFO]: Prepared spawn area in 3498 ms
[18:33:45 INFO]: Loading 0 persistent chunks for level 'minecraft:the_nether'...
[18:33:45 INFO]: Preparing spawn area: 100%
[18:33:45 INFO]: Prepared spawn area in 793 ms
[18:33:45 INFO]: Loading 0 persistent chunks for level 'minecraft:the_end'...
[18:33:45 INFO]: Preparing spawn area: 100%
[18:33:45 INFO]: Prepared spawn area in 301 ms
[18:33:45 INFO]: Done preparing level "world" (3.926s)
[18:33:45 INFO]: [spark] Starting background profiler...
[18:33:45 INFO]: [spark] The async-profiler engine is not supported for your os/arch (windows11/amd64), so the built-in Java engine will be used instead.
[18:33:45 INFO]: Saving chunks for level 'ServerLevel[world]'/minecraft:overworld
[18:33:45 INFO]: Saving chunks for level 'ServerLevel[world]'/minecraft:the_nether
[18:33:45 INFO]: Saving chunks for level 'ServerLevel[world]'/minecraft:the_end
[18:33:45 INFO]: ThreadedAnvilChunkStorage (world): All chunks are saved
[18:33:45 INFO]: ThreadedAnvilChunkStorage (DIM-1): All chunks are saved
[18:33:45 INFO]: ThreadedAnvilChunkStorage (DIM1): All chunks are saved
[18:33:45 INFO]: ThreadedAnvilChunkStorage: All dimensions are saved
[18:33:45 INFO]: Running delayed init tasks
[18:33:45 INFO]: Done (12.829s)! For help, type "help"
[18:33:45 INFO]: *************************************************************************************
[18:33:45 INFO]: This is the first time you're starting this server.
[18:33:45 INFO]: It's recommended you read our 'Getting Started' documentation for guidance.
[18:33:45 INFO]: View this and more helpful information here: https://docs.papermc.io/paper/next-steps
[18:33:45 INFO]: *************************************************************************************
[18:33:45 INFO]: [io.zonky.test.db.postgres.embedded.EmbeddedPostgres] Detected a Windows x86_64 system
[18:33:45 INFO]: [io.zonky.test.db.postgres.embedded.DefaultPostgresBinaryResolver] Detected distribution: 'Unknown'
[18:33:45 INFO]: [io.zonky.test.db.postgres.embedded.DefaultPostgresBinaryResolver] System specific postgres binaries found: 'postgres-windows-x86_64.txz'
[18:33:46 INFO]: [io.zonky.test.db.postgres.embedded.EmbeddedPostgres] Postgres binaries at C:\Users\User\AppData\Local\Temp\embedded-pg\PG-3942d5a1dcdbfebc27772e9e670d5d85
[18:33:46 INFO]: [io.zonky.test.db.postgres.embedded.EmbeddedPostgres] The files belonging to this database system will be owned by user "User".
[18:33:46 INFO]: [io.zonky.test.db.postgres.embedded.EmbeddedPostgres] This user must also own the server process.
[18:33:46 INFO]: [io.zonky.test.db.postgres.embedded.EmbeddedPostgres] 
[18:33:46 INFO]: [io.zonky.test.db.postgres.embedded.EmbeddedPostgres] The database cluster will be initialized with locale "English_United States.874".
[18:33:46 INFO]: [io.zonky.test.db.postgres.embedded.EmbeddedPostgres] The default text search configuration will be set to "english".
[18:33:46 INFO]: [io.zonky.test.db.postgres.embedded.EmbeddedPostgres] 
[18:33:46 INFO]: [io.zonky.test.db.postgres.embedded.EmbeddedPostgres] Data page checksums are disabled.
[18:33:46 INFO]: [io.zonky.test.db.postgres.embedded.EmbeddedPostgres] 
[18:33:46 INFO]: [io.zonky.test.db.postgres.embedded.EmbeddedPostgres] fixing permissions on existing directory C:/Users/User/AppData/Local/BranzMMORPGHarness/repo/mmo-bootstrap/run/plugins/BranzMMO/embedded-postgres ... ok
[18:33:46 INFO]: [io.zonky.test.db.postgres.embedded.EmbeddedPostgres] creating subdirectories ... ok
[18:33:46 INFO]: [io.zonky.test.db.postgres.embedded.EmbeddedPostgres] selecting dynamic shared memory implementation ... windows
[18:33:46 INFO]: [io.zonky.test.db.postgres.embedded.EmbeddedPostgres] selecting default max_connections ... 100
[18:33:46 INFO]: [io.zonky.test.db.postgres.embedded.EmbeddedPostgres] selecting default shared_buffers ... 128MB
[18:33:46 INFO]: [io.zonky.test.db.postgres.embedded.EmbeddedPostgres] selecting default time zone ... Asia/Bangkok
[18:33:46 INFO]: [io.zonky.test.db.postgres.embedded.EmbeddedPostgres] creating configuration files ... ok
[18:33:47 INFO]: [io.zonky.test.db.postgres.embedded.EmbeddedPostgres] running bootstrap script ... ok
[18:33:50 INFO]: [io.zonky.test.db.postgres.embedded.EmbeddedPostgres] performing post-bootstrap initialization ... ok
[18:33:54 INFO]: [io.zonky.test.db.postgres.embedded.EmbeddedPostgres] syncing data to disk ... ok
[18:33:54 INFO]: [io.zonky.test.db.postgres.embedded.EmbeddedPostgres] 
[18:33:54 INFO]: [io.zonky.test.db.postgres.embedded.EmbeddedPostgres] Success. You can now start the database server using:
[18:33:54 INFO]: [io.zonky.test.db.postgres.embedded.EmbeddedPostgres] 
[18:33:54 INFO]: [io.zonky.test.db.postgres.embedded.EmbeddedPostgres]     ^"C^:^\Users^\User^\AppData^\Local^\Temp^\embedded^-pg^\PG^-3942d5a1dcdbfebc27772e9e670d5d85^\bin^\pg^_ctl^" -D ^"C^:^\Users^\User^\AppData^\Local^\BranzMMORPGHarness^\repo^\mmo^-bootstrap^\run^\plugins^\BranzMMO^\embedded^-postgres^" -l logfile start
[18:33:54 INFO]: [io.zonky.test.db.postgres.embedded.EmbeddedPostgres] 
[18:33:54 INFO]: [io.zonky.test.db.postgres.embedded.EmbeddedPostgres] 6e66974e-9bc6-4416-8cf5-a3deb0428738 initdb completed in 00:00:08.024
[18:33:54 INFO]: [io.zonky.test.db.postgres.embedded.EmbeddedPostgres] 6e66974e-9bc6-4416-8cf5-a3deb0428738 postmaster started as Process[pid=28584, exitValue="not exited"] on port 61356.  Waiting up to PT10S for server startup to finish.
[18:33:54 INFO]: [io.zonky.test.db.postgres.embedded.EmbeddedPostgres] waiting for server to start....2026-08-19 18:33:54.504 +07 [5420] LOG:  starting PostgreSQL 14.22, compiled by Visual C++ build 1944, 64-bit
[18:33:54 INFO]: [io.zonky.test.db.postgres.embedded.EmbeddedPostgres] 2026-08-19 18:33:54.511 +07 [5420] LOG:  listening on IPv6 address "::1", port 61356
[18:33:54 INFO]: [io.zonky.test.db.postgres.embedded.EmbeddedPostgres] 2026-08-19 18:33:54.511 +07 [5420] LOG:  listening on IPv4 address "127.0.0.1", port 61356
[18:33:54 INFO]: [io.zonky.test.db.postgres.embedded.EmbeddedPostgres] 2026-08-19 18:33:54.553 +07 [28868] LOG:  database system was shut down at 2026-08-19 18:33:50 +07
[18:33:54 INFO]: [io.zonky.test.db.postgres.embedded.EmbeddedPostgres] 2026-08-19 18:33:54.614 +07 [5420] LOG:  database system is ready to accept connections
[18:33:54 INFO]: [io.zonky.test.db.postgres.embedded.EmbeddedPostgres]  done
[18:33:54 INFO]: [io.zonky.test.db.postgres.embedded.EmbeddedPostgres] server started
[18:33:55 INFO]: [io.zonky.test.db.postgres.embedded.EmbeddedPostgres] 6e66974e-9bc6-4416-8cf5-a3deb0428738 postmaster startup finished in 00:00:01.048
[18:33:58 INFO]: [BranzMMO] Milestone 3 runtime ready; item definitions=20, move definitions=6, spell definitions=5, technique definitions=5, form definitions=4, ailment definitions=6, encounter reward definitions=1, Scene presentation=WORLD_BACKED
[18:33:58 INFO]: [BranzMMO] Provider asset.oraxen=UNAVAILABLE [OPTIONAL]: plugin is not installed: Oraxen
[18:33:58 INFO]: [BranzMMO] Provider mob.mythicmobs=UNAVAILABLE [OPTIONAL]: plugin is not installed: MythicMobs
[18:33:58 INFO]: [BranzMMO] Provider packet.packetevents=UNAVAILABLE [OPTIONAL]: plugin is not installed: packetevents
[18:33:58 INFO]: [BranzMMO] Provider region.worldguard=UNAVAILABLE [OPTIONAL]: plugin is not installed: WorldGuard
[18:33:58 INFO]: [BranzMMO] Provider wallet.external=UNAVAILABLE [OPTIONAL]: plugin is not installed: Wallet
[18:33:58 WARN]: [BranzMMO] asset.oraxen [OPTIONAL]: plugin is not installed: Oraxen
[18:33:58 WARN]: [BranzMMO] mob.mythicmobs [OPTIONAL]: plugin is not installed: MythicMobs
[18:33:58 WARN]: [BranzMMO] packet.packetevents [OPTIONAL]: plugin is not installed: packetevents
[18:33:58 WARN]: [BranzMMO] region.worldguard [OPTIONAL]: plugin is not installed: WorldGuard
[18:33:58 WARN]: [BranzMMO] wallet.external [OPTIONAL]: plugin is not installed: Wallet
[18:33:58 INFO]: [BranzMMO] Branz MMO startup DEGRADED; content=v1.milestone-1.example.4, definitions=48
[18:33:58 INFO]: [BranzMMO] PostgreSQL runtime ready; mode=EMBEDDED_LOCAL, server-instance=local-74c71f0c-7166-4082-8d5f-c6f6548c9e91
[18:33:59 INFO]: [BranzMMO] Recovered 0 boss encounter(s) from V0009.
[18:33:59 INFO]: [BranzMMO] Death Pouch reconciliation is ready.
[18:33:59 INFO]: [BranzMMO] Recovered 0 downed encounter(s) from V0010.
[18:34:36 INFO]: UUID of player Player0 is 2654e3c3-150d-3857-a426-0b141796a4e0
[18:34:48 INFO]: Player0 joined the game
[18:34:48 INFO]: Player0[/127.0.0.1:60831] logged in with entity id 9 at ([minecraft:overworld]166.5, 73.0, 70.5)
[18:34:49 INFO]: Made Player0 a server operator
[18:34:49 INFO]: Set 7 experience levels on Player0
[18:34:53 INFO]: Player0 issued server command: /item replace entity @s hotbar.0 with minecraft:stone
[18:34:54 INFO]: [Player0: Replaced a slot on Player0 with [Stone]]
[18:34:54 INFO]: Player0 issued server command: /item replace entity @s hotbar.1 with minecraft:stone
[18:34:54 INFO]: [Player0: Replaced a slot on Player0 with [Stone]]
[18:34:55 INFO]: Player0 issued server command: /item replace entity @s hotbar.2 with minecraft:stone
[18:34:55 INFO]: [Player0: Replaced a slot on Player0 with [Stone]]
[18:34:55 INFO]: Player0 issued server command: /item replace entity @s hotbar.3 with minecraft:stone
[18:34:55 INFO]: [Player0: Replaced a slot on Player0 with [Stone]]
[18:34:55 INFO]: Player0 issued server command: /item replace entity @s hotbar.4 with minecraft:stone
[18:34:55 INFO]: [Player0: Replaced a slot on Player0 with [Stone]]
[18:34:56 INFO]: Player0 issued server command: /item replace entity @s hotbar.5 with minecraft:stone
[18:34:56 INFO]: [Player0: Replaced a slot on Player0 with [Stone]]
[18:34:56 INFO]: Player0 issued server command: /item replace entity @s hotbar.6 with minecraft:stone
[18:34:56 INFO]: [Player0: Replaced a slot on Player0 with [Stone]]
[18:34:56 INFO]: Player0 issued server command: /item replace entity @s hotbar.7 with minecraft:stone
[18:34:56 INFO]: [Player0: Replaced a slot on Player0 with [Stone]]
[18:34:56 INFO]: Player0 issued server command: /mmo dev
[18:35:01 INFO]: Player0 issued server command: /mmo dev
[18:35:06 INFO]: Player0 issued server command: /mmo dev
[18:35:09 INFO]: Player0 has made the advancement [Into Fire]
[18:35:10 INFO]: Player0 issued server command: /mmo physical status
[18:35:11 INFO]: Player0 issued server command: /item replace entity @s hotbar.7 with minecraft:air
[18:35:11 INFO]: [Player0: Replaced a slot on Player0 with [Air]]
[18:35:11 INFO]: Player0 issued server command: /item replace entity @s hotbar.6 with minecraft:air
[18:35:11 INFO]: [Player0: Replaced a slot on Player0 with [Air]]
[18:35:11 INFO]: Player0 issued server command: /item replace entity @s hotbar.5 with minecraft:air
[18:35:11 INFO]: [Player0: Replaced a slot on Player0 with [Air]]
[18:35:16 INFO]: Player0 lost connection: Disconnected
[18:35:16 INFO]: Player0 left the game
[18:35:19 INFO]: Stopping the server
[18:35:19 INFO]: Stopping server
[18:35:19 INFO]: [BranzMMO] Disabling BranzMMO v1.0.0-SNAPSHOT
[18:35:19 ERROR]: [STDERR] [me.lucko.spark.paper.common.util.log.Logger$1] Uncaught exception thrown in thread spark-java-sampler-2-thread-5
[18:35:19 WARN]: java.util.concurrent.CancellationException
[18:35:19 WARN]: 	at java.base/java.util.concurrent.FutureTask.report(FutureTask.java:123)
[18:35:19 WARN]: 	at java.base/java.util.concurrent.FutureTask.get(FutureTask.java:193)
[18:35:19 WARN]: 	at me.lucko.spark.paper.common.util.SparkScheduledThreadPoolExecutor.afterExecute(SparkScheduledThreadPoolExecutor.java:48)
[18:35:19 WARN]: 	at java.base/java.util.concurrent.ThreadPoolExecutor.runWorker(ThreadPoolExecutor.java:1091)
[18:35:19 WARN]: 	at java.base/java.util.concurrent.ThreadPoolExecutor$Worker.run(ThreadPoolExecutor.java:614)
[18:35:19 WARN]: 	at java.base/java.lang.Thread.run(Thread.java:1474)
[18:35:19 INFO]: [io.zonky.test.db.postgres.embedded.EmbeddedPostgres] 2026-08-19 18:35:19.385 +07 [5420] LOG:  received fast shutdown request
[18:35:19 INFO]: [io.zonky.test.db.postgres.embedded.EmbeddedPostgres] 2026-08-19 18:35:19.385 +07 [5420] LOG:  aborting any active transactions
[18:35:19 INFO]: [io.zonky.test.db.postgres.embedded.EmbeddedPostgres] 2026-08-19 18:35:19.411 +07 [5420] LOG:  background worker "logical replication launcher" (PID 10636) exited with exit code 1
[18:35:19 INFO]: [io.zonky.test.db.postgres.embedded.EmbeddedPostgres] 2026-08-19 18:35:19.412 +07 [19600] LOG:  shutting down
[18:35:20 INFO]: [io.zonky.test.db.postgres.embedded.EmbeddedPostgres] 2026-08-19 18:35:20.238 +07 [5420] LOG:  database system is shut down
[18:35:20 INFO]: [io.zonky.test.db.postgres.embedded.EmbeddedPostgres] waiting for server to shut down.... done
[18:35:20 INFO]: [io.zonky.test.db.postgres.embedded.EmbeddedPostgres] server stopped
[18:35:20 INFO]: [io.zonky.test.db.postgres.embedded.EmbeddedPostgres] 6e66974e-9bc6-4416-8cf5-a3deb0428738 shut down postmaster in 00:00:00.993
[18:35:20 INFO]: [io.zonky.test.db.postgres.embedded.EmbeddedPostgres] Did not clean up directory C:\Users\User\AppData\Local\BranzMMORPGHarness\repo\mmo-bootstrap\run\plugins\BranzMMO\embedded-postgres
[18:35:20 INFO]: [BranzMMO] Branz MMO platform disabled cleanly.
[18:35:20 INFO]: Saving players
[18:35:20 INFO]: Saving worlds
[18:35:20 INFO]: Saving chunks for level 'ServerLevel[world]'/minecraft:overworld
[18:35:20 INFO]: [ChunkHolderManager] Waiting 60s for chunk system to halt for world 'minecraft:overworld'
[18:35:20 INFO]: [ChunkHolderManager] Halted chunk system for world 'minecraft:overworld'
[18:35:20 INFO]: [ChunkHolderManager] Saving all chunkholders for world 'minecraft:overworld'
[18:35:23 INFO]: [ChunkHolderManager] Saved 2209 block chunks, 625 entity chunks, 3 poi chunks in world 'minecraft:overworld' in 3.19s
[18:35:23 INFO]: [ChunkHolderManager] Waiting 60s for chunk I/O to halt for world 'minecraft:overworld'
[18:35:23 INFO]: [ChunkHolderManager] Halted I/O scheduler for world 'minecraft:overworld'
[18:35:23 INFO]: Saving chunks for level 'ServerLevel[world]'/minecraft:the_nether
[18:35:23 INFO]: [ChunkHolderManager] Waiting 60s for chunk system to halt for world 'minecraft:the_nether'
[18:35:23 INFO]: [ChunkHolderManager] Halted chunk system for world 'minecraft:the_nether'
[18:35:23 INFO]: [ChunkHolderManager] Saving all chunkholders for world 'minecraft:the_nether'
[18:35:24 INFO]: [ChunkHolderManager] Saved 0 block chunks, 0 entity chunks, 0 poi chunks in world 'minecraft:the_nether' in 0.02s
[18:35:24 INFO]: [ChunkHolderManager] Waiting 60s for chunk I/O to halt for world 'minecraft:the_nether'
[18:35:24 INFO]: [ChunkHolderManager] Halted I/O scheduler for world 'minecraft:the_nether'
[18:35:24 INFO]: Saving chunks for level 'ServerLevel[world]'/minecraft:the_end
[18:35:24 INFO]: [ChunkHolderManager] Waiting 60s for chunk system to halt for world 'minecraft:the_end'
[18:35:24 INFO]: [ChunkHolderManager] Halted chunk system for world 'minecraft:the_end'
[18:35:24 INFO]: [ChunkHolderManager] Saving all chunkholders for world 'minecraft:the_end'
[18:35:24 INFO]: [ChunkHolderManager] Saved 0 block chunks, 0 entity chunks, 0 poi chunks in world 'minecraft:the_end' in 0.03s
[18:35:24 INFO]: [ChunkHolderManager] Waiting 60s for chunk I/O to halt for world 'minecraft:the_end'
[18:35:24 INFO]: [ChunkHolderManager] Halted I/O scheduler for world 'minecraft:the_end'
[18:35:24 INFO]: ThreadedAnvilChunkStorage (world): All chunks are saved
[18:35:24 INFO]: ThreadedAnvilChunkStorage (DIM-1): All chunks are saved
[18:35:24 INFO]: ThreadedAnvilChunkStorage (DIM1): All chunks are saved
[18:35:24 INFO]: ThreadedAnvilChunkStorage: All dimensions are saved
[18:35:24 INFO]: Waiting for all RegionFile I/O tasks to complete...
[18:35:24 INFO]: All RegionFile I/O tasks to complete
[18:35:24 INFO]: [MoonriseCommon] Awaiting termination of worker pool for up to 60s...
[18:35:24 INFO]: [MoonriseCommon] Awaiting termination of I/O pool for up to 60s...

BUILD SUCCESSFUL in 2m 16s
39 actionable tasks: 1 executed, 38 up-to-date
Consider enabling configuration cache to speed up this build: https://docs.gradle.org/9.1.0/userguide/configuration_cache_enabling.html
