To honour the JVM settings for this build a single-use Daemon process will be forked. For more on this, please refer to https://docs.gradle.org/9.1.0/userguide/gradle_daemon.html#sec:disabling_the_daemon in the Gradle documentation.
Daemon will be stopped at the end of the build 
> Task :mmo-api:compileJava UP-TO-DATE
> Task :mmo-api:processResources NO-SOURCE
> Task :mmo-api:classes UP-TO-DATE
> Task :mmo-api:jar UP-TO-DATE
> Task :mmo-content:compileJava UP-TO-DATE
> Task :mmo-combat:compileJava UP-TO-DATE
> Task :mmo-integrations:compileJava UP-TO-DATE
> Task :mmo-items:compileJava UP-TO-DATE
> Task :mmo-lifeskills:compileJava UP-TO-DATE
> Task :mmo-magic:compileJava UP-TO-DATE
> Task :mmo-progression:compileJava UP-TO-DATE
> Task :mmo-persistence:compileJava UP-TO-DATE
> Task :mmo-scenes:compileJava UP-TO-DATE
> Task :mmo-social:compileJava UP-TO-DATE
> Task :mmo-worldloop:compileJava UP-TO-DATE
> Task :mmo-integrations:integration-mythicmobs:compileJava UP-TO-DATE
> Task :mmo-integrations:integration-oraxen:compileJava UP-TO-DATE
> Task :mmo-integrations:integration-packetevents:compileJava UP-TO-DATE
> Task :mmo-integrations:integration-wallet:compileJava UP-TO-DATE
> Task :mmo-integrations:integration-worldguard:compileJava UP-TO-DATE
> Task :mmo-bootstrap:compileJava UP-TO-DATE
> Task :mmo-bootstrap:processResources UP-TO-DATE
> Task :mmo-bootstrap:classes UP-TO-DATE
> Task :mmo-combat:processResources NO-SOURCE
> Task :mmo-combat:classes UP-TO-DATE
> Task :mmo-combat:jar UP-TO-DATE
> Task :mmo-content:processResources NO-SOURCE
> Task :mmo-content:classes UP-TO-DATE
> Task :mmo-content:jar UP-TO-DATE
> Task :mmo-integrations:processResources NO-SOURCE
> Task :mmo-integrations:classes UP-TO-DATE
> Task :mmo-integrations:jar UP-TO-DATE
> Task :mmo-items:processResources NO-SOURCE
> Task :mmo-items:classes UP-TO-DATE
> Task :mmo-items:jar UP-TO-DATE
> Task :mmo-lifeskills:processResources NO-SOURCE
> Task :mmo-lifeskills:classes UP-TO-DATE
> Task :mmo-lifeskills:jar UP-TO-DATE
> Task :mmo-magic:processResources NO-SOURCE
> Task :mmo-magic:classes UP-TO-DATE
> Task :mmo-magic:jar UP-TO-DATE
> Task :mmo-persistence:processResources UP-TO-DATE
> Task :mmo-persistence:classes UP-TO-DATE
> Task :mmo-persistence:jar UP-TO-DATE
> Task :mmo-progression:processResources NO-SOURCE
> Task :mmo-progression:classes UP-TO-DATE
> Task :mmo-progression:jar UP-TO-DATE
> Task :mmo-scenes:processResources NO-SOURCE
> Task :mmo-scenes:classes UP-TO-DATE
> Task :mmo-scenes:jar UP-TO-DATE
> Task :mmo-social:processResources NO-SOURCE
> Task :mmo-social:classes UP-TO-DATE
> Task :mmo-social:jar UP-TO-DATE
> Task :mmo-worldloop:processResources NO-SOURCE
> Task :mmo-worldloop:classes UP-TO-DATE
> Task :mmo-worldloop:jar UP-TO-DATE
> Task :mmo-integrations:integration-mythicmobs:processResources NO-SOURCE
> Task :mmo-integrations:integration-mythicmobs:classes UP-TO-DATE
> Task :mmo-integrations:integration-mythicmobs:jar UP-TO-DATE
> Task :mmo-integrations:integration-oraxen:processResources NO-SOURCE
> Task :mmo-integrations:integration-oraxen:classes UP-TO-DATE
> Task :mmo-integrations:integration-oraxen:jar UP-TO-DATE
> Task :mmo-integrations:integration-packetevents:processResources NO-SOURCE
> Task :mmo-integrations:integration-packetevents:classes UP-TO-DATE
> Task :mmo-integrations:integration-packetevents:jar UP-TO-DATE
> Task :mmo-integrations:integration-wallet:processResources NO-SOURCE
> Task :mmo-integrations:integration-wallet:classes UP-TO-DATE
> Task :mmo-integrations:integration-wallet:jar UP-TO-DATE
> Task :mmo-integrations:integration-worldguard:processResources NO-SOURCE
> Task :mmo-integrations:integration-worldguard:classes UP-TO-DATE
> Task :mmo-integrations:integration-worldguard:jar UP-TO-DATE
> Task :mmo-bootstrap:shadowJar UP-TO-DATE

> Task :mmo-bootstrap:runServer
Located Paper 26.2 build 112 in local cache.
Starting Paper...

Downloading mojang_26.2.jar
Applying patches
Starting org.bukkit.craftbukkit.Main
2026-08-14T16:05:13.263277900Z ServerMain WARN Advanced terminal features are not available in this environment
[23:05:13 INFO]: [bootstrap] Running Java 25 (OpenJDK 64-Bit Server VM 25.0.3+9-LTS; Eclipse Adoptium Temurin-25.0.3+9) on Windows 11 10.0 (amd64)
[23:05:13 INFO]: [bootstrap] Loading Paper 26.2-112-main@c9e894d (2026-08-11T05:18:39Z) for Minecraft 26.2
[23:05:13 INFO]: [PluginInitializerManager] Initializing plugins...
[23:05:14 INFO]: [PluginInitializerManager] Initialized 1 plugin
[23:05:14 INFO]: [PluginInitializerManager] Bukkit plugins (1):
 - BranzMMO (1.0.0-SNAPSHOT)
WARNING: A terminally deprecated method in sun.misc.Unsafe has been called
WARNING: sun.misc.Unsafe::objectFieldOffset has been called by org.joml.MemUtil$MemUtilUnsafe (file:/C:/Users/User/AppData/Local/BranzMMORPGHarness/repo/mmo-bootstrap/run/libraries/org/joml/joml/1.10.8/joml-1.10.8.jar)
WARNING: Please consider reporting this to the maintainers of class org.joml.MemUtil$MemUtilUnsafe
WARNING: sun.misc.Unsafe::objectFieldOffset will be removed in a future release
[23:05:20 INFO]: [ca.spottedleaf.dataconverter.minecraft.datatypes.MCTypeRegistry] Initialising converters for DataConverter...
[23:05:20 INFO]: Environment: Environment[sessionHost=https://sessionserver.mojang.com, servicesHost=https://api.minecraftservices.com, profilesHost=https://api.mojang.com, name=PROD]
[23:05:21 INFO]: [ca.spottedleaf.dataconverter.minecraft.datatypes.MCTypeRegistry] Finished initialising converters for DataConverter in 836.6ms
[23:05:21 INFO]: Found new data pack paper, loading it automatically
[23:05:22 INFO]: No existing world data, creating new world
[23:05:24 INFO]: Loaded 1585 recipes
[23:05:24 INFO]: Loaded 1688 advancements
[23:05:24 INFO]: Starting minecraft server version 26.2
[23:05:24 INFO]: Loading properties
[23:05:24 INFO]: This server is running Paper version 26.2-112-main@c9e894d (2026-08-11T05:18:39Z) (Implementing API version 26.2.build.112-stable)
[23:05:24 INFO]: [spark] This server bundles the spark profiler. For more information please visit https://docs.papermc.io/paper/profiling
[23:05:24 INFO]: Using 4 threads for Netty based IO
[23:05:24 INFO]: Server Ping Player Sample Count: 12
[23:05:25 INFO]: [MoonriseCommon] Paper is using 3 worker threads, 1 I/O threads
[23:05:25 INFO]: Default game type: SURVIVAL
[23:05:25 INFO]: Generating keypair
[23:05:25 INFO]: Starting Minecraft server on *:25565
[23:05:25 INFO]: Paper: Using Java compression from Velocity.
[23:05:25 INFO]: Paper: Using Java cipher from Velocity.
[23:05:26 INFO]: [BranzMMO] Loading server plugin BranzMMO v1.0.0-SNAPSHOT
[23:05:26 INFO]: [BranzMMO] Enabling BranzMMO v1.0.0-SNAPSHOT
[23:05:26 INFO]: [BranzMMO] Loading and validating content snapshot from C:\Users\User\AppData\Local\BranzMMORPGHarness\repo\example-content\milestone-1
[23:05:26 WARN]: **** SERVER IS RUNNING IN OFFLINE/INSECURE MODE!
[23:05:26 WARN]: The server will make no attempt to authenticate usernames. Beware.
[23:05:26 WARN]: While this makes the game possible to play without internet access, it also opens up the ability for hackers to connect with any username they choose.
[23:05:26 WARN]: To change this, set "online-mode" to "true" in the server.properties file.
[23:05:26 INFO]: Preparing level "world"
[23:05:26 INFO]: Selecting spawn point for level 'minecraft:overworld'...
[23:05:33 INFO]: Selecting spawn point for level 'minecraft:the_nether'...
[23:05:34 INFO]: Selecting spawn point for level 'minecraft:the_end'...
[23:05:34 INFO]: Loading 0 persistent chunks for level 'minecraft:overworld'...
[23:05:34 INFO]: Preparing spawn area: 100%
[23:05:34 INFO]: Prepared spawn area in 7613 ms
[23:05:34 INFO]: Loading 0 persistent chunks for level 'minecraft:the_nether'...
[23:05:34 INFO]: Preparing spawn area: 100%
[23:05:34 INFO]: Prepared spawn area in 1138 ms
[23:05:34 INFO]: Loading 0 persistent chunks for level 'minecraft:the_end'...
[23:05:34 INFO]: Preparing spawn area: 100%
[23:05:34 INFO]: Prepared spawn area in 331 ms
[23:05:34 INFO]: Done preparing level "world" (8.400s)
[23:05:34 INFO]: [spark] Starting background profiler...
[23:05:34 INFO]: [spark] The async-profiler engine is not supported for your os/arch (windows11/amd64), so the built-in Java engine will be used instead.
[23:05:34 INFO]: Saving chunks for level 'ServerLevel[world]'/minecraft:overworld
[23:05:35 INFO]: Saving chunks for level 'ServerLevel[world]'/minecraft:the_nether
[23:05:35 INFO]: Saving chunks for level 'ServerLevel[world]'/minecraft:the_end
[23:05:35 INFO]: ThreadedAnvilChunkStorage (world): All chunks are saved
[23:05:35 INFO]: ThreadedAnvilChunkStorage (DIM-1): All chunks are saved
[23:05:35 INFO]: ThreadedAnvilChunkStorage (DIM1): All chunks are saved
[23:05:35 INFO]: ThreadedAnvilChunkStorage: All dimensions are saved
[23:05:35 INFO]: Running delayed init tasks
[23:05:35 INFO]: Done (23.012s)! For help, type "help"
[23:05:35 INFO]: *************************************************************************************
[23:05:35 INFO]: This is the first time you're starting this server.
[23:05:35 INFO]: It's recommended you read our 'Getting Started' documentation for guidance.
[23:05:35 INFO]: View this and more helpful information here: https://docs.papermc.io/paper/next-steps
[23:05:35 INFO]: *************************************************************************************
[23:05:35 INFO]: [io.zonky.test.db.postgres.embedded.EmbeddedPostgres] Detected a Windows x86_64 system
[23:05:35 INFO]: [io.zonky.test.db.postgres.embedded.DefaultPostgresBinaryResolver] Detected distribution: 'Unknown'
[23:05:35 INFO]: [io.zonky.test.db.postgres.embedded.DefaultPostgresBinaryResolver] System specific postgres binaries found: 'postgres-windows-x86_64.txz'
[23:05:37 INFO]: [io.zonky.test.db.postgres.embedded.EmbeddedPostgres] Postgres binaries at C:\Users\User\AppData\Local\Temp\embedded-pg\PG-3942d5a1dcdbfebc27772e9e670d5d85
[23:05:37 INFO]: [io.zonky.test.db.postgres.embedded.EmbeddedPostgres] The files belonging to this database system will be owned by user "User".
[23:05:37 INFO]: [io.zonky.test.db.postgres.embedded.EmbeddedPostgres] This user must also own the server process.
[23:05:37 INFO]: [io.zonky.test.db.postgres.embedded.EmbeddedPostgres] 
[23:05:37 INFO]: [io.zonky.test.db.postgres.embedded.EmbeddedPostgres] The database cluster will be initialized with locale "English_United States.874".
[23:05:37 INFO]: [io.zonky.test.db.postgres.embedded.EmbeddedPostgres] The default text search configuration will be set to "english".
[23:05:37 INFO]: [io.zonky.test.db.postgres.embedded.EmbeddedPostgres] 
[23:05:37 INFO]: [io.zonky.test.db.postgres.embedded.EmbeddedPostgres] Data page checksums are disabled.
[23:05:37 INFO]: [io.zonky.test.db.postgres.embedded.EmbeddedPostgres] 
[23:05:37 INFO]: [io.zonky.test.db.postgres.embedded.EmbeddedPostgres] fixing permissions on existing directory C:/Users/User/AppData/Local/BranzMMORPGHarness/repo/mmo-bootstrap/run/plugins/BranzMMO/embedded-postgres ... ok
[23:05:37 INFO]: [io.zonky.test.db.postgres.embedded.EmbeddedPostgres] creating subdirectories ... ok
[23:05:37 INFO]: [io.zonky.test.db.postgres.embedded.EmbeddedPostgres] selecting dynamic shared memory implementation ... windows
[23:05:37 INFO]: [io.zonky.test.db.postgres.embedded.EmbeddedPostgres] selecting default max_connections ... 100
[23:05:37 INFO]: [io.zonky.test.db.postgres.embedded.EmbeddedPostgres] selecting default shared_buffers ... 128MB
[23:05:37 INFO]: [io.zonky.test.db.postgres.embedded.EmbeddedPostgres] selecting default time zone ... Asia/Bangkok
[23:05:37 INFO]: [io.zonky.test.db.postgres.embedded.EmbeddedPostgres] creating configuration files ... ok
[23:05:39 INFO]: [io.zonky.test.db.postgres.embedded.EmbeddedPostgres] running bootstrap script ... ok
[23:05:44 INFO]: [io.zonky.test.db.postgres.embedded.EmbeddedPostgres] performing post-bootstrap initialization ... ok
[23:05:50 INFO]: [io.zonky.test.db.postgres.embedded.EmbeddedPostgres] syncing data to disk ... ok
[23:05:50 INFO]: [io.zonky.test.db.postgres.embedded.EmbeddedPostgres] 
[23:05:50 INFO]: [io.zonky.test.db.postgres.embedded.EmbeddedPostgres] Success. You can now start the database server using:
[23:05:50 INFO]: [io.zonky.test.db.postgres.embedded.EmbeddedPostgres] 
[23:05:50 INFO]: [io.zonky.test.db.postgres.embedded.EmbeddedPostgres]     ^"C^:^\Users^\User^\AppData^\Local^\Temp^\embedded^-pg^\PG^-3942d5a1dcdbfebc27772e9e670d5d85^\bin^\pg^_ctl^" -D ^"C^:^\Users^\User^\AppData^\Local^\BranzMMORPGHarness^\repo^\mmo^-bootstrap^\run^\plugins^\BranzMMO^\embedded^-postgres^" -l logfile start
[23:05:50 INFO]: [io.zonky.test.db.postgres.embedded.EmbeddedPostgres] 
[23:05:50 INFO]: [io.zonky.test.db.postgres.embedded.EmbeddedPostgres] b11d25d9-5511-462e-a938-7ee991a25432 initdb completed in 00:00:13.599
[23:05:50 INFO]: [io.zonky.test.db.postgres.embedded.EmbeddedPostgres] b11d25d9-5511-462e-a938-7ee991a25432 postmaster started as Process[pid=28240, exitValue="not exited"] on port 62330.  Waiting up to PT10S for server startup to finish.
[23:05:51 INFO]: [io.zonky.test.db.postgres.embedded.EmbeddedPostgres] waiting for server to start....2026-08-14 23:05:51.122 +07 [29448] LOG:  starting PostgreSQL 14.22, compiled by Visual C++ build 1944, 64-bit
[23:05:51 INFO]: [io.zonky.test.db.postgres.embedded.EmbeddedPostgres] 2026-08-14 23:05:51.152 +07 [29448] LOG:  listening on IPv6 address "::1", port 62330
[23:05:51 INFO]: [io.zonky.test.db.postgres.embedded.EmbeddedPostgres] 2026-08-14 23:05:51.152 +07 [29448] LOG:  listening on IPv4 address "127.0.0.1", port 62330
[23:05:51 INFO]: [io.zonky.test.db.postgres.embedded.EmbeddedPostgres] 2026-08-14 23:05:51.258 +07 [28832] LOG:  database system was shut down at 2026-08-14 23:05:44 +07
[23:05:51 INFO]: [io.zonky.test.db.postgres.embedded.EmbeddedPostgres] 2026-08-14 23:05:51.355 +07 [29448] LOG:  database system is ready to accept connections
[23:05:51 INFO]: [io.zonky.test.db.postgres.embedded.EmbeddedPostgres]  done
[23:05:51 INFO]: [io.zonky.test.db.postgres.embedded.EmbeddedPostgres] server started
[23:05:51 INFO]: [io.zonky.test.db.postgres.embedded.EmbeddedPostgres] b11d25d9-5511-462e-a938-7ee991a25432 postmaster startup finished in 00:00:01.050
[23:05:54 INFO]: [BranzMMO] Milestone 3 runtime ready; item definitions=20, move definitions=6, spell definitions=5, technique definitions=5, form definitions=4, ailment definitions=6, encounter reward definitions=1, Scene presentation=WORLD_BACKED
[23:05:54 INFO]: [BranzMMO] Provider asset.oraxen=UNAVAILABLE [OPTIONAL]: plugin is not installed: Oraxen
[23:05:54 INFO]: [BranzMMO] Provider mob.mythicmobs=UNAVAILABLE [OPTIONAL]: plugin is not installed: MythicMobs
[23:05:54 INFO]: [BranzMMO] Provider packet.packetevents=UNAVAILABLE [OPTIONAL]: plugin is not installed: packetevents
[23:05:54 INFO]: [BranzMMO] Provider region.worldguard=UNAVAILABLE [OPTIONAL]: plugin is not installed: WorldGuard
[23:05:54 INFO]: [BranzMMO] Provider wallet.external=UNAVAILABLE [OPTIONAL]: plugin is not installed: Wallet
[23:05:54 WARN]: [BranzMMO] asset.oraxen [OPTIONAL]: plugin is not installed: Oraxen
[23:05:54 WARN]: [BranzMMO] mob.mythicmobs [OPTIONAL]: plugin is not installed: MythicMobs
[23:05:54 WARN]: [BranzMMO] packet.packetevents [OPTIONAL]: plugin is not installed: packetevents
[23:05:54 WARN]: [BranzMMO] region.worldguard [OPTIONAL]: plugin is not installed: WorldGuard
[23:05:54 WARN]: [BranzMMO] wallet.external [OPTIONAL]: plugin is not installed: Wallet
[23:05:54 INFO]: [BranzMMO] Branz MMO startup DEGRADED; content=v1.milestone-1.example.4, definitions=48
[23:05:54 INFO]: [BranzMMO] PostgreSQL runtime ready; mode=EMBEDDED_LOCAL, server-instance=local-dfcfc4b8-55fa-44c7-a58e-104bfd429f69
[23:05:55 INFO]: [BranzMMO] Recovered 0 boss encounter(s) from V0009.
[23:05:55 INFO]: [BranzMMO] Death Pouch reconciliation is ready.
[23:05:55 INFO]: [BranzMMO] Recovered 0 downed encounter(s) from V0010.
[23:06:31 INFO]: UUID of player Player0 is 2654e3c3-150d-3857-a426-0b141796a4e0
[23:06:37 INFO]: Player0 joined the game
[23:06:37 INFO]: Player0[/127.0.0.1:62411] logged in with entity id 43 at ([minecraft:overworld]-6.5, 67.0, -26.5)
[23:06:37 INFO]: Made Player0 a server operator
[23:06:37 INFO]: Set 7 experience levels on Player0
[23:06:40 INFO]: Player0 issued server command: /item replace entity @s hotbar.0 with minecraft:stone
[23:06:40 INFO]: [Player0: Replaced a slot on Player0 with [Stone]]
[23:06:40 INFO]: Player0 issued server command: /item replace entity @s hotbar.1 with minecraft:stone
[23:06:40 INFO]: [Player0: Replaced a slot on Player0 with [Stone]]
[23:06:40 INFO]: Player0 issued server command: /item replace entity @s hotbar.2 with minecraft:stone
[23:06:40 INFO]: [Player0: Replaced a slot on Player0 with [Stone]]
[23:06:40 INFO]: Player0 issued server command: /item replace entity @s hotbar.3 with minecraft:stone
[23:06:40 INFO]: [Player0: Replaced a slot on Player0 with [Stone]]
[23:06:40 INFO]: Player0 issued server command: /item replace entity @s hotbar.4 with minecraft:stone
[23:06:40 INFO]: [Player0: Replaced a slot on Player0 with [Stone]]
[23:06:40 INFO]: Player0 issued server command: /item replace entity @s hotbar.5 with minecraft:stone
[23:06:40 INFO]: [Player0: Replaced a slot on Player0 with [Stone]]
[23:06:41 INFO]: Player0 issued server command: /item replace entity @s hotbar.6 with minecraft:stone
[23:06:41 INFO]: [Player0: Replaced a slot on Player0 with [Stone]]
[23:06:41 INFO]: Player0 issued server command: /item replace entity @s hotbar.7 with minecraft:stone
[23:06:41 INFO]: [Player0: Replaced a slot on Player0 with [Stone]]
[23:06:41 INFO]: Player0 issued server command: /mmo dev
[23:06:43 INFO]: Player0 issued server command: /mmo physical status
[23:06:44 INFO]: Player0 issued server command: /mmo physical status
[23:06:44 INFO]: Player0 issued server command: /item replace entity @s hotbar.7 with minecraft:air
[23:06:44 INFO]: [Player0: Replaced a slot on Player0 with [Air]]
[23:06:45 INFO]: Player0 issued server command: /mmo physical status
[23:06:46 INFO]: Player0 issued server command: /mmo physical status
[23:06:47 INFO]: Player0 lost connection: Disconnected
[23:06:47 INFO]: Player0 left the game
[23:06:48 INFO]: Stopping the server
[23:06:48 INFO]: Stopping server
[23:06:48 INFO]: [BranzMMO] Disabling BranzMMO v1.0.0-SNAPSHOT
[23:06:48 INFO]: [io.zonky.test.db.postgres.embedded.EmbeddedPostgres] 2026-08-14 23:06:48.645 +07 [29448] LOG:  received fast shutdown request
[23:06:48 INFO]: [io.zonky.test.db.postgres.embedded.EmbeddedPostgres] 2026-08-14 23:06:48.645 +07 [29448] LOG:  aborting any active transactions
[23:06:48 INFO]: [io.zonky.test.db.postgres.embedded.EmbeddedPostgres] 2026-08-14 23:06:48.656 +07 [29448] LOG:  background worker "logical replication launcher" (PID 25316) exited with exit code 1
[23:06:48 INFO]: [io.zonky.test.db.postgres.embedded.EmbeddedPostgres] 2026-08-14 23:06:48.657 +07 [27740] LOG:  shutting down
[23:06:49 INFO]: [io.zonky.test.db.postgres.embedded.EmbeddedPostgres] 2026-08-14 23:06:49.091 +07 [29448] LOG:  database system is shut down
[23:06:49 ERROR]: [ca.spottedleaf.moonrise.common.util.TickThread] Thread failed main thread check: Accessing poi chunk off-main, context=thread=Paper Common Worker #1, world=minecraft:overworld, chunk_pos=[7, 0]
java.lang.Throwable
	at ca.spottedleaf.moonrise.common.util.TickThread.ensureTickThread(TickThread.java:64) ~[paper-26.2.jar:26.2-112-c9e894d]
	at net.minecraft.world.entity.ai.village.poi.PoiManager.getOrLoad(PoiManager.java:89) ~[paper-26.2.jar:26.2-112-c9e894d]
	at net.minecraft.world.entity.ai.village.poi.PoiManager.exists(PoiManager.java:410) ~[paper-26.2.jar:26.2-112-c9e894d]
	at net.minecraft.server.level.ServerLevel.lambda$updatePOIOnBlockStateChange$3(ServerLevel.java:2400) ~[paper-26.2.jar:26.2-112-c9e894d]
	at net.minecraft.server.TickTask.run(TickTask.java:18) ~[paper-26.2.jar:26.2-112-c9e894d]
	at net.minecraft.util.thread.BlockableEventLoop.doRunTask(BlockableEventLoop.java:207) ~[paper-26.2.jar:26.2-112-c9e894d]
	at net.minecraft.util.thread.ReentrantBlockableEventLoop.doRunTask(ReentrantBlockableEventLoop.java:24) ~[paper-26.2.jar:26.2-112-c9e894d]
	at net.minecraft.server.MinecraftServer.doRunTask(MinecraftServer.java:1534) ~[paper-26.2.jar:26.2-112-c9e894d]
	at net.minecraft.server.MinecraftServer.doRunTask(MinecraftServer.java:192) ~[paper-26.2.jar:26.2-112-c9e894d]
	at net.minecraft.util.thread.BlockableEventLoop.execute(BlockableEventLoop.java:150) ~[paper-26.2.jar:26.2-112-c9e894d]
	at net.minecraft.server.level.ServerLevel.lambda$updatePOIOnBlockStateChange$2(ServerLevel.java:2398) ~[paper-26.2.jar:26.2-112-c9e894d]
	at java.base/java.util.Optional.ifPresent(Optional.java:178) ~[?:?]
	at net.minecraft.server.level.ServerLevel.updatePOIOnBlockStateChange(ServerLevel.java:2398) ~[paper-26.2.jar:26.2-112-c9e894d]
	at net.minecraft.server.level.WorldGenRegion.setBlock(WorldGenRegion.java:366) ~[paper-26.2.jar:26.2-112-c9e894d]
	at net.minecraft.world.level.LevelWriter.setBlock(LevelWriter.java:13) ~[paper-26.2.jar:26.2-112-c9e894d]
	at net.minecraft.world.level.levelgen.structure.templatesystem.StructureTemplate.placeInWorld(StructureTemplate.java:322) ~[paper-26.2.jar:26.2-112-c9e894d]
	at net.minecraft.world.level.levelgen.structure.pools.SinglePoolElement.place(SinglePoolElement.java:152) ~[paper-26.2.jar:26.2-112-c9e894d]
	at net.minecraft.world.level.levelgen.structure.PoolElementStructurePiece.place(PoolElementStructurePiece.java:113) ~[paper-26.2.jar:26.2-112-c9e894d]
	at net.minecraft.world.level.levelgen.structure.PoolElementStructurePiece.postProcess(PoolElementStructurePiece.java:100) ~[paper-26.2.jar:26.2-112-c9e894d]
	at net.minecraft.world.level.levelgen.structure.StructureStart.placeInChunk(StructureStart.java:111) ~[paper-26.2.jar:26.2-112-c9e894d]
	at net.minecraft.world.level.chunk.ChunkGenerator.lambda$addVanillaDecorations$3(ChunkGenerator.java:379) ~[paper-26.2.jar:26.2-112-c9e894d]
	at com.google.common.collect.ImmutableList.forEach(ImmutableList.java:421) ~[guava-33.6.0-jre.jar:?]
	at net.minecraft.world.level.chunk.ChunkGenerator.addVanillaDecorations(ChunkGenerator.java:379) ~[paper-26.2.jar:26.2-112-c9e894d]
	at net.minecraft.world.level.chunk.ChunkGenerator.applyBiomeDecoration(ChunkGenerator.java:459) ~[paper-26.2.jar:26.2-112-c9e894d]
	at net.minecraft.world.level.chunk.ChunkGenerator.applyBiomeDecoration(ChunkGenerator.java:452) ~[paper-26.2.jar:26.2-112-c9e894d]
	at net.minecraft.world.level.chunk.status.ChunkStatusTasks.generateFeatures(ChunkStatusTasks.java:147) ~[paper-26.2.jar:26.2-112-c9e894d]
	at net.minecraft.world.level.chunk.status.ChunkStep.apply(ChunkStep.java:65) ~[paper-26.2.jar:26.2-112-c9e894d]
	at ca.spottedleaf.moonrise.patches.chunk_system.scheduling.task.ChunkUpgradeGenericStatusTask.run(ChunkUpgradeGenericStatusTask.java:97) ~[paper-26.2.jar:26.2-112-c9e894d]
	at ca.spottedleaf.concurrentutil.executor.queue.AreaDependentQueue$QueuedTask.run(AreaDependentQueue.java:1154) ~[leafpile-1.0.0.jar:?]
	at ca.spottedleaf.concurrentutil.executor.thread.BalancedPrioritisedThreadPool$OrderedStreamGroup$Queue.lambda$createTask$0(BalancedPrioritisedThreadPool.java:467) ~[leafpile-1.0.0.jar:?]
	at ca.spottedleaf.concurrentutil.executor.queue.PrioritisedTaskQueue$PrioritisedQueuedTask.execute(PrioritisedTaskQueue.java:345) ~[leafpile-1.0.0.jar:?]
	at ca.spottedleaf.concurrentutil.executor.thread.BalancedPrioritisedThreadPool$OrderedStreamGroup.executeTask(BalancedPrioritisedThreadPool.java:344) ~[leafpile-1.0.0.jar:?]
	at ca.spottedleaf.concurrentutil.executor.thread.BalancedPrioritisedThreadPool$WorkerThread.pollTasks(BalancedPrioritisedThreadPool.java:630) ~[leafpile-1.0.0.jar:?]
	at ca.spottedleaf.concurrentutil.executor.QueueExecutorRunnable.mainLoop(QueueExecutorRunnable.java:74) ~[leafpile-1.0.0.jar:?]
	at ca.spottedleaf.concurrentutil.executor.QueueExecutorRunnable.doRun(QueueExecutorRunnable.java:115) ~[leafpile-1.0.0.jar:?]
	at ca.spottedleaf.concurrentutil.executor.QueueExecutorRunnable.run(QueueExecutorRunnable.java:42) ~[leafpile-1.0.0.jar:?]
	at ca.spottedleaf.concurrentutil.util.LazyRunnable.run(LazyRunnable.java:25) ~[leafpile-1.0.0.jar:?]
	at java.base/java.lang.Thread.run(Thread.java:1474) ~[?:?]
[23:06:49 ERROR]: Error executing task on Server
java.lang.IllegalStateException: Thread failed main thread check: Accessing poi chunk off-main, context=thread=Paper Common Worker #1, world=minecraft:overworld, chunk_pos=[7, 0]
	at ca.spottedleaf.moonrise.common.util.TickThread.ensureTickThread(TickThread.java:65) ~[paper-26.2.jar:26.2-112-c9e894d]
	at net.minecraft.world.entity.ai.village.poi.PoiManager.getOrLoad(PoiManager.java:89) ~[paper-26.2.jar:26.2-112-c9e894d]
	at net.minecraft.world.entity.ai.village.poi.PoiManager.exists(PoiManager.java:410) ~[paper-26.2.jar:26.2-112-c9e894d]
	at net.minecraft.server.level.ServerLevel.lambda$updatePOIOnBlockStateChange$3(ServerLevel.java:2400) ~[paper-26.2.jar:26.2-112-c9e894d]
	at net.minecraft.server.TickTask.run(TickTask.java:18) ~[paper-26.2.jar:26.2-112-c9e894d]
	at net.minecraft.util.thread.BlockableEventLoop.doRunTask(BlockableEventLoop.java:207) ~[paper-26.2.jar:26.2-112-c9e894d]
	at net.minecraft.util.thread.ReentrantBlockableEventLoop.doRunTask(ReentrantBlockableEventLoop.java:24) ~[paper-26.2.jar:26.2-112-c9e894d]
	at net.minecraft.server.MinecraftServer.doRunTask(MinecraftServer.java:1534) ~[paper-26.2.jar:26.2-112-c9e894d]
	at net.minecraft.server.MinecraftServer.doRunTask(MinecraftServer.java:192) ~[paper-26.2.jar:26.2-112-c9e894d]
	at net.minecraft.util.thread.BlockableEventLoop.execute(BlockableEventLoop.java:150) ~[paper-26.2.jar:26.2-112-c9e894d]
	at net.minecraft.server.level.ServerLevel.lambda$updatePOIOnBlockStateChange$2(ServerLevel.java:2398) ~[paper-26.2.jar:26.2-112-c9e894d]
	at java.base/java.util.Optional.ifPresent(Optional.java:178) ~[?:?]
	at net.minecraft.server.level.ServerLevel.updatePOIOnBlockStateChange(ServerLevel.java:2398) ~[paper-26.2.jar:26.2-112-c9e894d]
	at net.minecraft.server.level.WorldGenRegion.setBlock(WorldGenRegion.java:366) ~[paper-26.2.jar:26.2-112-c9e894d]
	at net.minecraft.world.level.LevelWriter.setBlock(LevelWriter.java:13) ~[paper-26.2.jar:26.2-112-c9e894d]
	at net.minecraft.world.level.levelgen.structure.templatesystem.StructureTemplate.placeInWorld(StructureTemplate.java:322) ~[paper-26.2.jar:26.2-112-c9e894d]
	at net.minecraft.world.level.levelgen.structure.pools.SinglePoolElement.place(SinglePoolElement.java:152) ~[paper-26.2.jar:26.2-112-c9e894d]
	at net.minecraft.world.level.levelgen.structure.PoolElementStructurePiece.place(PoolElementStructurePiece.java:113) ~[paper-26.2.jar:26.2-112-c9e894d]
	at net.minecraft.world.level.levelgen.structure.PoolElementStructurePiece.postProcess(PoolElementStructurePiece.java:100) ~[paper-26.2.jar:26.2-112-c9e894d]
	at net.minecraft.world.level.levelgen.structure.StructureStart.placeInChunk(StructureStart.java:111) ~[paper-26.2.jar:26.2-112-c9e894d]
	at net.minecraft.world.level.chunk.ChunkGenerator.lambda$addVanillaDecorations$3(ChunkGenerator.java:379) ~[paper-26.2.jar:26.2-112-c9e894d]
	at com.google.common.collect.ImmutableList.forEach(ImmutableList.java:421) ~[guava-33.6.0-jre.jar:?]
	at net.minecraft.world.level.chunk.ChunkGenerator.addVanillaDecorations(ChunkGenerator.java:379) ~[paper-26.2.jar:26.2-112-c9e894d]
	at net.minecraft.world.level.chunk.ChunkGenerator.applyBiomeDecoration(ChunkGenerator.java:459) ~[paper-26.2.jar:26.2-112-c9e894d]
	at net.minecraft.world.level.chunk.ChunkGenerator.applyBiomeDecoration(ChunkGenerator.java:452) ~[paper-26.2.jar:26.2-112-c9e894d]
	at net.minecraft.world.level.chunk.status.ChunkStatusTasks.generateFeatures(ChunkStatusTasks.java:147) ~[paper-26.2.jar:26.2-112-c9e894d]
	at net.minecraft.world.level.chunk.status.ChunkStep.apply(ChunkStep.java:65) ~[paper-26.2.jar:26.2-112-c9e894d]
	at ca.spottedleaf.moonrise.patches.chunk_system.scheduling.task.ChunkUpgradeGenericStatusTask.run(ChunkUpgradeGenericStatusTask.java:97) ~[paper-26.2.jar:26.2-112-c9e894d]
	at ca.spottedleaf.concurrentutil.executor.queue.AreaDependentQueue$QueuedTask.run(AreaDependentQueue.java:1154) ~[leafpile-1.0.0.jar:?]
	at ca.spottedleaf.concurrentutil.executor.thread.BalancedPrioritisedThreadPool$OrderedStreamGroup$Queue.lambda$createTask$0(BalancedPrioritisedThreadPool.java:467) ~[leafpile-1.0.0.jar:?]
	at ca.spottedleaf.concurrentutil.executor.queue.PrioritisedTaskQueue$PrioritisedQueuedTask.execute(PrioritisedTaskQueue.java:345) ~[leafpile-1.0.0.jar:?]
	at ca.spottedleaf.concurrentutil.executor.thread.BalancedPrioritisedThreadPool$OrderedStreamGroup.executeTask(BalancedPrioritisedThreadPool.java:344) ~[leafpile-1.0.0.jar:?]
	at ca.spottedleaf.concurrentutil.executor.thread.BalancedPrioritisedThreadPool$WorkerThread.pollTasks(BalancedPrioritisedThreadPool.java:630) ~[leafpile-1.0.0.jar:?]
	at ca.spottedleaf.concurrentutil.executor.QueueExecutorRunnable.mainLoop(QueueExecutorRunnable.java:74) ~[leafpile-1.0.0.jar:?]
	at ca.spottedleaf.concurrentutil.executor.QueueExecutorRunnable.doRun(QueueExecutorRunnable.java:115) ~[leafpile-1.0.0.jar:?]
	at ca.spottedleaf.concurrentutil.executor.QueueExecutorRunnable.run(QueueExecutorRunnable.java:42) ~[leafpile-1.0.0.jar:?]
	at ca.spottedleaf.concurrentutil.util.LazyRunnable.run(LazyRunnable.java:25) ~[leafpile-1.0.0.jar:?]
	at java.base/java.lang.Thread.run(Thread.java:1474) ~[?:?]
[23:06:49 INFO]: [io.zonky.test.db.postgres.embedded.EmbeddedPostgres] waiting for server to shut down.... done
[23:06:49 INFO]: [io.zonky.test.db.postgres.embedded.EmbeddedPostgres] server stopped
[23:06:49 INFO]: [io.zonky.test.db.postgres.embedded.EmbeddedPostgres] b11d25d9-5511-462e-a938-7ee991a25432 shut down postmaster in 00:00:00.543
[23:06:49 INFO]: [io.zonky.test.db.postgres.embedded.EmbeddedPostgres] Did not clean up directory C:\Users\User\AppData\Local\BranzMMORPGHarness\repo\mmo-bootstrap\run\plugins\BranzMMO\embedded-postgres
[23:06:49 INFO]: [BranzMMO] Branz MMO platform disabled cleanly.
[23:06:49 INFO]: Saving players
[23:06:49 INFO]: Saving worlds
[23:06:49 INFO]: Saving chunks for level 'ServerLevel[world]'/minecraft:overworld
[23:06:49 INFO]: [ChunkHolderManager] Waiting 60s for chunk system to halt for world 'minecraft:overworld'
[23:06:49 ERROR]: [ca.spottedleaf.moonrise.common.util.TickThread] Thread failed main thread check: Accessing poi chunk off-main, context=thread=Paper Common Worker #1, world=minecraft:overworld, chunk_pos=[7, 0]
java.lang.Throwable
	at ca.spottedleaf.moonrise.common.util.TickThread.ensureTickThread(TickThread.java:64) ~[paper-26.2.jar:26.2-112-c9e894d]
	at net.minecraft.world.entity.ai.village.poi.PoiManager.getOrLoad(PoiManager.java:89) ~[paper-26.2.jar:26.2-112-c9e894d]
	at net.minecraft.world.entity.ai.village.poi.PoiManager.exists(PoiManager.java:410) ~[paper-26.2.jar:26.2-112-c9e894d]
	at net.minecraft.server.level.ServerLevel.lambda$updatePOIOnBlockStateChange$3(ServerLevel.java:2400) ~[paper-26.2.jar:26.2-112-c9e894d]
	at net.minecraft.server.TickTask.run(TickTask.java:18) ~[paper-26.2.jar:26.2-112-c9e894d]
	at net.minecraft.util.thread.BlockableEventLoop.doRunTask(BlockableEventLoop.java:207) ~[paper-26.2.jar:26.2-112-c9e894d]
	at net.minecraft.util.thread.ReentrantBlockableEventLoop.doRunTask(ReentrantBlockableEventLoop.java:24) ~[paper-26.2.jar:26.2-112-c9e894d]
	at net.minecraft.server.MinecraftServer.doRunTask(MinecraftServer.java:1534) ~[paper-26.2.jar:26.2-112-c9e894d]
	at net.minecraft.server.MinecraftServer.doRunTask(MinecraftServer.java:192) ~[paper-26.2.jar:26.2-112-c9e894d]
	at net.minecraft.util.thread.BlockableEventLoop.execute(BlockableEventLoop.java:150) ~[paper-26.2.jar:26.2-112-c9e894d]
	at net.minecraft.server.level.ServerLevel.lambda$updatePOIOnBlockStateChange$2(ServerLevel.java:2398) ~[paper-26.2.jar:26.2-112-c9e894d]
	at java.base/java.util.Optional.ifPresent(Optional.java:178) ~[?:?]
	at net.minecraft.server.level.ServerLevel.updatePOIOnBlockStateChange(ServerLevel.java:2398) ~[paper-26.2.jar:26.2-112-c9e894d]
	at net.minecraft.server.level.WorldGenRegion.setBlock(WorldGenRegion.java:366) ~[paper-26.2.jar:26.2-112-c9e894d]
	at net.minecraft.world.level.LevelWriter.setBlock(LevelWriter.java:13) ~[paper-26.2.jar:26.2-112-c9e894d]
	at net.minecraft.world.level.levelgen.structure.templatesystem.StructureTemplate.placeInWorld(StructureTemplate.java:322) ~[paper-26.2.jar:26.2-112-c9e894d]
	at net.minecraft.world.level.levelgen.structure.pools.SinglePoolElement.place(SinglePoolElement.java:152) ~[paper-26.2.jar:26.2-112-c9e894d]
	at net.minecraft.world.level.levelgen.structure.PoolElementStructurePiece.place(PoolElementStructurePiece.java:113) ~[paper-26.2.jar:26.2-112-c9e894d]
	at net.minecraft.world.level.levelgen.structure.PoolElementStructurePiece.postProcess(PoolElementStructurePiece.java:100) ~[paper-26.2.jar:26.2-112-c9e894d]
	at net.minecraft.world.level.levelgen.structure.StructureStart.placeInChunk(StructureStart.java:111) ~[paper-26.2.jar:26.2-112-c9e894d]
	at net.minecraft.world.level.chunk.ChunkGenerator.lambda$addVanillaDecorations$3(ChunkGenerator.java:379) ~[paper-26.2.jar:26.2-112-c9e894d]
	at com.google.common.collect.ImmutableList.forEach(ImmutableList.java:421) ~[guava-33.6.0-jre.jar:?]
	at net.minecraft.world.level.chunk.ChunkGenerator.addVanillaDecorations(ChunkGenerator.java:379) ~[paper-26.2.jar:26.2-112-c9e894d]
	at net.minecraft.world.level.chunk.ChunkGenerator.applyBiomeDecoration(ChunkGenerator.java:459) ~[paper-26.2.jar:26.2-112-c9e894d]
	at net.minecraft.world.level.chunk.ChunkGenerator.applyBiomeDecoration(ChunkGenerator.java:452) ~[paper-26.2.jar:26.2-112-c9e894d]
	at net.minecraft.world.level.chunk.status.ChunkStatusTasks.generateFeatures(ChunkStatusTasks.java:147) ~[paper-26.2.jar:26.2-112-c9e894d]
	at net.minecraft.world.level.chunk.status.ChunkStep.apply(ChunkStep.java:65) ~[paper-26.2.jar:26.2-112-c9e894d]
	at ca.spottedleaf.moonrise.patches.chunk_system.scheduling.task.ChunkUpgradeGenericStatusTask.run(ChunkUpgradeGenericStatusTask.java:97) ~[paper-26.2.jar:26.2-112-c9e894d]
	at ca.spottedleaf.concurrentutil.executor.queue.AreaDependentQueue$QueuedTask.run(AreaDependentQueue.java:1154) ~[leafpile-1.0.0.jar:?]
	at ca.spottedleaf.concurrentutil.executor.thread.BalancedPrioritisedThreadPool$OrderedStreamGroup$Queue.lambda$createTask$0(BalancedPrioritisedThreadPool.java:467) ~[leafpile-1.0.0.jar:?]
	at ca.spottedleaf.concurrentutil.executor.queue.PrioritisedTaskQueue$PrioritisedQueuedTask.execute(PrioritisedTaskQueue.java:345) ~[leafpile-1.0.0.jar:?]
	at ca.spottedleaf.concurrentutil.executor.thread.BalancedPrioritisedThreadPool$OrderedStreamGroup.executeTask(BalancedPrioritisedThreadPool.java:344) ~[leafpile-1.0.0.jar:?]
	at ca.spottedleaf.concurrentutil.executor.thread.BalancedPrioritisedThreadPool$WorkerThread.pollTasks(BalancedPrioritisedThreadPool.java:630) ~[leafpile-1.0.0.jar:?]
	at ca.spottedleaf.concurrentutil.executor.QueueExecutorRunnable.mainLoop(QueueExecutorRunnable.java:74) ~[leafpile-1.0.0.jar:?]
	at ca.spottedleaf.concurrentutil.executor.QueueExecutorRunnable.doRun(QueueExecutorRunnable.java:115) ~[leafpile-1.0.0.jar:?]
	at ca.spottedleaf.concurrentutil.executor.QueueExecutorRunnable.run(QueueExecutorRunnable.java:42) ~[leafpile-1.0.0.jar:?]
	at ca.spottedleaf.concurrentutil.util.LazyRunnable.run(LazyRunnable.java:25) ~[leafpile-1.0.0.jar:?]
	at java.base/java.lang.Thread.run(Thread.java:1474) ~[?:?]
[23:06:49 ERROR]: Error executing task on Server
java.lang.IllegalStateException: Thread failed main thread check: Accessing poi chunk off-main, context=thread=Paper Common Worker #1, world=minecraft:overworld, chunk_pos=[7, 0]
	at ca.spottedleaf.moonrise.common.util.TickThread.ensureTickThread(TickThread.java:65) ~[paper-26.2.jar:26.2-112-c9e894d]
	at net.minecraft.world.entity.ai.village.poi.PoiManager.getOrLoad(PoiManager.java:89) ~[paper-26.2.jar:26.2-112-c9e894d]
	at net.minecraft.world.entity.ai.village.poi.PoiManager.exists(PoiManager.java:410) ~[paper-26.2.jar:26.2-112-c9e894d]
	at net.minecraft.server.level.ServerLevel.lambda$updatePOIOnBlockStateChange$3(ServerLevel.java:2400) ~[paper-26.2.jar:26.2-112-c9e894d]
	at net.minecraft.server.TickTask.run(TickTask.java:18) ~[paper-26.2.jar:26.2-112-c9e894d]
	at net.minecraft.util.thread.BlockableEventLoop.doRunTask(BlockableEventLoop.java:207) ~[paper-26.2.jar:26.2-112-c9e894d]
	at net.minecraft.util.thread.ReentrantBlockableEventLoop.doRunTask(ReentrantBlockableEventLoop.java:24) ~[paper-26.2.jar:26.2-112-c9e894d]
	at net.minecraft.server.MinecraftServer.doRunTask(MinecraftServer.java:1534) ~[paper-26.2.jar:26.2-112-c9e894d]
	at net.minecraft.server.MinecraftServer.doRunTask(MinecraftServer.java:192) ~[paper-26.2.jar:26.2-112-c9e894d]
	at net.minecraft.util.thread.BlockableEventLoop.execute(BlockableEventLoop.java:150) ~[paper-26.2.jar:26.2-112-c9e894d]
	at net.minecraft.server.level.ServerLevel.lambda$updatePOIOnBlockStateChange$2(ServerLevel.java:2398) ~[paper-26.2.jar:26.2-112-c9e894d]
	at java.base/java.util.Optional.ifPresent(Optional.java:178) ~[?:?]
	at net.minecraft.server.level.ServerLevel.updatePOIOnBlockStateChange(ServerLevel.java:2398) ~[paper-26.2.jar:26.2-112-c9e894d]
	at net.minecraft.server.level.WorldGenRegion.setBlock(WorldGenRegion.java:366) ~[paper-26.2.jar:26.2-112-c9e894d]
	at net.minecraft.world.level.LevelWriter.setBlock(LevelWriter.java:13) ~[paper-26.2.jar:26.2-112-c9e894d]
	at net.minecraft.world.level.levelgen.structure.templatesystem.StructureTemplate.placeInWorld(StructureTemplate.java:322) ~[paper-26.2.jar:26.2-112-c9e894d]
	at net.minecraft.world.level.levelgen.structure.pools.SinglePoolElement.place(SinglePoolElement.java:152) ~[paper-26.2.jar:26.2-112-c9e894d]
	at net.minecraft.world.level.levelgen.structure.PoolElementStructurePiece.place(PoolElementStructurePiece.java:113) ~[paper-26.2.jar:26.2-112-c9e894d]
	at net.minecraft.world.level.levelgen.structure.PoolElementStructurePiece.postProcess(PoolElementStructurePiece.java:100) ~[paper-26.2.jar:26.2-112-c9e894d]
	at net.minecraft.world.level.levelgen.structure.StructureStart.placeInChunk(StructureStart.java:111) ~[paper-26.2.jar:26.2-112-c9e894d]
	at net.minecraft.world.level.chunk.ChunkGenerator.lambda$addVanillaDecorations$3(ChunkGenerator.java:379) ~[paper-26.2.jar:26.2-112-c9e894d]
	at com.google.common.collect.ImmutableList.forEach(ImmutableList.java:421) ~[guava-33.6.0-jre.jar:?]
	at net.minecraft.world.level.chunk.ChunkGenerator.addVanillaDecorations(ChunkGenerator.java:379) ~[paper-26.2.jar:26.2-112-c9e894d]
	at net.minecraft.world.level.chunk.ChunkGenerator.applyBiomeDecoration(ChunkGenerator.java:459) ~[paper-26.2.jar:26.2-112-c9e894d]
	at net.minecraft.world.level.chunk.ChunkGenerator.applyBiomeDecoration(ChunkGenerator.java:452) ~[paper-26.2.jar:26.2-112-c9e894d]
	at net.minecraft.world.level.chunk.status.ChunkStatusTasks.generateFeatures(ChunkStatusTasks.java:147) ~[paper-26.2.jar:26.2-112-c9e894d]
	at net.minecraft.world.level.chunk.status.ChunkStep.apply(ChunkStep.java:65) ~[paper-26.2.jar:26.2-112-c9e894d]
	at ca.spottedleaf.moonrise.patches.chunk_system.scheduling.task.ChunkUpgradeGenericStatusTask.run(ChunkUpgradeGenericStatusTask.java:97) ~[paper-26.2.jar:26.2-112-c9e894d]
	at ca.spottedleaf.concurrentutil.executor.queue.AreaDependentQueue$QueuedTask.run(AreaDependentQueue.java:1154) ~[leafpile-1.0.0.jar:?]
	at ca.spottedleaf.concurrentutil.executor.thread.BalancedPrioritisedThreadPool$OrderedStreamGroup$Queue.lambda$createTask$0(BalancedPrioritisedThreadPool.java:467) ~[leafpile-1.0.0.jar:?]
	at ca.spottedleaf.concurrentutil.executor.queue.PrioritisedTaskQueue$PrioritisedQueuedTask.execute(PrioritisedTaskQueue.java:345) ~[leafpile-1.0.0.jar:?]
	at ca.spottedleaf.concurrentutil.executor.thread.BalancedPrioritisedThreadPool$OrderedStreamGroup.executeTask(BalancedPrioritisedThreadPool.java:344) ~[leafpile-1.0.0.jar:?]
	at ca.spottedleaf.concurrentutil.executor.thread.BalancedPrioritisedThreadPool$WorkerThread.pollTasks(BalancedPrioritisedThreadPool.java:630) ~[leafpile-1.0.0.jar:?]
	at ca.spottedleaf.concurrentutil.executor.QueueExecutorRunnable.mainLoop(QueueExecutorRunnable.java:74) ~[leafpile-1.0.0.jar:?]
	at ca.spottedleaf.concurrentutil.executor.QueueExecutorRunnable.doRun(QueueExecutorRunnable.java:115) ~[leafpile-1.0.0.jar:?]
	at ca.spottedleaf.concurrentutil.executor.QueueExecutorRunnable.run(QueueExecutorRunnable.java:42) ~[leafpile-1.0.0.jar:?]
	at ca.spottedleaf.concurrentutil.util.LazyRunnable.run(LazyRunnable.java:25) ~[leafpile-1.0.0.jar:?]
	at java.base/java.lang.Thread.run(Thread.java:1474) ~[?:?]
[23:06:49 INFO]: [ChunkHolderManager] Halted chunk system for world 'minecraft:overworld'
[23:06:49 INFO]: [ChunkHolderManager] Saving all chunkholders for world 'minecraft:overworld'
[23:06:50 INFO]: [ChunkHolderManager] Saved 1434 block chunks, 135 entity chunks, 2 poi chunks in world 'minecraft:overworld' in 0.95s
[23:06:50 INFO]: [ChunkHolderManager] Waiting 60s for chunk I/O to halt for world 'minecraft:overworld'
[23:06:50 INFO]: [ChunkHolderManager] Halted I/O scheduler for world 'minecraft:overworld'
[23:06:50 INFO]: Saving chunks for level 'ServerLevel[world]'/minecraft:the_nether
[23:06:50 INFO]: [ChunkHolderManager] Waiting 60s for chunk system to halt for world 'minecraft:the_nether'
[23:06:50 INFO]: [ChunkHolderManager] Halted chunk system for world 'minecraft:the_nether'
[23:06:50 INFO]: [ChunkHolderManager] Saving all chunkholders for world 'minecraft:the_nether'
[23:06:50 INFO]: [ChunkHolderManager] Saved 0 block chunks, 0 entity chunks, 0 poi chunks in world 'minecraft:the_nether' in 0.00s
[23:06:50 INFO]: [ChunkHolderManager] Waiting 60s for chunk I/O to halt for world 'minecraft:the_nether'
[23:06:50 INFO]: [ChunkHolderManager] Halted I/O scheduler for world 'minecraft:the_nether'
[23:06:50 INFO]: Saving chunks for level 'ServerLevel[world]'/minecraft:the_end
[23:06:50 INFO]: [ChunkHolderManager] Waiting 60s for chunk system to halt for world 'minecraft:the_end'
[23:06:50 INFO]: [ChunkHolderManager] Halted chunk system for world 'minecraft:the_end'
[23:06:50 INFO]: [ChunkHolderManager] Saving all chunkholders for world 'minecraft:the_end'
[23:06:50 INFO]: [ChunkHolderManager] Saved 0 block chunks, 0 entity chunks, 0 poi chunks in world 'minecraft:the_end' in 0.00s
[23:06:50 INFO]: [ChunkHolderManager] Waiting 60s for chunk I/O to halt for world 'minecraft:the_end'
[23:06:50 INFO]: [ChunkHolderManager] Halted I/O scheduler for world 'minecraft:the_end'
[23:06:50 INFO]: ThreadedAnvilChunkStorage (world): All chunks are saved
[23:06:50 INFO]: ThreadedAnvilChunkStorage (DIM-1): All chunks are saved
[23:06:50 INFO]: ThreadedAnvilChunkStorage (DIM1): All chunks are saved
[23:06:50 INFO]: ThreadedAnvilChunkStorage: All dimensions are saved
[23:06:50 INFO]: Waiting for all RegionFile I/O tasks to complete...
[23:06:50 INFO]: All RegionFile I/O tasks to complete
[23:06:50 INFO]: [MoonriseCommon] Awaiting termination of worker pool for up to 60s...
[23:06:50 INFO]: [MoonriseCommon] Awaiting termination of I/O pool for up to 60s...

BUILD SUCCESSFUL in 2m 7s
39 actionable tasks: 1 executed, 38 up-to-date
Consider enabling configuration cache to speed up this build: https://docs.gradle.org/9.1.0/userguide/configuration_cache_enabling.html
