To honour the JVM settings for this build a single-use Daemon process will be forked. For more on this, please refer to https://docs.gradle.org/9.1.0/userguide/gradle_daemon.html#sec:disabling_the_daemon in the Gradle documentation.
Daemon will be stopped at the end of the build 
> Task :mmo-api:compileJava UP-TO-DATE
> Task :mmo-api:processResources NO-SOURCE
> Task :mmo-api:classes UP-TO-DATE
> Task :mmo-api:jar UP-TO-DATE
> Task :mmo-content:compileJava UP-TO-DATE
> Task :mmo-combat:compileJava UP-TO-DATE
> Task :mmo-integrations:compileJava UP-TO-DATE
> Task :mmo-items:compileJava UP-TO-DATE
> Task :mmo-lifeskills:compileJava UP-TO-DATE
> Task :mmo-magic:compileJava UP-TO-DATE
> Task :mmo-progression:compileJava UP-TO-DATE
> Task :mmo-persistence:compileJava UP-TO-DATE
> Task :mmo-scenes:compileJava UP-TO-DATE
> Task :mmo-social:compileJava UP-TO-DATE
> Task :mmo-worldloop:compileJava UP-TO-DATE
> Task :mmo-integrations:integration-mythicmobs:compileJava UP-TO-DATE
> Task :mmo-integrations:integration-oraxen:compileJava UP-TO-DATE
> Task :mmo-integrations:integration-packetevents:compileJava UP-TO-DATE
> Task :mmo-integrations:integration-wallet:compileJava UP-TO-DATE
> Task :mmo-integrations:integration-worldguard:compileJava UP-TO-DATE
> Task :mmo-bootstrap:compileJava
> Task :mmo-bootstrap:processResources UP-TO-DATE
> Task :mmo-bootstrap:classes
> Task :mmo-combat:processResources NO-SOURCE
> Task :mmo-combat:classes UP-TO-DATE
> Task :mmo-combat:jar UP-TO-DATE
> Task :mmo-content:processResources NO-SOURCE
> Task :mmo-content:classes UP-TO-DATE
> Task :mmo-content:jar UP-TO-DATE
> Task :mmo-integrations:processResources NO-SOURCE
> Task :mmo-integrations:classes UP-TO-DATE
> Task :mmo-integrations:jar UP-TO-DATE
> Task :mmo-items:processResources NO-SOURCE
> Task :mmo-items:classes UP-TO-DATE
> Task :mmo-items:jar UP-TO-DATE
> Task :mmo-lifeskills:processResources NO-SOURCE
> Task :mmo-lifeskills:classes UP-TO-DATE
> Task :mmo-lifeskills:jar UP-TO-DATE
> Task :mmo-magic:processResources NO-SOURCE
> Task :mmo-magic:classes UP-TO-DATE
> Task :mmo-magic:jar UP-TO-DATE
> Task :mmo-persistence:processResources UP-TO-DATE
> Task :mmo-persistence:classes UP-TO-DATE
> Task :mmo-persistence:jar UP-TO-DATE
> Task :mmo-progression:processResources NO-SOURCE
> Task :mmo-progression:classes UP-TO-DATE
> Task :mmo-progression:jar UP-TO-DATE
> Task :mmo-scenes:processResources NO-SOURCE
> Task :mmo-scenes:classes UP-TO-DATE
> Task :mmo-scenes:jar UP-TO-DATE
> Task :mmo-social:processResources NO-SOURCE
> Task :mmo-social:classes UP-TO-DATE
> Task :mmo-social:jar UP-TO-DATE
> Task :mmo-worldloop:processResources NO-SOURCE
> Task :mmo-worldloop:classes UP-TO-DATE
> Task :mmo-worldloop:jar UP-TO-DATE
> Task :mmo-integrations:integration-mythicmobs:processResources NO-SOURCE
> Task :mmo-integrations:integration-mythicmobs:classes UP-TO-DATE
> Task :mmo-integrations:integration-mythicmobs:jar UP-TO-DATE
> Task :mmo-integrations:integration-oraxen:processResources NO-SOURCE
> Task :mmo-integrations:integration-oraxen:classes UP-TO-DATE
> Task :mmo-integrations:integration-oraxen:jar UP-TO-DATE
> Task :mmo-integrations:integration-packetevents:processResources NO-SOURCE
> Task :mmo-integrations:integration-packetevents:classes UP-TO-DATE
> Task :mmo-integrations:integration-packetevents:jar UP-TO-DATE
> Task :mmo-integrations:integration-wallet:processResources NO-SOURCE
> Task :mmo-integrations:integration-wallet:classes UP-TO-DATE
> Task :mmo-integrations:integration-wallet:jar UP-TO-DATE
> Task :mmo-integrations:integration-worldguard:processResources NO-SOURCE
> Task :mmo-integrations:integration-worldguard:classes UP-TO-DATE
> Task :mmo-integrations:integration-worldguard:jar UP-TO-DATE
> Task :mmo-bootstrap:shadowJar

> Task :mmo-bootstrap:runServer
Located Paper 26.2 build 112 in local cache.
Starting Paper...

Downloading mojang_26.2.jar
Applying patches
Starting org.bukkit.craftbukkit.Main
2026-08-11T21:07:37.297755500Z ServerMain WARN Advanced terminal features are not available in this environment
[04:07:37 INFO]: [bootstrap] Running Java 25 (OpenJDK 64-Bit Server VM 25.0.3+9-LTS; Eclipse Adoptium Temurin-25.0.3+9) on Windows 11 10.0 (amd64)
[04:07:37 INFO]: [bootstrap] Loading Paper 26.2-112-main@c9e894d (2026-08-11T05:18:39Z) for Minecraft 26.2
[04:07:37 INFO]: [PluginInitializerManager] Initializing plugins...
[04:07:37 INFO]: [PluginInitializerManager] Initialized 1 plugin
[04:07:37 INFO]: [PluginInitializerManager] Bukkit plugins (1):
 - BranzMMO (1.0.0-SNAPSHOT)
WARNING: A terminally deprecated method in sun.misc.Unsafe has been called
WARNING: sun.misc.Unsafe::objectFieldOffset has been called by org.joml.MemUtil$MemUtilUnsafe (file:/C:/Users/User/AppData/Local/BranzMMORPGHarness/repo/mmo-bootstrap/run/libraries/org/joml/joml/1.10.8/joml-1.10.8.jar)
WARNING: Please consider reporting this to the maintainers of class org.joml.MemUtil$MemUtilUnsafe
WARNING: sun.misc.Unsafe::objectFieldOffset will be removed in a future release
[04:07:40 INFO]: [ca.spottedleaf.dataconverter.minecraft.datatypes.MCTypeRegistry] Initialising converters for DataConverter...
[04:07:41 INFO]: Environment: Environment[sessionHost=https://sessionserver.mojang.com, servicesHost=https://api.minecraftservices.com, profilesHost=https://api.mojang.com, name=PROD]
[04:07:41 INFO]: [ca.spottedleaf.dataconverter.minecraft.datatypes.MCTypeRegistry] Finished initialising converters for DataConverter in 283.8ms
[04:07:41 INFO]: Found new data pack paper, loading it automatically
[04:07:41 INFO]: No existing world data, creating new world
[04:07:42 INFO]: Loaded 1585 recipes
[04:07:42 INFO]: Loaded 1688 advancements
[04:07:42 INFO]: Starting minecraft server version 26.2
[04:07:42 INFO]: Loading properties
[04:07:42 INFO]: This server is running Paper version 26.2-112-main@c9e894d (2026-08-11T05:18:39Z) (Implementing API version 26.2.build.112-stable)
[04:07:42 INFO]: [spark] This server bundles the spark profiler. For more information please visit https://docs.papermc.io/paper/profiling
[04:07:42 INFO]: Server Ping Player Sample Count: 12
[04:07:42 INFO]: Using 4 threads for Netty based IO
[04:07:42 INFO]: [MoonriseCommon] Paper is using 3 worker threads, 1 I/O threads
[04:07:42 INFO]: Default game type: SURVIVAL
[04:07:42 INFO]: Generating keypair
[04:07:42 INFO]: Starting Minecraft server on *:25565
[04:07:42 INFO]: Paper: Using Java compression from Velocity.
[04:07:42 INFO]: Paper: Using Java cipher from Velocity.
[04:07:43 INFO]: [BranzMMO] Loading server plugin BranzMMO v1.0.0-SNAPSHOT
[04:07:43 INFO]: [BranzMMO] Enabling BranzMMO v1.0.0-SNAPSHOT
[04:07:43 INFO]: [BranzMMO] Loading and validating content snapshot from C:\Users\User\AppData\Local\BranzMMORPGHarness\repo\example-content\milestone-1
[04:07:43 WARN]: **** SERVER IS RUNNING IN OFFLINE/INSECURE MODE!
[04:07:43 WARN]: The server will make no attempt to authenticate usernames. Beware.
[04:07:43 WARN]: While this makes the game possible to play without internet access, it also opens up the ability for hackers to connect with any username they choose.
[04:07:43 WARN]: To change this, set "online-mode" to "true" in the server.properties file.
[04:07:43 INFO]: Preparing level "world"
[04:07:43 INFO]: Selecting spawn point for level 'minecraft:overworld'...
[04:07:45 INFO]: Selecting spawn point for level 'minecraft:the_nether'...
[04:07:45 INFO]: Selecting spawn point for level 'minecraft:the_end'...
[04:07:45 INFO]: Loading 0 persistent chunks for level 'minecraft:overworld'...
[04:07:45 INFO]: Preparing spawn area: 100%
[04:07:45 INFO]: Prepared spawn area in 2622 ms
[04:07:45 INFO]: Loading 0 persistent chunks for level 'minecraft:the_nether'...
[04:07:45 INFO]: Preparing spawn area: 100%
[04:07:45 INFO]: Prepared spawn area in 615 ms
[04:07:45 INFO]: Loading 0 persistent chunks for level 'minecraft:the_end'...
[04:07:45 INFO]: Preparing spawn area: 100%
[04:07:46 INFO]: Prepared spawn area in 189 ms
[04:07:46 INFO]: Done preparing level "world" (2.905s)
[04:07:46 INFO]: [spark] Starting background profiler...
[04:07:46 INFO]: [spark] The async-profiler engine is not supported for your os/arch (windows11/amd64), so the built-in Java engine will be used instead.
[04:07:46 INFO]: Saving chunks for level 'ServerLevel[world]'/minecraft:overworld
[04:07:46 INFO]: Saving chunks for level 'ServerLevel[world]'/minecraft:the_nether
[04:07:46 INFO]: Saving chunks for level 'ServerLevel[world]'/minecraft:the_end
[04:07:46 INFO]: ThreadedAnvilChunkStorage (world): All chunks are saved
[04:07:46 INFO]: ThreadedAnvilChunkStorage (DIM-1): All chunks are saved
[04:07:46 INFO]: ThreadedAnvilChunkStorage (DIM1): All chunks are saved
[04:07:46 INFO]: ThreadedAnvilChunkStorage: All dimensions are saved
[04:07:46 INFO]: Running delayed init tasks
[04:07:46 INFO]: Done (9.654s)! For help, type "help"
[04:07:46 INFO]: *************************************************************************************
[04:07:46 INFO]: This is the first time you're starting this server.
[04:07:46 INFO]: It's recommended you read our 'Getting Started' documentation for guidance.
[04:07:46 INFO]: View this and more helpful information here: https://docs.papermc.io/paper/next-steps
[04:07:46 INFO]: *************************************************************************************
[04:07:46 INFO]: [io.zonky.test.db.postgres.embedded.EmbeddedPostgres] Detected a Windows x86_64 system
[04:07:46 INFO]: [io.zonky.test.db.postgres.embedded.DefaultPostgresBinaryResolver] Detected distribution: 'Unknown'
[04:07:46 INFO]: [io.zonky.test.db.postgres.embedded.DefaultPostgresBinaryResolver] System specific postgres binaries found: 'postgres-windows-x86_64.txz'
[04:07:47 INFO]: [io.zonky.test.db.postgres.embedded.EmbeddedPostgres] Extracting Postgres...
[04:07:49 INFO]: [io.zonky.test.db.postgres.embedded.EmbeddedPostgres] Postgres binaries at C:\Users\User\AppData\Local\Temp\embedded-pg\PG-3942d5a1dcdbfebc27772e9e670d5d85
[04:07:49 INFO]: [io.zonky.test.db.postgres.embedded.EmbeddedPostgres] The files belonging to this database system will be owned by user "User".
[04:07:49 INFO]: [io.zonky.test.db.postgres.embedded.EmbeddedPostgres] This user must also own the server process.
[04:07:49 INFO]: [io.zonky.test.db.postgres.embedded.EmbeddedPostgres] 
[04:07:49 INFO]: [io.zonky.test.db.postgres.embedded.EmbeddedPostgres] The database cluster will be initialized with locale "English_United States.874".
[04:07:49 INFO]: [io.zonky.test.db.postgres.embedded.EmbeddedPostgres] The default text search configuration will be set to "english".
[04:07:49 INFO]: [io.zonky.test.db.postgres.embedded.EmbeddedPostgres] 
[04:07:49 INFO]: [io.zonky.test.db.postgres.embedded.EmbeddedPostgres] Data page checksums are disabled.
[04:07:49 INFO]: [io.zonky.test.db.postgres.embedded.EmbeddedPostgres] 
[04:07:49 INFO]: [io.zonky.test.db.postgres.embedded.EmbeddedPostgres] fixing permissions on existing directory C:/Users/User/AppData/Local/BranzMMORPGHarness/repo/mmo-bootstrap/run/plugins/BranzMMO/embedded-postgres ... ok
[04:07:49 INFO]: [io.zonky.test.db.postgres.embedded.EmbeddedPostgres] creating subdirectories ... ok
[04:07:49 INFO]: [io.zonky.test.db.postgres.embedded.EmbeddedPostgres] selecting dynamic shared memory implementation ... windows
[04:07:49 INFO]: [io.zonky.test.db.postgres.embedded.EmbeddedPostgres] selecting default max_connections ... 100
[04:07:50 INFO]: [io.zonky.test.db.postgres.embedded.EmbeddedPostgres] selecting default shared_buffers ... 128MB
[04:07:50 INFO]: [io.zonky.test.db.postgres.embedded.EmbeddedPostgres] selecting default time zone ... Asia/Bangkok
[04:07:50 INFO]: [io.zonky.test.db.postgres.embedded.EmbeddedPostgres] creating configuration files ... ok
[04:07:50 INFO]: [io.zonky.test.db.postgres.embedded.EmbeddedPostgres] running bootstrap script ... ok
[04:07:53 INFO]: [io.zonky.test.db.postgres.embedded.EmbeddedPostgres] performing post-bootstrap initialization ... ok
[04:07:56 INFO]: [io.zonky.test.db.postgres.embedded.EmbeddedPostgres] syncing data to disk ... ok
[04:07:56 INFO]: [io.zonky.test.db.postgres.embedded.EmbeddedPostgres] 
[04:07:56 INFO]: [io.zonky.test.db.postgres.embedded.EmbeddedPostgres] Success. You can now start the database server using:
[04:07:56 INFO]: [io.zonky.test.db.postgres.embedded.EmbeddedPostgres] 
[04:07:56 INFO]: [io.zonky.test.db.postgres.embedded.EmbeddedPostgres]     ^"C^:^\Users^\User^\AppData^\Local^\Temp^\embedded^-pg^\PG^-3942d5a1dcdbfebc27772e9e670d5d85^\bin^\pg^_ctl^" -D ^"C^:^\Users^\User^\AppData^\Local^\BranzMMORPGHarness^\repo^\mmo^-bootstrap^\run^\plugins^\BranzMMO^\embedded^-postgres^" -l logfile start
[04:07:56 INFO]: [io.zonky.test.db.postgres.embedded.EmbeddedPostgres] 
[04:07:56 INFO]: [io.zonky.test.db.postgres.embedded.EmbeddedPostgres] efbdd957-9523-48d4-bc9f-944b1ccfc1e9 initdb completed in 00:00:07.527
[04:07:56 INFO]: [io.zonky.test.db.postgres.embedded.EmbeddedPostgres] efbdd957-9523-48d4-bc9f-944b1ccfc1e9 postmaster started as Process[pid=4060, exitValue="not exited"] on port 63563.  Waiting up to PT10S for server startup to finish.
[04:07:57 INFO]: [io.zonky.test.db.postgres.embedded.EmbeddedPostgres] waiting for server to start....2026-08-12 04:07:57.040 +07 [11988] LOG:  starting PostgreSQL 14.22, compiled by Visual C++ build 1944, 64-bit
[04:07:57 INFO]: [io.zonky.test.db.postgres.embedded.EmbeddedPostgres] 2026-08-12 04:07:57.045 +07 [11988] LOG:  listening on IPv6 address "::1", port 63563
[04:07:57 INFO]: [io.zonky.test.db.postgres.embedded.EmbeddedPostgres] 2026-08-12 04:07:57.045 +07 [11988] LOG:  listening on IPv4 address "127.0.0.1", port 63563
[04:07:57 INFO]: [io.zonky.test.db.postgres.embedded.EmbeddedPostgres] 2026-08-12 04:07:57.086 +07 [29004] LOG:  database system was shut down at 2026-08-12 04:07:53 +07
[04:07:57 INFO]: [io.zonky.test.db.postgres.embedded.EmbeddedPostgres] 2026-08-12 04:07:57.133 +07 [11988] LOG:  database system is ready to accept connections
[04:07:57 INFO]: [io.zonky.test.db.postgres.embedded.EmbeddedPostgres]  done
[04:07:57 INFO]: [io.zonky.test.db.postgres.embedded.EmbeddedPostgres] server started
[04:07:57 INFO]: [io.zonky.test.db.postgres.embedded.EmbeddedPostgres] efbdd957-9523-48d4-bc9f-944b1ccfc1e9 postmaster startup finished in 00:00:00.520
[04:07:58 INFO]: [BranzMMO] Milestone 3 runtime ready; item definitions=20, move definitions=6, spell definitions=5, technique definitions=5, form definitions=4, ailment definitions=6, encounter reward definitions=1, Scene presentation=WORLD_BACKED
[04:07:58 INFO]: [BranzMMO] Provider asset.oraxen=UNAVAILABLE [OPTIONAL]: plugin is not installed: Oraxen
[04:07:58 INFO]: [BranzMMO] Provider mob.mythicmobs=UNAVAILABLE [OPTIONAL]: plugin is not installed: MythicMobs
[04:07:58 INFO]: [BranzMMO] Provider packet.packetevents=UNAVAILABLE [OPTIONAL]: plugin is not installed: packetevents
[04:07:58 INFO]: [BranzMMO] Provider region.worldguard=UNAVAILABLE [OPTIONAL]: plugin is not installed: WorldGuard
[04:07:58 INFO]: [BranzMMO] Provider wallet.external=UNAVAILABLE [OPTIONAL]: plugin is not installed: Wallet
[04:07:58 WARN]: [BranzMMO] asset.oraxen [OPTIONAL]: plugin is not installed: Oraxen
[04:07:58 WARN]: [BranzMMO] mob.mythicmobs [OPTIONAL]: plugin is not installed: MythicMobs
[04:07:58 WARN]: [BranzMMO] packet.packetevents [OPTIONAL]: plugin is not installed: packetevents
[04:07:58 WARN]: [BranzMMO] region.worldguard [OPTIONAL]: plugin is not installed: WorldGuard
[04:07:58 WARN]: [BranzMMO] wallet.external [OPTIONAL]: plugin is not installed: Wallet
[04:07:58 INFO]: [BranzMMO] Branz MMO startup DEGRADED; content=v1.milestone-1.example.4, definitions=48
[04:07:58 INFO]: [BranzMMO] PostgreSQL runtime ready; mode=EMBEDDED_LOCAL, server-instance=local-ced11833-3d80-4dd1-abdc-8fc816e8d62c
[04:07:58 INFO]: [BranzMMO] Recovered 0 boss encounter(s) from V0009.
[04:07:58 INFO]: [BranzMMO] Death Pouch reconciliation is ready.
[04:07:58 INFO]: [BranzMMO] Recovered 0 downed encounter(s) from V0010.
[04:08:16 INFO]: UUID of player Player0 is 2654e3c3-150d-3857-a426-0b141796a4e0
[04:08:19 INFO]: Player0 joined the game
[04:08:19 INFO]: Player0[/127.0.0.1:63601] logged in with entity id 9 at ([minecraft:overworld]-966.5, 69.0, 4.5)
[04:08:19 INFO]: Made Player0 a server operator
[04:08:19 INFO]: Set 7 experience levels on Player0
[04:08:20 INFO]: [BranzMMO] PHYSICAL_AUTHORITY_PRIMARY_STAGE_PERSISTED_SERVER player=Player0 definition=weapon.training_blade
[04:08:20 INFO]: [BranzMMO] PHYSICAL_AUTHORITY_PRIMARY_STAGE_PROJECTED_SERVER player=Player0 definition=weapon.training_blade
[04:08:20 INFO]: [BranzMMO] PHYSICAL_AUTHORITY_HOTBAR_STAGE_PROJECTED_SERVER player=Player0 definition=weapon.training_blade
[04:08:20 INFO]: Player0 issued server command: /mmo physical status
[04:08:21 INFO]: [BranzMMO] PHYSICAL_AUTHORITY_HOTBAR_CLICK_HANDLER_SERVER player=Player0 action=PICKUP_ALL click=LEFT rawSlot=36 slot=0 cancelled=false currentProjection=true cursorProjection=false
[04:08:21 INFO]: [BranzMMO] PHYSICAL_AUTHORITY_HOTBAR_CLICK_MONITOR_SERVER player=Player0 action=PICKUP_ALL click=LEFT rawSlot=36 slot=0 cancelled=false sameInventory=true currentProjection=true eventCursorProjection=false playerCursorProjection=false
[04:08:21 INFO]: [BranzMMO] PHYSICAL_AUTHORITY_HOTBAR_CLICK_HANDLER_SERVER player=Player0 action=PLACE_ALL click=LEFT rawSlot=43 slot=7 cancelled=false currentProjection=false cursorProjection=true
[04:08:21 INFO]: [BranzMMO] PHYSICAL_AUTHORITY_HOTBAR_CLICK_MONITOR_SERVER player=Player0 action=PLACE_ALL click=LEFT rawSlot=43 slot=7 cancelled=false sameInventory=true currentProjection=false eventCursorProjection=true playerCursorProjection=true
[04:08:21 INFO]: [BranzMMO] PHYSICAL_AUTHORITY_HOTBAR_OBSERVATION_SERVER player=Player0 storageCount=1 cursorPresent=false
[04:08:21 INFO]: [BranzMMO] PHYSICAL_AUTHORITY_HOTBAR_PLAN_SERVER player=Player0 disposition=READY_TO_COMMIT intent=0->7:6c7b094b-72e4-4824-93b7-57f90572e349
[04:08:21 INFO]: [BranzMMO] PHYSICAL_AUTHORITY_HOTBAR_COMMIT_BEGIN_SERVER player=Player0 source=0 destination=7 value=6c7b094b-72e4-4824-93b7-57f90572e349
[04:08:22 INFO]: [BranzMMO] PHYSICAL_AUTHORITY_HOTBAR_MOVE_COMMITTED_SERVER player=Player0 value=6c7b094b-72e4-4824-93b7-57f90572e349 source=0 destination=7
[04:08:22 INFO]: Player0 issued server command: /mmo physical status
[04:08:22 INFO]: Player0 lost connection: Disconnected
[04:08:22 INFO]: UUID of player Player0 is 2654e3c3-150d-3857-a426-0b141796a4e0
[04:08:22 INFO]: Player0 left the game
[04:08:23 INFO]: Player0 joined the game
[04:08:23 INFO]: Player0[/127.0.0.1:63645] logged in with entity id 102 at ([minecraft:overworld]-966.5, 69.0, 4.5)
[04:08:54 INFO]: Player0 lost connection: Disconnected
[04:08:54 INFO]: Player0 left the game
[04:08:54 INFO]: Stopping the server
[04:08:54 INFO]: Stopping server
[04:08:54 INFO]: [BranzMMO] Disabling BranzMMO v1.0.0-SNAPSHOT
[04:08:54 INFO]: [io.zonky.test.db.postgres.embedded.EmbeddedPostgres] 2026-08-12 04:08:54.974 +07 [11988] LOG:  received fast shutdown request
[04:08:54 INFO]: [io.zonky.test.db.postgres.embedded.EmbeddedPostgres] 2026-08-12 04:08:54.975 +07 [11988] LOG:  aborting any active transactions
[04:08:54 INFO]: [io.zonky.test.db.postgres.embedded.EmbeddedPostgres] 2026-08-12 04:08:54.979 +07 [11988] LOG:  background worker "logical replication launcher" (PID 24056) exited with exit code 1
[04:08:54 INFO]: [io.zonky.test.db.postgres.embedded.EmbeddedPostgres] 2026-08-12 04:08:54.981 +07 [21616] LOG:  shutting down
[04:08:55 INFO]: [io.zonky.test.db.postgres.embedded.EmbeddedPostgres] 2026-08-12 04:08:55.141 +07 [11988] LOG:  database system is shut down
[04:08:55 INFO]: [io.zonky.test.db.postgres.embedded.EmbeddedPostgres] waiting for server to shut down.... done
[04:08:55 INFO]: [io.zonky.test.db.postgres.embedded.EmbeddedPostgres] server stopped
[04:08:55 INFO]: [io.zonky.test.db.postgres.embedded.EmbeddedPostgres] efbdd957-9523-48d4-bc9f-944b1ccfc1e9 shut down postmaster in 00:00:00.263
[04:08:55 INFO]: [io.zonky.test.db.postgres.embedded.EmbeddedPostgres] Did not clean up directory C:\Users\User\AppData\Local\BranzMMORPGHarness\repo\mmo-bootstrap\run\plugins\BranzMMO\embedded-postgres
[04:08:55 INFO]: [BranzMMO] Branz MMO platform disabled cleanly.
[04:08:55 INFO]: Saving players
[04:08:55 INFO]: Saving worlds
[04:08:55 INFO]: Saving chunks for level 'ServerLevel[world]'/minecraft:overworld
[04:08:55 INFO]: [ChunkHolderManager] Waiting 60s for chunk system to halt for world 'minecraft:overworld'
[04:08:55 INFO]: [ChunkHolderManager] Halted chunk system for world 'minecraft:overworld'
[04:08:55 INFO]: [ChunkHolderManager] Saving all chunkholders for world 'minecraft:overworld'
[04:08:55 INFO]: [ChunkHolderManager] Saved 2209 block chunks, 625 entity chunks, 1 poi chunks in world 'minecraft:overworld' in 0.60s
[04:08:55 INFO]: [ChunkHolderManager] Waiting 60s for chunk I/O to halt for world 'minecraft:overworld'
[04:08:55 INFO]: [ChunkHolderManager] Halted I/O scheduler for world 'minecraft:overworld'
[04:08:55 INFO]: Saving chunks for level 'ServerLevel[world]'/minecraft:the_nether
[04:08:55 INFO]: [ChunkHolderManager] Waiting 60s for chunk system to halt for world 'minecraft:the_nether'
[04:08:55 INFO]: [ChunkHolderManager] Halted chunk system for world 'minecraft:the_nether'
[04:08:55 INFO]: [ChunkHolderManager] Saving all chunkholders for world 'minecraft:the_nether'
[04:08:55 INFO]: [ChunkHolderManager] Saved 0 block chunks, 0 entity chunks, 0 poi chunks in world 'minecraft:the_nether' in 0.00s
[04:08:55 INFO]: [ChunkHolderManager] Waiting 60s for chunk I/O to halt for world 'minecraft:the_nether'
[04:08:55 INFO]: [ChunkHolderManager] Halted I/O scheduler for world 'minecraft:the_nether'
[04:08:55 INFO]: Saving chunks for level 'ServerLevel[world]'/minecraft:the_end
[04:08:55 INFO]: [ChunkHolderManager] Waiting 60s for chunk system to halt for world 'minecraft:the_end'
[04:08:55 INFO]: [ChunkHolderManager] Halted chunk system for world 'minecraft:the_end'
[04:08:55 INFO]: [ChunkHolderManager] Saving all chunkholders for world 'minecraft:the_end'
[04:08:55 INFO]: [ChunkHolderManager] Saved 0 block chunks, 0 entity chunks, 0 poi chunks in world 'minecraft:the_end' in 0.00s
[04:08:55 INFO]: [ChunkHolderManager] Waiting 60s for chunk I/O to halt for world 'minecraft:the_end'
[04:08:55 INFO]: [ChunkHolderManager] Halted I/O scheduler for world 'minecraft:the_end'
[04:08:55 INFO]: ThreadedAnvilChunkStorage (world): All chunks are saved
[04:08:55 INFO]: ThreadedAnvilChunkStorage (DIM-1): All chunks are saved
[04:08:55 INFO]: ThreadedAnvilChunkStorage (DIM1): All chunks are saved
[04:08:55 INFO]: ThreadedAnvilChunkStorage: All dimensions are saved
[04:08:55 INFO]: Waiting for all RegionFile I/O tasks to complete...
[04:08:55 INFO]: All RegionFile I/O tasks to complete
[04:08:55 INFO]: [MoonriseCommon] Awaiting termination of worker pool for up to 60s...
[04:08:55 INFO]: [MoonriseCommon] Awaiting termination of I/O pool for up to 60s...

BUILD SUCCESSFUL in 1m 44s
39 actionable tasks: 3 executed, 36 up-to-date
Consider enabling configuration cache to speed up this build: https://docs.gradle.org/9.1.0/userguide/configuration_cache_enabling.html
