To honour the JVM settings for this build a single-use Daemon process will be forked. For more on this, please refer to https://docs.gradle.org/9.1.0/userguide/gradle_daemon.html#sec:disabling_the_daemon in the Gradle documentation.
Daemon will be stopped at the end of the build 
> Task :mmo-api:compileJava UP-TO-DATE
> Task :mmo-api:processResources NO-SOURCE
> Task :mmo-api:classes UP-TO-DATE
> Task :mmo-api:jar UP-TO-DATE
> Task :mmo-content:compileJava UP-TO-DATE
> Task :mmo-combat:compileJava UP-TO-DATE
> Task :mmo-integrations:compileJava UP-TO-DATE
> Task :mmo-items:compileJava UP-TO-DATE
> Task :mmo-lifeskills:compileJava UP-TO-DATE
> Task :mmo-magic:compileJava UP-TO-DATE
> Task :mmo-progression:compileJava UP-TO-DATE
> Task :mmo-persistence:compileJava UP-TO-DATE
> Task :mmo-scenes:compileJava UP-TO-DATE
> Task :mmo-social:compileJava UP-TO-DATE
> Task :mmo-worldloop:compileJava UP-TO-DATE
> Task :mmo-integrations:integration-mythicmobs:compileJava UP-TO-DATE
> Task :mmo-integrations:integration-oraxen:compileJava UP-TO-DATE
> Task :mmo-integrations:integration-packetevents:compileJava UP-TO-DATE
> Task :mmo-integrations:integration-wallet:compileJava UP-TO-DATE
> Task :mmo-integrations:integration-worldguard:compileJava UP-TO-DATE
> Task :mmo-bootstrap:compileJava
> Task :mmo-bootstrap:processResources UP-TO-DATE
> Task :mmo-bootstrap:classes
> Task :mmo-combat:processResources NO-SOURCE
> Task :mmo-combat:classes UP-TO-DATE
> Task :mmo-combat:jar UP-TO-DATE
> Task :mmo-content:processResources NO-SOURCE
> Task :mmo-content:classes UP-TO-DATE
> Task :mmo-content:jar UP-TO-DATE
> Task :mmo-integrations:processResources NO-SOURCE
> Task :mmo-integrations:classes UP-TO-DATE
> Task :mmo-integrations:jar UP-TO-DATE
> Task :mmo-items:processResources NO-SOURCE
> Task :mmo-items:classes UP-TO-DATE
> Task :mmo-items:jar UP-TO-DATE
> Task :mmo-lifeskills:processResources NO-SOURCE
> Task :mmo-lifeskills:classes UP-TO-DATE
> Task :mmo-lifeskills:jar UP-TO-DATE
> Task :mmo-magic:processResources NO-SOURCE
> Task :mmo-magic:classes UP-TO-DATE
> Task :mmo-magic:jar UP-TO-DATE
> Task :mmo-persistence:processResources UP-TO-DATE
> Task :mmo-persistence:classes UP-TO-DATE
> Task :mmo-persistence:jar UP-TO-DATE
> Task :mmo-progression:processResources NO-SOURCE
> Task :mmo-progression:classes UP-TO-DATE
> Task :mmo-progression:jar UP-TO-DATE
> Task :mmo-scenes:processResources NO-SOURCE
> Task :mmo-scenes:classes UP-TO-DATE
> Task :mmo-scenes:jar UP-TO-DATE
> Task :mmo-social:processResources NO-SOURCE
> Task :mmo-social:classes UP-TO-DATE
> Task :mmo-social:jar UP-TO-DATE
> Task :mmo-worldloop:processResources NO-SOURCE
> Task :mmo-worldloop:classes UP-TO-DATE
> Task :mmo-worldloop:jar UP-TO-DATE
> Task :mmo-integrations:integration-mythicmobs:processResources NO-SOURCE
> Task :mmo-integrations:integration-mythicmobs:classes UP-TO-DATE
> Task :mmo-integrations:integration-mythicmobs:jar UP-TO-DATE
> Task :mmo-integrations:integration-oraxen:processResources NO-SOURCE
> Task :mmo-integrations:integration-oraxen:classes UP-TO-DATE
> Task :mmo-integrations:integration-oraxen:jar UP-TO-DATE
> Task :mmo-integrations:integration-packetevents:processResources NO-SOURCE
> Task :mmo-integrations:integration-packetevents:classes UP-TO-DATE
> Task :mmo-integrations:integration-packetevents:jar UP-TO-DATE
> Task :mmo-integrations:integration-wallet:processResources NO-SOURCE
> Task :mmo-integrations:integration-wallet:classes UP-TO-DATE
> Task :mmo-integrations:integration-wallet:jar UP-TO-DATE
> Task :mmo-integrations:integration-worldguard:processResources NO-SOURCE
> Task :mmo-integrations:integration-worldguard:classes UP-TO-DATE
> Task :mmo-integrations:integration-worldguard:jar UP-TO-DATE
> Task :mmo-bootstrap:shadowJar

> Task :mmo-bootstrap:runServer
Located Paper 26.2 build 112 in local cache.
Starting Paper...

Downloading mojang_26.2.jar
Applying patches
Starting org.bukkit.craftbukkit.Main
2026-08-19T18:42:19.488064900Z ServerMain WARN Advanced terminal features are not available in this environment
[01:42:19 INFO]: [bootstrap] Running Java 25 (OpenJDK 64-Bit Server VM 25.0.3+9-LTS; Eclipse Adoptium Temurin-25.0.3+9) on Windows 11 10.0 (amd64)
[01:42:19 INFO]: [bootstrap] Loading Paper 26.2-112-main@c9e894d (2026-08-11T05:18:39Z) for Minecraft 26.2
[01:42:19 INFO]: [PluginInitializerManager] Initializing plugins...
[01:42:20 INFO]: [PluginInitializerManager] Initialized 1 plugin
[01:42:20 INFO]: [PluginInitializerManager] Bukkit plugins (1):
 - BranzMMO (1.0.0-SNAPSHOT)
WARNING: A terminally deprecated method in sun.misc.Unsafe has been called
WARNING: sun.misc.Unsafe::objectFieldOffset has been called by org.joml.MemUtil$MemUtilUnsafe (file:/C:/Users/User/AppData/Local/BranzMMORPGHarness/repo/mmo-bootstrap/run/libraries/org/joml/joml/1.10.8/joml-1.10.8.jar)
WARNING: Please consider reporting this to the maintainers of class org.joml.MemUtil$MemUtilUnsafe
WARNING: sun.misc.Unsafe::objectFieldOffset will be removed in a future release
[01:42:26 INFO]: [ca.spottedleaf.dataconverter.minecraft.datatypes.MCTypeRegistry] Initialising converters for DataConverter...
[01:42:26 INFO]: Environment: Environment[sessionHost=https://sessionserver.mojang.com, servicesHost=https://api.minecraftservices.com, profilesHost=https://api.mojang.com, name=PROD]
[01:42:26 INFO]: [ca.spottedleaf.dataconverter.minecraft.datatypes.MCTypeRegistry] Finished initialising converters for DataConverter in 624.8ms
[01:42:27 INFO]: Found new data pack paper, loading it automatically
[01:42:28 INFO]: No existing world data, creating new world
[01:42:29 INFO]: Loaded 1585 recipes
[01:42:29 INFO]: Loaded 1688 advancements
[01:42:29 INFO]: Starting minecraft server version 26.2
[01:42:29 INFO]: Loading properties
[01:42:29 INFO]: This server is running Paper version 26.2-112-main@c9e894d (2026-08-11T05:18:39Z) (Implementing API version 26.2.build.112-stable)
[01:42:29 INFO]: [spark] This server bundles the spark profiler. For more information please visit https://docs.papermc.io/paper/profiling
[01:42:29 INFO]: Using 4 threads for Netty based IO
[01:42:29 INFO]: Server Ping Player Sample Count: 12
[01:42:29 INFO]: [MoonriseCommon] Paper is using 3 worker threads, 1 I/O threads
[01:42:30 INFO]: Default game type: SURVIVAL
[01:42:30 INFO]: Generating keypair
[01:42:30 INFO]: Starting Minecraft server on *:25565
[01:42:30 INFO]: Paper: Using Java compression from Velocity.
[01:42:30 INFO]: Paper: Using Java cipher from Velocity.
[01:42:30 INFO]: [BranzMMO] Loading server plugin BranzMMO v1.0.0-SNAPSHOT
[01:42:30 INFO]: [BranzMMO] Enabling BranzMMO v1.0.0-SNAPSHOT
[01:42:30 INFO]: [BranzMMO] Loading and validating content snapshot from C:\Users\User\AppData\Local\BranzMMORPGHarness\repo\example-content\milestone-1
[01:42:30 WARN]: **** SERVER IS RUNNING IN OFFLINE/INSECURE MODE!
[01:42:30 WARN]: The server will make no attempt to authenticate usernames. Beware.
[01:42:30 WARN]: While this makes the game possible to play without internet access, it also opens up the ability for hackers to connect with any username they choose.
[01:42:30 WARN]: To change this, set "online-mode" to "true" in the server.properties file.
[01:42:30 INFO]: Preparing level "world"
[01:42:31 INFO]: Selecting spawn point for level 'minecraft:overworld'...
[01:42:35 INFO]: Selecting spawn point for level 'minecraft:the_nether'...
[01:42:36 INFO]: Selecting spawn point for level 'minecraft:the_end'...
[01:42:36 INFO]: Loading 0 persistent chunks for level 'minecraft:overworld'...
[01:42:36 INFO]: Preparing spawn area: 100%
[01:42:36 INFO]: Prepared spawn area in 5675 ms
[01:42:36 INFO]: Loading 0 persistent chunks for level 'minecraft:the_nether'...
[01:42:36 INFO]: Preparing spawn area: 100%
[01:42:36 INFO]: Prepared spawn area in 1197 ms
[01:42:36 INFO]: Loading 0 persistent chunks for level 'minecraft:the_end'...
[01:42:36 INFO]: Preparing spawn area: 100%
[01:42:36 INFO]: Prepared spawn area in 320 ms
[01:42:36 INFO]: Done preparing level "world" (6.230s)
[01:42:37 INFO]: [spark] Starting background profiler...
[01:42:37 INFO]: [spark] The async-profiler engine is not supported for your os/arch (windows11/amd64), so the built-in Java engine will be used instead.
[01:42:37 INFO]: Saving chunks for level 'ServerLevel[world]'/minecraft:overworld
[01:42:37 INFO]: Saving chunks for level 'ServerLevel[world]'/minecraft:the_nether
[01:42:37 INFO]: Saving chunks for level 'ServerLevel[world]'/minecraft:the_end
[01:42:37 INFO]: ThreadedAnvilChunkStorage (world): All chunks are saved
[01:42:37 INFO]: ThreadedAnvilChunkStorage (DIM-1): All chunks are saved
[01:42:37 INFO]: ThreadedAnvilChunkStorage (DIM1): All chunks are saved
[01:42:37 INFO]: ThreadedAnvilChunkStorage: All dimensions are saved
[01:42:37 INFO]: Running delayed init tasks
[01:42:37 INFO]: Done (18.956s)! For help, type "help"
[01:42:37 INFO]: *************************************************************************************
[01:42:37 INFO]: This is the first time you're starting this server.
[01:42:37 INFO]: It's recommended you read our 'Getting Started' documentation for guidance.
[01:42:37 INFO]: View this and more helpful information here: https://docs.papermc.io/paper/next-steps
[01:42:37 INFO]: *************************************************************************************
[01:42:37 INFO]: [io.zonky.test.db.postgres.embedded.EmbeddedPostgres] Detected a Windows x86_64 system
[01:42:37 INFO]: [io.zonky.test.db.postgres.embedded.DefaultPostgresBinaryResolver] Detected distribution: 'Unknown'
[01:42:37 INFO]: [io.zonky.test.db.postgres.embedded.DefaultPostgresBinaryResolver] System specific postgres binaries found: 'postgres-windows-x86_64.txz'
[01:42:38 INFO]: [io.zonky.test.db.postgres.embedded.EmbeddedPostgres] Postgres binaries at C:\Users\User\AppData\Local\Temp\embedded-pg\PG-3942d5a1dcdbfebc27772e9e670d5d85
[01:42:39 INFO]: [io.zonky.test.db.postgres.embedded.EmbeddedPostgres] The files belonging to this database system will be owned by user "User".
[01:42:39 INFO]: [io.zonky.test.db.postgres.embedded.EmbeddedPostgres] This user must also own the server process.
[01:42:39 INFO]: [io.zonky.test.db.postgres.embedded.EmbeddedPostgres] 
[01:42:39 INFO]: [io.zonky.test.db.postgres.embedded.EmbeddedPostgres] The database cluster will be initialized with locale "English_United States.874".
[01:42:39 INFO]: [io.zonky.test.db.postgres.embedded.EmbeddedPostgres] The default text search configuration will be set to "english".
[01:42:39 INFO]: [io.zonky.test.db.postgres.embedded.EmbeddedPostgres] 
[01:42:39 INFO]: [io.zonky.test.db.postgres.embedded.EmbeddedPostgres] Data page checksums are disabled.
[01:42:39 INFO]: [io.zonky.test.db.postgres.embedded.EmbeddedPostgres] 
[01:42:39 INFO]: [io.zonky.test.db.postgres.embedded.EmbeddedPostgres] fixing permissions on existing directory C:/Users/User/AppData/Local/BranzMMORPGHarness/repo/mmo-bootstrap/run/plugins/BranzMMO/embedded-postgres ... ok
[01:42:39 INFO]: [io.zonky.test.db.postgres.embedded.EmbeddedPostgres] creating subdirectories ... ok
[01:42:39 INFO]: [io.zonky.test.db.postgres.embedded.EmbeddedPostgres] selecting dynamic shared memory implementation ... windows
[01:42:39 INFO]: [io.zonky.test.db.postgres.embedded.EmbeddedPostgres] selecting default max_connections ... 100
[01:42:39 INFO]: [io.zonky.test.db.postgres.embedded.EmbeddedPostgres] selecting default shared_buffers ... 128MB
[01:42:39 INFO]: [io.zonky.test.db.postgres.embedded.EmbeddedPostgres] selecting default time zone ... Asia/Bangkok
[01:42:39 INFO]: [io.zonky.test.db.postgres.embedded.EmbeddedPostgres] creating configuration files ... ok
[01:42:41 INFO]: [io.zonky.test.db.postgres.embedded.EmbeddedPostgres] running bootstrap script ... ok
[01:42:45 INFO]: [io.zonky.test.db.postgres.embedded.EmbeddedPostgres] performing post-bootstrap initialization ... ok
[01:42:51 INFO]: [io.zonky.test.db.postgres.embedded.EmbeddedPostgres] syncing data to disk ... ok
[01:42:51 INFO]: [io.zonky.test.db.postgres.embedded.EmbeddedPostgres] 
[01:42:51 INFO]: [io.zonky.test.db.postgres.embedded.EmbeddedPostgres] Success. You can now start the database server using:
[01:42:51 INFO]: [io.zonky.test.db.postgres.embedded.EmbeddedPostgres] 
[01:42:51 INFO]: [io.zonky.test.db.postgres.embedded.EmbeddedPostgres]     ^"C^:^\Users^\User^\AppData^\Local^\Temp^\embedded^-pg^\PG^-3942d5a1dcdbfebc27772e9e670d5d85^\bin^\pg^_ctl^" -D ^"C^:^\Users^\User^\AppData^\Local^\BranzMMORPGHarness^\repo^\mmo^-bootstrap^\run^\plugins^\BranzMMO^\embedded^-postgres^" -l logfile start
[01:42:51 INFO]: [io.zonky.test.db.postgres.embedded.EmbeddedPostgres] 
[01:42:51 INFO]: [io.zonky.test.db.postgres.embedded.EmbeddedPostgres] a4714318-d96a-4fba-81c7-8a5eeb54afe6 initdb completed in 00:00:12.401
[01:42:51 INFO]: [io.zonky.test.db.postgres.embedded.EmbeddedPostgres] a4714318-d96a-4fba-81c7-8a5eeb54afe6 postmaster started as Process[pid=23896, exitValue="not exited"] on port 53592.  Waiting up to PT10S for server startup to finish.
[01:42:51 INFO]: [io.zonky.test.db.postgres.embedded.EmbeddedPostgres] waiting for server to start....2026-08-20 01:42:51.901 +07 [26668] LOG:  starting PostgreSQL 14.22, compiled by Visual C++ build 1944, 64-bit
[01:42:51 INFO]: [io.zonky.test.db.postgres.embedded.EmbeddedPostgres] 2026-08-20 01:42:51.907 +07 [26668] LOG:  listening on IPv6 address "::1", port 53592
[01:42:51 INFO]: [io.zonky.test.db.postgres.embedded.EmbeddedPostgres] 2026-08-20 01:42:51.907 +07 [26668] LOG:  listening on IPv4 address "127.0.0.1", port 53592
[01:42:51 INFO]: [io.zonky.test.db.postgres.embedded.EmbeddedPostgres] 2026-08-20 01:42:51.985 +07 [19160] LOG:  database system was shut down at 2026-08-20 01:42:45 +07
[01:42:52 INFO]: [io.zonky.test.db.postgres.embedded.EmbeddedPostgres] 2026-08-20 01:42:52.094 +07 [26668] LOG:  database system is ready to accept connections
[01:42:52 INFO]: [io.zonky.test.db.postgres.embedded.EmbeddedPostgres]  done
[01:42:52 INFO]: [io.zonky.test.db.postgres.embedded.EmbeddedPostgres] server started
[01:42:52 INFO]: [io.zonky.test.db.postgres.embedded.EmbeddedPostgres] a4714318-d96a-4fba-81c7-8a5eeb54afe6 postmaster startup finished in 00:00:01.383
[01:42:56 INFO]: [BranzMMO] Milestone 3 runtime ready; item definitions=20, move definitions=6, spell definitions=5, technique definitions=5, form definitions=4, ailment definitions=6, encounter reward definitions=1, Scene presentation=WORLD_BACKED
[01:42:56 INFO]: [BranzMMO] Provider asset.oraxen=UNAVAILABLE [OPTIONAL]: plugin is not installed: Oraxen
[01:42:56 INFO]: [BranzMMO] Provider mob.mythicmobs=UNAVAILABLE [OPTIONAL]: plugin is not installed: MythicMobs
[01:42:56 INFO]: [BranzMMO] Provider packet.packetevents=UNAVAILABLE [OPTIONAL]: plugin is not installed: packetevents
[01:42:56 INFO]: [BranzMMO] Provider region.worldguard=UNAVAILABLE [OPTIONAL]: plugin is not installed: WorldGuard
[01:42:56 INFO]: [BranzMMO] Provider wallet.external=UNAVAILABLE [OPTIONAL]: plugin is not installed: Wallet
[01:42:56 WARN]: [BranzMMO] asset.oraxen [OPTIONAL]: plugin is not installed: Oraxen
[01:42:56 WARN]: [BranzMMO] mob.mythicmobs [OPTIONAL]: plugin is not installed: MythicMobs
[01:42:56 WARN]: [BranzMMO] packet.packetevents [OPTIONAL]: plugin is not installed: packetevents
[01:42:56 WARN]: [BranzMMO] region.worldguard [OPTIONAL]: plugin is not installed: WorldGuard
[01:42:56 WARN]: [BranzMMO] wallet.external [OPTIONAL]: plugin is not installed: Wallet
[01:42:56 INFO]: [BranzMMO] Branz MMO startup DEGRADED; content=v1.milestone-1.example.4, definitions=48
[01:42:56 INFO]: [BranzMMO] PostgreSQL runtime ready; mode=EMBEDDED_LOCAL, server-instance=local-48522fa6-5794-422c-b6fe-6be0a5cd4596
[01:42:56 INFO]: [BranzMMO] Recovered 0 boss encounter(s) from V0009.
[01:42:56 INFO]: [BranzMMO] Death Pouch reconciliation is ready.
[01:42:56 INFO]: [BranzMMO] Recovered 0 downed encounter(s) from V0010.
[01:43:29 INFO]: UUID of player Player0 is 2654e3c3-150d-3857-a426-0b141796a4e0
[01:43:35 INFO]: Player0 joined the game
[01:43:35 INFO]: Player0[/127.0.0.1:51290] logged in with entity id 17 at ([minecraft:overworld]16.5, 73.0, -7.5)
[01:43:35 INFO]: Made Player0 a server operator
[01:43:35 INFO]: Set 7 experience levels on Player0
[01:43:37 INFO]: Player0 issued server command: /item replace entity @s hotbar.0 with minecraft:stone
[01:43:37 INFO]: [Player0: Replaced a slot on Player0 with [Stone]]
[01:43:37 INFO]: Player0 issued server command: /item replace entity @s hotbar.1 with minecraft:stone
[01:43:37 INFO]: [Player0: Replaced a slot on Player0 with [Stone]]
[01:43:37 INFO]: Player0 issued server command: /item replace entity @s hotbar.2 with minecraft:stone
[01:43:37 INFO]: [Player0: Replaced a slot on Player0 with [Stone]]
[01:43:37 INFO]: Player0 issued server command: /item replace entity @s hotbar.3 with minecraft:stone
[01:43:37 INFO]: [Player0: Replaced a slot on Player0 with [Stone]]
[01:43:37 INFO]: Player0 issued server command: /item replace entity @s hotbar.4 with minecraft:stone
[01:43:37 INFO]: [Player0: Replaced a slot on Player0 with [Stone]]
[01:43:38 INFO]: Player0 issued server command: /item replace entity @s hotbar.5 with minecraft:stone
[01:43:38 INFO]: [Player0: Replaced a slot on Player0 with [Stone]]
[01:43:38 INFO]: Player0 issued server command: /item replace entity @s hotbar.6 with minecraft:stone
[01:43:38 INFO]: [Player0: Replaced a slot on Player0 with [Stone]]
[01:43:38 INFO]: Player0 issued server command: /item replace entity @s hotbar.7 with minecraft:stone
[01:43:38 INFO]: [Player0: Replaced a slot on Player0 with [Stone]]
[01:43:38 INFO]: Player0 issued server command: /item replace entity @s hotbar.7 with minecraft:air
[01:43:38 INFO]: [Player0: Replaced a slot on Player0 with [Air]]
[01:43:38 INFO]: Player0 issued server command: /mmo dev
[01:43:41 INFO]: Player0 issued server command: /item replace entity @s hotbar.6 with minecraft:air
[01:43:41 INFO]: [Player0: Replaced a slot on Player0 with [Air]]
[01:43:41 INFO]: Player0 issued server command: /mmo dev
[01:43:44 INFO]: Player0 issued server command: /item replace entity @s hotbar.5 with minecraft:air
[01:43:44 INFO]: [Player0: Replaced a slot on Player0 with [Air]]
[01:43:44 INFO]: Player0 issued server command: /mmo dev
[01:43:46 INFO]: Player0 has made the advancement [Into Fire]
[01:43:46 INFO]: Player0 issued server command: /mmo physical status
[01:43:47 INFO]: Player0 issued server command: /mmo physical status
[01:43:48 INFO]: Player0 issued server command: /mmo physical status
[01:43:52 INFO]: Player0 issued server command: /execute at @s run summon minecraft:husk ^ ^ ^12 {PersistenceRequired:1b,Silent:1b,Tags:["branz_d46_source"]}
[01:43:52 INFO]: [Player0: Summoned new Husk]
[01:43:52 INFO]: Player0 issued server command: /effect give @e[tag=branz_d46_source,limit=1] minecraft:slowness infinite 255 true
[01:43:52 INFO]: [Player0: Applied effect Slowness to Husk]
[01:43:54 INFO]: Player0 issued server command: /effect clear @e[tag=branz_d46_source,limit=1] minecraft:slowness
[01:43:54 INFO]: [Player0: Removed effect Slowness from Husk]
[01:43:54 INFO]: Player0 issued server command: /execute at @s run tp @e[tag=branz_d46_source,limit=1] ^ ^ ^1.5
[01:43:54 INFO]: [Player0: Teleported Husk to 16.500000, 73.000000, -6.000000]
[01:43:56 INFO]: Player0 issued server command: /execute at @s run tp @e[tag=branz_d46_source,limit=1] ^ ^ ^12
[01:43:56 INFO]: [Player0: Teleported Husk to 16.500000, 73.000000, 4.500000]
[01:43:56 INFO]: Player0 issued server command: /mmo health
[01:43:56 INFO]: [BranzMMO] PHYSICAL_AUTHORITY_SHIELD_D46_USE_SERVER player=Player0 hand=HAND action=RIGHT_CLICK_AIR material=IRON_SWORD selected=weapon.training_sword selected-family=SWORD_SHIELD mutation=false offhand=equipment.training_shield loadout=OK weapon-durability=OK shield-durability=OK
[01:43:56 INFO]: [BranzMMO] PHYSICAL_AUTHORITY_SHIELD_D46_USE_SERVER player=Player0 hand=OFF_HAND action=RIGHT_CLICK_AIR material=SHIELD selected=weapon.training_sword selected-family=SWORD_SHIELD mutation=false offhand=equipment.training_shield loadout=OK weapon-durability=OK shield-durability=OK
[01:43:56 INFO]: Player0 issued server command: /mmo health
[01:43:57 INFO]: Player0 issued server command: /mmo physical status
[01:43:57 INFO]: Player0 issued server command: /execute at @s run tp @e[tag=branz_d46_source,limit=1] ^ ^ ^1.5
[01:43:57 INFO]: [Player0: Teleported Husk to 16.500000, 73.000000, -6.000000]
[01:43:57 INFO]: Player0 issued server command: /mmo physical status
[01:43:58 INFO]: Player0 issued server command: /mmo physical status
[01:43:59 INFO]: Player0 issued server command: /mmo physical status
[01:44:00 INFO]: Player0 issued server command: /kill @e[tag=branz_d46_source]
[01:44:00 INFO]: [Player0: Killed Husk]
[01:44:02 INFO]: Player0 issued server command: /mmo physical status
[01:44:04 INFO]: Player0 issued server command: /mmo health
[01:44:04 INFO]: Player0 issued server command: /mmo physical status
[01:44:05 INFO]: Player0 issued server command: /kill @e[tag=branz_d46_source]
[01:44:05 INFO]: Player0 lost connection: Disconnected
[01:44:05 INFO]: Player0 left the game
[01:44:05 INFO]: Stopping the server
[01:44:05 INFO]: Stopping server
[01:44:05 INFO]: [BranzMMO] Disabling BranzMMO v1.0.0-SNAPSHOT
[01:44:06 INFO]: [io.zonky.test.db.postgres.embedded.EmbeddedPostgres] 2026-08-20 01:44:06.053 +07 [26668] LOG:  received fast shutdown request
[01:44:06 INFO]: [io.zonky.test.db.postgres.embedded.EmbeddedPostgres] 2026-08-20 01:44:06.054 +07 [26668] LOG:  aborting any active transactions
[01:44:06 INFO]: [io.zonky.test.db.postgres.embedded.EmbeddedPostgres] 2026-08-20 01:44:06.061 +07 [26668] LOG:  background worker "logical replication launcher" (PID 15812) exited with exit code 1
[01:44:06 INFO]: [io.zonky.test.db.postgres.embedded.EmbeddedPostgres] 2026-08-20 01:44:06.062 +07 [22812] LOG:  shutting down
[01:44:06 INFO]: [io.zonky.test.db.postgres.embedded.EmbeddedPostgres] 2026-08-20 01:44:06.388 +07 [26668] LOG:  database system is shut down
[01:44:06 INFO]: [io.zonky.test.db.postgres.embedded.EmbeddedPostgres] waiting for server to shut down.... done
[01:44:06 INFO]: [io.zonky.test.db.postgres.embedded.EmbeddedPostgres] server stopped
[01:44:06 INFO]: [io.zonky.test.db.postgres.embedded.EmbeddedPostgres] a4714318-d96a-4fba-81c7-8a5eeb54afe6 shut down postmaster in 00:00:00.393
[01:44:06 INFO]: [io.zonky.test.db.postgres.embedded.EmbeddedPostgres] Did not clean up directory C:\Users\User\AppData\Local\BranzMMORPGHarness\repo\mmo-bootstrap\run\plugins\BranzMMO\embedded-postgres
[01:44:06 INFO]: [BranzMMO] Branz MMO platform disabled cleanly.
[01:44:06 INFO]: Saving players
[01:44:06 INFO]: Saving worlds
[01:44:06 INFO]: Saving chunks for level 'ServerLevel[world]'/minecraft:overworld
[01:44:06 INFO]: [ChunkHolderManager] Waiting 60s for chunk system to halt for world 'minecraft:overworld'
[01:44:06 INFO]: [ChunkHolderManager] Halted chunk system for world 'minecraft:overworld'
[01:44:06 INFO]: [ChunkHolderManager] Saving all chunkholders for world 'minecraft:overworld'
[01:44:07 ERROR]: [STDERR] [me.lucko.spark.paper.common.util.log.Logger$1] Uncaught exception thrown in thread spark-monitoring-1-thread-1
[01:44:07 WARN]: java.util.concurrent.CancellationException
[01:44:07 WARN]: 	at java.base/java.util.concurrent.FutureTask.report(FutureTask.java:123)
[01:44:07 WARN]: 	at java.base/java.util.concurrent.FutureTask.get(FutureTask.java:193)
[01:44:07 WARN]: 	at me.lucko.spark.paper.common.util.SparkScheduledThreadPoolExecutor.afterExecute(SparkScheduledThreadPoolExecutor.java:48)
[01:44:07 WARN]: 	at java.base/java.util.concurrent.ThreadPoolExecutor.runWorker(ThreadPoolExecutor.java:1091)
[01:44:07 WARN]: 	at java.base/java.util.concurrent.ThreadPoolExecutor$Worker.run(ThreadPoolExecutor.java:614)
[01:44:07 WARN]: 	at java.base/java.lang.Thread.run(Thread.java:1474)
[01:44:08 INFO]: [ChunkHolderManager] Saved 2209 block chunks, 625 entity chunks, 1 poi chunks in world 'minecraft:overworld' in 1.52s
[01:44:08 INFO]: [ChunkHolderManager] Waiting 60s for chunk I/O to halt for world 'minecraft:overworld'
[01:44:08 INFO]: [ChunkHolderManager] Halted I/O scheduler for world 'minecraft:overworld'
[01:44:08 INFO]: Saving chunks for level 'ServerLevel[world]'/minecraft:the_nether
[01:44:08 INFO]: [ChunkHolderManager] Waiting 60s for chunk system to halt for world 'minecraft:the_nether'
[01:44:08 INFO]: [ChunkHolderManager] Halted chunk system for world 'minecraft:the_nether'
[01:44:08 INFO]: [ChunkHolderManager] Saving all chunkholders for world 'minecraft:the_nether'
[01:44:08 INFO]: [ChunkHolderManager] Saved 0 block chunks, 0 entity chunks, 0 poi chunks in world 'minecraft:the_nether' in 0.00s
[01:44:08 INFO]: [ChunkHolderManager] Waiting 60s for chunk I/O to halt for world 'minecraft:the_nether'
[01:44:08 INFO]: [ChunkHolderManager] Halted I/O scheduler for world 'minecraft:the_nether'
[01:44:08 INFO]: Saving chunks for level 'ServerLevel[world]'/minecraft:the_end
[01:44:08 INFO]: [ChunkHolderManager] Waiting 60s for chunk system to halt for world 'minecraft:the_end'
[01:44:08 INFO]: [ChunkHolderManager] Halted chunk system for world 'minecraft:the_end'
[01:44:08 INFO]: [ChunkHolderManager] Saving all chunkholders for world 'minecraft:the_end'
[01:44:08 INFO]: [ChunkHolderManager] Saved 0 block chunks, 0 entity chunks, 0 poi chunks in world 'minecraft:the_end' in 0.00s
[01:44:08 INFO]: [ChunkHolderManager] Waiting 60s for chunk I/O to halt for world 'minecraft:the_end'
[01:44:08 INFO]: [ChunkHolderManager] Halted I/O scheduler for world 'minecraft:the_end'
[01:44:08 INFO]: ThreadedAnvilChunkStorage (world): All chunks are saved
[01:44:08 INFO]: ThreadedAnvilChunkStorage (DIM-1): All chunks are saved
[01:44:08 INFO]: ThreadedAnvilChunkStorage (DIM1): All chunks are saved
[01:44:08 INFO]: ThreadedAnvilChunkStorage: All dimensions are saved
[01:44:08 INFO]: Waiting for all RegionFile I/O tasks to complete...
[01:44:08 INFO]: All RegionFile I/O tasks to complete
[01:44:08 INFO]: [MoonriseCommon] Awaiting termination of worker pool for up to 60s...
[01:44:08 INFO]: [MoonriseCommon] Awaiting termination of I/O pool for up to 60s...

BUILD SUCCESSFUL in 2m 25s
39 actionable tasks: 3 executed, 36 up-to-date
Consider enabling configuration cache to speed up this build: https://docs.gradle.org/9.1.0/userguide/configuration_cache_enabling.html
