To honour the JVM settings for this build a single-use Daemon process will be forked. For more on this, please refer to https://docs.gradle.org/9.1.0/userguide/gradle_daemon.html#sec:disabling_the_daemon in the Gradle documentation.
Daemon will be stopped at the end of the build 
> Task :mmo-api:compileJava UP-TO-DATE
> Task :mmo-api:processResources NO-SOURCE
> Task :mmo-api:classes UP-TO-DATE
> Task :mmo-api:jar UP-TO-DATE
> Task :mmo-content:compileJava UP-TO-DATE
> Task :mmo-combat:compileJava UP-TO-DATE
> Task :mmo-integrations:compileJava UP-TO-DATE
> Task :mmo-items:compileJava UP-TO-DATE
> Task :mmo-lifeskills:compileJava UP-TO-DATE
> Task :mmo-magic:compileJava UP-TO-DATE
> Task :mmo-progression:compileJava UP-TO-DATE
> Task :mmo-persistence:compileJava UP-TO-DATE
> Task :mmo-scenes:compileJava UP-TO-DATE
> Task :mmo-social:compileJava UP-TO-DATE
> Task :mmo-worldloop:compileJava UP-TO-DATE
> Task :mmo-integrations:integration-mythicmobs:compileJava UP-TO-DATE
> Task :mmo-integrations:integration-oraxen:compileJava UP-TO-DATE
> Task :mmo-integrations:integration-packetevents:compileJava UP-TO-DATE
> Task :mmo-integrations:integration-wallet:compileJava UP-TO-DATE
> Task :mmo-integrations:integration-worldguard:compileJava UP-TO-DATE
> Task :mmo-bootstrap:compileJava
> Task :mmo-bootstrap:processResources UP-TO-DATE
> Task :mmo-bootstrap:classes
> Task :mmo-combat:processResources NO-SOURCE
> Task :mmo-combat:classes UP-TO-DATE
> Task :mmo-combat:jar UP-TO-DATE
> Task :mmo-content:processResources NO-SOURCE
> Task :mmo-content:classes UP-TO-DATE
> Task :mmo-content:jar UP-TO-DATE
> Task :mmo-integrations:processResources NO-SOURCE
> Task :mmo-integrations:classes UP-TO-DATE
> Task :mmo-integrations:jar UP-TO-DATE
> Task :mmo-items:processResources NO-SOURCE
> Task :mmo-items:classes UP-TO-DATE
> Task :mmo-items:jar UP-TO-DATE
> Task :mmo-lifeskills:processResources NO-SOURCE
> Task :mmo-lifeskills:classes UP-TO-DATE
> Task :mmo-lifeskills:jar UP-TO-DATE
> Task :mmo-magic:processResources NO-SOURCE
> Task :mmo-magic:classes UP-TO-DATE
> Task :mmo-magic:jar UP-TO-DATE
> Task :mmo-persistence:processResources UP-TO-DATE
> Task :mmo-persistence:classes UP-TO-DATE
> Task :mmo-persistence:jar UP-TO-DATE
> Task :mmo-progression:processResources NO-SOURCE
> Task :mmo-progression:classes UP-TO-DATE
> Task :mmo-progression:jar UP-TO-DATE
> Task :mmo-scenes:processResources NO-SOURCE
> Task :mmo-scenes:classes UP-TO-DATE
> Task :mmo-scenes:jar UP-TO-DATE
> Task :mmo-social:processResources NO-SOURCE
> Task :mmo-social:classes UP-TO-DATE
> Task :mmo-social:jar UP-TO-DATE
> Task :mmo-worldloop:processResources NO-SOURCE
> Task :mmo-worldloop:classes UP-TO-DATE
> Task :mmo-worldloop:jar UP-TO-DATE
> Task :mmo-integrations:integration-mythicmobs:processResources NO-SOURCE
> Task :mmo-integrations:integration-mythicmobs:classes UP-TO-DATE
> Task :mmo-integrations:integration-mythicmobs:jar UP-TO-DATE
> Task :mmo-integrations:integration-oraxen:processResources NO-SOURCE
> Task :mmo-integrations:integration-oraxen:classes UP-TO-DATE
> Task :mmo-integrations:integration-oraxen:jar UP-TO-DATE
> Task :mmo-integrations:integration-packetevents:processResources NO-SOURCE
> Task :mmo-integrations:integration-packetevents:classes UP-TO-DATE
> Task :mmo-integrations:integration-packetevents:jar UP-TO-DATE
> Task :mmo-integrations:integration-wallet:processResources NO-SOURCE
> Task :mmo-integrations:integration-wallet:classes UP-TO-DATE
> Task :mmo-integrations:integration-wallet:jar UP-TO-DATE
> Task :mmo-integrations:integration-worldguard:processResources NO-SOURCE
> Task :mmo-integrations:integration-worldguard:classes UP-TO-DATE
> Task :mmo-integrations:integration-worldguard:jar UP-TO-DATE
> Task :mmo-bootstrap:shadowJar

> Task :mmo-bootstrap:runServer
Located Paper 26.2 build 112 in local cache.
Starting Paper...

Downloading mojang_26.2.jar
Applying patches
Starting org.bukkit.craftbukkit.Main
2026-08-13T18:17:25.812629100Z ServerMain WARN Advanced terminal features are not available in this environment
[01:17:26 INFO]: [bootstrap] Running Java 25 (OpenJDK 64-Bit Server VM 25.0.3+9-LTS; Eclipse Adoptium Temurin-25.0.3+9) on Windows 11 10.0 (amd64)
[01:17:26 INFO]: [bootstrap] Loading Paper 26.2-112-main@c9e894d (2026-08-11T05:18:39Z) for Minecraft 26.2
[01:17:26 INFO]: [PluginInitializerManager] Initializing plugins...
[01:17:26 INFO]: [PluginInitializerManager] Initialized 1 plugin
[01:17:26 INFO]: [PluginInitializerManager] Bukkit plugins (1):
 - BranzMMO (1.0.0-SNAPSHOT)
WARNING: A terminally deprecated method in sun.misc.Unsafe has been called
WARNING: sun.misc.Unsafe::objectFieldOffset has been called by org.joml.MemUtil$MemUtilUnsafe (file:/C:/Users/User/AppData/Local/BranzMMORPGHarness/repo/mmo-bootstrap/run/libraries/org/joml/joml/1.10.8/joml-1.10.8.jar)
WARNING: Please consider reporting this to the maintainers of class org.joml.MemUtil$MemUtilUnsafe
WARNING: sun.misc.Unsafe::objectFieldOffset will be removed in a future release
[01:17:30 INFO]: [ca.spottedleaf.dataconverter.minecraft.datatypes.MCTypeRegistry] Initialising converters for DataConverter...
[01:17:30 INFO]: Environment: Environment[sessionHost=https://sessionserver.mojang.com, servicesHost=https://api.minecraftservices.com, profilesHost=https://api.mojang.com, name=PROD]
[01:17:30 INFO]: [ca.spottedleaf.dataconverter.minecraft.datatypes.MCTypeRegistry] Finished initialising converters for DataConverter in 367.9ms
[01:17:30 INFO]: Found new data pack paper, loading it automatically
[01:17:31 INFO]: No existing world data, creating new world
[01:17:32 INFO]: Loaded 1585 recipes
[01:17:32 INFO]: Loaded 1688 advancements
[01:17:32 INFO]: Starting minecraft server version 26.2
[01:17:32 INFO]: Loading properties
[01:17:32 INFO]: This server is running Paper version 26.2-112-main@c9e894d (2026-08-11T05:18:39Z) (Implementing API version 26.2.build.112-stable)
[01:17:32 INFO]: [spark] This server bundles the spark profiler. For more information please visit https://docs.papermc.io/paper/profiling
[01:17:32 INFO]: Using 4 threads for Netty based IO
[01:17:32 INFO]: Server Ping Player Sample Count: 12
[01:17:32 INFO]: [MoonriseCommon] Paper is using 3 worker threads, 1 I/O threads
[01:17:32 INFO]: Default game type: SURVIVAL
[01:17:32 INFO]: Generating keypair
[01:17:32 INFO]: Starting Minecraft server on *:25565
[01:17:32 INFO]: Paper: Using Java compression from Velocity.
[01:17:32 INFO]: Paper: Using Java cipher from Velocity.
[01:17:33 INFO]: [BranzMMO] Loading server plugin BranzMMO v1.0.0-SNAPSHOT
[01:17:33 INFO]: [BranzMMO] Enabling BranzMMO v1.0.0-SNAPSHOT
[01:17:33 INFO]: [BranzMMO] Loading and validating content snapshot from C:\Users\User\AppData\Local\BranzMMORPGHarness\repo\example-content\milestone-1
[01:17:33 WARN]: **** SERVER IS RUNNING IN OFFLINE/INSECURE MODE!
[01:17:33 WARN]: The server will make no attempt to authenticate usernames. Beware.
[01:17:33 WARN]: While this makes the game possible to play without internet access, it also opens up the ability for hackers to connect with any username they choose.
[01:17:33 WARN]: To change this, set "online-mode" to "true" in the server.properties file.
[01:17:33 INFO]: Preparing level "world"
[01:17:33 INFO]: Selecting spawn point for level 'minecraft:overworld'...
[01:17:36 INFO]: Selecting spawn point for level 'minecraft:the_nether'...
[01:17:37 INFO]: Selecting spawn point for level 'minecraft:the_end'...
[01:17:37 INFO]: Loading 0 persistent chunks for level 'minecraft:overworld'...
[01:17:37 INFO]: Preparing spawn area: 100%
[01:17:37 INFO]: Prepared spawn area in 3985 ms
[01:17:37 INFO]: Loading 0 persistent chunks for level 'minecraft:the_nether'...
[01:17:37 INFO]: Preparing spawn area: 100%
[01:17:37 INFO]: Prepared spawn area in 746 ms
[01:17:37 INFO]: Loading 0 persistent chunks for level 'minecraft:the_end'...
[01:17:37 INFO]: Preparing spawn area: 100%
[01:17:37 INFO]: Prepared spawn area in 208 ms
[01:17:37 INFO]: Done preparing level "world" (4.394s)
[01:17:37 INFO]: [spark] Starting background profiler...
[01:17:37 INFO]: [spark] The async-profiler engine is not supported for your os/arch (windows11/amd64), so the built-in Java engine will be used instead.
[01:17:37 INFO]: Saving chunks for level 'ServerLevel[world]'/minecraft:overworld
[01:17:37 INFO]: Saving chunks for level 'ServerLevel[world]'/minecraft:the_nether
[01:17:37 INFO]: Saving chunks for level 'ServerLevel[world]'/minecraft:the_end
[01:17:37 INFO]: ThreadedAnvilChunkStorage (world): All chunks are saved
[01:17:37 INFO]: ThreadedAnvilChunkStorage (DIM-1): All chunks are saved
[01:17:37 INFO]: ThreadedAnvilChunkStorage (DIM1): All chunks are saved
[01:17:37 INFO]: ThreadedAnvilChunkStorage: All dimensions are saved
[01:17:37 INFO]: Running delayed init tasks
[01:17:37 INFO]: Done (12.668s)! For help, type "help"
[01:17:37 INFO]: *************************************************************************************
[01:17:37 INFO]: This is the first time you're starting this server.
[01:17:37 INFO]: It's recommended you read our 'Getting Started' documentation for guidance.
[01:17:37 INFO]: View this and more helpful information here: https://docs.papermc.io/paper/next-steps
[01:17:37 INFO]: *************************************************************************************
[01:17:37 INFO]: [io.zonky.test.db.postgres.embedded.EmbeddedPostgres] Detected a Windows x86_64 system
[01:17:37 INFO]: [io.zonky.test.db.postgres.embedded.DefaultPostgresBinaryResolver] Detected distribution: 'Unknown'
[01:17:37 INFO]: [io.zonky.test.db.postgres.embedded.DefaultPostgresBinaryResolver] System specific postgres binaries found: 'postgres-windows-x86_64.txz'
[01:17:38 INFO]: [io.zonky.test.db.postgres.embedded.EmbeddedPostgres] Postgres binaries at C:\Users\User\AppData\Local\Temp\embedded-pg\PG-3942d5a1dcdbfebc27772e9e670d5d85
[01:17:38 INFO]: [io.zonky.test.db.postgres.embedded.EmbeddedPostgres] The files belonging to this database system will be owned by user "User".
[01:17:38 INFO]: [io.zonky.test.db.postgres.embedded.EmbeddedPostgres] This user must also own the server process.
[01:17:38 INFO]: [io.zonky.test.db.postgres.embedded.EmbeddedPostgres] 
[01:17:38 INFO]: [io.zonky.test.db.postgres.embedded.EmbeddedPostgres] The database cluster will be initialized with locale "English_United States.874".
[01:17:38 INFO]: [io.zonky.test.db.postgres.embedded.EmbeddedPostgres] The default text search configuration will be set to "english".
[01:17:38 INFO]: [io.zonky.test.db.postgres.embedded.EmbeddedPostgres] 
[01:17:38 INFO]: [io.zonky.test.db.postgres.embedded.EmbeddedPostgres] Data page checksums are disabled.
[01:17:38 INFO]: [io.zonky.test.db.postgres.embedded.EmbeddedPostgres] 
[01:17:38 INFO]: [io.zonky.test.db.postgres.embedded.EmbeddedPostgres] fixing permissions on existing directory C:/Users/User/AppData/Local/BranzMMORPGHarness/repo/mmo-bootstrap/run/plugins/BranzMMO/embedded-postgres ... ok
[01:17:38 INFO]: [io.zonky.test.db.postgres.embedded.EmbeddedPostgres] creating subdirectories ... ok
[01:17:38 INFO]: [io.zonky.test.db.postgres.embedded.EmbeddedPostgres] selecting dynamic shared memory implementation ... windows
[01:17:38 INFO]: [io.zonky.test.db.postgres.embedded.EmbeddedPostgres] selecting default max_connections ... 100
[01:17:38 INFO]: [io.zonky.test.db.postgres.embedded.EmbeddedPostgres] selecting default shared_buffers ... 128MB
[01:17:38 INFO]: [io.zonky.test.db.postgres.embedded.EmbeddedPostgres] selecting default time zone ... Asia/Bangkok
[01:17:38 INFO]: [io.zonky.test.db.postgres.embedded.EmbeddedPostgres] creating configuration files ... ok
[01:17:39 INFO]: [io.zonky.test.db.postgres.embedded.EmbeddedPostgres] running bootstrap script ... ok
[01:17:42 INFO]: [io.zonky.test.db.postgres.embedded.EmbeddedPostgres] performing post-bootstrap initialization ... ok
[01:17:45 INFO]: [io.zonky.test.db.postgres.embedded.EmbeddedPostgres] syncing data to disk ... ok
[01:17:45 INFO]: [io.zonky.test.db.postgres.embedded.EmbeddedPostgres] 
[01:17:45 INFO]: [io.zonky.test.db.postgres.embedded.EmbeddedPostgres] Success. You can now start the database server using:
[01:17:45 INFO]: [io.zonky.test.db.postgres.embedded.EmbeddedPostgres] 
[01:17:45 INFO]: [io.zonky.test.db.postgres.embedded.EmbeddedPostgres]     ^"C^:^\Users^\User^\AppData^\Local^\Temp^\embedded^-pg^\PG^-3942d5a1dcdbfebc27772e9e670d5d85^\bin^\pg^_ctl^" -D ^"C^:^\Users^\User^\AppData^\Local^\BranzMMORPGHarness^\repo^\mmo^-bootstrap^\run^\plugins^\BranzMMO^\embedded^-postgres^" -l logfile start
[01:17:45 INFO]: [io.zonky.test.db.postgres.embedded.EmbeddedPostgres] 
[01:17:45 INFO]: [io.zonky.test.db.postgres.embedded.EmbeddedPostgres] a4d6e53d-f97a-45ae-bb88-f7cca89a2ddf initdb completed in 00:00:07.813
[01:17:45 INFO]: [io.zonky.test.db.postgres.embedded.EmbeddedPostgres] a4d6e53d-f97a-45ae-bb88-f7cca89a2ddf postmaster started as Process[pid=2328, exitValue="not exited"] on port 58863.  Waiting up to PT10S for server startup to finish.
[01:17:46 INFO]: [io.zonky.test.db.postgres.embedded.EmbeddedPostgres] waiting for server to start....2026-08-14 01:17:46.059 +07 [23776] LOG:  starting PostgreSQL 14.22, compiled by Visual C++ build 1944, 64-bit
[01:17:46 INFO]: [io.zonky.test.db.postgres.embedded.EmbeddedPostgres] 2026-08-14 01:17:46.066 +07 [23776] LOG:  listening on IPv6 address "::1", port 58863
[01:17:46 INFO]: [io.zonky.test.db.postgres.embedded.EmbeddedPostgres] 2026-08-14 01:17:46.067 +07 [23776] LOG:  listening on IPv4 address "127.0.0.1", port 58863
[01:17:46 INFO]: [io.zonky.test.db.postgres.embedded.EmbeddedPostgres] 2026-08-14 01:17:46.122 +07 [3600] LOG:  database system was shut down at 2026-08-14 01:17:42 +07
[01:17:46 INFO]: [io.zonky.test.db.postgres.embedded.EmbeddedPostgres] 2026-08-14 01:17:46.187 +07 [23776] LOG:  database system is ready to accept connections
[01:17:46 INFO]: [io.zonky.test.db.postgres.embedded.EmbeddedPostgres]  done
[01:17:46 INFO]: [io.zonky.test.db.postgres.embedded.EmbeddedPostgres] server started
[01:17:46 INFO]: [io.zonky.test.db.postgres.embedded.EmbeddedPostgres] a4d6e53d-f97a-45ae-bb88-f7cca89a2ddf postmaster startup finished in 00:00:00.568
[01:17:47 INFO]: [BranzMMO] Milestone 3 runtime ready; item definitions=20, move definitions=6, spell definitions=5, technique definitions=5, form definitions=4, ailment definitions=6, encounter reward definitions=1, Scene presentation=WORLD_BACKED
[01:17:47 INFO]: [BranzMMO] Provider asset.oraxen=UNAVAILABLE [OPTIONAL]: plugin is not installed: Oraxen
[01:17:47 INFO]: [BranzMMO] Provider mob.mythicmobs=UNAVAILABLE [OPTIONAL]: plugin is not installed: MythicMobs
[01:17:47 INFO]: [BranzMMO] Provider packet.packetevents=UNAVAILABLE [OPTIONAL]: plugin is not installed: packetevents
[01:17:47 INFO]: [BranzMMO] Provider region.worldguard=UNAVAILABLE [OPTIONAL]: plugin is not installed: WorldGuard
[01:17:47 INFO]: [BranzMMO] Provider wallet.external=UNAVAILABLE [OPTIONAL]: plugin is not installed: Wallet
[01:17:47 WARN]: [BranzMMO] asset.oraxen [OPTIONAL]: plugin is not installed: Oraxen
[01:17:47 WARN]: [BranzMMO] mob.mythicmobs [OPTIONAL]: plugin is not installed: MythicMobs
[01:17:47 WARN]: [BranzMMO] packet.packetevents [OPTIONAL]: plugin is not installed: packetevents
[01:17:47 WARN]: [BranzMMO] region.worldguard [OPTIONAL]: plugin is not installed: WorldGuard
[01:17:47 WARN]: [BranzMMO] wallet.external [OPTIONAL]: plugin is not installed: Wallet
[01:17:47 INFO]: [BranzMMO] Branz MMO startup DEGRADED; content=v1.milestone-1.example.4, definitions=48
[01:17:47 INFO]: [BranzMMO] PostgreSQL runtime ready; mode=EMBEDDED_LOCAL, server-instance=local-e9fa83bd-8c76-4f90-ae06-85de34f32777
[01:17:47 INFO]: [BranzMMO] Recovered 0 boss encounter(s) from V0009.
[01:17:47 INFO]: [BranzMMO] Death Pouch reconciliation is ready.
[01:17:47 INFO]: [BranzMMO] Recovered 0 downed encounter(s) from V0010.
[01:18:18 INFO]: UUID of player Player0 is 2654e3c3-150d-3857-a426-0b141796a4e0
[01:18:22 INFO]: Player0 joined the game
[01:18:22 INFO]: Player0[/127.0.0.1:58976] logged in with entity id 25 at ([minecraft:overworld]4.5, 90.0, -7.5)
[01:18:22 INFO]: Made Player0 a server operator
[01:18:22 INFO]: Set 7 experience levels on Player0
[01:18:27 INFO]: [BranzMMO] PHYSICAL_AUTHORITY_PRIMARY_STAGE_PERSISTED_SERVER player=Player0 definition=weapon.training_blade
[01:18:27 INFO]: [BranzMMO] PHYSICAL_AUTHORITY_PRIMARY_STAGE_PROJECTED_SERVER player=Player0 definition=weapon.training_blade
[01:18:27 INFO]: [BranzMMO] PHYSICAL_AUTHORITY_HOTBAR_STAGE_PROJECTED_SERVER player=Player0 definition=weapon.training_blade
[01:18:28 INFO]: Player0 issued server command: /mmo physical status
[01:18:28 INFO]: [BranzMMO] PHYSICAL_AUTHORITY_HOTBAR_CLICK_HANDLER_SERVER player=Player0 action=PICKUP_ALL click=LEFT rawSlot=36 slot=0 cancelled=false currentProjection=true cursorProjection=false
[01:18:28 INFO]: [BranzMMO] PHYSICAL_AUTHORITY_HOTBAR_CLICK_MONITOR_SERVER player=Player0 action=PICKUP_ALL click=LEFT rawSlot=36 slot=0 cancelled=false sameInventory=true currentProjection=true eventCursorProjection=false playerCursorProjection=false
[01:18:28 INFO]: [BranzMMO] PHYSICAL_AUTHORITY_HOTBAR_CLICK_MONITOR_SERVER player=Player0 action=SWAP_WITH_CURSOR click=LEFT rawSlot=44 slot=8 cancelled=true sameInventory=true currentProjection=false eventCursorProjection=true playerCursorProjection=true
[01:18:28 INFO]: [BranzMMO] PHYSICAL_AUTHORITY_HOTBAR_OBSERVATION_SERVER player=Player0 storageCount=0 cursorPresent=true
[01:18:28 INFO]: [BranzMMO] PHYSICAL_AUTHORITY_HOTBAR_PLAN_SERVER player=Player0 disposition=TRANSIENT_CURSOR intent=none
[01:18:29 INFO]: Player0 issued server command: /mmo physical status
[01:18:29 INFO]: Player0 lost connection: Disconnected
[01:18:30 INFO]: UUID of player Player0 is 2654e3c3-150d-3857-a426-0b141796a4e0
[01:18:30 INFO]: Player0 left the game
[01:18:30 INFO]: Player0 joined the game
[01:18:30 INFO]: Player0[/127.0.0.1:59021] logged in with entity id 98 at ([minecraft:overworld]4.5, 90.0, -7.5)
[01:18:31 INFO]: Player0 issued server command: /mmo physical status
[01:18:32 INFO]: Stopping the server
[01:18:32 INFO]: Stopping server
[01:18:32 INFO]: [BranzMMO] Disabling BranzMMO v1.0.0-SNAPSHOT
[01:18:32 INFO]: [io.zonky.test.db.postgres.embedded.EmbeddedPostgres] 2026-08-14 01:18:32.469 +07 [23776] LOG:  received fast shutdown request
[01:18:32 INFO]: [io.zonky.test.db.postgres.embedded.EmbeddedPostgres] 2026-08-14 01:18:32.470 +07 [23776] LOG:  aborting any active transactions
[01:18:32 INFO]: [io.zonky.test.db.postgres.embedded.EmbeddedPostgres] 2026-08-14 01:18:32.485 +07 [23776] LOG:  background worker "logical replication launcher" (PID 5512) exited with exit code 1
[01:18:32 INFO]: [io.zonky.test.db.postgres.embedded.EmbeddedPostgres] 2026-08-14 01:18:32.493 +07 [27744] LOG:  shutting down
[01:18:32 INFO]: [io.zonky.test.db.postgres.embedded.EmbeddedPostgres] waiting for server to shut down.... done
[01:18:32 INFO]: [io.zonky.test.db.postgres.embedded.EmbeddedPostgres] server stopped
[01:18:32 INFO]: [io.zonky.test.db.postgres.embedded.EmbeddedPostgres] 2026-08-14 01:18:32.905 +07 [23776] LOG:  database system is shut down
[01:18:32 INFO]: [io.zonky.test.db.postgres.embedded.EmbeddedPostgres] a4d6e53d-f97a-45ae-bb88-f7cca89a2ddf shut down postmaster in 00:00:00.528
[01:18:32 INFO]: [io.zonky.test.db.postgres.embedded.EmbeddedPostgres] Did not clean up directory C:\Users\User\AppData\Local\BranzMMORPGHarness\repo\mmo-bootstrap\run\plugins\BranzMMO\embedded-postgres
[01:18:32 INFO]: [BranzMMO] Branz MMO platform disabled cleanly.
[01:18:32 INFO]: Saving players
[01:18:33 INFO]: Player0 lost connection: Disconnected
[01:18:33 INFO]: Player0 left the game
[01:18:33 INFO]: Saving worlds
[01:18:33 INFO]: Saving chunks for level 'ServerLevel[world]'/minecraft:overworld
[01:18:33 INFO]: [ChunkHolderManager] Waiting 60s for chunk system to halt for world 'minecraft:overworld'
[01:18:33 INFO]: [ChunkHolderManager] Halted chunk system for world 'minecraft:overworld'
[01:18:33 INFO]: [ChunkHolderManager] Saving all chunkholders for world 'minecraft:overworld'
[01:18:35 INFO]: [ChunkHolderManager] Saved 1319 block chunks, 138 entity chunks, 21 poi chunks in world 'minecraft:overworld' in 1.95s
[01:18:35 INFO]: [ChunkHolderManager] Waiting 60s for chunk I/O to halt for world 'minecraft:overworld'
[01:18:35 INFO]: [ChunkHolderManager] Halted I/O scheduler for world 'minecraft:overworld'
[01:18:35 INFO]: Saving chunks for level 'ServerLevel[world]'/minecraft:the_nether
[01:18:35 INFO]: [ChunkHolderManager] Waiting 60s for chunk system to halt for world 'minecraft:the_nether'
[01:18:35 INFO]: [ChunkHolderManager] Halted chunk system for world 'minecraft:the_nether'
[01:18:35 INFO]: [ChunkHolderManager] Saving all chunkholders for world 'minecraft:the_nether'
[01:18:35 INFO]: [ChunkHolderManager] Saved 0 block chunks, 0 entity chunks, 0 poi chunks in world 'minecraft:the_nether' in 0.00s
[01:18:35 INFO]: [ChunkHolderManager] Waiting 60s for chunk I/O to halt for world 'minecraft:the_nether'
[01:18:35 INFO]: [ChunkHolderManager] Halted I/O scheduler for world 'minecraft:the_nether'
[01:18:35 INFO]: Saving chunks for level 'ServerLevel[world]'/minecraft:the_end
[01:18:35 INFO]: [ChunkHolderManager] Waiting 60s for chunk system to halt for world 'minecraft:the_end'
[01:18:35 INFO]: [ChunkHolderManager] Halted chunk system for world 'minecraft:the_end'
[01:18:35 INFO]: [ChunkHolderManager] Saving all chunkholders for world 'minecraft:the_end'
[01:18:35 INFO]: [ChunkHolderManager] Saved 0 block chunks, 0 entity chunks, 0 poi chunks in world 'minecraft:the_end' in 0.00s
[01:18:35 INFO]: [ChunkHolderManager] Waiting 60s for chunk I/O to halt for world 'minecraft:the_end'
[01:18:35 INFO]: [ChunkHolderManager] Halted I/O scheduler for world 'minecraft:the_end'
[01:18:35 INFO]: ThreadedAnvilChunkStorage (world): All chunks are saved
[01:18:35 INFO]: ThreadedAnvilChunkStorage (DIM-1): All chunks are saved
[01:18:35 INFO]: ThreadedAnvilChunkStorage (DIM1): All chunks are saved
[01:18:35 INFO]: ThreadedAnvilChunkStorage: All dimensions are saved
[01:18:35 INFO]: Waiting for all RegionFile I/O tasks to complete...
[01:18:35 INFO]: All RegionFile I/O tasks to complete
[01:18:35 INFO]: [MoonriseCommon] Awaiting termination of worker pool for up to 60s...
[01:18:35 INFO]: [MoonriseCommon] Awaiting termination of I/O pool for up to 60s...

BUILD SUCCESSFUL in 1m 42s
39 actionable tasks: 3 executed, 36 up-to-date
Consider enabling configuration cache to speed up this build: https://docs.gradle.org/9.1.0/userguide/configuration_cache_enabling.html
