To honour the JVM settings for this build a single-use Daemon process will be forked. For more on this, please refer to https://docs.gradle.org/9.1.0/userguide/gradle_daemon.html#sec:disabling_the_daemon in the Gradle documentation.
Daemon will be stopped at the end of the build 
> Task :mmo-api:compileJava UP-TO-DATE
> Task :mmo-api:processResources NO-SOURCE
> Task :mmo-api:classes UP-TO-DATE
> Task :mmo-api:jar UP-TO-DATE
> Task :mmo-content:compileJava UP-TO-DATE
> Task :mmo-combat:compileJava UP-TO-DATE
> Task :mmo-integrations:compileJava UP-TO-DATE
> Task :mmo-items:compileJava UP-TO-DATE
> Task :mmo-lifeskills:compileJava UP-TO-DATE
> Task :mmo-magic:compileJava UP-TO-DATE
> Task :mmo-progression:compileJava UP-TO-DATE
> Task :mmo-persistence:compileJava UP-TO-DATE
> Task :mmo-scenes:compileJava UP-TO-DATE
> Task :mmo-social:compileJava UP-TO-DATE
> Task :mmo-worldloop:compileJava UP-TO-DATE
> Task :mmo-integrations:integration-mythicmobs:compileJava UP-TO-DATE
> Task :mmo-integrations:integration-oraxen:compileJava UP-TO-DATE
> Task :mmo-integrations:integration-packetevents:compileJava UP-TO-DATE
> Task :mmo-integrations:integration-wallet:compileJava UP-TO-DATE
> Task :mmo-integrations:integration-worldguard:compileJava UP-TO-DATE
> Task :mmo-bootstrap:compileJava
> Task :mmo-bootstrap:processResources UP-TO-DATE
> Task :mmo-bootstrap:classes
> Task :mmo-combat:processResources NO-SOURCE
> Task :mmo-combat:classes UP-TO-DATE
> Task :mmo-combat:jar UP-TO-DATE
> Task :mmo-content:processResources NO-SOURCE
> Task :mmo-content:classes UP-TO-DATE
> Task :mmo-content:jar UP-TO-DATE
> Task :mmo-integrations:processResources NO-SOURCE
> Task :mmo-integrations:classes UP-TO-DATE
> Task :mmo-integrations:jar UP-TO-DATE
> Task :mmo-items:processResources NO-SOURCE
> Task :mmo-items:classes UP-TO-DATE
> Task :mmo-items:jar UP-TO-DATE
> Task :mmo-lifeskills:processResources NO-SOURCE
> Task :mmo-lifeskills:classes UP-TO-DATE
> Task :mmo-lifeskills:jar UP-TO-DATE
> Task :mmo-magic:processResources NO-SOURCE
> Task :mmo-magic:classes UP-TO-DATE
> Task :mmo-magic:jar UP-TO-DATE
> Task :mmo-persistence:processResources UP-TO-DATE
> Task :mmo-persistence:classes UP-TO-DATE
> Task :mmo-persistence:jar UP-TO-DATE
> Task :mmo-progression:processResources NO-SOURCE
> Task :mmo-progression:classes UP-TO-DATE
> Task :mmo-progression:jar UP-TO-DATE
> Task :mmo-scenes:processResources NO-SOURCE
> Task :mmo-scenes:classes UP-TO-DATE
> Task :mmo-scenes:jar UP-TO-DATE
> Task :mmo-social:processResources NO-SOURCE
> Task :mmo-social:classes UP-TO-DATE
> Task :mmo-social:jar UP-TO-DATE
> Task :mmo-worldloop:processResources NO-SOURCE
> Task :mmo-worldloop:classes UP-TO-DATE
> Task :mmo-worldloop:jar UP-TO-DATE
> Task :mmo-integrations:integration-mythicmobs:processResources NO-SOURCE
> Task :mmo-integrations:integration-mythicmobs:classes UP-TO-DATE
> Task :mmo-integrations:integration-mythicmobs:jar UP-TO-DATE
> Task :mmo-integrations:integration-oraxen:processResources NO-SOURCE
> Task :mmo-integrations:integration-oraxen:classes UP-TO-DATE
> Task :mmo-integrations:integration-oraxen:jar UP-TO-DATE
> Task :mmo-integrations:integration-packetevents:processResources NO-SOURCE
> Task :mmo-integrations:integration-packetevents:classes UP-TO-DATE
> Task :mmo-integrations:integration-packetevents:jar UP-TO-DATE
> Task :mmo-integrations:integration-wallet:processResources NO-SOURCE
> Task :mmo-integrations:integration-wallet:classes UP-TO-DATE
> Task :mmo-integrations:integration-wallet:jar UP-TO-DATE
> Task :mmo-integrations:integration-worldguard:processResources NO-SOURCE
> Task :mmo-integrations:integration-worldguard:classes UP-TO-DATE
> Task :mmo-integrations:integration-worldguard:jar UP-TO-DATE
> Task :mmo-bootstrap:shadowJar

> Task :mmo-bootstrap:runServer
Located Paper 26.2 build 112 in local cache.
Starting Paper...

Downloading mojang_26.2.jar
Applying patches
Starting org.bukkit.craftbukkit.Main
2026-08-11T17:18:58.008525800Z ServerMain WARN Advanced terminal features are not available in this environment
[00:19:01 INFO]: [bootstrap] Running Java 25 (OpenJDK 64-Bit Server VM 25.0.3+9-LTS; Eclipse Adoptium Temurin-25.0.3+9) on Windows 11 10.0 (amd64)
[00:19:01 INFO]: [bootstrap] Loading Paper 26.2-112-main@c9e894d (2026-08-11T05:18:39Z) for Minecraft 26.2
[00:19:01 INFO]: [PluginInitializerManager] Initializing plugins...
[00:19:01 INFO]: [PluginInitializerManager] Initialized 1 plugin
[00:19:01 INFO]: [PluginInitializerManager] Bukkit plugins (1):
 - BranzMMO (1.0.0-SNAPSHOT)
WARNING: A terminally deprecated method in sun.misc.Unsafe has been called
WARNING: sun.misc.Unsafe::objectFieldOffset has been called by org.joml.MemUtil$MemUtilUnsafe (file:/C:/Users/User/AppData/Local/BranzMMORPGHarness/repo/mmo-bootstrap/run/libraries/org/joml/joml/1.10.8/joml-1.10.8.jar)
WARNING: Please consider reporting this to the maintainers of class org.joml.MemUtil$MemUtilUnsafe
WARNING: sun.misc.Unsafe::objectFieldOffset will be removed in a future release
[00:19:08 INFO]: [ca.spottedleaf.dataconverter.minecraft.datatypes.MCTypeRegistry] Initialising converters for DataConverter...
[00:19:08 INFO]: Environment: Environment[sessionHost=https://sessionserver.mojang.com, servicesHost=https://api.minecraftservices.com, profilesHost=https://api.mojang.com, name=PROD]
[00:19:08 INFO]: [ca.spottedleaf.dataconverter.minecraft.datatypes.MCTypeRegistry] Finished initialising converters for DataConverter in 529.1ms
[00:19:08 INFO]: Found new data pack paper, loading it automatically
[00:19:10 INFO]: No existing world data, creating new world
[00:19:11 INFO]: Loaded 1585 recipes
[00:19:11 INFO]: Loaded 1688 advancements
[00:19:11 INFO]: Starting minecraft server version 26.2
[00:19:11 INFO]: Loading properties
[00:19:11 INFO]: This server is running Paper version 26.2-112-main@c9e894d (2026-08-11T05:18:39Z) (Implementing API version 26.2.build.112-stable)
[00:19:11 INFO]: [spark] This server bundles the spark profiler. For more information please visit https://docs.papermc.io/paper/profiling
[00:19:11 INFO]: Server Ping Player Sample Count: 12
[00:19:11 INFO]: Using 4 threads for Netty based IO
[00:19:12 INFO]: [MoonriseCommon] Paper is using 3 worker threads, 1 I/O threads
[00:19:12 INFO]: Default game type: SURVIVAL
[00:19:12 INFO]: Generating keypair
[00:19:12 INFO]: Starting Minecraft server on *:25565
[00:19:13 INFO]: Paper: Using Java compression from Velocity.
[00:19:13 INFO]: Paper: Using Java cipher from Velocity.
[00:19:13 INFO]: [BranzMMO] Loading server plugin BranzMMO v1.0.0-SNAPSHOT
[00:19:13 INFO]: [BranzMMO] Enabling BranzMMO v1.0.0-SNAPSHOT
[00:19:13 INFO]: [BranzMMO] Loading and validating content snapshot from C:\Users\User\AppData\Local\BranzMMORPGHarness\repo\example-content\milestone-1
[00:19:13 WARN]: **** SERVER IS RUNNING IN OFFLINE/INSECURE MODE!
[00:19:13 WARN]: The server will make no attempt to authenticate usernames. Beware.
[00:19:13 WARN]: While this makes the game possible to play without internet access, it also opens up the ability for hackers to connect with any username they choose.
[00:19:13 WARN]: To change this, set "online-mode" to "true" in the server.properties file.
[00:19:13 INFO]: Preparing level "world"
[00:19:13 INFO]: Selecting spawn point for level 'minecraft:overworld'...
[00:19:17 INFO]: Selecting spawn point for level 'minecraft:the_nether'...
[00:19:18 INFO]: Selecting spawn point for level 'minecraft:the_end'...
[00:19:18 INFO]: Loading 0 persistent chunks for level 'minecraft:overworld'...
[00:19:18 INFO]: Preparing spawn area: 100%
[00:19:18 INFO]: Prepared spawn area in 4725 ms
[00:19:18 INFO]: Loading 0 persistent chunks for level 'minecraft:the_nether'...
[00:19:18 INFO]: Preparing spawn area: 100%
[00:19:18 INFO]: Prepared spawn area in 964 ms
[00:19:18 INFO]: Loading 0 persistent chunks for level 'minecraft:the_end'...
[00:19:18 INFO]: Preparing spawn area: 100%
[00:19:18 INFO]: Prepared spawn area in 304 ms
[00:19:18 INFO]: Done preparing level "world" (5.211s)
[00:19:18 INFO]: [spark] Starting background profiler...
[00:19:18 INFO]: [spark] The async-profiler engine is not supported for your os/arch (windows11/amd64), so the built-in Java engine will be used instead.
[00:19:19 INFO]: Saving chunks for level 'ServerLevel[world]'/minecraft:overworld
[00:19:19 INFO]: Saving chunks for level 'ServerLevel[world]'/minecraft:the_nether
[00:19:19 INFO]: Saving chunks for level 'ServerLevel[world]'/minecraft:the_end
[00:19:19 INFO]: ThreadedAnvilChunkStorage (world): All chunks are saved
[00:19:19 INFO]: ThreadedAnvilChunkStorage (DIM-1): All chunks are saved
[00:19:19 INFO]: ThreadedAnvilChunkStorage (DIM1): All chunks are saved
[00:19:19 INFO]: ThreadedAnvilChunkStorage: All dimensions are saved
[00:19:19 INFO]: Running delayed init tasks
[00:19:19 INFO]: Done (43.276s)! For help, type "help"
[00:19:19 INFO]: *************************************************************************************
[00:19:19 INFO]: This is the first time you're starting this server.
[00:19:19 INFO]: It's recommended you read our 'Getting Started' documentation for guidance.
[00:19:19 INFO]: View this and more helpful information here: https://docs.papermc.io/paper/next-steps
[00:19:19 INFO]: *************************************************************************************
[00:19:19 INFO]: [io.zonky.test.db.postgres.embedded.EmbeddedPostgres] Detected a Windows x86_64 system
[00:19:19 INFO]: [io.zonky.test.db.postgres.embedded.DefaultPostgresBinaryResolver] Detected distribution: 'Unknown'
[00:19:19 INFO]: [io.zonky.test.db.postgres.embedded.DefaultPostgresBinaryResolver] System specific postgres binaries found: 'postgres-windows-x86_64.txz'
[00:19:20 INFO]: [io.zonky.test.db.postgres.embedded.EmbeddedPostgres] Postgres binaries at C:\Users\User\AppData\Local\Temp\embedded-pg\PG-3942d5a1dcdbfebc27772e9e670d5d85
[00:19:21 INFO]: [io.zonky.test.db.postgres.embedded.EmbeddedPostgres] The files belonging to this database system will be owned by user "User".
[00:19:21 INFO]: [io.zonky.test.db.postgres.embedded.EmbeddedPostgres] This user must also own the server process.
[00:19:21 INFO]: [io.zonky.test.db.postgres.embedded.EmbeddedPostgres] 
[00:19:21 INFO]: [io.zonky.test.db.postgres.embedded.EmbeddedPostgres] The database cluster will be initialized with locale "English_United States.874".
[00:19:21 INFO]: [io.zonky.test.db.postgres.embedded.EmbeddedPostgres] The default text search configuration will be set to "english".
[00:19:21 INFO]: [io.zonky.test.db.postgres.embedded.EmbeddedPostgres] 
[00:19:21 INFO]: [io.zonky.test.db.postgres.embedded.EmbeddedPostgres] Data page checksums are disabled.
[00:19:21 INFO]: [io.zonky.test.db.postgres.embedded.EmbeddedPostgres] 
[00:19:21 INFO]: [io.zonky.test.db.postgres.embedded.EmbeddedPostgres] fixing permissions on existing directory C:/Users/User/AppData/Local/BranzMMORPGHarness/repo/mmo-bootstrap/run/plugins/BranzMMO/embedded-postgres ... ok
[00:19:21 INFO]: [io.zonky.test.db.postgres.embedded.EmbeddedPostgres] creating subdirectories ... ok
[00:19:21 INFO]: [io.zonky.test.db.postgres.embedded.EmbeddedPostgres] selecting dynamic shared memory implementation ... windows
[00:19:21 INFO]: [io.zonky.test.db.postgres.embedded.EmbeddedPostgres] selecting default max_connections ... 100
[00:19:21 INFO]: [io.zonky.test.db.postgres.embedded.EmbeddedPostgres] selecting default shared_buffers ... 128MB
[00:19:21 INFO]: [io.zonky.test.db.postgres.embedded.EmbeddedPostgres] selecting default time zone ... Asia/Bangkok
[00:19:21 INFO]: [io.zonky.test.db.postgres.embedded.EmbeddedPostgres] creating configuration files ... ok
[00:19:23 INFO]: [io.zonky.test.db.postgres.embedded.EmbeddedPostgres] running bootstrap script ... ok
[00:19:29 INFO]: [io.zonky.test.db.postgres.embedded.EmbeddedPostgres] performing post-bootstrap initialization ... ok
[00:19:41 INFO]: [io.zonky.test.db.postgres.embedded.EmbeddedPostgres] syncing data to disk ... ok
[00:19:41 INFO]: [io.zonky.test.db.postgres.embedded.EmbeddedPostgres] 
[00:19:41 INFO]: [io.zonky.test.db.postgres.embedded.EmbeddedPostgres] Success. You can now start the database server using:
[00:19:41 INFO]: [io.zonky.test.db.postgres.embedded.EmbeddedPostgres] 
[00:19:41 INFO]: [io.zonky.test.db.postgres.embedded.EmbeddedPostgres]     ^"C^:^\Users^\User^\AppData^\Local^\Temp^\embedded^-pg^\PG^-3942d5a1dcdbfebc27772e9e670d5d85^\bin^\pg^_ctl^" -D ^"C^:^\Users^\User^\AppData^\Local^\BranzMMORPGHarness^\repo^\mmo^-bootstrap^\run^\plugins^\BranzMMO^\embedded^-postgres^" -l logfile start
[00:19:41 INFO]: [io.zonky.test.db.postgres.embedded.EmbeddedPostgres] 
[00:19:41 INFO]: [io.zonky.test.db.postgres.embedded.EmbeddedPostgres] 3c358732-533e-4563-9336-1ec9d4d6e9b3 initdb completed in 00:00:20.678
[00:19:41 INFO]: [io.zonky.test.db.postgres.embedded.EmbeddedPostgres] 3c358732-533e-4563-9336-1ec9d4d6e9b3 postmaster started as Process[pid=12672, exitValue="not exited"] on port 56913.  Waiting up to PT10S for server startup to finish.
[00:19:41 INFO]: [io.zonky.test.db.postgres.embedded.EmbeddedPostgres] waiting for server to start....2026-08-12 00:19:41.885 +07 [6592] LOG:  starting PostgreSQL 14.22, compiled by Visual C++ build 1944, 64-bit
[00:19:41 INFO]: [io.zonky.test.db.postgres.embedded.EmbeddedPostgres] 2026-08-12 00:19:41.894 +07 [6592] LOG:  listening on IPv6 address "::1", port 56913
[00:19:41 INFO]: [io.zonky.test.db.postgres.embedded.EmbeddedPostgres] 2026-08-12 00:19:41.894 +07 [6592] LOG:  listening on IPv4 address "127.0.0.1", port 56913
[00:19:41 INFO]: [io.zonky.test.db.postgres.embedded.EmbeddedPostgres] 2026-08-12 00:19:41.968 +07 [5808] LOG:  database system was shut down at 2026-08-12 00:19:29 +07
[00:19:42 INFO]: [io.zonky.test.db.postgres.embedded.EmbeddedPostgres] 2026-08-12 00:19:42.078 +07 [6592] LOG:  database system is ready to accept connections
[00:19:42 INFO]: [io.zonky.test.db.postgres.embedded.EmbeddedPostgres]  done
[00:19:42 INFO]: [io.zonky.test.db.postgres.embedded.EmbeddedPostgres] server started
[00:19:42 INFO]: [io.zonky.test.db.postgres.embedded.EmbeddedPostgres] 3c358732-533e-4563-9336-1ec9d4d6e9b3 postmaster startup finished in 00:00:01.466
[00:19:45 INFO]: [BranzMMO] Milestone 3 runtime ready; item definitions=20, move definitions=6, spell definitions=5, technique definitions=5, form definitions=4, ailment definitions=6, encounter reward definitions=1, Scene presentation=WORLD_BACKED
[00:19:45 INFO]: [BranzMMO] Provider asset.oraxen=UNAVAILABLE [OPTIONAL]: plugin is not installed: Oraxen
[00:19:45 INFO]: [BranzMMO] Provider mob.mythicmobs=UNAVAILABLE [OPTIONAL]: plugin is not installed: MythicMobs
[00:19:45 INFO]: [BranzMMO] Provider packet.packetevents=UNAVAILABLE [OPTIONAL]: plugin is not installed: packetevents
[00:19:45 INFO]: [BranzMMO] Provider region.worldguard=UNAVAILABLE [OPTIONAL]: plugin is not installed: WorldGuard
[00:19:45 INFO]: [BranzMMO] Provider wallet.external=UNAVAILABLE [OPTIONAL]: plugin is not installed: Wallet
[00:19:45 WARN]: [BranzMMO] asset.oraxen [OPTIONAL]: plugin is not installed: Oraxen
[00:19:45 WARN]: [BranzMMO] mob.mythicmobs [OPTIONAL]: plugin is not installed: MythicMobs
[00:19:45 WARN]: [BranzMMO] packet.packetevents [OPTIONAL]: plugin is not installed: packetevents
[00:19:45 WARN]: [BranzMMO] region.worldguard [OPTIONAL]: plugin is not installed: WorldGuard
[00:19:45 WARN]: [BranzMMO] wallet.external [OPTIONAL]: plugin is not installed: Wallet
[00:19:45 INFO]: [BranzMMO] Branz MMO startup DEGRADED; content=v1.milestone-1.example.4, definitions=48
[00:19:45 INFO]: [BranzMMO] PostgreSQL runtime ready; mode=EMBEDDED_LOCAL, server-instance=local-ae427196-fbb8-4f2c-a965-c9cba55f3ff6
[00:19:45 INFO]: [BranzMMO] Recovered 0 boss encounter(s) from V0009.
[00:19:45 INFO]: [BranzMMO] Death Pouch reconciliation is ready.
[00:19:46 INFO]: [BranzMMO] Recovered 0 downed encounter(s) from V0010.
[00:20:40 INFO]: UUID of player Player0 is 2654e3c3-150d-3857-a426-0b141796a4e0
[00:21:06 INFO]: Player0 (2654e3c3-150d-3857-a426-0b141796a4e0) lost connection: Disconnected
[00:21:08 WARN]: [BranzMMO] Resource Node reconciliation failed: TRANSACTION_DATABASE_UNAVAILABLE: PSQLException SQLSTATE=08001
[00:21:10 INFO]: [io.zonky.test.db.postgres.embedded.EmbeddedPostgres] 2026-08-12 00:21:10.904 +07 [30504] LOG:  could not receive data from client: An established connection was aborted by the software in your host machine.
[00:21:10 INFO]: [io.zonky.test.db.postgres.embedded.EmbeddedPostgres] 	
[00:21:44 INFO]: Stopping the server
[00:21:44 INFO]: Stopping server
[00:21:44 INFO]: [BranzMMO] Disabling BranzMMO v1.0.0-SNAPSHOT
[00:21:49 ERROR]: [STDERR] [me.lucko.spark.paper.common.util.log.Logger$1] Uncaught exception thrown in thread spark-monitoring-1-thread-1
[00:21:49 INFO]: [io.zonky.test.db.postgres.embedded.EmbeddedPostgres] 2026-08-12 00:21:49.429 +07 [6592] LOG:  received fast shutdown request
[00:21:49 INFO]: [io.zonky.test.db.postgres.embedded.EmbeddedPostgres] 2026-08-12 00:21:49.524 +07 [6592] LOG:  aborting any active transactions
[00:21:49 WARN]: java.util.concurrent.CancellationException
[00:21:49 WARN]: 	at java.base/java.util.concurrent.FutureTask.report(FutureTask.java:123)
[00:21:49 WARN]: 	at java.base/java.util.concurrent.FutureTask.get(FutureTask.java:193)
[00:21:49 WARN]: 	at me.lucko.spark.paper.common.util.SparkScheduledThreadPoolExecutor.afterExecute(SparkScheduledThreadPoolExecutor.java:48)
[00:21:49 WARN]: 	at java.base/java.util.concurrent.ThreadPoolExecutor.runWorker(ThreadPoolExecutor.java:1091)
[00:21:49 WARN]: 	at java.base/java.util.concurrent.ThreadPoolExecutor$Worker.run(ThreadPoolExecutor.java:614)
[00:21:49 WARN]: 	at java.base/java.lang.Thread.run(Thread.java:1474)
[00:21:49 WARN]: [spark] Timed out waiting for world statistics
[00:21:49 ERROR]: [STDERR] [me.lucko.spark.paper.common.util.log.Logger$1] Uncaught exception thrown in thread spark-java-sampler-2-thread-4
[00:21:49 WARN]: java.util.concurrent.CancellationException
[00:21:49 WARN]: 	at java.base/java.util.concurrent.FutureTask.report(FutureTask.java:123)
[00:21:49 WARN]: 	at java.base/java.util.concurrent.FutureTask.get(FutureTask.java:193)
[00:21:49 WARN]: 	at me.lucko.spark.paper.common.util.SparkScheduledThreadPoolExecutor.afterExecute(SparkScheduledThreadPoolExecutor.java:48)
[00:21:49 WARN]: 	at java.base/java.util.concurrent.ThreadPoolExecutor.runWorker(ThreadPoolExecutor.java:1091)
[00:21:49 WARN]: 	at java.base/java.util.concurrent.ThreadPoolExecutor$Worker.run(ThreadPoolExecutor.java:614)
[00:21:49 WARN]: 	at java.base/java.lang.Thread.run(Thread.java:1474)
[00:21:49 INFO]: [io.zonky.test.db.postgres.embedded.EmbeddedPostgres] 2026-08-12 00:21:49.976 +07 [6592] LOG:  background worker "logical replication launcher" (PID 6820) exited with exit code 1
[00:21:50 INFO]: [io.zonky.test.db.postgres.embedded.EmbeddedPostgres] 2026-08-12 00:21:50.133 +07 [13552] FATAL:  terminating autovacuum process due to administrator command
[00:21:50 INFO]: [io.zonky.test.db.postgres.embedded.EmbeddedPostgres] 2026-08-12 00:21:50.150 +07 [12104] LOG:  shutting down
[00:21:51 INFO]: [io.zonky.test.db.postgres.embedded.EmbeddedPostgres] 2026-08-12 00:21:51.492 +07 [6592] LOG:  database system is shut down
[00:21:51 INFO]: [io.zonky.test.db.postgres.embedded.EmbeddedPostgres] waiting for server to shut down..... done
[00:21:51 INFO]: [io.zonky.test.db.postgres.embedded.EmbeddedPostgres] server stopped
[00:21:51 INFO]: [io.zonky.test.db.postgres.embedded.EmbeddedPostgres] 3c358732-533e-4563-9336-1ec9d4d6e9b3 shut down postmaster in 00:00:06.926
[00:22:02 INFO]: [io.zonky.test.db.postgres.embedded.EmbeddedPostgres] Did not clean up directory C:\Users\User\AppData\Local\BranzMMORPGHarness\repo\mmo-bootstrap\run\plugins\BranzMMO\embedded-postgres
[00:22:02 INFO]: [BranzMMO] Branz MMO platform disabled cleanly.
[00:22:03 INFO]: Saving players
[00:22:03 INFO]: Saving worlds
[00:22:03 INFO]: Saving chunks for level 'ServerLevel[world]'/minecraft:overworld
[00:22:09 INFO]: [ChunkHolderManager] Waiting 60s for chunk system to halt for world 'minecraft:overworld'
[00:22:09 INFO]: [ChunkHolderManager] Halted chunk system for world 'minecraft:overworld'
[00:22:09 INFO]: [ChunkHolderManager] Saving all chunkholders for world 'minecraft:overworld'
