To honour the JVM settings for this build a single-use Daemon process will be forked. For more on this, please refer to https://docs.gradle.org/9.1.0/userguide/gradle_daemon.html#sec:disabling_the_daemon in the Gradle documentation.
Daemon will be stopped at the end of the build 
> Task :mmo-api:compileJava UP-TO-DATE
> Task :mmo-api:processResources NO-SOURCE
> Task :mmo-api:classes UP-TO-DATE
> Task :mmo-api:jar UP-TO-DATE
> Task :mmo-content:compileJava UP-TO-DATE
> Task :mmo-combat:compileJava UP-TO-DATE
> Task :mmo-integrations:compileJava UP-TO-DATE
> Task :mmo-items:compileJava UP-TO-DATE
> Task :mmo-lifeskills:compileJava UP-TO-DATE
> Task :mmo-magic:compileJava UP-TO-DATE
> Task :mmo-progression:compileJava UP-TO-DATE
> Task :mmo-persistence:compileJava UP-TO-DATE
> Task :mmo-scenes:compileJava UP-TO-DATE
> Task :mmo-social:compileJava UP-TO-DATE
> Task :mmo-worldloop:compileJava UP-TO-DATE
> Task :mmo-integrations:integration-mythicmobs:compileJava UP-TO-DATE
> Task :mmo-integrations:integration-oraxen:compileJava UP-TO-DATE
> Task :mmo-integrations:integration-packetevents:compileJava UP-TO-DATE
> Task :mmo-integrations:integration-wallet:compileJava UP-TO-DATE
> Task :mmo-integrations:integration-worldguard:compileJava UP-TO-DATE
> Task :mmo-bootstrap:compileJava UP-TO-DATE
> Task :mmo-bootstrap:processResources UP-TO-DATE
> Task :mmo-bootstrap:classes UP-TO-DATE
> Task :mmo-combat:processResources NO-SOURCE
> Task :mmo-combat:classes UP-TO-DATE
> Task :mmo-combat:jar UP-TO-DATE
> Task :mmo-content:processResources NO-SOURCE
> Task :mmo-content:classes UP-TO-DATE
> Task :mmo-content:jar UP-TO-DATE
> Task :mmo-integrations:processResources NO-SOURCE
> Task :mmo-integrations:classes UP-TO-DATE
> Task :mmo-integrations:jar UP-TO-DATE
> Task :mmo-items:processResources NO-SOURCE
> Task :mmo-items:classes UP-TO-DATE
> Task :mmo-items:jar UP-TO-DATE
> Task :mmo-lifeskills:processResources NO-SOURCE
> Task :mmo-lifeskills:classes UP-TO-DATE
> Task :mmo-lifeskills:jar UP-TO-DATE
> Task :mmo-magic:processResources NO-SOURCE
> Task :mmo-magic:classes UP-TO-DATE
> Task :mmo-magic:jar UP-TO-DATE
> Task :mmo-persistence:processResources UP-TO-DATE
> Task :mmo-persistence:classes UP-TO-DATE
> Task :mmo-persistence:jar UP-TO-DATE
> Task :mmo-progression:processResources NO-SOURCE
> Task :mmo-progression:classes UP-TO-DATE
> Task :mmo-progression:jar UP-TO-DATE
> Task :mmo-scenes:processResources NO-SOURCE
> Task :mmo-scenes:classes UP-TO-DATE
> Task :mmo-scenes:jar UP-TO-DATE
> Task :mmo-social:processResources NO-SOURCE
> Task :mmo-social:classes UP-TO-DATE
> Task :mmo-social:jar UP-TO-DATE
> Task :mmo-worldloop:processResources NO-SOURCE
> Task :mmo-worldloop:classes UP-TO-DATE
> Task :mmo-worldloop:jar UP-TO-DATE
> Task :mmo-integrations:integration-mythicmobs:processResources NO-SOURCE
> Task :mmo-integrations:integration-mythicmobs:classes UP-TO-DATE
> Task :mmo-integrations:integration-mythicmobs:jar UP-TO-DATE
> Task :mmo-integrations:integration-oraxen:processResources NO-SOURCE
> Task :mmo-integrations:integration-oraxen:classes UP-TO-DATE
> Task :mmo-integrations:integration-oraxen:jar UP-TO-DATE
> Task :mmo-integrations:integration-packetevents:processResources NO-SOURCE
> Task :mmo-integrations:integration-packetevents:classes UP-TO-DATE
> Task :mmo-integrations:integration-packetevents:jar UP-TO-DATE
> Task :mmo-integrations:integration-wallet:processResources NO-SOURCE
> Task :mmo-integrations:integration-wallet:classes UP-TO-DATE
> Task :mmo-integrations:integration-wallet:jar UP-TO-DATE
> Task :mmo-integrations:integration-worldguard:processResources NO-SOURCE
> Task :mmo-integrations:integration-worldguard:classes UP-TO-DATE
> Task :mmo-integrations:integration-worldguard:jar UP-TO-DATE
> Task :mmo-bootstrap:shadowJar UP-TO-DATE

> Task :mmo-bootstrap:runServer
Located Paper 26.2 build 112 in local cache.
Starting Paper...

Downloading mojang_26.2.jar
Applying patches
Starting org.bukkit.craftbukkit.Main
2026-08-14T21:09:50.499542400Z ServerMain WARN Advanced terminal features are not available in this environment
[04:09:50 INFO]: [bootstrap] Running Java 25 (OpenJDK 64-Bit Server VM 25.0.3+9-LTS; Eclipse Adoptium Temurin-25.0.3+9) on Windows 11 10.0 (amd64)
[04:09:50 INFO]: [bootstrap] Loading Paper 26.2-112-main@c9e894d (2026-08-11T05:18:39Z) for Minecraft 26.2
[04:09:50 INFO]: [PluginInitializerManager] Initializing plugins...
[04:09:51 INFO]: [PluginInitializerManager] Initialized 1 plugin
[04:09:51 INFO]: [PluginInitializerManager] Bukkit plugins (1):
 - BranzMMO (1.0.0-SNAPSHOT)
WARNING: A terminally deprecated method in sun.misc.Unsafe has been called
WARNING: sun.misc.Unsafe::objectFieldOffset has been called by org.joml.MemUtil$MemUtilUnsafe (file:/C:/Users/User/AppData/Local/BranzMMORPGHarness/repo/mmo-bootstrap/run/libraries/org/joml/joml/1.10.8/joml-1.10.8.jar)
WARNING: Please consider reporting this to the maintainers of class org.joml.MemUtil$MemUtilUnsafe
WARNING: sun.misc.Unsafe::objectFieldOffset will be removed in a future release
[04:09:58 INFO]: [ca.spottedleaf.dataconverter.minecraft.datatypes.MCTypeRegistry] Initialising converters for DataConverter...
[04:09:59 INFO]: Environment: Environment[sessionHost=https://sessionserver.mojang.com, servicesHost=https://api.minecraftservices.com, profilesHost=https://api.mojang.com, name=PROD]
[04:09:59 INFO]: [ca.spottedleaf.dataconverter.minecraft.datatypes.MCTypeRegistry] Finished initialising converters for DataConverter in 914.5ms
[04:10:00 INFO]: Found new data pack paper, loading it automatically
[04:10:01 INFO]: No existing world data, creating new world
[04:10:03 INFO]: Loaded 1585 recipes
[04:10:03 INFO]: Loaded 1688 advancements
[04:10:04 INFO]: Starting minecraft server version 26.2
[04:10:04 INFO]: Loading properties
[04:10:04 INFO]: This server is running Paper version 26.2-112-main@c9e894d (2026-08-11T05:18:39Z) (Implementing API version 26.2.build.112-stable)
[04:10:04 INFO]: [spark] This server bundles the spark profiler. For more information please visit https://docs.papermc.io/paper/profiling
[04:10:04 INFO]: Server Ping Player Sample Count: 12
[04:10:04 INFO]: Using 4 threads for Netty based IO
[04:10:05 INFO]: [MoonriseCommon] Paper is using 3 worker threads, 1 I/O threads
[04:10:05 INFO]: Default game type: SURVIVAL
[04:10:05 INFO]: Generating keypair
[04:10:05 INFO]: Starting Minecraft server on *:25565
[04:10:05 INFO]: Paper: Using Java compression from Velocity.
[04:10:05 INFO]: Paper: Using Java cipher from Velocity.
[04:10:06 INFO]: [BranzMMO] Loading server plugin BranzMMO v1.0.0-SNAPSHOT
[04:10:06 INFO]: [BranzMMO] Enabling BranzMMO v1.0.0-SNAPSHOT
[04:10:06 INFO]: [BranzMMO] Loading and validating content snapshot from C:\Users\User\AppData\Local\BranzMMORPGHarness\repo\example-content\milestone-1
[04:10:06 WARN]: **** SERVER IS RUNNING IN OFFLINE/INSECURE MODE!
[04:10:06 WARN]: The server will make no attempt to authenticate usernames. Beware.
[04:10:06 WARN]: While this makes the game possible to play without internet access, it also opens up the ability for hackers to connect with any username they choose.
[04:10:06 WARN]: To change this, set "online-mode" to "true" in the server.properties file.
[04:10:06 INFO]: Preparing level "world"
[04:10:06 INFO]: Selecting spawn point for level 'minecraft:overworld'...
[04:10:13 INFO]: Selecting spawn point for level 'minecraft:the_nether'...
[04:10:13 INFO]: Selecting spawn point for level 'minecraft:the_end'...
[04:10:14 INFO]: Loading 0 persistent chunks for level 'minecraft:overworld'...
[04:10:14 INFO]: Preparing spawn area: 100%
[04:10:14 INFO]: Prepared spawn area in 7253 ms
[04:10:14 INFO]: Loading 0 persistent chunks for level 'minecraft:the_nether'...
[04:10:14 INFO]: Preparing spawn area: 100%
[04:10:14 INFO]: Prepared spawn area in 988 ms
[04:10:14 INFO]: Loading 0 persistent chunks for level 'minecraft:the_end'...
[04:10:14 INFO]: Preparing spawn area: 100%
[04:10:14 INFO]: Prepared spawn area in 262 ms
[04:10:14 INFO]: Done preparing level "world" (8.012s)
[04:10:14 INFO]: [spark] Starting background profiler...
[04:10:14 INFO]: [spark] The async-profiler engine is not supported for your os/arch (windows11/amd64), so the built-in Java engine will be used instead.
[04:10:14 INFO]: Saving chunks for level 'ServerLevel[world]'/minecraft:overworld
[04:10:14 INFO]: Saving chunks for level 'ServerLevel[world]'/minecraft:the_nether
[04:10:14 INFO]: Saving chunks for level 'ServerLevel[world]'/minecraft:the_end
[04:10:14 INFO]: ThreadedAnvilChunkStorage (world): All chunks are saved
[04:10:14 INFO]: ThreadedAnvilChunkStorage (DIM-1): All chunks are saved
[04:10:14 INFO]: ThreadedAnvilChunkStorage (DIM1): All chunks are saved
[04:10:14 INFO]: ThreadedAnvilChunkStorage: All dimensions are saved
[04:10:14 INFO]: Running delayed init tasks
[04:10:14 INFO]: Done (25.507s)! For help, type "help"
[04:10:14 INFO]: *************************************************************************************
[04:10:14 INFO]: This is the first time you're starting this server.
[04:10:14 INFO]: It's recommended you read our 'Getting Started' documentation for guidance.
[04:10:14 INFO]: View this and more helpful information here: https://docs.papermc.io/paper/next-steps
[04:10:14 INFO]: *************************************************************************************
[04:10:14 INFO]: [io.zonky.test.db.postgres.embedded.EmbeddedPostgres] Detected a Windows x86_64 system
[04:10:14 INFO]: [io.zonky.test.db.postgres.embedded.DefaultPostgresBinaryResolver] Detected distribution: 'Unknown'
[04:10:14 INFO]: [io.zonky.test.db.postgres.embedded.DefaultPostgresBinaryResolver] System specific postgres binaries found: 'postgres-windows-x86_64.txz'
[04:10:16 INFO]: [io.zonky.test.db.postgres.embedded.EmbeddedPostgres] Postgres binaries at C:\Users\User\AppData\Local\Temp\embedded-pg\PG-3942d5a1dcdbfebc27772e9e670d5d85
[04:10:16 INFO]: [io.zonky.test.db.postgres.embedded.EmbeddedPostgres] The files belonging to this database system will be owned by user "User".
[04:10:16 INFO]: [io.zonky.test.db.postgres.embedded.EmbeddedPostgres] This user must also own the server process.
[04:10:16 INFO]: [io.zonky.test.db.postgres.embedded.EmbeddedPostgres] 
[04:10:16 INFO]: [io.zonky.test.db.postgres.embedded.EmbeddedPostgres] The database cluster will be initialized with locale "English_United States.874".
[04:10:16 INFO]: [io.zonky.test.db.postgres.embedded.EmbeddedPostgres] The default text search configuration will be set to "english".
[04:10:16 INFO]: [io.zonky.test.db.postgres.embedded.EmbeddedPostgres] 
[04:10:16 INFO]: [io.zonky.test.db.postgres.embedded.EmbeddedPostgres] Data page checksums are disabled.
[04:10:16 INFO]: [io.zonky.test.db.postgres.embedded.EmbeddedPostgres] 
[04:10:16 INFO]: [io.zonky.test.db.postgres.embedded.EmbeddedPostgres] fixing permissions on existing directory C:/Users/User/AppData/Local/BranzMMORPGHarness/repo/mmo-bootstrap/run/plugins/BranzMMO/embedded-postgres ... ok
[04:10:16 INFO]: [io.zonky.test.db.postgres.embedded.EmbeddedPostgres] creating subdirectories ... ok
[04:10:16 INFO]: [io.zonky.test.db.postgres.embedded.EmbeddedPostgres] selecting dynamic shared memory implementation ... windows
[04:10:17 INFO]: [io.zonky.test.db.postgres.embedded.EmbeddedPostgres] selecting default max_connections ... 100
[04:10:17 INFO]: [io.zonky.test.db.postgres.embedded.EmbeddedPostgres] selecting default shared_buffers ... 128MB
[04:10:17 INFO]: [io.zonky.test.db.postgres.embedded.EmbeddedPostgres] selecting default time zone ... Asia/Bangkok
[04:10:17 INFO]: [io.zonky.test.db.postgres.embedded.EmbeddedPostgres] creating configuration files ... ok
[04:10:20 INFO]: [io.zonky.test.db.postgres.embedded.EmbeddedPostgres] running bootstrap script ... ok
[04:10:25 INFO]: [io.zonky.test.db.postgres.embedded.EmbeddedPostgres] performing post-bootstrap initialization ... ok
[04:10:33 INFO]: [io.zonky.test.db.postgres.embedded.EmbeddedPostgres] syncing data to disk ... ok
[04:10:33 INFO]: [io.zonky.test.db.postgres.embedded.EmbeddedPostgres] 
[04:10:33 INFO]: [io.zonky.test.db.postgres.embedded.EmbeddedPostgres] Success. You can now start the database server using:
[04:10:33 INFO]: [io.zonky.test.db.postgres.embedded.EmbeddedPostgres] 
[04:10:33 INFO]: [io.zonky.test.db.postgres.embedded.EmbeddedPostgres]     ^"C^:^\Users^\User^\AppData^\Local^\Temp^\embedded^-pg^\PG^-3942d5a1dcdbfebc27772e9e670d5d85^\bin^\pg^_ctl^" -D ^"C^:^\Users^\User^\AppData^\Local^\BranzMMORPGHarness^\repo^\mmo^-bootstrap^\run^\plugins^\BranzMMO^\embedded^-postgres^" -l logfile start
[04:10:33 INFO]: [io.zonky.test.db.postgres.embedded.EmbeddedPostgres] 
[04:10:33 INFO]: [io.zonky.test.db.postgres.embedded.EmbeddedPostgres] f781b619-f6ab-4d90-906c-cf88921d54d0 initdb completed in 00:00:16.879
[04:10:33 INFO]: [io.zonky.test.db.postgres.embedded.EmbeddedPostgres] f781b619-f6ab-4d90-906c-cf88921d54d0 postmaster started as Process[pid=23844, exitValue="not exited"] on port 55286.  Waiting up to PT10S for server startup to finish.
[04:10:34 INFO]: [io.zonky.test.db.postgres.embedded.EmbeddedPostgres] waiting for server to start....2026-08-15 04:10:34.136 +07 [11892] LOG:  starting PostgreSQL 14.22, compiled by Visual C++ build 1944, 64-bit
[04:10:34 INFO]: [io.zonky.test.db.postgres.embedded.EmbeddedPostgres] 2026-08-15 04:10:34.155 +07 [11892] LOG:  listening on IPv6 address "::1", port 55286
[04:10:34 INFO]: [io.zonky.test.db.postgres.embedded.EmbeddedPostgres] 2026-08-15 04:10:34.155 +07 [11892] LOG:  listening on IPv4 address "127.0.0.1", port 55286
[04:10:34 INFO]: [io.zonky.test.db.postgres.embedded.EmbeddedPostgres] 2026-08-15 04:10:34.232 +07 [29788] LOG:  database system was shut down at 2026-08-15 04:10:25 +07
[04:10:34 INFO]: [io.zonky.test.db.postgres.embedded.EmbeddedPostgres] 2026-08-15 04:10:34.417 +07 [11892] LOG:  database system is ready to accept connections
[04:10:34 INFO]: [io.zonky.test.db.postgres.embedded.EmbeddedPostgres]  done
[04:10:34 INFO]: [io.zonky.test.db.postgres.embedded.EmbeddedPostgres] server started
[04:10:35 INFO]: [io.zonky.test.db.postgres.embedded.EmbeddedPostgres] f781b619-f6ab-4d90-906c-cf88921d54d0 postmaster startup finished in 00:00:02.181
[04:10:42 INFO]: [BranzMMO] Milestone 3 runtime ready; item definitions=20, move definitions=6, spell definitions=5, technique definitions=5, form definitions=4, ailment definitions=6, encounter reward definitions=1, Scene presentation=WORLD_BACKED
[04:10:42 INFO]: [BranzMMO] Provider asset.oraxen=UNAVAILABLE [OPTIONAL]: plugin is not installed: Oraxen
[04:10:42 INFO]: [BranzMMO] Provider mob.mythicmobs=UNAVAILABLE [OPTIONAL]: plugin is not installed: MythicMobs
[04:10:42 INFO]: [BranzMMO] Provider packet.packetevents=UNAVAILABLE [OPTIONAL]: plugin is not installed: packetevents
[04:10:42 INFO]: [BranzMMO] Provider region.worldguard=UNAVAILABLE [OPTIONAL]: plugin is not installed: WorldGuard
[04:10:42 INFO]: [BranzMMO] Provider wallet.external=UNAVAILABLE [OPTIONAL]: plugin is not installed: Wallet
[04:10:42 WARN]: [BranzMMO] asset.oraxen [OPTIONAL]: plugin is not installed: Oraxen
[04:10:42 WARN]: [BranzMMO] mob.mythicmobs [OPTIONAL]: plugin is not installed: MythicMobs
[04:10:42 WARN]: [BranzMMO] packet.packetevents [OPTIONAL]: plugin is not installed: packetevents
[04:10:42 WARN]: [BranzMMO] region.worldguard [OPTIONAL]: plugin is not installed: WorldGuard
[04:10:42 WARN]: [BranzMMO] wallet.external [OPTIONAL]: plugin is not installed: Wallet
[04:10:42 INFO]: [BranzMMO] Branz MMO startup DEGRADED; content=v1.milestone-1.example.4, definitions=48
[04:10:42 INFO]: [BranzMMO] PostgreSQL runtime ready; mode=EMBEDDED_LOCAL, server-instance=local-68cc7ebd-ae6b-432c-9f87-222bdbb97d63
[04:10:43 INFO]: [BranzMMO] Recovered 0 boss encounter(s) from V0009.
[04:10:43 INFO]: [BranzMMO] Recovered 0 downed encounter(s) from V0010.
[04:10:43 INFO]: [BranzMMO] Death Pouch reconciliation is ready.
[04:11:26 INFO]: UUID of player Player0 is 2654e3c3-150d-3857-a426-0b141796a4e0
[04:11:31 INFO]: Player0 joined the game
[04:11:31 INFO]: Player0[/127.0.0.1:64914] logged in with entity id 46 at ([minecraft:overworld]33.5, 78.0, -21.5)
[04:11:32 INFO]: Made Player0 a server operator
[04:11:32 INFO]: Set 7 experience levels on Player0
[04:11:34 INFO]: Player0 issued server command: /item replace entity @s hotbar.0 with minecraft:stone
[04:11:34 INFO]: [Player0: Replaced a slot on Player0 with [Stone]]
[04:11:34 INFO]: Player0 issued server command: /item replace entity @s hotbar.1 with minecraft:stone
[04:11:34 INFO]: [Player0: Replaced a slot on Player0 with [Stone]]
[04:11:34 INFO]: Player0 issued server command: /item replace entity @s hotbar.2 with minecraft:stone
[04:11:34 INFO]: [Player0: Replaced a slot on Player0 with [Stone]]
[04:11:34 INFO]: Player0 issued server command: /item replace entity @s hotbar.3 with minecraft:stone
[04:11:34 INFO]: [Player0: Replaced a slot on Player0 with [Stone]]
[04:11:34 INFO]: Player0 issued server command: /item replace entity @s hotbar.4 with minecraft:stone
[04:11:34 INFO]: [Player0: Replaced a slot on Player0 with [Stone]]
[04:11:34 INFO]: Player0 issued server command: /item replace entity @s hotbar.5 with minecraft:stone
[04:11:34 INFO]: [Player0: Replaced a slot on Player0 with [Stone]]
[04:11:35 INFO]: Player0 issued server command: /item replace entity @s hotbar.6 with minecraft:stone
[04:11:35 INFO]: [Player0: Replaced a slot on Player0 with [Stone]]
[04:11:35 INFO]: Player0 issued server command: /item replace entity @s hotbar.7 with minecraft:stone
[04:11:35 INFO]: [Player0: Replaced a slot on Player0 with [Stone]]
[04:11:35 INFO]: Player0 issued server command: /mmo dev
[04:11:37 INFO]: Player0 issued server command: /mmo physical status
[04:11:38 INFO]: Player0 issued server command: /mmo physical status
[04:11:39 INFO]: Player0 issued server command: /mmo physical status
[04:11:40 INFO]: Player0 issued server command: /item replace entity @s hotbar.7 with minecraft:air
[04:11:40 INFO]: [Player0: Replaced a slot on Player0 with [Air]]
[04:11:40 INFO]: Player0 issued server command: /mmo physical status
[04:11:41 INFO]: Player0 issued server command: /mmo physical status
[04:11:42 INFO]: Player0 issued server command: /mmo physical status
[04:11:43 INFO]: Player0 issued server command: /mmo physical status
[04:11:44 INFO]: Player0 issued server command: /mmo physical status
[04:11:45 INFO]: Player0 issued server command: /mmo physical status
[04:11:47 INFO]: Player0 issued server command: /mmo physical status
[04:11:48 INFO]: Player0 issued server command: /mmo physical status
[04:11:49 INFO]: Player0 issued server command: /mmo physical status
[04:11:50 INFO]: Player0 issued server command: /mmo physical status
[04:11:51 INFO]: Player0 issued server command: /mmo physical status
[04:11:52 INFO]: Player0 issued server command: /mmo physical status
[04:11:55 INFO]: Player0 lost connection: Disconnected
[04:11:56 INFO]: Player0 left the game
[04:11:57 INFO]: Stopping the server
[04:11:57 INFO]: Stopping server
[04:11:57 INFO]: [BranzMMO] Disabling BranzMMO v1.0.0-SNAPSHOT
[04:11:57 INFO]: [io.zonky.test.db.postgres.embedded.EmbeddedPostgres] 2026-08-15 04:11:57.655 +07 [11892] LOG:  received fast shutdown request
[04:11:57 INFO]: [io.zonky.test.db.postgres.embedded.EmbeddedPostgres] 2026-08-15 04:11:57.655 +07 [11892] LOG:  aborting any active transactions
[04:11:57 INFO]: [io.zonky.test.db.postgres.embedded.EmbeddedPostgres] 2026-08-15 04:11:57.664 +07 [11892] LOG:  background worker "logical replication launcher" (PID 24888) exited with exit code 1
[04:11:57 INFO]: [io.zonky.test.db.postgres.embedded.EmbeddedPostgres] 2026-08-15 04:11:57.674 +07 [14400] LOG:  shutting down
[04:11:58 INFO]: [io.zonky.test.db.postgres.embedded.EmbeddedPostgres] 2026-08-15 04:11:58.535 +07 [11892] LOG:  database system is shut down
[04:11:58 INFO]: [io.zonky.test.db.postgres.embedded.EmbeddedPostgres] waiting for server to shut down.... done
[04:11:58 INFO]: [io.zonky.test.db.postgres.embedded.EmbeddedPostgres] server stopped
[04:11:58 INFO]: [io.zonky.test.db.postgres.embedded.EmbeddedPostgres] f781b619-f6ab-4d90-906c-cf88921d54d0 shut down postmaster in 00:00:01.006
[04:11:58 INFO]: [io.zonky.test.db.postgres.embedded.EmbeddedPostgres] Did not clean up directory C:\Users\User\AppData\Local\BranzMMORPGHarness\repo\mmo-bootstrap\run\plugins\BranzMMO\embedded-postgres
[04:11:58 INFO]: [BranzMMO] Branz MMO platform disabled cleanly.
[04:11:58 INFO]: Saving players
[04:11:58 INFO]: Saving worlds
[04:11:58 INFO]: Saving chunks for level 'ServerLevel[world]'/minecraft:overworld
[04:11:58 INFO]: [ChunkHolderManager] Waiting 60s for chunk system to halt for world 'minecraft:overworld'
[04:11:58 INFO]: [ChunkHolderManager] Halted chunk system for world 'minecraft:overworld'
[04:11:58 INFO]: [ChunkHolderManager] Saving all chunkholders for world 'minecraft:overworld'
[04:12:00 INFO]: [ChunkHolderManager] Saved 2209 block chunks, 625 entity chunks, 11 poi chunks in world 'minecraft:overworld' in 1.85s
[04:12:00 INFO]: [ChunkHolderManager] Waiting 60s for chunk I/O to halt for world 'minecraft:overworld'
[04:12:00 INFO]: [ChunkHolderManager] Halted I/O scheduler for world 'minecraft:overworld'
[04:12:00 INFO]: Saving chunks for level 'ServerLevel[world]'/minecraft:the_nether
[04:12:00 INFO]: [ChunkHolderManager] Waiting 60s for chunk system to halt for world 'minecraft:the_nether'
[04:12:00 INFO]: [ChunkHolderManager] Halted chunk system for world 'minecraft:the_nether'
[04:12:00 INFO]: [ChunkHolderManager] Saving all chunkholders for world 'minecraft:the_nether'
[04:12:00 INFO]: [ChunkHolderManager] Saved 0 block chunks, 0 entity chunks, 0 poi chunks in world 'minecraft:the_nether' in 0.00s
[04:12:00 INFO]: [ChunkHolderManager] Waiting 60s for chunk I/O to halt for world 'minecraft:the_nether'
[04:12:00 INFO]: [ChunkHolderManager] Halted I/O scheduler for world 'minecraft:the_nether'
[04:12:00 INFO]: Saving chunks for level 'ServerLevel[world]'/minecraft:the_end
[04:12:00 INFO]: [ChunkHolderManager] Waiting 60s for chunk system to halt for world 'minecraft:the_end'
[04:12:00 INFO]: [ChunkHolderManager] Halted chunk system for world 'minecraft:the_end'
[04:12:00 INFO]: [ChunkHolderManager] Saving all chunkholders for world 'minecraft:the_end'
[04:12:00 INFO]: [ChunkHolderManager] Saved 0 block chunks, 0 entity chunks, 0 poi chunks in world 'minecraft:the_end' in 0.00s
[04:12:00 INFO]: [ChunkHolderManager] Waiting 60s for chunk I/O to halt for world 'minecraft:the_end'
[04:12:00 INFO]: [ChunkHolderManager] Halted I/O scheduler for world 'minecraft:the_end'
[04:12:00 INFO]: ThreadedAnvilChunkStorage (world): All chunks are saved
[04:12:00 INFO]: ThreadedAnvilChunkStorage (DIM-1): All chunks are saved
[04:12:00 INFO]: ThreadedAnvilChunkStorage (DIM1): All chunks are saved
[04:12:00 INFO]: ThreadedAnvilChunkStorage: All dimensions are saved
[04:12:00 INFO]: Waiting for all RegionFile I/O tasks to complete...
[04:12:00 INFO]: All RegionFile I/O tasks to complete
[04:12:00 INFO]: [MoonriseCommon] Awaiting termination of worker pool for up to 60s...
[04:12:00 INFO]: [MoonriseCommon] Awaiting termination of I/O pool for up to 60s...

BUILD SUCCESSFUL in 2m 45s
39 actionable tasks: 1 executed, 38 up-to-date
Consider enabling configuration cache to speed up this build: https://docs.gradle.org/9.1.0/userguide/configuration_cache_enabling.html
