To honour the JVM settings for this build a single-use Daemon process will be forked. For more on this, please refer to https://docs.gradle.org/9.1.0/userguide/gradle_daemon.html#sec:disabling_the_daemon in the Gradle documentation.
Daemon will be stopped at the end of the build 
> Task :mmo-api:compileJava UP-TO-DATE
> Task :mmo-api:processResources NO-SOURCE
> Task :mmo-api:classes UP-TO-DATE
> Task :mmo-api:jar UP-TO-DATE
> Task :mmo-content:compileJava UP-TO-DATE
> Task :mmo-combat:compileJava UP-TO-DATE
> Task :mmo-integrations:compileJava UP-TO-DATE
> Task :mmo-items:compileJava UP-TO-DATE
> Task :mmo-lifeskills:compileJava UP-TO-DATE
> Task :mmo-magic:compileJava UP-TO-DATE
> Task :mmo-progression:compileJava UP-TO-DATE
> Task :mmo-persistence:compileJava UP-TO-DATE
> Task :mmo-scenes:compileJava UP-TO-DATE
> Task :mmo-social:compileJava UP-TO-DATE
> Task :mmo-worldloop:compileJava UP-TO-DATE
> Task :mmo-integrations:integration-mythicmobs:compileJava UP-TO-DATE
> Task :mmo-integrations:integration-oraxen:compileJava UP-TO-DATE
> Task :mmo-integrations:integration-packetevents:compileJava UP-TO-DATE
> Task :mmo-integrations:integration-wallet:compileJava UP-TO-DATE
> Task :mmo-integrations:integration-worldguard:compileJava UP-TO-DATE
> Task :mmo-bootstrap:compileJava
> Task :mmo-bootstrap:processResources UP-TO-DATE
> Task :mmo-bootstrap:classes
> Task :mmo-combat:processResources NO-SOURCE
> Task :mmo-combat:classes UP-TO-DATE
> Task :mmo-combat:jar UP-TO-DATE
> Task :mmo-content:processResources NO-SOURCE
> Task :mmo-content:classes UP-TO-DATE
> Task :mmo-content:jar UP-TO-DATE
> Task :mmo-integrations:processResources NO-SOURCE
> Task :mmo-integrations:classes UP-TO-DATE
> Task :mmo-integrations:jar UP-TO-DATE
> Task :mmo-items:processResources NO-SOURCE
> Task :mmo-items:classes UP-TO-DATE
> Task :mmo-items:jar UP-TO-DATE
> Task :mmo-lifeskills:processResources NO-SOURCE
> Task :mmo-lifeskills:classes UP-TO-DATE
> Task :mmo-lifeskills:jar UP-TO-DATE
> Task :mmo-magic:processResources NO-SOURCE
> Task :mmo-magic:classes UP-TO-DATE
> Task :mmo-magic:jar UP-TO-DATE
> Task :mmo-persistence:processResources UP-TO-DATE
> Task :mmo-persistence:classes UP-TO-DATE
> Task :mmo-persistence:jar UP-TO-DATE
> Task :mmo-progression:processResources NO-SOURCE
> Task :mmo-progression:classes UP-TO-DATE
> Task :mmo-progression:jar UP-TO-DATE
> Task :mmo-scenes:processResources NO-SOURCE
> Task :mmo-scenes:classes UP-TO-DATE
> Task :mmo-scenes:jar UP-TO-DATE
> Task :mmo-social:processResources NO-SOURCE
> Task :mmo-social:classes UP-TO-DATE
> Task :mmo-social:jar UP-TO-DATE
> Task :mmo-worldloop:processResources NO-SOURCE
> Task :mmo-worldloop:classes UP-TO-DATE
> Task :mmo-worldloop:jar UP-TO-DATE
> Task :mmo-integrations:integration-mythicmobs:processResources NO-SOURCE
> Task :mmo-integrations:integration-mythicmobs:classes UP-TO-DATE
> Task :mmo-integrations:integration-mythicmobs:jar UP-TO-DATE
> Task :mmo-integrations:integration-oraxen:processResources NO-SOURCE
> Task :mmo-integrations:integration-oraxen:classes UP-TO-DATE
> Task :mmo-integrations:integration-oraxen:jar UP-TO-DATE
> Task :mmo-integrations:integration-packetevents:processResources NO-SOURCE
> Task :mmo-integrations:integration-packetevents:classes UP-TO-DATE
> Task :mmo-integrations:integration-packetevents:jar UP-TO-DATE
> Task :mmo-integrations:integration-wallet:processResources NO-SOURCE
> Task :mmo-integrations:integration-wallet:classes UP-TO-DATE
> Task :mmo-integrations:integration-wallet:jar UP-TO-DATE
> Task :mmo-integrations:integration-worldguard:processResources NO-SOURCE
> Task :mmo-integrations:integration-worldguard:classes UP-TO-DATE
> Task :mmo-integrations:integration-worldguard:jar UP-TO-DATE
> Task :mmo-bootstrap:shadowJar

> Task :mmo-bootstrap:runServer
Fetching latest Paper build for version 26.2...
Latest build for 26.2 is 112.
Located Paper 26.2 build 112 in local cache.
Starting Paper...

Downloading mojang_26.2.jar
Applying patches
Starting org.bukkit.craftbukkit.Main
2026-08-11T19:23:05.942562200Z ServerMain WARN Advanced terminal features are not available in this environment
[02:23:06 INFO]: [bootstrap] Running Java 25 (OpenJDK 64-Bit Server VM 25.0.3+9-LTS; Eclipse Adoptium Temurin-25.0.3+9) on Windows 11 10.0 (amd64)
[02:23:06 INFO]: [bootstrap] Loading Paper 26.2-112-main@c9e894d (2026-08-11T05:18:39Z) for Minecraft 26.2
[02:23:06 INFO]: [PluginInitializerManager] Initializing plugins...
[02:23:06 INFO]: [PluginInitializerManager] Initialized 1 plugin
[02:23:06 INFO]: [PluginInitializerManager] Bukkit plugins (1):
 - BranzMMO (1.0.0-SNAPSHOT)
WARNING: A terminally deprecated method in sun.misc.Unsafe has been called
WARNING: sun.misc.Unsafe::objectFieldOffset has been called by org.joml.MemUtil$MemUtilUnsafe (file:/C:/Users/User/AppData/Local/BranzMMORPGHarness/repo/mmo-bootstrap/run/libraries/org/joml/joml/1.10.8/joml-1.10.8.jar)
WARNING: Please consider reporting this to the maintainers of class org.joml.MemUtil$MemUtilUnsafe
WARNING: sun.misc.Unsafe::objectFieldOffset will be removed in a future release
[02:23:10 INFO]: [ca.spottedleaf.dataconverter.minecraft.datatypes.MCTypeRegistry] Initialising converters for DataConverter...
[02:23:10 INFO]: Environment: Environment[sessionHost=https://sessionserver.mojang.com, servicesHost=https://api.minecraftservices.com, profilesHost=https://api.mojang.com, name=PROD]
[02:23:10 INFO]: [ca.spottedleaf.dataconverter.minecraft.datatypes.MCTypeRegistry] Finished initialising converters for DataConverter in 417.0ms
[02:23:10 INFO]: Found new data pack paper, loading it automatically
[02:23:11 INFO]: No existing world data, creating new world
[02:23:11 INFO]: Loaded 1585 recipes
[02:23:11 INFO]: Loaded 1688 advancements
[02:23:12 INFO]: Starting minecraft server version 26.2
[02:23:12 INFO]: Loading properties
[02:23:12 INFO]: This server is running Paper version 26.2-112-main@c9e894d (2026-08-11T05:18:39Z) (Implementing API version 26.2.build.112-stable)
[02:23:12 INFO]: [spark] This server bundles the spark profiler. For more information please visit https://docs.papermc.io/paper/profiling
[02:23:12 INFO]: Using 4 threads for Netty based IO
[02:23:12 INFO]: Server Ping Player Sample Count: 12
[02:23:12 INFO]: [MoonriseCommon] Paper is using 3 worker threads, 1 I/O threads
[02:23:12 INFO]: Default game type: SURVIVAL
[02:23:12 INFO]: Generating keypair
[02:23:12 INFO]: Starting Minecraft server on *:25565
[02:23:12 INFO]: Paper: Using Java compression from Velocity.
[02:23:12 INFO]: Paper: Using Java cipher from Velocity.
[02:23:12 INFO]: [BranzMMO] Loading server plugin BranzMMO v1.0.0-SNAPSHOT
[02:23:12 INFO]: [BranzMMO] Enabling BranzMMO v1.0.0-SNAPSHOT
[02:23:12 INFO]: [BranzMMO] Loading and validating content snapshot from C:\Users\User\AppData\Local\BranzMMORPGHarness\repo\example-content\milestone-1
[02:23:12 WARN]: **** SERVER IS RUNNING IN OFFLINE/INSECURE MODE!
[02:23:12 WARN]: The server will make no attempt to authenticate usernames. Beware.
[02:23:12 WARN]: While this makes the game possible to play without internet access, it also opens up the ability for hackers to connect with any username they choose.
[02:23:12 WARN]: To change this, set "online-mode" to "true" in the server.properties file.
[02:23:12 INFO]: Preparing level "world"
[02:23:13 INFO]: Selecting spawn point for level 'minecraft:overworld'...
[02:23:16 INFO]: Selecting spawn point for level 'minecraft:the_nether'...
[02:23:17 INFO]: Selecting spawn point for level 'minecraft:the_end'...
[02:23:17 INFO]: Loading 0 persistent chunks for level 'minecraft:overworld'...
[02:23:17 INFO]: Preparing spawn area: 100%
[02:23:17 INFO]: Prepared spawn area in 4202 ms
[02:23:17 INFO]: Loading 0 persistent chunks for level 'minecraft:the_nether'...
[02:23:17 INFO]: Preparing spawn area: 100%
[02:23:17 INFO]: Prepared spawn area in 850 ms
[02:23:17 INFO]: Loading 0 persistent chunks for level 'minecraft:the_end'...
[02:23:17 INFO]: Preparing spawn area: 100%
[02:23:17 INFO]: Prepared spawn area in 315 ms
[02:23:17 INFO]: Done preparing level "world" (4.591s)
[02:23:17 INFO]: [spark] Starting background profiler...
[02:23:17 INFO]: [spark] The async-profiler engine is not supported for your os/arch (windows11/amd64), so the built-in Java engine will be used instead.
[02:23:17 INFO]: Saving chunks for level 'ServerLevel[world]'/minecraft:overworld
[02:23:18 INFO]: Saving chunks for level 'ServerLevel[world]'/minecraft:the_nether
[02:23:18 INFO]: Saving chunks for level 'ServerLevel[world]'/minecraft:the_end
[02:23:18 INFO]: ThreadedAnvilChunkStorage (world): All chunks are saved
[02:23:18 INFO]: ThreadedAnvilChunkStorage (DIM-1): All chunks are saved
[02:23:18 INFO]: ThreadedAnvilChunkStorage (DIM1): All chunks are saved
[02:23:18 INFO]: ThreadedAnvilChunkStorage: All dimensions are saved
[02:23:18 INFO]: Running delayed init tasks
[02:23:18 INFO]: Done (13.070s)! For help, type "help"
[02:23:18 INFO]: *************************************************************************************
[02:23:18 INFO]: This is the first time you're starting this server.
[02:23:18 INFO]: It's recommended you read our 'Getting Started' documentation for guidance.
[02:23:18 INFO]: View this and more helpful information here: https://docs.papermc.io/paper/next-steps
[02:23:18 INFO]: *************************************************************************************
[02:23:18 INFO]: [io.zonky.test.db.postgres.embedded.EmbeddedPostgres] Detected a Windows x86_64 system
[02:23:18 INFO]: [io.zonky.test.db.postgres.embedded.DefaultPostgresBinaryResolver] Detected distribution: 'Unknown'
[02:23:18 INFO]: [io.zonky.test.db.postgres.embedded.DefaultPostgresBinaryResolver] System specific postgres binaries found: 'postgres-windows-x86_64.txz'
[02:23:19 INFO]: [io.zonky.test.db.postgres.embedded.EmbeddedPostgres] Postgres binaries at C:\Users\User\AppData\Local\Temp\embedded-pg\PG-3942d5a1dcdbfebc27772e9e670d5d85
[02:23:20 INFO]: [io.zonky.test.db.postgres.embedded.EmbeddedPostgres] The files belonging to this database system will be owned by user "User".
[02:23:20 INFO]: [io.zonky.test.db.postgres.embedded.EmbeddedPostgres] This user must also own the server process.
[02:23:20 INFO]: [io.zonky.test.db.postgres.embedded.EmbeddedPostgres] 
[02:23:20 INFO]: [io.zonky.test.db.postgres.embedded.EmbeddedPostgres] The database cluster will be initialized with locale "English_United States.874".
[02:23:20 INFO]: [io.zonky.test.db.postgres.embedded.EmbeddedPostgres] The default text search configuration will be set to "english".
[02:23:20 INFO]: [io.zonky.test.db.postgres.embedded.EmbeddedPostgres] 
[02:23:20 INFO]: [io.zonky.test.db.postgres.embedded.EmbeddedPostgres] Data page checksums are disabled.
[02:23:20 INFO]: [io.zonky.test.db.postgres.embedded.EmbeddedPostgres] 
[02:23:20 INFO]: [io.zonky.test.db.postgres.embedded.EmbeddedPostgres] fixing permissions on existing directory C:/Users/User/AppData/Local/BranzMMORPGHarness/repo/mmo-bootstrap/run/plugins/BranzMMO/embedded-postgres ... ok
[02:23:20 INFO]: [io.zonky.test.db.postgres.embedded.EmbeddedPostgres] creating subdirectories ... ok
[02:23:20 INFO]: [io.zonky.test.db.postgres.embedded.EmbeddedPostgres] selecting dynamic shared memory implementation ... windows
[02:23:21 INFO]: [io.zonky.test.db.postgres.embedded.EmbeddedPostgres] selecting default max_connections ... 100
[02:23:21 INFO]: [io.zonky.test.db.postgres.embedded.EmbeddedPostgres] selecting default shared_buffers ... 128MB
[02:23:21 INFO]: [io.zonky.test.db.postgres.embedded.EmbeddedPostgres] selecting default time zone ... Asia/Bangkok
[02:23:21 INFO]: [io.zonky.test.db.postgres.embedded.EmbeddedPostgres] creating configuration files ... ok
[02:23:25 INFO]: [io.zonky.test.db.postgres.embedded.EmbeddedPostgres] running bootstrap script ... ok
[02:23:29 INFO]: [io.zonky.test.db.postgres.embedded.EmbeddedPostgres] performing post-bootstrap initialization ... ok
[02:23:35 INFO]: [io.zonky.test.db.postgres.embedded.EmbeddedPostgres] syncing data to disk ... ok
[02:23:35 INFO]: [io.zonky.test.db.postgres.embedded.EmbeddedPostgres] 
[02:23:35 INFO]: [io.zonky.test.db.postgres.embedded.EmbeddedPostgres] Success. You can now start the database server using:
[02:23:35 INFO]: [io.zonky.test.db.postgres.embedded.EmbeddedPostgres] 
[02:23:35 INFO]: [io.zonky.test.db.postgres.embedded.EmbeddedPostgres]     ^"C^:^\Users^\User^\AppData^\Local^\Temp^\embedded^-pg^\PG^-3942d5a1dcdbfebc27772e9e670d5d85^\bin^\pg^_ctl^" -D ^"C^:^\Users^\User^\AppData^\Local^\BranzMMORPGHarness^\repo^\mmo^-bootstrap^\run^\plugins^\BranzMMO^\embedded^-postgres^" -l logfile start
[02:23:35 INFO]: [io.zonky.test.db.postgres.embedded.EmbeddedPostgres] 
[02:23:35 INFO]: [io.zonky.test.db.postgres.embedded.EmbeddedPostgres] 9725d2fc-5018-46b3-94ac-daa17ed6e6c6 initdb completed in 00:00:15.758
[02:23:35 INFO]: [io.zonky.test.db.postgres.embedded.EmbeddedPostgres] 9725d2fc-5018-46b3-94ac-daa17ed6e6c6 postmaster started as Process[pid=30228, exitValue="not exited"] on port 61262.  Waiting up to PT10S for server startup to finish.
[02:23:36 INFO]: [io.zonky.test.db.postgres.embedded.EmbeddedPostgres] waiting for server to start....2026-08-12 02:23:36.186 +07 [13240] LOG:  starting PostgreSQL 14.22, compiled by Visual C++ build 1944, 64-bit
[02:23:36 INFO]: [io.zonky.test.db.postgres.embedded.EmbeddedPostgres] 2026-08-12 02:23:36.196 +07 [13240] LOG:  listening on IPv6 address "::1", port 61262
[02:23:36 INFO]: [io.zonky.test.db.postgres.embedded.EmbeddedPostgres] 2026-08-12 02:23:36.196 +07 [13240] LOG:  listening on IPv4 address "127.0.0.1", port 61262
[02:23:36 INFO]: [io.zonky.test.db.postgres.embedded.EmbeddedPostgres] 2026-08-12 02:23:36.278 +07 [21864] LOG:  database system was shut down at 2026-08-12 02:23:29 +07
[02:23:36 INFO]: [io.zonky.test.db.postgres.embedded.EmbeddedPostgres] 2026-08-12 02:23:36.392 +07 [13240] LOG:  database system is ready to accept connections
[02:23:36 INFO]: [io.zonky.test.db.postgres.embedded.EmbeddedPostgres]  done
[02:23:36 INFO]: [io.zonky.test.db.postgres.embedded.EmbeddedPostgres] server started
[02:23:37 INFO]: [io.zonky.test.db.postgres.embedded.EmbeddedPostgres] 9725d2fc-5018-46b3-94ac-daa17ed6e6c6 postmaster startup finished in 00:00:01.370
[02:23:39 INFO]: [BranzMMO] Milestone 3 runtime ready; item definitions=20, move definitions=6, spell definitions=5, technique definitions=5, form definitions=4, ailment definitions=6, encounter reward definitions=1, Scene presentation=WORLD_BACKED
[02:23:39 INFO]: [BranzMMO] Provider asset.oraxen=UNAVAILABLE [OPTIONAL]: plugin is not installed: Oraxen
[02:23:39 INFO]: [BranzMMO] Provider mob.mythicmobs=UNAVAILABLE [OPTIONAL]: plugin is not installed: MythicMobs
[02:23:39 INFO]: [BranzMMO] Provider packet.packetevents=UNAVAILABLE [OPTIONAL]: plugin is not installed: packetevents
[02:23:39 INFO]: [BranzMMO] Provider region.worldguard=UNAVAILABLE [OPTIONAL]: plugin is not installed: WorldGuard
[02:23:39 INFO]: [BranzMMO] Provider wallet.external=UNAVAILABLE [OPTIONAL]: plugin is not installed: Wallet
[02:23:39 WARN]: [BranzMMO] asset.oraxen [OPTIONAL]: plugin is not installed: Oraxen
[02:23:39 WARN]: [BranzMMO] mob.mythicmobs [OPTIONAL]: plugin is not installed: MythicMobs
[02:23:39 WARN]: [BranzMMO] packet.packetevents [OPTIONAL]: plugin is not installed: packetevents
[02:23:39 WARN]: [BranzMMO] region.worldguard [OPTIONAL]: plugin is not installed: WorldGuard
[02:23:39 WARN]: [BranzMMO] wallet.external [OPTIONAL]: plugin is not installed: Wallet
[02:23:39 INFO]: [BranzMMO] Branz MMO startup DEGRADED; content=v1.milestone-1.example.4, definitions=48
[02:23:39 INFO]: [BranzMMO] PostgreSQL runtime ready; mode=EMBEDDED_LOCAL, server-instance=local-9089f974-4cce-40e6-9698-cc886697a4ab
[02:23:39 INFO]: [BranzMMO] Recovered 0 boss encounter(s) from V0009.
[02:23:39 INFO]: [BranzMMO] Death Pouch reconciliation is ready.
[02:23:39 INFO]: [BranzMMO] Recovered 0 downed encounter(s) from V0010.
[02:24:20 INFO]: UUID of player Player0 is 2654e3c3-150d-3857-a426-0b141796a4e0
[02:24:29 INFO]: Player0 joined the game
[02:24:29 INFO]: Player0[/127.0.0.1:49333] logged in with entity id 7 at ([minecraft:overworld]-7.5, 73.0, 25.5)
[02:24:30 INFO]: Made Player0 a server operator
[02:24:30 INFO]: Set 7 experience levels on Player0
[02:24:33 INFO]: [BranzMMO] PHYSICAL_AUTHORITY_PRIMARY_STAGE_PERSISTED_SERVER player=Player0 definition=weapon.training_blade
[02:24:33 INFO]: [BranzMMO] PHYSICAL_AUTHORITY_PRIMARY_STAGE_PROJECTED_SERVER player=Player0 definition=weapon.training_blade
[02:24:33 INFO]: [BranzMMO] PHYSICAL_AUTHORITY_HOTBAR_STAGE_PROJECTED_SERVER player=Player0 definition=weapon.training_blade
[02:24:33 INFO]: Player0 issued server command: /mmo physical status
[02:25:05 INFO]: Player0 lost connection: Disconnected
[02:25:05 INFO]: Player0 left the game
[02:25:07 INFO]: Stopping the server
[02:25:07 INFO]: Stopping server
[02:25:07 INFO]: [BranzMMO] Disabling BranzMMO v1.0.0-SNAPSHOT
[02:25:07 INFO]: [io.zonky.test.db.postgres.embedded.EmbeddedPostgres] 2026-08-12 02:25:07.147 +07 [13240] LOG:  received fast shutdown request
[02:25:07 INFO]: [io.zonky.test.db.postgres.embedded.EmbeddedPostgres] 2026-08-12 02:25:07.148 +07 [13240] LOG:  aborting any active transactions
[02:25:07 INFO]: [io.zonky.test.db.postgres.embedded.EmbeddedPostgres] 2026-08-12 02:25:07.177 +07 [13240] LOG:  background worker "logical replication launcher" (PID 30828) exited with exit code 1
[02:25:07 INFO]: [io.zonky.test.db.postgres.embedded.EmbeddedPostgres] 2026-08-12 02:25:07.179 +07 [23248] LOG:  shutting down
[02:25:07 INFO]: [io.zonky.test.db.postgres.embedded.EmbeddedPostgres] 2026-08-12 02:25:07.383 +07 [13240] LOG:  database system is shut down
[02:25:07 INFO]: [io.zonky.test.db.postgres.embedded.EmbeddedPostgres] waiting for server to shut down.... done
[02:25:07 INFO]: [io.zonky.test.db.postgres.embedded.EmbeddedPostgres] server stopped
[02:25:07 INFO]: [io.zonky.test.db.postgres.embedded.EmbeddedPostgres] 9725d2fc-5018-46b3-94ac-daa17ed6e6c6 shut down postmaster in 00:00:00.282
[02:25:07 INFO]: [io.zonky.test.db.postgres.embedded.EmbeddedPostgres] Did not clean up directory C:\Users\User\AppData\Local\BranzMMORPGHarness\repo\mmo-bootstrap\run\plugins\BranzMMO\embedded-postgres
[02:25:07 INFO]: [BranzMMO] Branz MMO platform disabled cleanly.
[02:25:07 INFO]: Saving players
[02:25:07 INFO]: Saving worlds
[02:25:07 INFO]: Saving chunks for level 'ServerLevel[world]'/minecraft:overworld
[02:25:07 INFO]: [ChunkHolderManager] Waiting 60s for chunk system to halt for world 'minecraft:overworld'
[02:25:07 INFO]: [ChunkHolderManager] Halted chunk system for world 'minecraft:overworld'
[02:25:07 INFO]: [ChunkHolderManager] Saving all chunkholders for world 'minecraft:overworld'
[02:25:07 ERROR]: [STDERR] [me.lucko.spark.paper.common.util.log.Logger$1] Uncaught exception thrown in thread spark-monitoring-1-thread-1
[02:25:07 WARN]: java.util.concurrent.CancellationException
[02:25:07 WARN]: 	at java.base/java.util.concurrent.FutureTask.report(FutureTask.java:123)
[02:25:07 WARN]: 	at java.base/java.util.concurrent.FutureTask.get(FutureTask.java:193)
[02:25:07 WARN]: 	at me.lucko.spark.paper.common.util.SparkScheduledThreadPoolExecutor.afterExecute(SparkScheduledThreadPoolExecutor.java:48)
[02:25:07 WARN]: 	at java.base/java.util.concurrent.ThreadPoolExecutor.runWorker(ThreadPoolExecutor.java:1091)
[02:25:07 WARN]: 	at java.base/java.util.concurrent.ThreadPoolExecutor$Worker.run(ThreadPoolExecutor.java:614)
[02:25:07 WARN]: 	at java.base/java.lang.Thread.run(Thread.java:1474)
[02:25:08 INFO]: [ChunkHolderManager] Saved 2209 block chunks, 625 entity chunks, 19 poi chunks in world 'minecraft:overworld' in 1.21s
[02:25:08 INFO]: [ChunkHolderManager] Waiting 60s for chunk I/O to halt for world 'minecraft:overworld'
[02:25:08 INFO]: [ChunkHolderManager] Halted I/O scheduler for world 'minecraft:overworld'
[02:25:08 INFO]: Saving chunks for level 'ServerLevel[world]'/minecraft:the_nether
[02:25:08 INFO]: [ChunkHolderManager] Waiting 60s for chunk system to halt for world 'minecraft:the_nether'
[02:25:08 INFO]: [ChunkHolderManager] Halted chunk system for world 'minecraft:the_nether'
[02:25:08 INFO]: [ChunkHolderManager] Saving all chunkholders for world 'minecraft:the_nether'
[02:25:08 INFO]: [ChunkHolderManager] Saved 0 block chunks, 0 entity chunks, 0 poi chunks in world 'minecraft:the_nether' in 0.00s
[02:25:08 INFO]: [ChunkHolderManager] Waiting 60s for chunk I/O to halt for world 'minecraft:the_nether'
[02:25:08 INFO]: [ChunkHolderManager] Halted I/O scheduler for world 'minecraft:the_nether'
[02:25:08 INFO]: Saving chunks for level 'ServerLevel[world]'/minecraft:the_end
[02:25:08 INFO]: [ChunkHolderManager] Waiting 60s for chunk system to halt for world 'minecraft:the_end'
[02:25:08 INFO]: [ChunkHolderManager] Halted chunk system for world 'minecraft:the_end'
[02:25:08 INFO]: [ChunkHolderManager] Saving all chunkholders for world 'minecraft:the_end'
[02:25:08 INFO]: [ChunkHolderManager] Saved 0 block chunks, 0 entity chunks, 0 poi chunks in world 'minecraft:the_end' in 0.00s
[02:25:08 INFO]: [ChunkHolderManager] Waiting 60s for chunk I/O to halt for world 'minecraft:the_end'
[02:25:08 INFO]: [ChunkHolderManager] Halted I/O scheduler for world 'minecraft:the_end'
[02:25:08 INFO]: ThreadedAnvilChunkStorage (world): All chunks are saved
[02:25:08 INFO]: ThreadedAnvilChunkStorage (DIM-1): All chunks are saved
[02:25:08 INFO]: ThreadedAnvilChunkStorage (DIM1): All chunks are saved
[02:25:08 INFO]: ThreadedAnvilChunkStorage: All dimensions are saved
[02:25:08 INFO]: Waiting for all RegionFile I/O tasks to complete...
[02:25:08 INFO]: All RegionFile I/O tasks to complete
[02:25:08 INFO]: [MoonriseCommon] Awaiting termination of worker pool for up to 60s...
[02:25:08 INFO]: [MoonriseCommon] Awaiting termination of I/O pool for up to 60s...

BUILD SUCCESSFUL in 2m 45s
39 actionable tasks: 3 executed, 36 up-to-date
Consider enabling configuration cache to speed up this build: https://docs.gradle.org/9.1.0/userguide/configuration_cache_enabling.html
