To honour the JVM settings for this build a single-use Daemon process will be forked. For more on this, please refer to https://docs.gradle.org/9.1.0/userguide/gradle_daemon.html#sec:disabling_the_daemon in the Gradle documentation.
Daemon will be stopped at the end of the build 
> Task :mmo-api:compileJava UP-TO-DATE
> Task :mmo-api:processResources NO-SOURCE
> Task :mmo-api:classes UP-TO-DATE
> Task :mmo-api:jar UP-TO-DATE
> Task :mmo-content:compileJava UP-TO-DATE
> Task :mmo-combat:compileJava UP-TO-DATE
> Task :mmo-integrations:compileJava UP-TO-DATE
> Task :mmo-items:compileJava UP-TO-DATE
> Task :mmo-lifeskills:compileJava UP-TO-DATE
> Task :mmo-magic:compileJava UP-TO-DATE
> Task :mmo-progression:compileJava UP-TO-DATE
> Task :mmo-persistence:compileJava UP-TO-DATE
> Task :mmo-scenes:compileJava UP-TO-DATE
> Task :mmo-social:compileJava UP-TO-DATE
> Task :mmo-worldloop:compileJava UP-TO-DATE
> Task :mmo-integrations:integration-mythicmobs:compileJava UP-TO-DATE
> Task :mmo-integrations:integration-oraxen:compileJava UP-TO-DATE
> Task :mmo-integrations:integration-packetevents:compileJava UP-TO-DATE
> Task :mmo-integrations:integration-wallet:compileJava UP-TO-DATE
> Task :mmo-integrations:integration-worldguard:compileJava UP-TO-DATE
> Task :mmo-bootstrap:compileJava UP-TO-DATE
> Task :mmo-bootstrap:processResources UP-TO-DATE
> Task :mmo-bootstrap:classes UP-TO-DATE
> Task :mmo-combat:processResources NO-SOURCE
> Task :mmo-combat:classes UP-TO-DATE
> Task :mmo-combat:jar UP-TO-DATE
> Task :mmo-content:processResources NO-SOURCE
> Task :mmo-content:classes UP-TO-DATE
> Task :mmo-content:jar UP-TO-DATE
> Task :mmo-integrations:processResources NO-SOURCE
> Task :mmo-integrations:classes UP-TO-DATE
> Task :mmo-integrations:jar UP-TO-DATE
> Task :mmo-items:processResources NO-SOURCE
> Task :mmo-items:classes UP-TO-DATE
> Task :mmo-items:jar UP-TO-DATE
> Task :mmo-lifeskills:processResources NO-SOURCE
> Task :mmo-lifeskills:classes UP-TO-DATE
> Task :mmo-lifeskills:jar UP-TO-DATE
> Task :mmo-magic:processResources NO-SOURCE
> Task :mmo-magic:classes UP-TO-DATE
> Task :mmo-magic:jar UP-TO-DATE
> Task :mmo-persistence:processResources UP-TO-DATE
> Task :mmo-persistence:classes UP-TO-DATE
> Task :mmo-persistence:jar UP-TO-DATE
> Task :mmo-progression:processResources NO-SOURCE
> Task :mmo-progression:classes UP-TO-DATE
> Task :mmo-progression:jar UP-TO-DATE
> Task :mmo-scenes:processResources NO-SOURCE
> Task :mmo-scenes:classes UP-TO-DATE
> Task :mmo-scenes:jar UP-TO-DATE
> Task :mmo-social:processResources NO-SOURCE
> Task :mmo-social:classes UP-TO-DATE
> Task :mmo-social:jar UP-TO-DATE
> Task :mmo-worldloop:processResources NO-SOURCE
> Task :mmo-worldloop:classes UP-TO-DATE
> Task :mmo-worldloop:jar UP-TO-DATE
> Task :mmo-integrations:integration-mythicmobs:processResources NO-SOURCE
> Task :mmo-integrations:integration-mythicmobs:classes UP-TO-DATE
> Task :mmo-integrations:integration-mythicmobs:jar UP-TO-DATE
> Task :mmo-integrations:integration-oraxen:processResources NO-SOURCE
> Task :mmo-integrations:integration-oraxen:classes UP-TO-DATE
> Task :mmo-integrations:integration-oraxen:jar UP-TO-DATE
> Task :mmo-integrations:integration-packetevents:processResources NO-SOURCE
> Task :mmo-integrations:integration-packetevents:classes UP-TO-DATE
> Task :mmo-integrations:integration-packetevents:jar UP-TO-DATE
> Task :mmo-integrations:integration-wallet:processResources NO-SOURCE
> Task :mmo-integrations:integration-wallet:classes UP-TO-DATE
> Task :mmo-integrations:integration-wallet:jar UP-TO-DATE
> Task :mmo-integrations:integration-worldguard:processResources NO-SOURCE
> Task :mmo-integrations:integration-worldguard:classes UP-TO-DATE
> Task :mmo-integrations:integration-worldguard:jar UP-TO-DATE
> Task :mmo-bootstrap:shadowJar UP-TO-DATE

> Task :mmo-bootstrap:runServer
Located Paper 26.2 build 112 in local cache.
Starting Paper...

Downloading mojang_26.2.jar
Applying patches
Starting org.bukkit.craftbukkit.Main
2026-08-13T20:55:51.363237700Z ServerMain WARN Advanced terminal features are not available in this environment
[03:55:51 INFO]: [bootstrap] Running Java 25 (OpenJDK 64-Bit Server VM 25.0.3+9-LTS; Eclipse Adoptium Temurin-25.0.3+9) on Windows 11 10.0 (amd64)
[03:55:51 INFO]: [bootstrap] Loading Paper 26.2-112-main@c9e894d (2026-08-11T05:18:39Z) for Minecraft 26.2
[03:55:51 INFO]: [PluginInitializerManager] Initializing plugins...
[03:55:51 INFO]: [PluginInitializerManager] Initialized 1 plugin
[03:55:51 INFO]: [PluginInitializerManager] Bukkit plugins (1):
 - BranzMMO (1.0.0-SNAPSHOT)
WARNING: A terminally deprecated method in sun.misc.Unsafe has been called
WARNING: sun.misc.Unsafe::objectFieldOffset has been called by org.joml.MemUtil$MemUtilUnsafe (file:/C:/Users/User/AppData/Local/BranzMMORPGHarness/repo/mmo-bootstrap/run/libraries/org/joml/joml/1.10.8/joml-1.10.8.jar)
WARNING: Please consider reporting this to the maintainers of class org.joml.MemUtil$MemUtilUnsafe
WARNING: sun.misc.Unsafe::objectFieldOffset will be removed in a future release
[03:55:55 INFO]: [ca.spottedleaf.dataconverter.minecraft.datatypes.MCTypeRegistry] Initialising converters for DataConverter...
[03:55:55 INFO]: Environment: Environment[sessionHost=https://sessionserver.mojang.com, servicesHost=https://api.minecraftservices.com, profilesHost=https://api.mojang.com, name=PROD]
[03:55:56 INFO]: [ca.spottedleaf.dataconverter.minecraft.datatypes.MCTypeRegistry] Finished initialising converters for DataConverter in 397.7ms
[03:55:56 INFO]: Found new data pack paper, loading it automatically
[03:55:56 INFO]: No existing world data, creating new world
[03:55:57 INFO]: Loaded 1585 recipes
[03:55:57 INFO]: Loaded 1688 advancements
[03:55:57 INFO]: Starting minecraft server version 26.2
[03:55:57 INFO]: Loading properties
[03:55:57 INFO]: This server is running Paper version 26.2-112-main@c9e894d (2026-08-11T05:18:39Z) (Implementing API version 26.2.build.112-stable)
[03:55:57 INFO]: [spark] This server bundles the spark profiler. For more information please visit https://docs.papermc.io/paper/profiling
[03:55:58 INFO]: Using 4 threads for Netty based IO
[03:55:58 INFO]: Server Ping Player Sample Count: 12
[03:55:58 INFO]: [MoonriseCommon] Paper is using 3 worker threads, 1 I/O threads
[03:55:58 INFO]: Default game type: SURVIVAL
[03:55:58 INFO]: Generating keypair
[03:55:58 INFO]: Starting Minecraft server on *:25565
[03:55:58 INFO]: Paper: Using Java compression from Velocity.
[03:55:58 INFO]: Paper: Using Java cipher from Velocity.
[03:55:58 INFO]: [BranzMMO] Loading server plugin BranzMMO v1.0.0-SNAPSHOT
[03:55:58 INFO]: [BranzMMO] Enabling BranzMMO v1.0.0-SNAPSHOT
[03:55:58 INFO]: [BranzMMO] Loading and validating content snapshot from C:\Users\User\AppData\Local\BranzMMORPGHarness\repo\example-content\milestone-1
[03:55:58 WARN]: **** SERVER IS RUNNING IN OFFLINE/INSECURE MODE!
[03:55:58 WARN]: The server will make no attempt to authenticate usernames. Beware.
[03:55:58 WARN]: While this makes the game possible to play without internet access, it also opens up the ability for hackers to connect with any username they choose.
[03:55:58 WARN]: To change this, set "online-mode" to "true" in the server.properties file.
[03:55:58 INFO]: Preparing level "world"
[03:55:59 INFO]: Selecting spawn point for level 'minecraft:overworld'...
[03:56:02 INFO]: Selecting spawn point for level 'minecraft:the_nether'...
[03:56:03 INFO]: Selecting spawn point for level 'minecraft:the_end'...
[03:56:03 INFO]: Loading 0 persistent chunks for level 'minecraft:overworld'...
[03:56:03 INFO]: Preparing spawn area: 100%
[03:56:03 INFO]: Prepared spawn area in 4144 ms
[03:56:03 INFO]: Loading 0 persistent chunks for level 'minecraft:the_nether'...
[03:56:03 INFO]: Preparing spawn area: 100%
[03:56:03 INFO]: Prepared spawn area in 696 ms
[03:56:03 INFO]: Loading 0 persistent chunks for level 'minecraft:the_end'...
[03:56:03 INFO]: Preparing spawn area: 100%
[03:56:03 INFO]: Prepared spawn area in 211 ms
[03:56:03 INFO]: Done preparing level "world" (4.519s)
[03:56:03 INFO]: [spark] Starting background profiler...
[03:56:03 INFO]: [spark] The async-profiler engine is not supported for your os/arch (windows11/amd64), so the built-in Java engine will be used instead.
[03:56:03 INFO]: Saving chunks for level 'ServerLevel[world]'/minecraft:overworld
[03:56:03 INFO]: Saving chunks for level 'ServerLevel[world]'/minecraft:the_nether
[03:56:03 INFO]: Saving chunks for level 'ServerLevel[world]'/minecraft:the_end
[03:56:03 INFO]: ThreadedAnvilChunkStorage (world): All chunks are saved
[03:56:03 INFO]: ThreadedAnvilChunkStorage (DIM-1): All chunks are saved
[03:56:03 INFO]: ThreadedAnvilChunkStorage (DIM1): All chunks are saved
[03:56:03 INFO]: ThreadedAnvilChunkStorage: All dimensions are saved
[03:56:03 INFO]: Running delayed init tasks
[03:56:03 INFO]: Done (12.914s)! For help, type "help"
[03:56:03 INFO]: *************************************************************************************
[03:56:03 INFO]: This is the first time you're starting this server.
[03:56:03 INFO]: It's recommended you read our 'Getting Started' documentation for guidance.
[03:56:03 INFO]: View this and more helpful information here: https://docs.papermc.io/paper/next-steps
[03:56:03 INFO]: *************************************************************************************
[03:56:03 INFO]: [io.zonky.test.db.postgres.embedded.EmbeddedPostgres] Detected a Windows x86_64 system
[03:56:03 INFO]: [io.zonky.test.db.postgres.embedded.DefaultPostgresBinaryResolver] Detected distribution: 'Unknown'
[03:56:03 INFO]: [io.zonky.test.db.postgres.embedded.DefaultPostgresBinaryResolver] System specific postgres binaries found: 'postgres-windows-x86_64.txz'
[03:56:04 INFO]: [io.zonky.test.db.postgres.embedded.EmbeddedPostgres] Postgres binaries at C:\Users\User\AppData\Local\Temp\embedded-pg\PG-3942d5a1dcdbfebc27772e9e670d5d85
[03:56:04 INFO]: [io.zonky.test.db.postgres.embedded.EmbeddedPostgres] The files belonging to this database system will be owned by user "User".
[03:56:04 INFO]: [io.zonky.test.db.postgres.embedded.EmbeddedPostgres] This user must also own the server process.
[03:56:04 INFO]: [io.zonky.test.db.postgres.embedded.EmbeddedPostgres] 
[03:56:04 INFO]: [io.zonky.test.db.postgres.embedded.EmbeddedPostgres] The database cluster will be initialized with locale "English_United States.874".
[03:56:04 INFO]: [io.zonky.test.db.postgres.embedded.EmbeddedPostgres] The default text search configuration will be set to "english".
[03:56:04 INFO]: [io.zonky.test.db.postgres.embedded.EmbeddedPostgres] 
[03:56:04 INFO]: [io.zonky.test.db.postgres.embedded.EmbeddedPostgres] Data page checksums are disabled.
[03:56:04 INFO]: [io.zonky.test.db.postgres.embedded.EmbeddedPostgres] 
[03:56:04 INFO]: [io.zonky.test.db.postgres.embedded.EmbeddedPostgres] fixing permissions on existing directory C:/Users/User/AppData/Local/BranzMMORPGHarness/repo/mmo-bootstrap/run/plugins/BranzMMO/embedded-postgres ... ok
[03:56:04 INFO]: [io.zonky.test.db.postgres.embedded.EmbeddedPostgres] creating subdirectories ... ok
[03:56:04 INFO]: [io.zonky.test.db.postgres.embedded.EmbeddedPostgres] selecting dynamic shared memory implementation ... windows
[03:56:04 INFO]: [io.zonky.test.db.postgres.embedded.EmbeddedPostgres] selecting default max_connections ... 100
[03:56:04 INFO]: [io.zonky.test.db.postgres.embedded.EmbeddedPostgres] selecting default shared_buffers ... 128MB
[03:56:05 INFO]: [io.zonky.test.db.postgres.embedded.EmbeddedPostgres] selecting default time zone ... Asia/Bangkok
[03:56:05 INFO]: [io.zonky.test.db.postgres.embedded.EmbeddedPostgres] creating configuration files ... ok
[03:56:06 INFO]: [io.zonky.test.db.postgres.embedded.EmbeddedPostgres] running bootstrap script ... ok
[03:56:08 INFO]: [io.zonky.test.db.postgres.embedded.EmbeddedPostgres] performing post-bootstrap initialization ... ok
[03:56:12 INFO]: [io.zonky.test.db.postgres.embedded.EmbeddedPostgres] syncing data to disk ... ok
[03:56:12 INFO]: [io.zonky.test.db.postgres.embedded.EmbeddedPostgres] 
[03:56:12 INFO]: [io.zonky.test.db.postgres.embedded.EmbeddedPostgres] Success. You can now start the database server using:
[03:56:12 INFO]: [io.zonky.test.db.postgres.embedded.EmbeddedPostgres] 
[03:56:12 INFO]: [io.zonky.test.db.postgres.embedded.EmbeddedPostgres]     ^"C^:^\Users^\User^\AppData^\Local^\Temp^\embedded^-pg^\PG^-3942d5a1dcdbfebc27772e9e670d5d85^\bin^\pg^_ctl^" -D ^"C^:^\Users^\User^\AppData^\Local^\BranzMMORPGHarness^\repo^\mmo^-bootstrap^\run^\plugins^\BranzMMO^\embedded^-postgres^" -l logfile start
[03:56:12 INFO]: [io.zonky.test.db.postgres.embedded.EmbeddedPostgres] 
[03:56:12 INFO]: [io.zonky.test.db.postgres.embedded.EmbeddedPostgres] 820c1ffd-f584-47ce-a22f-27d74906bb17 initdb completed in 00:00:08.121
[03:56:12 INFO]: [io.zonky.test.db.postgres.embedded.EmbeddedPostgres] 820c1ffd-f584-47ce-a22f-27d74906bb17 postmaster started as Process[pid=15892, exitValue="not exited"] on port 54440.  Waiting up to PT10S for server startup to finish.
[03:56:12 INFO]: [io.zonky.test.db.postgres.embedded.EmbeddedPostgres] waiting for server to start....2026-08-14 03:56:12.576 +07 [17308] LOG:  starting PostgreSQL 14.22, compiled by Visual C++ build 1944, 64-bit
[03:56:12 INFO]: [io.zonky.test.db.postgres.embedded.EmbeddedPostgres] 2026-08-14 03:56:12.583 +07 [17308] LOG:  listening on IPv6 address "::1", port 54440
[03:56:12 INFO]: [io.zonky.test.db.postgres.embedded.EmbeddedPostgres] 2026-08-14 03:56:12.583 +07 [17308] LOG:  listening on IPv4 address "127.0.0.1", port 54440
[03:56:12 INFO]: [io.zonky.test.db.postgres.embedded.EmbeddedPostgres] 2026-08-14 03:56:12.631 +07 [9756] LOG:  database system was shut down at 2026-08-14 03:56:08 +07
[03:56:12 INFO]: [io.zonky.test.db.postgres.embedded.EmbeddedPostgres] 2026-08-14 03:56:12.708 +07 [17308] LOG:  database system is ready to accept connections
[03:56:12 INFO]: [io.zonky.test.db.postgres.embedded.EmbeddedPostgres]  done
[03:56:12 INFO]: [io.zonky.test.db.postgres.embedded.EmbeddedPostgres] server started
[03:56:13 INFO]: [io.zonky.test.db.postgres.embedded.EmbeddedPostgres] 820c1ffd-f584-47ce-a22f-27d74906bb17 postmaster startup finished in 00:00:00.653
[03:56:14 INFO]: [BranzMMO] Milestone 3 runtime ready; item definitions=20, move definitions=6, spell definitions=5, technique definitions=5, form definitions=4, ailment definitions=6, encounter reward definitions=1, Scene presentation=WORLD_BACKED
[03:56:14 INFO]: [BranzMMO] Provider asset.oraxen=UNAVAILABLE [OPTIONAL]: plugin is not installed: Oraxen
[03:56:14 INFO]: [BranzMMO] Provider mob.mythicmobs=UNAVAILABLE [OPTIONAL]: plugin is not installed: MythicMobs
[03:56:14 INFO]: [BranzMMO] Provider packet.packetevents=UNAVAILABLE [OPTIONAL]: plugin is not installed: packetevents
[03:56:14 INFO]: [BranzMMO] Provider region.worldguard=UNAVAILABLE [OPTIONAL]: plugin is not installed: WorldGuard
[03:56:14 INFO]: [BranzMMO] Provider wallet.external=UNAVAILABLE [OPTIONAL]: plugin is not installed: Wallet
[03:56:14 WARN]: [BranzMMO] asset.oraxen [OPTIONAL]: plugin is not installed: Oraxen
[03:56:14 WARN]: [BranzMMO] mob.mythicmobs [OPTIONAL]: plugin is not installed: MythicMobs
[03:56:14 WARN]: [BranzMMO] packet.packetevents [OPTIONAL]: plugin is not installed: packetevents
[03:56:14 WARN]: [BranzMMO] region.worldguard [OPTIONAL]: plugin is not installed: WorldGuard
[03:56:14 WARN]: [BranzMMO] wallet.external [OPTIONAL]: plugin is not installed: Wallet
[03:56:14 INFO]: [BranzMMO] Branz MMO startup DEGRADED; content=v1.milestone-1.example.4, definitions=48
[03:56:14 INFO]: [BranzMMO] PostgreSQL runtime ready; mode=EMBEDDED_LOCAL, server-instance=local-21dd8248-d114-4206-a4eb-c567cdd86600
[03:56:14 INFO]: [BranzMMO] Recovered 0 boss encounter(s) from V0009.
[03:56:14 INFO]: [BranzMMO] Death Pouch reconciliation is ready.
[03:56:14 INFO]: [BranzMMO] Recovered 0 downed encounter(s) from V0010.
[03:56:39 INFO]: UUID of player Player0 is 2654e3c3-150d-3857-a426-0b141796a4e0
[03:56:42 INFO]: Player0 joined the game
[03:56:42 INFO]: Player0[/127.0.0.1:54488] logged in with entity id 41 at ([minecraft:overworld]-21.5, 68.0, -15.5)
[03:56:42 INFO]: Made Player0 a server operator
[03:56:42 INFO]: Set 7 experience levels on Player0
[03:56:43 INFO]: Player0 issued server command: /item replace entity @s hotbar.0 with minecraft:stone
[03:56:43 INFO]: [Player0: Replaced a slot on Player0 with [Stone]]
[03:56:44 INFO]: Player0 issued server command: /item replace entity @s hotbar.1 with minecraft:stone
[03:56:44 INFO]: [Player0: Replaced a slot on Player0 with [Stone]]
[03:56:44 INFO]: Player0 issued server command: /item replace entity @s hotbar.2 with minecraft:stone
[03:56:44 INFO]: [Player0: Replaced a slot on Player0 with [Stone]]
[03:56:44 INFO]: Player0 issued server command: /item replace entity @s hotbar.3 with minecraft:stone
[03:56:44 INFO]: [Player0: Replaced a slot on Player0 with [Stone]]
[03:56:44 INFO]: Player0 issued server command: /item replace entity @s hotbar.4 with minecraft:stone
[03:56:44 INFO]: [Player0: Replaced a slot on Player0 with [Stone]]
[03:56:44 INFO]: Player0 issued server command: /item replace entity @s hotbar.5 with minecraft:stone
[03:56:44 INFO]: [Player0: Replaced a slot on Player0 with [Stone]]
[03:56:44 INFO]: Player0 issued server command: /item replace entity @s hotbar.6 with minecraft:stone
[03:56:44 INFO]: [Player0: Replaced a slot on Player0 with [Stone]]
[03:56:44 INFO]: Player0 issued server command: /item replace entity @s hotbar.7 with minecraft:stone
[03:56:44 INFO]: [Player0: Replaced a slot on Player0 with [Stone]]
[03:56:44 INFO]: Player0 issued server command: /mmo dev
[03:56:50 INFO]: Player0 lost connection: Disconnected
[03:56:50 INFO]: Player0 left the game
[03:56:51 INFO]: Stopping the server
[03:56:51 INFO]: Stopping server
[03:56:51 INFO]: [BranzMMO] Disabling BranzMMO v1.0.0-SNAPSHOT
[03:56:51 INFO]: [io.zonky.test.db.postgres.embedded.EmbeddedPostgres] 2026-08-14 03:56:51.547 +07 [17308] LOG:  received fast shutdown request
[03:56:51 INFO]: [io.zonky.test.db.postgres.embedded.EmbeddedPostgres] 2026-08-14 03:56:51.548 +07 [17308] LOG:  aborting any active transactions
[03:56:51 INFO]: [io.zonky.test.db.postgres.embedded.EmbeddedPostgres] 2026-08-14 03:56:51.553 +07 [17308] LOG:  background worker "logical replication launcher" (PID 7828) exited with exit code 1
[03:56:51 INFO]: [io.zonky.test.db.postgres.embedded.EmbeddedPostgres] 2026-08-14 03:56:51.553 +07 [6248] LOG:  shutting down
[03:56:51 INFO]: [io.zonky.test.db.postgres.embedded.EmbeddedPostgres] 2026-08-14 03:56:51.708 +07 [17308] LOG:  database system is shut down
[03:56:51 INFO]: [io.zonky.test.db.postgres.embedded.EmbeddedPostgres] waiting for server to shut down.... done
[03:56:51 INFO]: [io.zonky.test.db.postgres.embedded.EmbeddedPostgres] server stopped
[03:56:51 INFO]: [io.zonky.test.db.postgres.embedded.EmbeddedPostgres] 820c1ffd-f584-47ce-a22f-27d74906bb17 shut down postmaster in 00:00:00.249
[03:56:51 INFO]: [io.zonky.test.db.postgres.embedded.EmbeddedPostgres] Did not clean up directory C:\Users\User\AppData\Local\BranzMMORPGHarness\repo\mmo-bootstrap\run\plugins\BranzMMO\embedded-postgres
[03:56:51 INFO]: [BranzMMO] Branz MMO platform disabled cleanly.
[03:56:51 INFO]: Saving players
[03:56:51 INFO]: Saving worlds
[03:56:51 INFO]: Saving chunks for level 'ServerLevel[world]'/minecraft:overworld
[03:56:51 INFO]: [ChunkHolderManager] Waiting 60s for chunk system to halt for world 'minecraft:overworld'
[03:56:51 INFO]: [ChunkHolderManager] Halted chunk system for world 'minecraft:overworld'
[03:56:51 INFO]: [ChunkHolderManager] Saving all chunkholders for world 'minecraft:overworld'
[03:56:52 INFO]: [ChunkHolderManager] Saved 1604 block chunks, 284 entity chunks, 8 poi chunks in world 'minecraft:overworld' in 0.64s
[03:56:52 INFO]: [ChunkHolderManager] Waiting 60s for chunk I/O to halt for world 'minecraft:overworld'
[03:56:52 INFO]: [ChunkHolderManager] Halted I/O scheduler for world 'minecraft:overworld'
[03:56:52 INFO]: Saving chunks for level 'ServerLevel[world]'/minecraft:the_nether
[03:56:52 INFO]: [ChunkHolderManager] Waiting 60s for chunk system to halt for world 'minecraft:the_nether'
[03:56:52 INFO]: [ChunkHolderManager] Halted chunk system for world 'minecraft:the_nether'
[03:56:52 INFO]: [ChunkHolderManager] Saving all chunkholders for world 'minecraft:the_nether'
[03:56:52 INFO]: [ChunkHolderManager] Saved 0 block chunks, 0 entity chunks, 0 poi chunks in world 'minecraft:the_nether' in 0.00s
[03:56:52 INFO]: [ChunkHolderManager] Waiting 60s for chunk I/O to halt for world 'minecraft:the_nether'
[03:56:52 INFO]: [ChunkHolderManager] Halted I/O scheduler for world 'minecraft:the_nether'
[03:56:52 INFO]: Saving chunks for level 'ServerLevel[world]'/minecraft:the_end
[03:56:52 INFO]: [ChunkHolderManager] Waiting 60s for chunk system to halt for world 'minecraft:the_end'
[03:56:52 INFO]: [ChunkHolderManager] Halted chunk system for world 'minecraft:the_end'
[03:56:52 INFO]: [ChunkHolderManager] Saving all chunkholders for world 'minecraft:the_end'
[03:56:52 INFO]: [ChunkHolderManager] Saved 0 block chunks, 0 entity chunks, 0 poi chunks in world 'minecraft:the_end' in 0.00s
[03:56:52 INFO]: [ChunkHolderManager] Waiting 60s for chunk I/O to halt for world 'minecraft:the_end'
[03:56:52 INFO]: [ChunkHolderManager] Halted I/O scheduler for world 'minecraft:the_end'
[03:56:52 INFO]: ThreadedAnvilChunkStorage (world): All chunks are saved
[03:56:52 INFO]: ThreadedAnvilChunkStorage (DIM-1): All chunks are saved
[03:56:52 INFO]: ThreadedAnvilChunkStorage (DIM1): All chunks are saved
[03:56:52 INFO]: ThreadedAnvilChunkStorage: All dimensions are saved
[03:56:52 INFO]: Waiting for all RegionFile I/O tasks to complete...
[03:56:52 INFO]: All RegionFile I/O tasks to complete
[03:56:52 INFO]: [MoonriseCommon] Awaiting termination of worker pool for up to 60s...
[03:56:52 INFO]: [MoonriseCommon] Awaiting termination of I/O pool for up to 60s...

BUILD SUCCESSFUL in 1m 30s
39 actionable tasks: 1 executed, 38 up-to-date
Consider enabling configuration cache to speed up this build: https://docs.gradle.org/9.1.0/userguide/configuration_cache_enabling.html
