To honour the JVM settings for this build a single-use Daemon process will be forked. For more on this, please refer to https://docs.gradle.org/9.1.0/userguide/gradle_daemon.html#sec:disabling_the_daemon in the Gradle documentation.
Daemon will be stopped at the end of the build 
> Task :mmo-api:compileJava UP-TO-DATE
> Task :mmo-api:processResources NO-SOURCE
> Task :mmo-api:classes UP-TO-DATE
> Task :mmo-api:jar UP-TO-DATE
> Task :mmo-content:compileJava UP-TO-DATE
> Task :mmo-combat:compileJava UP-TO-DATE
> Task :mmo-integrations:compileJava UP-TO-DATE
> Task :mmo-items:compileJava UP-TO-DATE
> Task :mmo-lifeskills:compileJava UP-TO-DATE
> Task :mmo-magic:compileJava UP-TO-DATE
> Task :mmo-progression:compileJava UP-TO-DATE
> Task :mmo-persistence:compileJava UP-TO-DATE
> Task :mmo-scenes:compileJava UP-TO-DATE
> Task :mmo-social:compileJava UP-TO-DATE
> Task :mmo-worldloop:compileJava UP-TO-DATE
> Task :mmo-integrations:integration-mythicmobs:compileJava UP-TO-DATE
> Task :mmo-integrations:integration-oraxen:compileJava UP-TO-DATE
> Task :mmo-integrations:integration-packetevents:compileJava UP-TO-DATE
> Task :mmo-integrations:integration-wallet:compileJava UP-TO-DATE
> Task :mmo-integrations:integration-worldguard:compileJava UP-TO-DATE
> Task :mmo-bootstrap:compileJava UP-TO-DATE
> Task :mmo-bootstrap:processResources UP-TO-DATE
> Task :mmo-bootstrap:classes UP-TO-DATE
> Task :mmo-combat:processResources NO-SOURCE
> Task :mmo-combat:classes UP-TO-DATE
> Task :mmo-combat:jar UP-TO-DATE
> Task :mmo-content:processResources NO-SOURCE
> Task :mmo-content:classes UP-TO-DATE
> Task :mmo-content:jar UP-TO-DATE
> Task :mmo-integrations:processResources NO-SOURCE
> Task :mmo-integrations:classes UP-TO-DATE
> Task :mmo-integrations:jar UP-TO-DATE
> Task :mmo-items:processResources NO-SOURCE
> Task :mmo-items:classes UP-TO-DATE
> Task :mmo-items:jar UP-TO-DATE
> Task :mmo-lifeskills:processResources NO-SOURCE
> Task :mmo-lifeskills:classes UP-TO-DATE
> Task :mmo-lifeskills:jar UP-TO-DATE
> Task :mmo-magic:processResources NO-SOURCE
> Task :mmo-magic:classes UP-TO-DATE
> Task :mmo-magic:jar UP-TO-DATE
> Task :mmo-persistence:processResources UP-TO-DATE
> Task :mmo-persistence:classes UP-TO-DATE
> Task :mmo-persistence:jar UP-TO-DATE
> Task :mmo-progression:processResources NO-SOURCE
> Task :mmo-progression:classes UP-TO-DATE
> Task :mmo-progression:jar UP-TO-DATE
> Task :mmo-scenes:processResources NO-SOURCE
> Task :mmo-scenes:classes UP-TO-DATE
> Task :mmo-scenes:jar UP-TO-DATE
> Task :mmo-social:processResources NO-SOURCE
> Task :mmo-social:classes UP-TO-DATE
> Task :mmo-social:jar UP-TO-DATE
> Task :mmo-worldloop:processResources NO-SOURCE
> Task :mmo-worldloop:classes UP-TO-DATE
> Task :mmo-worldloop:jar UP-TO-DATE
> Task :mmo-integrations:integration-mythicmobs:processResources NO-SOURCE
> Task :mmo-integrations:integration-mythicmobs:classes UP-TO-DATE
> Task :mmo-integrations:integration-mythicmobs:jar UP-TO-DATE
> Task :mmo-integrations:integration-oraxen:processResources NO-SOURCE
> Task :mmo-integrations:integration-oraxen:classes UP-TO-DATE
> Task :mmo-integrations:integration-oraxen:jar UP-TO-DATE
> Task :mmo-integrations:integration-packetevents:processResources NO-SOURCE
> Task :mmo-integrations:integration-packetevents:classes UP-TO-DATE
> Task :mmo-integrations:integration-packetevents:jar UP-TO-DATE
> Task :mmo-integrations:integration-wallet:processResources NO-SOURCE
> Task :mmo-integrations:integration-wallet:classes UP-TO-DATE
> Task :mmo-integrations:integration-wallet:jar UP-TO-DATE
> Task :mmo-integrations:integration-worldguard:processResources NO-SOURCE
> Task :mmo-integrations:integration-worldguard:classes UP-TO-DATE
> Task :mmo-integrations:integration-worldguard:jar UP-TO-DATE
> Task :mmo-bootstrap:shadowJar UP-TO-DATE

> Task :mmo-bootstrap:runServer
Located Paper 26.2 build 112 in local cache.
Starting Paper...

Downloading mojang_26.2.jar
Applying patches
Starting org.bukkit.craftbukkit.Main
2026-08-18T20:31:41.911181400Z ServerMain WARN Advanced terminal features are not available in this environment
[03:31:42 INFO]: [bootstrap] Running Java 25 (OpenJDK 64-Bit Server VM 25.0.3+9-LTS; Eclipse Adoptium Temurin-25.0.3+9) on Windows 11 10.0 (amd64)
[03:31:42 INFO]: [bootstrap] Loading Paper 26.2-112-main@c9e894d (2026-08-11T05:18:39Z) for Minecraft 26.2
[03:31:42 INFO]: [PluginInitializerManager] Initializing plugins...
[03:31:42 INFO]: [PluginInitializerManager] Initialized 1 plugin
[03:31:42 INFO]: [PluginInitializerManager] Bukkit plugins (1):
 - BranzMMO (1.0.0-SNAPSHOT)
WARNING: A terminally deprecated method in sun.misc.Unsafe has been called
WARNING: sun.misc.Unsafe::objectFieldOffset has been called by org.joml.MemUtil$MemUtilUnsafe (file:/C:/Users/User/AppData/Local/BranzMMORPGHarness/repo/mmo-bootstrap/run/libraries/org/joml/joml/1.10.8/joml-1.10.8.jar)
WARNING: Please consider reporting this to the maintainers of class org.joml.MemUtil$MemUtilUnsafe
WARNING: sun.misc.Unsafe::objectFieldOffset will be removed in a future release
[03:31:45 INFO]: [ca.spottedleaf.dataconverter.minecraft.datatypes.MCTypeRegistry] Initialising converters for DataConverter...
[03:31:45 INFO]: Environment: Environment[sessionHost=https://sessionserver.mojang.com, servicesHost=https://api.minecraftservices.com, profilesHost=https://api.mojang.com, name=PROD]
[03:31:45 INFO]: [ca.spottedleaf.dataconverter.minecraft.datatypes.MCTypeRegistry] Finished initialising converters for DataConverter in 316.1ms
[03:31:45 INFO]: Found new data pack paper, loading it automatically
[03:31:46 INFO]: No existing world data, creating new world
[03:31:46 INFO]: Loaded 1585 recipes
[03:31:46 INFO]: Loaded 1688 advancements
[03:31:46 INFO]: Starting minecraft server version 26.2
[03:31:46 INFO]: Loading properties
[03:31:46 INFO]: This server is running Paper version 26.2-112-main@c9e894d (2026-08-11T05:18:39Z) (Implementing API version 26.2.build.112-stable)
[03:31:46 INFO]: [spark] This server bundles the spark profiler. For more information please visit https://docs.papermc.io/paper/profiling
[03:31:47 INFO]: Using 4 threads for Netty based IO
[03:31:47 INFO]: Server Ping Player Sample Count: 12
[03:31:47 INFO]: [MoonriseCommon] Paper is using 3 worker threads, 1 I/O threads
[03:31:47 INFO]: Default game type: SURVIVAL
[03:31:47 INFO]: Generating keypair
[03:31:47 INFO]: Starting Minecraft server on *:25565
[03:31:47 INFO]: Paper: Using Java compression from Velocity.
[03:31:47 INFO]: Paper: Using Java cipher from Velocity.
[03:31:47 INFO]: [BranzMMO] Loading server plugin BranzMMO v1.0.0-SNAPSHOT
[03:31:47 INFO]: [BranzMMO] Enabling BranzMMO v1.0.0-SNAPSHOT
[03:31:47 INFO]: [BranzMMO] Loading and validating content snapshot from C:\Users\User\AppData\Local\BranzMMORPGHarness\repo\example-content\milestone-1
[03:31:47 WARN]: **** SERVER IS RUNNING IN OFFLINE/INSECURE MODE!
[03:31:47 WARN]: The server will make no attempt to authenticate usernames. Beware.
[03:31:47 WARN]: While this makes the game possible to play without internet access, it also opens up the ability for hackers to connect with any username they choose.
[03:31:47 WARN]: To change this, set "online-mode" to "true" in the server.properties file.
[03:31:47 INFO]: Preparing level "world"
[03:31:47 INFO]: Selecting spawn point for level 'minecraft:overworld'...
[03:31:50 INFO]: Selecting spawn point for level 'minecraft:the_nether'...
[03:31:50 INFO]: Selecting spawn point for level 'minecraft:the_end'...
[03:31:50 INFO]: Loading 0 persistent chunks for level 'minecraft:overworld'...
[03:31:50 INFO]: Preparing spawn area: 100%
[03:31:50 INFO]: Prepared spawn area in 2929 ms
[03:31:50 INFO]: Loading 0 persistent chunks for level 'minecraft:the_nether'...
[03:31:50 INFO]: Preparing spawn area: 100%
[03:31:50 INFO]: Prepared spawn area in 686 ms
[03:31:50 INFO]: Loading 0 persistent chunks for level 'minecraft:the_end'...
[03:31:50 INFO]: Preparing spawn area: 100%
[03:31:50 INFO]: Prepared spawn area in 227 ms
[03:31:50 INFO]: Done preparing level "world" (3.224s)
[03:31:50 INFO]: [spark] Starting background profiler...
[03:31:50 INFO]: [spark] The async-profiler engine is not supported for your os/arch (windows11/amd64), so the built-in Java engine will be used instead.
[03:31:51 INFO]: Saving chunks for level 'ServerLevel[world]'/minecraft:overworld
[03:31:51 INFO]: Saving chunks for level 'ServerLevel[world]'/minecraft:the_nether
[03:31:51 INFO]: Saving chunks for level 'ServerLevel[world]'/minecraft:the_end
[03:31:51 INFO]: ThreadedAnvilChunkStorage (world): All chunks are saved
[03:31:51 INFO]: ThreadedAnvilChunkStorage (DIM-1): All chunks are saved
[03:31:51 INFO]: ThreadedAnvilChunkStorage (DIM1): All chunks are saved
[03:31:51 INFO]: ThreadedAnvilChunkStorage: All dimensions are saved
[03:31:51 INFO]: Running delayed init tasks
[03:31:51 INFO]: Done (9.770s)! For help, type "help"
[03:31:51 INFO]: *************************************************************************************
[03:31:51 INFO]: This is the first time you're starting this server.
[03:31:51 INFO]: It's recommended you read our 'Getting Started' documentation for guidance.
[03:31:51 INFO]: View this and more helpful information here: https://docs.papermc.io/paper/next-steps
[03:31:51 INFO]: *************************************************************************************
[03:31:51 INFO]: [io.zonky.test.db.postgres.embedded.EmbeddedPostgres] Detected a Windows x86_64 system
[03:31:51 INFO]: [io.zonky.test.db.postgres.embedded.DefaultPostgresBinaryResolver] Detected distribution: 'Unknown'
[03:31:51 INFO]: [io.zonky.test.db.postgres.embedded.DefaultPostgresBinaryResolver] System specific postgres binaries found: 'postgres-windows-x86_64.txz'
[03:31:51 INFO]: [io.zonky.test.db.postgres.embedded.EmbeddedPostgres] Postgres binaries at C:\Users\User\AppData\Local\Temp\embedded-pg\PG-3942d5a1dcdbfebc27772e9e670d5d85
[03:31:51 INFO]: [io.zonky.test.db.postgres.embedded.EmbeddedPostgres] The files belonging to this database system will be owned by user "User".
[03:31:51 INFO]: [io.zonky.test.db.postgres.embedded.EmbeddedPostgres] This user must also own the server process.
[03:31:51 INFO]: [io.zonky.test.db.postgres.embedded.EmbeddedPostgres] 
[03:31:51 INFO]: [io.zonky.test.db.postgres.embedded.EmbeddedPostgres] The database cluster will be initialized with locale "English_United States.874".
[03:31:51 INFO]: [io.zonky.test.db.postgres.embedded.EmbeddedPostgres] The default text search configuration will be set to "english".
[03:31:51 INFO]: [io.zonky.test.db.postgres.embedded.EmbeddedPostgres] 
[03:31:51 INFO]: [io.zonky.test.db.postgres.embedded.EmbeddedPostgres] Data page checksums are disabled.
[03:31:51 INFO]: [io.zonky.test.db.postgres.embedded.EmbeddedPostgres] 
[03:31:51 INFO]: [io.zonky.test.db.postgres.embedded.EmbeddedPostgres] fixing permissions on existing directory C:/Users/User/AppData/Local/BranzMMORPGHarness/repo/mmo-bootstrap/run/plugins/BranzMMO/embedded-postgres ... ok
[03:31:51 INFO]: [io.zonky.test.db.postgres.embedded.EmbeddedPostgres] creating subdirectories ... ok
[03:31:51 INFO]: [io.zonky.test.db.postgres.embedded.EmbeddedPostgres] selecting dynamic shared memory implementation ... windows
[03:31:51 INFO]: [io.zonky.test.db.postgres.embedded.EmbeddedPostgres] selecting default max_connections ... 100
[03:31:51 INFO]: [io.zonky.test.db.postgres.embedded.EmbeddedPostgres] selecting default shared_buffers ... 128MB
[03:31:51 INFO]: [io.zonky.test.db.postgres.embedded.EmbeddedPostgres] selecting default time zone ... Asia/Bangkok
[03:31:51 INFO]: [io.zonky.test.db.postgres.embedded.EmbeddedPostgres] creating configuration files ... ok
[03:31:52 INFO]: [io.zonky.test.db.postgres.embedded.EmbeddedPostgres] running bootstrap script ... ok
[03:31:54 INFO]: [io.zonky.test.db.postgres.embedded.EmbeddedPostgres] performing post-bootstrap initialization ... ok
[03:31:57 INFO]: [io.zonky.test.db.postgres.embedded.EmbeddedPostgres] syncing data to disk ... ok
[03:31:57 INFO]: [io.zonky.test.db.postgres.embedded.EmbeddedPostgres] 
[03:31:57 INFO]: [io.zonky.test.db.postgres.embedded.EmbeddedPostgres] Success. You can now start the database server using:
[03:31:57 INFO]: [io.zonky.test.db.postgres.embedded.EmbeddedPostgres] 
[03:31:57 INFO]: [io.zonky.test.db.postgres.embedded.EmbeddedPostgres]     ^"C^:^\Users^\User^\AppData^\Local^\Temp^\embedded^-pg^\PG^-3942d5a1dcdbfebc27772e9e670d5d85^\bin^\pg^_ctl^" -D ^"C^:^\Users^\User^\AppData^\Local^\BranzMMORPGHarness^\repo^\mmo^-bootstrap^\run^\plugins^\BranzMMO^\embedded^-postgres^" -l logfile start
[03:31:57 INFO]: [io.zonky.test.db.postgres.embedded.EmbeddedPostgres] 
[03:31:57 INFO]: [io.zonky.test.db.postgres.embedded.EmbeddedPostgres] dc143496-2c26-4f61-8ea7-72bc962d1847 initdb completed in 00:00:06.037
[03:31:57 INFO]: [io.zonky.test.db.postgres.embedded.EmbeddedPostgres] dc143496-2c26-4f61-8ea7-72bc962d1847 postmaster started as Process[pid=28404, exitValue="not exited"] on port 65313.  Waiting up to PT10S for server startup to finish.
[03:31:57 INFO]: [io.zonky.test.db.postgres.embedded.EmbeddedPostgres] waiting for server to start....2026-08-19 03:31:57.822 +07 [32104] LOG:  starting PostgreSQL 14.22, compiled by Visual C++ build 1944, 64-bit
[03:31:57 INFO]: [io.zonky.test.db.postgres.embedded.EmbeddedPostgres] 2026-08-19 03:31:57.827 +07 [32104] LOG:  listening on IPv6 address "::1", port 65313
[03:31:57 INFO]: [io.zonky.test.db.postgres.embedded.EmbeddedPostgres] 2026-08-19 03:31:57.827 +07 [32104] LOG:  listening on IPv4 address "127.0.0.1", port 65313
[03:31:57 INFO]: [io.zonky.test.db.postgres.embedded.EmbeddedPostgres] 2026-08-19 03:31:57.861 +07 [32700] LOG:  database system was shut down at 2026-08-19 03:31:54 +07
[03:31:57 INFO]: [io.zonky.test.db.postgres.embedded.EmbeddedPostgres] 2026-08-19 03:31:57.905 +07 [32104] LOG:  database system is ready to accept connections
[03:31:57 INFO]: [io.zonky.test.db.postgres.embedded.EmbeddedPostgres]  done
[03:31:57 INFO]: [io.zonky.test.db.postgres.embedded.EmbeddedPostgres] server started
[03:31:58 INFO]: [io.zonky.test.db.postgres.embedded.EmbeddedPostgres] dc143496-2c26-4f61-8ea7-72bc962d1847 postmaster startup finished in 00:00:00.410
[03:31:59 INFO]: [BranzMMO] Milestone 3 runtime ready; item definitions=20, move definitions=6, spell definitions=5, technique definitions=5, form definitions=4, ailment definitions=6, encounter reward definitions=1, Scene presentation=WORLD_BACKED
[03:31:59 INFO]: [BranzMMO] Provider asset.oraxen=UNAVAILABLE [OPTIONAL]: plugin is not installed: Oraxen
[03:31:59 INFO]: [BranzMMO] Provider mob.mythicmobs=UNAVAILABLE [OPTIONAL]: plugin is not installed: MythicMobs
[03:31:59 INFO]: [BranzMMO] Provider packet.packetevents=UNAVAILABLE [OPTIONAL]: plugin is not installed: packetevents
[03:31:59 INFO]: [BranzMMO] Provider region.worldguard=UNAVAILABLE [OPTIONAL]: plugin is not installed: WorldGuard
[03:31:59 INFO]: [BranzMMO] Provider wallet.external=UNAVAILABLE [OPTIONAL]: plugin is not installed: Wallet
[03:31:59 WARN]: [BranzMMO] asset.oraxen [OPTIONAL]: plugin is not installed: Oraxen
[03:31:59 WARN]: [BranzMMO] mob.mythicmobs [OPTIONAL]: plugin is not installed: MythicMobs
[03:31:59 WARN]: [BranzMMO] packet.packetevents [OPTIONAL]: plugin is not installed: packetevents
[03:31:59 WARN]: [BranzMMO] region.worldguard [OPTIONAL]: plugin is not installed: WorldGuard
[03:31:59 WARN]: [BranzMMO] wallet.external [OPTIONAL]: plugin is not installed: Wallet
[03:31:59 INFO]: [BranzMMO] Branz MMO startup DEGRADED; content=v1.milestone-1.example.4, definitions=48
[03:31:59 INFO]: [BranzMMO] PostgreSQL runtime ready; mode=EMBEDDED_LOCAL, server-instance=local-50139d91-a9ba-4fd1-af6d-fb6511381a04
[03:31:59 INFO]: [BranzMMO] Recovered 0 boss encounter(s) from V0009.
[03:31:59 INFO]: [BranzMMO] Death Pouch reconciliation is ready.
[03:31:59 INFO]: [BranzMMO] Recovered 0 downed encounter(s) from V0010.
[03:32:14 INFO]: UUID of player Player0 is 2654e3c3-150d-3857-a426-0b141796a4e0
[03:32:17 INFO]: Player0 joined the game
[03:32:17 INFO]: Player0[/127.0.0.1:65348] logged in with entity id 16 at ([minecraft:overworld]-39.5, 71.0, -134.5)
[03:32:18 INFO]: Made Player0 a server operator
[03:32:18 INFO]: Set 7 experience levels on Player0
[03:32:18 INFO]: Player0 issued server command: /item replace entity @s hotbar.0 with minecraft:stone
[03:32:18 INFO]: [Player0: Replaced a slot on Player0 with [Stone]]
[03:32:18 INFO]: Player0 issued server command: /item replace entity @s hotbar.1 with minecraft:stone
[03:32:18 INFO]: [Player0: Replaced a slot on Player0 with [Stone]]
[03:32:18 INFO]: Player0 issued server command: /item replace entity @s hotbar.2 with minecraft:stone
[03:32:18 INFO]: [Player0: Replaced a slot on Player0 with [Stone]]
[03:32:19 INFO]: Player0 issued server command: /item replace entity @s hotbar.3 with minecraft:stone
[03:32:19 INFO]: [Player0: Replaced a slot on Player0 with [Stone]]
[03:32:19 INFO]: Player0 issued server command: /item replace entity @s hotbar.4 with minecraft:stone
[03:32:19 INFO]: [Player0: Replaced a slot on Player0 with [Stone]]
[03:32:19 INFO]: Player0 issued server command: /item replace entity @s hotbar.5 with minecraft:stone
[03:32:19 INFO]: [Player0: Replaced a slot on Player0 with [Stone]]
[03:32:19 INFO]: Player0 issued server command: /item replace entity @s hotbar.6 with minecraft:stone
[03:32:19 INFO]: [Player0: Replaced a slot on Player0 with [Stone]]
[03:32:19 INFO]: Player0 issued server command: /item replace entity @s hotbar.7 with minecraft:stone
[03:32:19 INFO]: [Player0: Replaced a slot on Player0 with [Stone]]
[03:32:19 INFO]: Player0 issued server command: /mmo dev
[03:32:20 INFO]: Player0 issued server command: /mmo physical status
[03:32:21 INFO]: Player0 issued server command: /mmo dev
[03:32:22 INFO]: Player0 issued server command: /mmo physical status
[03:32:23 INFO]: Player0 issued server command: /item replace entity @s hotbar.7 with minecraft:air
[03:32:23 INFO]: [Player0: Replaced a slot on Player0 with [Air]]
[03:32:23 INFO]: Player0 issued server command: /mmo physical status
[03:32:24 INFO]: Player0 issued server command: /mmo physical status
[03:32:25 INFO]: Player0 issued server command: /mmo physical status
[03:32:26 INFO]: Player0 issued server command: /mmo physical status
[03:32:27 INFO]: Player0 issued server command: /mmo physical status
[03:32:28 INFO]: Player0 issued server command: /mmo physical status
[03:32:29 INFO]: Player0 issued server command: /mmo physical status
[03:32:30 INFO]: Player0 issued server command: /mmo physical status
[03:32:31 INFO]: Player0 lost connection: Disconnected
[03:32:31 INFO]: Player0 left the game
[03:32:31 INFO]: UUID of player Player0 is 2654e3c3-150d-3857-a426-0b141796a4e0
[03:32:31 INFO]: Player0 joined the game
[03:32:31 INFO]: Player0[/127.0.0.1:65436] logged in with entity id 179 at ([minecraft:overworld]-39.5, 71.0, -134.5)
[03:32:31 INFO]: Player0 issued server command: /mmo physical status
[03:32:32 INFO]: Player0 issued server command: /item replace entity @s hotbar.6 with minecraft:air
[03:32:32 INFO]: [Player0: Replaced a slot on Player0 with [Air]]
[03:32:32 INFO]: Player0 issued server command: /mmo physical status
[03:32:33 INFO]: Player0 issued server command: /mmo physical status
[03:32:34 INFO]: Player0 issued server command: /mmo physical status
[03:32:35 INFO]: Player0 lost connection: Disconnected
[03:32:35 INFO]: Player0 left the game
[03:32:35 INFO]: Stopping the server
[03:32:35 INFO]: Stopping server
[03:32:35 INFO]: [BranzMMO] Disabling BranzMMO v1.0.0-SNAPSHOT
[03:32:35 INFO]: [io.zonky.test.db.postgres.embedded.EmbeddedPostgres] 2026-08-19 03:32:35.805 +07 [32104] LOG:  received fast shutdown request
[03:32:35 INFO]: [io.zonky.test.db.postgres.embedded.EmbeddedPostgres] 2026-08-19 03:32:35.806 +07 [32104] LOG:  aborting any active transactions
[03:32:35 INFO]: [io.zonky.test.db.postgres.embedded.EmbeddedPostgres] 2026-08-19 03:32:35.812 +07 [32104] LOG:  background worker "logical replication launcher" (PID 29336) exited with exit code 1
[03:32:35 INFO]: [io.zonky.test.db.postgres.embedded.EmbeddedPostgres] 2026-08-19 03:32:35.813 +07 [7452] LOG:  shutting down
[03:32:35 INFO]: [io.zonky.test.db.postgres.embedded.EmbeddedPostgres] 2026-08-19 03:32:35.955 +07 [32104] LOG:  database system is shut down
[03:32:36 INFO]: [io.zonky.test.db.postgres.embedded.EmbeddedPostgres] waiting for server to shut down.... done
[03:32:36 INFO]: [io.zonky.test.db.postgres.embedded.EmbeddedPostgres] server stopped
[03:32:36 INFO]: [io.zonky.test.db.postgres.embedded.EmbeddedPostgres] dc143496-2c26-4f61-8ea7-72bc962d1847 shut down postmaster in 00:00:00.266
[03:32:36 INFO]: [io.zonky.test.db.postgres.embedded.EmbeddedPostgres] Did not clean up directory C:\Users\User\AppData\Local\BranzMMORPGHarness\repo\mmo-bootstrap\run\plugins\BranzMMO\embedded-postgres
[03:32:36 INFO]: [BranzMMO] Branz MMO platform disabled cleanly.
[03:32:36 INFO]: Saving players
[03:32:36 INFO]: Saving worlds
[03:32:36 INFO]: Saving chunks for level 'ServerLevel[world]'/minecraft:overworld
[03:32:36 INFO]: [ChunkHolderManager] Waiting 60s for chunk system to halt for world 'minecraft:overworld'
[03:32:36 INFO]: [ChunkHolderManager] Halted chunk system for world 'minecraft:overworld'
[03:32:36 INFO]: [ChunkHolderManager] Saving all chunkholders for world 'minecraft:overworld'
[03:32:36 INFO]: [ChunkHolderManager] Saved 2209 block chunks, 625 entity chunks, 19 poi chunks in world 'minecraft:overworld' in 0.65s
[03:32:36 INFO]: [ChunkHolderManager] Waiting 60s for chunk I/O to halt for world 'minecraft:overworld'
[03:32:36 INFO]: [ChunkHolderManager] Halted I/O scheduler for world 'minecraft:overworld'
[03:32:36 INFO]: Saving chunks for level 'ServerLevel[world]'/minecraft:the_nether
[03:32:36 INFO]: [ChunkHolderManager] Waiting 60s for chunk system to halt for world 'minecraft:the_nether'
[03:32:36 INFO]: [ChunkHolderManager] Halted chunk system for world 'minecraft:the_nether'
[03:32:36 INFO]: [ChunkHolderManager] Saving all chunkholders for world 'minecraft:the_nether'
[03:32:36 INFO]: [ChunkHolderManager] Saved 0 block chunks, 0 entity chunks, 0 poi chunks in world 'minecraft:the_nether' in 0.00s
[03:32:36 INFO]: [ChunkHolderManager] Waiting 60s for chunk I/O to halt for world 'minecraft:the_nether'
[03:32:36 INFO]: [ChunkHolderManager] Halted I/O scheduler for world 'minecraft:the_nether'
[03:32:36 INFO]: Saving chunks for level 'ServerLevel[world]'/minecraft:the_end
[03:32:36 INFO]: [ChunkHolderManager] Waiting 60s for chunk system to halt for world 'minecraft:the_end'
[03:32:36 INFO]: [ChunkHolderManager] Halted chunk system for world 'minecraft:the_end'
[03:32:36 INFO]: [ChunkHolderManager] Saving all chunkholders for world 'minecraft:the_end'
[03:32:36 INFO]: [ChunkHolderManager] Saved 0 block chunks, 0 entity chunks, 0 poi chunks in world 'minecraft:the_end' in 0.00s
[03:32:36 INFO]: [ChunkHolderManager] Waiting 60s for chunk I/O to halt for world 'minecraft:the_end'
[03:32:36 INFO]: [ChunkHolderManager] Halted I/O scheduler for world 'minecraft:the_end'
[03:32:36 INFO]: ThreadedAnvilChunkStorage (world): All chunks are saved
[03:32:36 INFO]: ThreadedAnvilChunkStorage (DIM-1): All chunks are saved
[03:32:36 INFO]: ThreadedAnvilChunkStorage (DIM1): All chunks are saved
[03:32:36 INFO]: ThreadedAnvilChunkStorage: All dimensions are saved
[03:32:36 INFO]: Waiting for all RegionFile I/O tasks to complete...
[03:32:36 INFO]: All RegionFile I/O tasks to complete
[03:32:36 INFO]: [MoonriseCommon] Awaiting termination of worker pool for up to 60s...
[03:32:36 INFO]: [MoonriseCommon] Awaiting termination of I/O pool for up to 60s...

BUILD SUCCESSFUL in 1m 13s
39 actionable tasks: 1 executed, 38 up-to-date
Consider enabling configuration cache to speed up this build: https://docs.gradle.org/9.1.0/userguide/configuration_cache_enabling.html
