To honour the JVM settings for this build a single-use Daemon process will be forked. For more on this, please refer to https://docs.gradle.org/9.1.0/userguide/gradle_daemon.html#sec:disabling_the_daemon in the Gradle documentation.
Daemon will be stopped at the end of the build 
> Task :mmo-api:compileJava UP-TO-DATE
> Task :mmo-api:processResources NO-SOURCE
> Task :mmo-api:classes UP-TO-DATE
> Task :mmo-api:jar UP-TO-DATE
> Task :mmo-content:compileJava UP-TO-DATE
> Task :mmo-combat:compileJava UP-TO-DATE
> Task :mmo-integrations:compileJava UP-TO-DATE
> Task :mmo-items:compileJava UP-TO-DATE
> Task :mmo-lifeskills:compileJava UP-TO-DATE
> Task :mmo-magic:compileJava UP-TO-DATE
> Task :mmo-progression:compileJava UP-TO-DATE
> Task :mmo-persistence:compileJava UP-TO-DATE
> Task :mmo-scenes:compileJava UP-TO-DATE
> Task :mmo-social:compileJava UP-TO-DATE
> Task :mmo-worldloop:compileJava UP-TO-DATE
> Task :mmo-integrations:integration-mythicmobs:compileJava UP-TO-DATE
> Task :mmo-integrations:integration-oraxen:compileJava UP-TO-DATE
> Task :mmo-integrations:integration-packetevents:compileJava UP-TO-DATE
> Task :mmo-integrations:integration-wallet:compileJava UP-TO-DATE
> Task :mmo-integrations:integration-worldguard:compileJava UP-TO-DATE
> Task :mmo-bootstrap:compileJava UP-TO-DATE
> Task :mmo-bootstrap:processResources UP-TO-DATE
> Task :mmo-bootstrap:classes UP-TO-DATE
> Task :mmo-combat:processResources NO-SOURCE
> Task :mmo-combat:classes UP-TO-DATE
> Task :mmo-combat:jar UP-TO-DATE
> Task :mmo-content:processResources NO-SOURCE
> Task :mmo-content:classes UP-TO-DATE
> Task :mmo-content:jar UP-TO-DATE
> Task :mmo-integrations:processResources NO-SOURCE
> Task :mmo-integrations:classes UP-TO-DATE
> Task :mmo-integrations:jar UP-TO-DATE
> Task :mmo-items:processResources NO-SOURCE
> Task :mmo-items:classes UP-TO-DATE
> Task :mmo-items:jar UP-TO-DATE
> Task :mmo-lifeskills:processResources NO-SOURCE
> Task :mmo-lifeskills:classes UP-TO-DATE
> Task :mmo-lifeskills:jar UP-TO-DATE
> Task :mmo-magic:processResources NO-SOURCE
> Task :mmo-magic:classes UP-TO-DATE
> Task :mmo-magic:jar UP-TO-DATE
> Task :mmo-persistence:processResources UP-TO-DATE
> Task :mmo-persistence:classes UP-TO-DATE
> Task :mmo-persistence:jar UP-TO-DATE
> Task :mmo-progression:processResources NO-SOURCE
> Task :mmo-progression:classes UP-TO-DATE
> Task :mmo-progression:jar UP-TO-DATE
> Task :mmo-scenes:processResources NO-SOURCE
> Task :mmo-scenes:classes UP-TO-DATE
> Task :mmo-scenes:jar UP-TO-DATE
> Task :mmo-social:processResources NO-SOURCE
> Task :mmo-social:classes UP-TO-DATE
> Task :mmo-social:jar UP-TO-DATE
> Task :mmo-worldloop:processResources NO-SOURCE
> Task :mmo-worldloop:classes UP-TO-DATE
> Task :mmo-worldloop:jar UP-TO-DATE
> Task :mmo-integrations:integration-mythicmobs:processResources NO-SOURCE
> Task :mmo-integrations:integration-mythicmobs:classes UP-TO-DATE
> Task :mmo-integrations:integration-mythicmobs:jar UP-TO-DATE
> Task :mmo-integrations:integration-oraxen:processResources NO-SOURCE
> Task :mmo-integrations:integration-oraxen:classes UP-TO-DATE
> Task :mmo-integrations:integration-oraxen:jar UP-TO-DATE
> Task :mmo-integrations:integration-packetevents:processResources NO-SOURCE
> Task :mmo-integrations:integration-packetevents:classes UP-TO-DATE
> Task :mmo-integrations:integration-packetevents:jar UP-TO-DATE
> Task :mmo-integrations:integration-wallet:processResources NO-SOURCE
> Task :mmo-integrations:integration-wallet:classes UP-TO-DATE
> Task :mmo-integrations:integration-wallet:jar UP-TO-DATE
> Task :mmo-integrations:integration-worldguard:processResources NO-SOURCE
> Task :mmo-integrations:integration-worldguard:classes UP-TO-DATE
> Task :mmo-integrations:integration-worldguard:jar UP-TO-DATE
> Task :mmo-bootstrap:shadowJar UP-TO-DATE

> Task :mmo-bootstrap:runServer
Fetching latest Paper build for version 26.2...
Latest build for 26.2 is 124.
Located Paper 26.2 build 124 in local cache.
Starting Paper...

Downloading mojang_26.2.jar
Applying patches
Starting org.bukkit.craftbukkit.Main
2026-09-16T11:26:31.653614900Z ServerMain WARN Advanced terminal features are not available in this environment
[18:26:32 INFO]: [bootstrap] Running Java 25 (OpenJDK 64-Bit Server VM 25.0.3+9-LTS; Eclipse Adoptium Temurin-25.0.3+9) on Windows 11 10.0 (amd64)
[18:26:32 INFO]: [bootstrap] Loading Paper 26.2-124-ver/26.2@22ca6c7 (2026-09-15T17:48:49Z) for Minecraft 26.2
[18:26:32 INFO]: [PluginInitializerManager] Initializing plugins...
[18:26:32 INFO]: [PluginInitializerManager] Initialized 1 plugin
[18:26:32 INFO]: [PluginInitializerManager] Bukkit plugins (1):
 - BranzMMO (1.0.0-SNAPSHOT)
WARNING: A terminally deprecated method in sun.misc.Unsafe has been called
WARNING: sun.misc.Unsafe::objectFieldOffset has been called by org.joml.MemUtil$MemUtilUnsafe (file:/C:/Users/User/AppData/Local/BranzMMORPGHarness/repo/mmo-bootstrap/run/libraries/org/joml/joml/1.10.8/joml-1.10.8.jar)
WARNING: Please consider reporting this to the maintainers of class org.joml.MemUtil$MemUtilUnsafe
WARNING: sun.misc.Unsafe::objectFieldOffset will be removed in a future release
[18:26:37 INFO]: [ca.spottedleaf.dataconverter.minecraft.datatypes.MCTypeRegistry] Initialising converters for DataConverter...
[18:26:37 INFO]: Environment: Environment[sessionHost=https://sessionserver.mojang.com, servicesHost=https://api.minecraftservices.com, profilesHost=https://api.mojang.com, name=PROD]
[18:26:38 INFO]: [ca.spottedleaf.dataconverter.minecraft.datatypes.MCTypeRegistry] Finished initialising converters for DataConverter in 622.4ms
[18:26:38 INFO]: Found new data pack paper, loading it automatically
[18:26:39 INFO]: No existing world data, creating new world
[18:26:40 INFO]: Loaded 1585 recipes
[18:26:40 INFO]: Loaded 1688 advancements
[18:26:40 INFO]: Starting minecraft server version 26.2
[18:26:40 INFO]: Loading properties
[18:26:40 INFO]: This server is running Paper version 26.2-124-ver/26.2@22ca6c7 (2026-09-15T17:48:49Z) (Implementing API version 26.2.build.124-stable)
[18:26:40 INFO]: [spark] This server bundles the spark profiler. For more information please visit https://docs.papermc.io/paper/profiling
[18:26:40 INFO]: Using 4 threads for Netty based IO
[18:26:40 INFO]: Server Ping Player Sample Count: 12
[18:26:41 INFO]: [MoonriseCommon] Paper is using 3 worker threads, 1 I/O threads
[18:26:41 INFO]: Default game type: SURVIVAL
[18:26:41 INFO]: Generating keypair
[18:26:41 INFO]: Starting Minecraft server on *:25565
[18:26:41 INFO]: Paper: Using Java compression from Velocity.
[18:26:41 INFO]: Paper: Using Java cipher from Velocity.
[18:26:41 INFO]: [BranzMMO] Loading server plugin BranzMMO v1.0.0-SNAPSHOT
[18:26:41 INFO]: [BranzMMO] Enabling BranzMMO v1.0.0-SNAPSHOT
[18:26:41 INFO]: [BranzMMO] Loading and validating content snapshot from C:\Users\User\AppData\Local\BranzMMORPGHarness\repo\example-content\milestone-1
[18:26:41 WARN]: **** SERVER IS RUNNING IN OFFLINE/INSECURE MODE!
[18:26:41 WARN]: The server will make no attempt to authenticate usernames. Beware.
[18:26:41 WARN]: While this makes the game possible to play without internet access, it also opens up the ability for hackers to connect with any username they choose.
[18:26:41 WARN]: To change this, set "online-mode" to "true" in the server.properties file.
[18:26:41 INFO]: Preparing level "world"
[18:26:42 INFO]: Selecting spawn point for level 'minecraft:overworld'...
[18:26:47 INFO]: Selecting spawn point for level 'minecraft:the_nether'...
[18:26:48 INFO]: Selecting spawn point for level 'minecraft:the_end'...
[18:26:48 INFO]: Loading 0 persistent chunks for level 'minecraft:overworld'...
[18:26:48 INFO]: Preparing spawn area: 100%
[18:26:48 INFO]: Prepared spawn area in 5818 ms
[18:26:48 INFO]: Loading 0 persistent chunks for level 'minecraft:the_nether'...
[18:26:48 INFO]: Preparing spawn area: 100%
[18:26:48 INFO]: Prepared spawn area in 959 ms
[18:26:48 INFO]: Loading 0 persistent chunks for level 'minecraft:the_end'...
[18:26:48 INFO]: Preparing spawn area: 100%
[18:26:48 INFO]: Prepared spawn area in 302 ms
[18:26:48 INFO]: Done preparing level "world" (6.494s)
[18:26:48 INFO]: [spark] Starting background profiler...
[18:26:48 INFO]: [spark] The async-profiler engine is not supported for your os/arch (windows11/amd64), so the built-in Java engine will be used instead.
[18:26:48 INFO]: Saving chunks for level 'ServerLevel[world]'/minecraft:overworld
[18:26:48 INFO]: Saving chunks for level 'ServerLevel[world]'/minecraft:the_nether
[18:26:48 INFO]: Saving chunks for level 'ServerLevel[world]'/minecraft:the_end
[18:26:48 INFO]: ThreadedAnvilChunkStorage (world): All chunks are saved
[18:26:48 INFO]: ThreadedAnvilChunkStorage (DIM-1): All chunks are saved
[18:26:48 INFO]: ThreadedAnvilChunkStorage (DIM1): All chunks are saved
[18:26:48 INFO]: ThreadedAnvilChunkStorage: All dimensions are saved
[18:26:48 INFO]: Running delayed init tasks
[18:26:48 INFO]: Done (18.027s)! For help, type "help"
[18:26:48 INFO]: *************************************************************************************
[18:26:48 INFO]: This is the first time you're starting this server.
[18:26:48 INFO]: It's recommended you read our 'Getting Started' documentation for guidance.
[18:26:48 INFO]: View this and more helpful information here: https://docs.papermc.io/paper/next-steps
[18:26:48 INFO]: *************************************************************************************
[18:26:48 INFO]: [io.zonky.test.db.postgres.embedded.EmbeddedPostgres] Detected a Windows x86_64 system
[18:26:48 INFO]: [io.zonky.test.db.postgres.embedded.DefaultPostgresBinaryResolver] Detected distribution: 'Unknown'
[18:26:48 INFO]: [io.zonky.test.db.postgres.embedded.DefaultPostgresBinaryResolver] System specific postgres binaries found: 'postgres-windows-x86_64.txz'
[18:26:49 INFO]: [io.zonky.test.db.postgres.embedded.EmbeddedPostgres] Postgres binaries at C:\Users\User\AppData\Local\Temp\embedded-pg\PG-3942d5a1dcdbfebc27772e9e670d5d85
[18:26:50 INFO]: [io.zonky.test.db.postgres.embedded.EmbeddedPostgres] The files belonging to this database system will be owned by user "User".
[18:26:50 INFO]: [io.zonky.test.db.postgres.embedded.EmbeddedPostgres] This user must also own the server process.
[18:26:50 INFO]: [io.zonky.test.db.postgres.embedded.EmbeddedPostgres] 
[18:26:50 INFO]: [io.zonky.test.db.postgres.embedded.EmbeddedPostgres] The database cluster will be initialized with locale "English_United States.874".
[18:26:50 INFO]: [io.zonky.test.db.postgres.embedded.EmbeddedPostgres] The default text search configuration will be set to "english".
[18:26:50 INFO]: [io.zonky.test.db.postgres.embedded.EmbeddedPostgres] 
[18:26:50 INFO]: [io.zonky.test.db.postgres.embedded.EmbeddedPostgres] Data page checksums are disabled.
[18:26:50 INFO]: [io.zonky.test.db.postgres.embedded.EmbeddedPostgres] 
[18:26:50 INFO]: [io.zonky.test.db.postgres.embedded.EmbeddedPostgres] fixing permissions on existing directory C:/Users/User/AppData/Local/BranzMMORPGHarness/repo/mmo-bootstrap/run/plugins/BranzMMO/embedded-postgres ... ok
[18:26:50 INFO]: [io.zonky.test.db.postgres.embedded.EmbeddedPostgres] creating subdirectories ... ok
[18:26:50 INFO]: [io.zonky.test.db.postgres.embedded.EmbeddedPostgres] selecting dynamic shared memory implementation ... windows
[18:26:50 INFO]: [io.zonky.test.db.postgres.embedded.EmbeddedPostgres] selecting default max_connections ... 100
[18:26:50 INFO]: [io.zonky.test.db.postgres.embedded.EmbeddedPostgres] selecting default shared_buffers ... 128MB
[18:26:50 INFO]: [io.zonky.test.db.postgres.embedded.EmbeddedPostgres] selecting default time zone ... Asia/Bangkok
[18:26:50 INFO]: [io.zonky.test.db.postgres.embedded.EmbeddedPostgres] creating configuration files ... ok
[18:26:52 INFO]: [io.zonky.test.db.postgres.embedded.EmbeddedPostgres] running bootstrap script ... ok
[18:26:55 INFO]: [io.zonky.test.db.postgres.embedded.EmbeddedPostgres] performing post-bootstrap initialization ... ok
[18:26:59 INFO]: [io.zonky.test.db.postgres.embedded.EmbeddedPostgres] syncing data to disk ... ok
[18:26:59 INFO]: [io.zonky.test.db.postgres.embedded.EmbeddedPostgres] 
[18:26:59 INFO]: [io.zonky.test.db.postgres.embedded.EmbeddedPostgres] Success. You can now start the database server using:
[18:26:59 INFO]: [io.zonky.test.db.postgres.embedded.EmbeddedPostgres] 
[18:26:59 INFO]: [io.zonky.test.db.postgres.embedded.EmbeddedPostgres]     ^"C^:^\Users^\User^\AppData^\Local^\Temp^\embedded^-pg^\PG^-3942d5a1dcdbfebc27772e9e670d5d85^\bin^\pg^_ctl^" -D ^"C^:^\Users^\User^\AppData^\Local^\BranzMMORPGHarness^\repo^\mmo^-bootstrap^\run^\plugins^\BranzMMO^\embedded^-postgres^" -l logfile start
[18:26:59 INFO]: [io.zonky.test.db.postgres.embedded.EmbeddedPostgres] 
[18:26:59 INFO]: [io.zonky.test.db.postgres.embedded.EmbeddedPostgres] 00a995df-9d80-4065-87f5-54c48eaa45c4 initdb completed in 00:00:09.544
[18:26:59 INFO]: [io.zonky.test.db.postgres.embedded.EmbeddedPostgres] 00a995df-9d80-4065-87f5-54c48eaa45c4 postmaster started as Process[pid=23992, exitValue="not exited"] on port 51722.  Waiting up to PT10S for server startup to finish.
[18:26:59 INFO]: [io.zonky.test.db.postgres.embedded.EmbeddedPostgres] waiting for server to start....2026-09-16 18:26:59.878 +07 [3492] LOG:  starting PostgreSQL 14.22, compiled by Visual C++ build 1944, 64-bit
[18:26:59 INFO]: [io.zonky.test.db.postgres.embedded.EmbeddedPostgres] 2026-09-16 18:26:59.888 +07 [3492] LOG:  listening on IPv6 address "::1", port 51722
[18:26:59 INFO]: [io.zonky.test.db.postgres.embedded.EmbeddedPostgres] 2026-09-16 18:26:59.888 +07 [3492] LOG:  listening on IPv4 address "127.0.0.1", port 51722
[18:26:59 INFO]: [io.zonky.test.db.postgres.embedded.EmbeddedPostgres] 2026-09-16 18:26:59.948 +07 [23528] LOG:  database system was shut down at 2026-09-16 18:26:55 +07
[18:27:00 INFO]: [io.zonky.test.db.postgres.embedded.EmbeddedPostgres] 2026-09-16 18:27:00.059 +07 [3492] LOG:  database system is ready to accept connections
[18:27:00 INFO]: [io.zonky.test.db.postgres.embedded.EmbeddedPostgres]  done
[18:27:00 INFO]: [io.zonky.test.db.postgres.embedded.EmbeddedPostgres] server started
[18:27:00 INFO]: [io.zonky.test.db.postgres.embedded.EmbeddedPostgres] 00a995df-9d80-4065-87f5-54c48eaa45c4 postmaster startup finished in 00:00:01.175
[18:27:03 INFO]: [BranzMMO] Milestone 3 runtime ready; item definitions=20, move definitions=6, spell definitions=5, technique definitions=5, form definitions=4, ailment definitions=6, encounter reward definitions=1, Scene presentation=WORLD_BACKED
[18:27:03 INFO]: [BranzMMO] Provider asset.oraxen=UNAVAILABLE [OPTIONAL]: plugin is not installed: Oraxen
[18:27:03 INFO]: [BranzMMO] Provider mob.mythicmobs=UNAVAILABLE [OPTIONAL]: plugin is not installed: MythicMobs
[18:27:03 INFO]: [BranzMMO] Provider packet.packetevents=UNAVAILABLE [OPTIONAL]: plugin is not installed: packetevents
[18:27:03 INFO]: [BranzMMO] Provider region.worldguard=UNAVAILABLE [OPTIONAL]: plugin is not installed: WorldGuard
[18:27:03 INFO]: [BranzMMO] Provider wallet.external=UNAVAILABLE [OPTIONAL]: plugin is not installed: Wallet
[18:27:03 WARN]: [BranzMMO] asset.oraxen [OPTIONAL]: plugin is not installed: Oraxen
[18:27:03 WARN]: [BranzMMO] mob.mythicmobs [OPTIONAL]: plugin is not installed: MythicMobs
[18:27:03 WARN]: [BranzMMO] packet.packetevents [OPTIONAL]: plugin is not installed: packetevents
[18:27:03 WARN]: [BranzMMO] region.worldguard [OPTIONAL]: plugin is not installed: WorldGuard
[18:27:03 WARN]: [BranzMMO] wallet.external [OPTIONAL]: plugin is not installed: Wallet
[18:27:03 INFO]: [BranzMMO] Branz MMO startup DEGRADED; content=v1.milestone-1.example.4, definitions=48
[18:27:03 INFO]: [BranzMMO] PostgreSQL runtime ready; mode=EMBEDDED_LOCAL, server-instance=local-d136fe7a-15b7-49c0-89f8-b513ba7e4142
[18:27:03 INFO]: [BranzMMO] Recovered 0 boss encounter(s) from V0009.
[18:27:03 INFO]: [BranzMMO] Death Pouch reconciliation is ready.
[18:27:03 INFO]: [BranzMMO] Recovered 0 downed encounter(s) from V0010.
[18:27:39 INFO]: UUID of player Player0 is 2654e3c3-150d-3857-a426-0b141796a4e0
[18:27:45 INFO]: Player0 joined the game
[18:27:45 INFO]: Player0[/127.0.0.1:58978] logged in with entity id 29 at ([minecraft:overworld]44.5, 95.0, 25.5)
[18:27:46 INFO]: Made Player0 a server operator
[18:27:46 INFO]: Set 7 experience levels on Player0
[18:27:47 INFO]: Player0 issued server command: /item replace entity @s hotbar.0 with minecraft:stone
[18:27:47 INFO]: [Player0: Replaced a slot on Player0 with [Stone]]
[18:27:47 INFO]: Player0 issued server command: /item replace entity @s hotbar.1 with minecraft:stone
[18:27:47 INFO]: [Player0: Replaced a slot on Player0 with [Stone]]
[18:27:47 INFO]: Player0 issued server command: /item replace entity @s hotbar.2 with minecraft:stone
[18:27:47 INFO]: [Player0: Replaced a slot on Player0 with [Stone]]
[18:27:47 INFO]: Player0 issued server command: /item replace entity @s hotbar.3 with minecraft:stone
[18:27:47 INFO]: [Player0: Replaced a slot on Player0 with [Stone]]
[18:27:47 INFO]: Player0 issued server command: /item replace entity @s hotbar.4 with minecraft:stone
[18:27:47 INFO]: [Player0: Replaced a slot on Player0 with [Stone]]
[18:27:47 INFO]: Player0 issued server command: /item replace entity @s hotbar.5 with minecraft:stone
[18:27:47 INFO]: [Player0: Replaced a slot on Player0 with [Stone]]
[18:27:47 INFO]: Player0 issued server command: /item replace entity @s hotbar.6 with minecraft:stone
[18:27:47 INFO]: [Player0: Replaced a slot on Player0 with [Stone]]
[18:27:47 INFO]: Player0 issued server command: /item replace entity @s hotbar.7 with minecraft:stone
[18:27:47 INFO]: [Player0: Replaced a slot on Player0 with [Stone]]
[18:27:47 INFO]: Player0 issued server command: /item replace entity @s hotbar.7 with minecraft:air
[18:27:47 INFO]: [Player0: Replaced a slot on Player0 with [Air]]
[18:27:48 INFO]: Player0 issued server command: /mmo dev
[18:27:49 INFO]: Player0 issued server command: /item replace entity @s hotbar.6 with minecraft:air
[18:27:49 INFO]: [Player0: Replaced a slot on Player0 with [Air]]
[18:27:49 INFO]: Player0 issued server command: /mmo dev
[18:27:52 INFO]: Player0 issued server command: /item replace entity @s hotbar.5 with minecraft:air
[18:27:52 INFO]: [Player0: Replaced a slot on Player0 with [Air]]
[18:27:52 INFO]: Player0 issued server command: /mmo dev
[18:27:53 INFO]: Player0 issued server command: /mmo physical status
[18:27:54 INFO]: Player0 issued server command: /mmo physical status
[18:27:54 INFO]: Player0 issued server command: /mmo physical status
[18:27:56 INFO]: Player0 lost connection: Disconnected
[18:27:56 INFO]: Player0 left the game
[18:27:57 INFO]: Stopping the server
[18:27:57 INFO]: Stopping server
[18:27:57 INFO]: [BranzMMO] Disabling BranzMMO v1.0.0-SNAPSHOT
[18:27:57 INFO]: [io.zonky.test.db.postgres.embedded.EmbeddedPostgres] 2026-09-16 18:27:57.993 +07 [3492] LOG:  received fast shutdown request
[18:27:57 INFO]: [io.zonky.test.db.postgres.embedded.EmbeddedPostgres] 2026-09-16 18:27:57.993 +07 [3492] LOG:  aborting any active transactions
[18:27:58 INFO]: [io.zonky.test.db.postgres.embedded.EmbeddedPostgres] 2026-09-16 18:27:58.006 +07 [3492] LOG:  background worker "logical replication launcher" (PID 22292) exited with exit code 1
[18:27:58 INFO]: [io.zonky.test.db.postgres.embedded.EmbeddedPostgres] 2026-09-16 18:27:58.011 +07 [24068] LOG:  shutting down
[18:27:58 INFO]: [io.zonky.test.db.postgres.embedded.EmbeddedPostgres] 2026-09-16 18:27:58.415 +07 [3492] LOG:  database system is shut down
[18:27:58 INFO]: [io.zonky.test.db.postgres.embedded.EmbeddedPostgres] waiting for server to shut down.... done
[18:27:58 INFO]: [io.zonky.test.db.postgres.embedded.EmbeddedPostgres] server stopped
[18:27:58 INFO]: [io.zonky.test.db.postgres.embedded.EmbeddedPostgres] 00a995df-9d80-4065-87f5-54c48eaa45c4 shut down postmaster in 00:00:00.564
[18:27:58 INFO]: [io.zonky.test.db.postgres.embedded.EmbeddedPostgres] Did not clean up directory C:\Users\User\AppData\Local\BranzMMORPGHarness\repo\mmo-bootstrap\run\plugins\BranzMMO\embedded-postgres
[18:27:58 INFO]: [BranzMMO] Branz MMO platform disabled cleanly.
[18:27:58 INFO]: Saving players
[18:27:58 INFO]: Saving worlds
[18:27:58 INFO]: Saving chunks for level 'ServerLevel[world]'/minecraft:overworld
[18:27:58 ERROR]: [ca.spottedleaf.moonrise.common.util.TickThread] Thread failed main thread check: Accessing poi chunk off-main, context=thread=Paper Common Worker #2, world=minecraft:overworld, chunk_pos=[1, 11]
java.lang.Throwable
	at ca.spottedleaf.moonrise.common.util.TickThread.ensureTickThread(TickThread.java:64) ~[paper-26.2.jar:26.2-124-22ca6c7]
	at net.minecraft.world.entity.ai.village.poi.PoiManager.getOrLoad(PoiManager.java:89) ~[paper-26.2.jar:26.2-124-22ca6c7]
	at net.minecraft.world.entity.ai.village.poi.PoiManager.exists(PoiManager.java:410) ~[paper-26.2.jar:26.2-124-22ca6c7]
	at net.minecraft.server.level.ServerLevel.lambda$updatePOIOnBlockStateChange$3(ServerLevel.java:2400) ~[paper-26.2.jar:26.2-124-22ca6c7]
	at net.minecraft.server.TickTask.run(TickTask.java:18) ~[paper-26.2.jar:26.2-124-22ca6c7]
	at net.minecraft.util.thread.BlockableEventLoop.doRunTask(BlockableEventLoop.java:207) ~[paper-26.2.jar:26.2-124-22ca6c7]
	at net.minecraft.util.thread.ReentrantBlockableEventLoop.doRunTask(ReentrantBlockableEventLoop.java:24) ~[paper-26.2.jar:26.2-124-22ca6c7]
	at net.minecraft.server.MinecraftServer.doRunTask(MinecraftServer.java:1534) ~[paper-26.2.jar:26.2-124-22ca6c7]
	at net.minecraft.server.MinecraftServer.doRunTask(MinecraftServer.java:192) ~[paper-26.2.jar:26.2-124-22ca6c7]
	at net.minecraft.util.thread.BlockableEventLoop.execute(BlockableEventLoop.java:150) ~[paper-26.2.jar:26.2-124-22ca6c7]
	at net.minecraft.server.level.ServerLevel.lambda$updatePOIOnBlockStateChange$2(ServerLevel.java:2398) ~[paper-26.2.jar:26.2-124-22ca6c7]
	at java.base/java.util.Optional.ifPresent(Optional.java:178) ~[?:?]
	at net.minecraft.server.level.ServerLevel.updatePOIOnBlockStateChange(ServerLevel.java:2398) ~[paper-26.2.jar:26.2-124-22ca6c7]
	at net.minecraft.server.level.WorldGenRegion.setBlock(WorldGenRegion.java:366) ~[paper-26.2.jar:26.2-124-22ca6c7]
	at net.minecraft.world.level.LevelWriter.setBlock(LevelWriter.java:13) ~[paper-26.2.jar:26.2-124-22ca6c7]
	at net.minecraft.world.level.levelgen.feature.TreeFeature.lambda$place$2(TreeFeature.java:151) ~[paper-26.2.jar:26.2-124-22ca6c7]
	at net.minecraft.world.level.levelgen.feature.treedecorators.TreeDecorator$Context.setBlock(TreeDecorator.java:60) ~[paper-26.2.jar:26.2-124-22ca6c7]
	at net.minecraft.world.level.levelgen.feature.treedecorators.BeehiveDecorator.place(BeehiveDecorator.java:56) ~[paper-26.2.jar:26.2-124-22ca6c7]
	at net.minecraft.world.level.levelgen.feature.TreeFeature.lambda$place$3(TreeFeature.java:157) ~[paper-26.2.jar:26.2-124-22ca6c7]
	at java.base/java.util.ImmutableCollections$List12.forEach(ImmutableCollections.java:681) ~[?:?]
	at net.minecraft.world.level.levelgen.feature.TreeFeature.place(TreeFeature.java:157) ~[paper-26.2.jar:26.2-124-22ca6c7]
	at net.minecraft.world.level.levelgen.feature.Feature.place(Feature.java:192) ~[paper-26.2.jar:26.2-124-22ca6c7]
	at net.minecraft.world.level.levelgen.feature.ConfiguredFeature.place(ConfiguredFeature.java:25) ~[paper-26.2.jar:26.2-124-22ca6c7]
	at net.minecraft.world.level.levelgen.placement.PlacedFeature.lambda$placeWithContext$1(PlacedFeature.java:55) ~[paper-26.2.jar:26.2-124-22ca6c7]
	at java.base/java.util.stream.ForEachOps$ForEachOp$OfRef.accept(ForEachOps.java:186) ~[?:?]
	at java.base/java.util.stream.Streams$StreamBuilderImpl.forEachRemaining(Streams.java:411) ~[?:?]
	at java.base/java.util.stream.ReferencePipeline$Head.forEach(ReferencePipeline.java:803) ~[?:?]
	at java.base/java.util.stream.ReferencePipeline$7$1FlatMap.accept(ReferencePipeline.java:293) ~[?:?]
	at java.base/java.util.stream.Streams$StreamBuilderImpl.forEachRemaining(Streams.java:411) ~[?:?]
	at java.base/java.util.stream.ReferencePipeline$Head.forEach(ReferencePipeline.java:803) ~[?:?]
	at java.base/java.util.stream.ReferencePipeline$7$1FlatMap.accept(ReferencePipeline.java:293) ~[?:?]
	at java.base/java.util.stream.Streams$StreamBuilderImpl.forEachRemaining(Streams.java:411) ~[?:?]
	at java.base/java.util.stream.ReferencePipeline$Head.forEach(ReferencePipeline.java:803) ~[?:?]
	at java.base/java.util.stream.ReferencePipeline$7$1FlatMap.accept(ReferencePipeline.java:293) ~[?:?]
	at java.base/java.util.stream.Streams$StreamBuilderImpl.forEachRemaining(Streams.java:411) ~[?:?]
	at java.base/java.util.stream.ReferencePipeline$Head.forEach(ReferencePipeline.java:803) ~[?:?]
	at java.base/java.util.stream.ReferencePipeline$7$1FlatMap.accept(ReferencePipeline.java:293) ~[?:?]
	at java.base/java.util.stream.Streams$StreamBuilderImpl.forEachRemaining(Streams.java:411) ~[?:?]
	at java.base/java.util.stream.ReferencePipeline$Head.forEach(ReferencePipeline.java:803) ~[?:?]
	at java.base/java.util.stream.ReferencePipeline$7$1FlatMap.accept(ReferencePipeline.java:293) ~[?:?]
	at java.base/java.util.stream.ForEachOps$ForEachOp$OfRef.accept(ForEachOps.java:186) ~[?:?]
	at java.base/java.util.stream.IntPipeline$1$1.accept(IntPipeline.java:180) ~[?:?]
	at java.base/java.util.stream.Streams$RangeIntSpliterator.forEachRemaining(Streams.java:104) ~[?:?]
	at java.base/java.util.Spliterator$OfInt.forEachRemaining(Spliterator.java:710) ~[?:?]
	at java.base/java.util.stream.AbstractPipeline.copyInto(AbstractPipeline.java:570) ~[?:?]
	at java.base/java.util.stream.AbstractPipeline.wrapAndCopyInto(AbstractPipeline.java:560) ~[?:?]
	at java.base/java.util.stream.ForEachOps$ForEachOp.evaluateSequential(ForEachOps.java:153) ~[?:?]
	at java.base/java.util.stream.ForEachOps$ForEachOp$OfRef.evaluateSequential(ForEachOps.java:176) ~[?:?]
	at java.base/java.util.stream.AbstractPipeline.evaluate(AbstractPipeline.java:265) ~[?:?]
	at java.base/java.util.stream.ReferencePipeline.forEach(ReferencePipeline.java:632) ~[?:?]
	at java.base/java.util.stream.ReferencePipeline$7$1FlatMap.accept(ReferencePipeline.java:293) ~[?:?]
	at java.base/java.util.stream.Streams$StreamBuilderImpl.forEachRemaining(Streams.java:411) ~[?:?]
	at java.base/java.util.stream.AbstractPipeline.copyInto(AbstractPipeline.java:570) ~[?:?]
	at java.base/java.util.stream.AbstractPipeline.wrapAndCopyInto(AbstractPipeline.java:560) ~[?:?]
	at java.base/java.util.stream.ForEachOps$ForEachOp.evaluateSequential(ForEachOps.java:153) ~[?:?]
	at java.base/java.util.stream.ForEachOps$ForEachOp$OfRef.evaluateSequential(ForEachOps.java:176) ~[?:?]
	at java.base/java.util.stream.AbstractPipeline.evaluate(AbstractPipeline.java:265) ~[?:?]
	at java.base/java.util.stream.ReferencePipeline.forEach(ReferencePipeline.java:632) ~[?:?]
	at net.minecraft.world.level.levelgen.placement.PlacedFeature.placeWithContext(PlacedFeature.java:54) ~[paper-26.2.jar:26.2-124-22ca6c7]
	at net.minecraft.world.level.levelgen.placement.PlacedFeature.placeWithBiomeCheck(PlacedFeature.java:42) ~[paper-26.2.jar:26.2-124-22ca6c7]
	at net.minecraft.world.level.chunk.ChunkGenerator.addVanillaDecorations(ChunkGenerator.java:426) ~[paper-26.2.jar:26.2-124-22ca6c7]
	at net.minecraft.world.level.chunk.ChunkGenerator.applyBiomeDecoration(ChunkGenerator.java:459) ~[paper-26.2.jar:26.2-124-22ca6c7]
	at net.minecraft.world.level.chunk.ChunkGenerator.applyBiomeDecoration(ChunkGenerator.java:452) ~[paper-26.2.jar:26.2-124-22ca6c7]
	at net.minecraft.world.level.chunk.status.ChunkStatusTasks.generateFeatures(ChunkStatusTasks.java:147) ~[paper-26.2.jar:26.2-124-22ca6c7]
	at net.minecraft.world.level.chunk.status.ChunkStep.apply(ChunkStep.java:65) ~[paper-26.2.jar:26.2-124-22ca6c7]
	at ca.spottedleaf.moonrise.patches.chunk_system.scheduling.task.ChunkUpgradeGenericStatusTask.run(ChunkUpgradeGenericStatusTask.java:97) ~[paper-26.2.jar:26.2-124-22ca6c7]
	at ca.spottedleaf.concurrentutil.executor.queue.AreaDependentQueue$QueuedTask.run(AreaDependentQueue.java:1154) ~[leafpile-1.2.0.jar:?]
	at ca.spottedleaf.concurrentutil.executor.thread.BalancedPrioritisedThreadPool$OrderedStreamGroup$Queue.lambda$createTask$0(BalancedPrioritisedThreadPool.java:467) ~[leafpile-1.2.0.jar:?]
	at ca.spottedleaf.concurrentutil.executor.queue.PrioritisedTaskQueue$PrioritisedQueuedTask.execute(PrioritisedTaskQueue.java:345) ~[leafpile-1.2.0.jar:?]
	at ca.spottedleaf.concurrentutil.executor.thread.BalancedPrioritisedThreadPool$OrderedStreamGroup.executeTask(BalancedPrioritisedThreadPool.java:344) ~[leafpile-1.2.0.jar:?]
	at ca.spottedleaf.concurrentutil.executor.thread.BalancedPrioritisedThreadPool$WorkerThread.pollTasks(BalancedPrioritisedThreadPool.java:630) ~[leafpile-1.2.0.jar:?]
	at ca.spottedleaf.concurrentutil.executor.QueueExecutorRunnable.mainLoop(QueueExecutorRunnable.java:50) ~[leafpile-1.2.0.jar:?]
	at ca.spottedleaf.concurrentutil.executor.QueueExecutorRunnable.doRun(QueueExecutorRunnable.java:115) ~[leafpile-1.2.0.jar:?]
	at ca.spottedleaf.concurrentutil.executor.QueueExecutorRunnable.run(QueueExecutorRunnable.java:42) ~[leafpile-1.2.0.jar:?]
	at ca.spottedleaf.concurrentutil.util.LazyRunnable.run(LazyRunnable.java:25) ~[leafpile-1.2.0.jar:?]
	at java.base/java.lang.Thread.run(Thread.java:1474) ~[?:?]
[18:27:58 ERROR]: Error executing task on Server
java.lang.IllegalStateException: Thread failed main thread check: Accessing poi chunk off-main, context=thread=Paper Common Worker #2, world=minecraft:overworld, chunk_pos=[1, 11]
	at ca.spottedleaf.moonrise.common.util.TickThread.ensureTickThread(TickThread.java:65) ~[paper-26.2.jar:26.2-124-22ca6c7]
	at net.minecraft.world.entity.ai.village.poi.PoiManager.getOrLoad(PoiManager.java:89) ~[paper-26.2.jar:26.2-124-22ca6c7]
	at net.minecraft.world.entity.ai.village.poi.PoiManager.exists(PoiManager.java:410) ~[paper-26.2.jar:26.2-124-22ca6c7]
	at net.minecraft.server.level.ServerLevel.lambda$updatePOIOnBlockStateChange$3(ServerLevel.java:2400) ~[paper-26.2.jar:26.2-124-22ca6c7]
	at net.minecraft.server.TickTask.run(TickTask.java:18) ~[paper-26.2.jar:26.2-124-22ca6c7]
	at net.minecraft.util.thread.BlockableEventLoop.doRunTask(BlockableEventLoop.java:207) ~[paper-26.2.jar:26.2-124-22ca6c7]
	at net.minecraft.util.thread.ReentrantBlockableEventLoop.doRunTask(ReentrantBlockableEventLoop.java:24) ~[paper-26.2.jar:26.2-124-22ca6c7]
	at net.minecraft.server.MinecraftServer.doRunTask(MinecraftServer.java:1534) ~[paper-26.2.jar:26.2-124-22ca6c7]
	at net.minecraft.server.MinecraftServer.doRunTask(MinecraftServer.java:192) ~[paper-26.2.jar:26.2-124-22ca6c7]
	at net.minecraft.util.thread.BlockableEventLoop.execute(BlockableEventLoop.java:150) ~[paper-26.2.jar:26.2-124-22ca6c7]
	at net.minecraft.server.level.ServerLevel.lambda$updatePOIOnBlockStateChange$2(ServerLevel.java:2398) ~[paper-26.2.jar:26.2-124-22ca6c7]
	at java.base/java.util.Optional.ifPresent(Optional.java:178) ~[?:?]
	at net.minecraft.server.level.ServerLevel.updatePOIOnBlockStateChange(ServerLevel.java:2398) ~[paper-26.2.jar:26.2-124-22ca6c7]
	at net.minecraft.server.level.WorldGenRegion.setBlock(WorldGenRegion.java:366) ~[paper-26.2.jar:26.2-124-22ca6c7]
	at net.minecraft.world.level.LevelWriter.setBlock(LevelWriter.java:13) ~[paper-26.2.jar:26.2-124-22ca6c7]
	at net.minecraft.world.level.levelgen.feature.TreeFeature.lambda$place$2(TreeFeature.java:151) ~[paper-26.2.jar:26.2-124-22ca6c7]
	at net.minecraft.world.level.levelgen.feature.treedecorators.TreeDecorator$Context.setBlock(TreeDecorator.java:60) ~[paper-26.2.jar:26.2-124-22ca6c7]
	at net.minecraft.world.level.levelgen.feature.treedecorators.BeehiveDecorator.place(BeehiveDecorator.java:56) ~[paper-26.2.jar:26.2-124-22ca6c7]
	at net.minecraft.world.level.levelgen.feature.TreeFeature.lambda$place$3(TreeFeature.java:157) ~[paper-26.2.jar:26.2-124-22ca6c7]
	at java.base/java.util.ImmutableCollections$List12.forEach(ImmutableCollections.java:681) ~[?:?]
	at net.minecraft.world.level.levelgen.feature.TreeFeature.place(TreeFeature.java:157) ~[paper-26.2.jar:26.2-124-22ca6c7]
	at net.minecraft.world.level.levelgen.feature.Feature.place(Feature.java:192) ~[paper-26.2.jar:26.2-124-22ca6c7]
	at net.minecraft.world.level.levelgen.feature.ConfiguredFeature.place(ConfiguredFeature.java:25) ~[paper-26.2.jar:26.2-124-22ca6c7]
	at net.minecraft.world.level.levelgen.placement.PlacedFeature.lambda$placeWithContext$1(PlacedFeature.java:55) ~[paper-26.2.jar:26.2-124-22ca6c7]
	at java.base/java.util.stream.ForEachOps$ForEachOp$OfRef.accept(ForEachOps.java:186) ~[?:?]
	at java.base/java.util.stream.Streams$StreamBuilderImpl.forEachRemaining(Streams.java:411) ~[?:?]
	at java.base/java.util.stream.ReferencePipeline$Head.forEach(ReferencePipeline.java:803) ~[?:?]
	at java.base/java.util.stream.ReferencePipeline$7$1FlatMap.accept(ReferencePipeline.java:293) ~[?:?]
	at java.base/java.util.stream.Streams$StreamBuilderImpl.forEachRemaining(Streams.java:411) ~[?:?]
	at java.base/java.util.stream.ReferencePipeline$Head.forEach(ReferencePipeline.java:803) ~[?:?]
	at java.base/java.util.stream.ReferencePipeline$7$1FlatMap.accept(ReferencePipeline.java:293) ~[?:?]
	at java.base/java.util.stream.Streams$StreamBuilderImpl.forEachRemaining(Streams.java:411) ~[?:?]
	at java.base/java.util.stream.ReferencePipeline$Head.forEach(ReferencePipeline.java:803) ~[?:?]
	at java.base/java.util.stream.ReferencePipeline$7$1FlatMap.accept(ReferencePipeline.java:293) ~[?:?]
	at java.base/java.util.stream.Streams$StreamBuilderImpl.forEachRemaining(Streams.java:411) ~[?:?]
	at java.base/java.util.stream.ReferencePipeline$Head.forEach(ReferencePipeline.java:803) ~[?:?]
	at java.base/java.util.stream.ReferencePipeline$7$1FlatMap.accept(ReferencePipeline.java:293) ~[?:?]
	at java.base/java.util.stream.Streams$StreamBuilderImpl.forEachRemaining(Streams.java:411) ~[?:?]
	at java.base/java.util.stream.ReferencePipeline$Head.forEach(ReferencePipeline.java:803) ~[?:?]
	at java.base/java.util.stream.ReferencePipeline$7$1FlatMap.accept(ReferencePipeline.java:293) ~[?:?]
	at java.base/java.util.stream.ForEachOps$ForEachOp$OfRef.accept(ForEachOps.java:186) ~[?:?]
	at java.base/java.util.stream.IntPipeline$1$1.accept(IntPipeline.java:180) ~[?:?]
	at java.base/java.util.stream.Streams$RangeIntSpliterator.forEachRemaining(Streams.java:104) ~[?:?]
	at java.base/java.util.Spliterator$OfInt.forEachRemaining(Spliterator.java:710) ~[?:?]
	at java.base/java.util.stream.AbstractPipeline.copyInto(AbstractPipeline.java:570) ~[?:?]
	at java.base/java.util.stream.AbstractPipeline.wrapAndCopyInto(AbstractPipeline.java:560) ~[?:?]
	at java.base/java.util.stream.ForEachOps$ForEachOp.evaluateSequential(ForEachOps.java:153) ~[?:?]
	at java.base/java.util.stream.ForEachOps$ForEachOp$OfRef.evaluateSequential(ForEachOps.java:176) ~[?:?]
	at java.base/java.util.stream.AbstractPipeline.evaluate(AbstractPipeline.java:265) ~[?:?]
	at java.base/java.util.stream.ReferencePipeline.forEach(ReferencePipeline.java:632) ~[?:?]
	at java.base/java.util.stream.ReferencePipeline$7$1FlatMap.accept(ReferencePipeline.java:293) ~[?:?]
	at java.base/java.util.stream.Streams$StreamBuilderImpl.forEachRemaining(Streams.java:411) ~[?:?]
	at java.base/java.util.stream.AbstractPipeline.copyInto(AbstractPipeline.java:570) ~[?:?]
	at java.base/java.util.stream.AbstractPipeline.wrapAndCopyInto(AbstractPipeline.java:560) ~[?:?]
	at java.base/java.util.stream.ForEachOps$ForEachOp.evaluateSequential(ForEachOps.java:153) ~[?:?]
	at java.base/java.util.stream.ForEachOps$ForEachOp$OfRef.evaluateSequential(ForEachOps.java:176) ~[?:?]
	at java.base/java.util.stream.AbstractPipeline.evaluate(AbstractPipeline.java:265) ~[?:?]
	at java.base/java.util.stream.ReferencePipeline.forEach(ReferencePipeline.java:632) ~[?:?]
	at net.minecraft.world.level.levelgen.placement.PlacedFeature.placeWithContext(PlacedFeature.java:54) ~[paper-26.2.jar:26.2-124-22ca6c7]
	at net.minecraft.world.level.levelgen.placement.PlacedFeature.placeWithBiomeCheck(PlacedFeature.java:42) ~[paper-26.2.jar:26.2-124-22ca6c7]
	at net.minecraft.world.level.chunk.ChunkGenerator.addVanillaDecorations(ChunkGenerator.java:426) ~[paper-26.2.jar:26.2-124-22ca6c7]
	at net.minecraft.world.level.chunk.ChunkGenerator.applyBiomeDecoration(ChunkGenerator.java:459) ~[paper-26.2.jar:26.2-124-22ca6c7]
	at net.minecraft.world.level.chunk.ChunkGenerator.applyBiomeDecoration(ChunkGenerator.java:452) ~[paper-26.2.jar:26.2-124-22ca6c7]
	at net.minecraft.world.level.chunk.status.ChunkStatusTasks.generateFeatures(ChunkStatusTasks.java:147) ~[paper-26.2.jar:26.2-124-22ca6c7]
	at net.minecraft.world.level.chunk.status.ChunkStep.apply(ChunkStep.java:65) ~[paper-26.2.jar:26.2-124-22ca6c7]
	at ca.spottedleaf.moonrise.patches.chunk_system.scheduling.task.ChunkUpgradeGenericStatusTask.run(ChunkUpgradeGenericStatusTask.java:97) ~[paper-26.2.jar:26.2-124-22ca6c7]
	at ca.spottedleaf.concurrentutil.executor.queue.AreaDependentQueue$QueuedTask.run(AreaDependentQueue.java:1154) ~[leafpile-1.2.0.jar:?]
	at ca.spottedleaf.concurrentutil.executor.thread.BalancedPrioritisedThreadPool$OrderedStreamGroup$Queue.lambda$createTask$0(BalancedPrioritisedThreadPool.java:467) ~[leafpile-1.2.0.jar:?]
	at ca.spottedleaf.concurrentutil.executor.queue.PrioritisedTaskQueue$PrioritisedQueuedTask.execute(PrioritisedTaskQueue.java:345) ~[leafpile-1.2.0.jar:?]
	at ca.spottedleaf.concurrentutil.executor.thread.BalancedPrioritisedThreadPool$OrderedStreamGroup.executeTask(BalancedPrioritisedThreadPool.java:344) ~[leafpile-1.2.0.jar:?]
	at ca.spottedleaf.concurrentutil.executor.thread.BalancedPrioritisedThreadPool$WorkerThread.pollTasks(BalancedPrioritisedThreadPool.java:630) ~[leafpile-1.2.0.jar:?]
	at ca.spottedleaf.concurrentutil.executor.QueueExecutorRunnable.mainLoop(QueueExecutorRunnable.java:50) ~[leafpile-1.2.0.jar:?]
	at ca.spottedleaf.concurrentutil.executor.QueueExecutorRunnable.doRun(QueueExecutorRunnable.java:115) ~[leafpile-1.2.0.jar:?]
	at ca.spottedleaf.concurrentutil.executor.QueueExecutorRunnable.run(QueueExecutorRunnable.java:42) ~[leafpile-1.2.0.jar:?]
	at ca.spottedleaf.concurrentutil.util.LazyRunnable.run(LazyRunnable.java:25) ~[leafpile-1.2.0.jar:?]
	at java.base/java.lang.Thread.run(Thread.java:1474) ~[?:?]
[18:27:58 INFO]: [ChunkHolderManager] Waiting 60s for chunk system to halt for world 'minecraft:overworld'
[18:27:58 INFO]: [ChunkHolderManager] Halted chunk system for world 'minecraft:overworld'
[18:27:58 INFO]: [ChunkHolderManager] Saving all chunkholders for world 'minecraft:overworld'
[18:27:59 INFO]: [ChunkHolderManager] Saved 1605 block chunks, 242 entity chunks, 9 poi chunks in world 'minecraft:overworld' in 0.75s
[18:27:59 INFO]: [ChunkHolderManager] Waiting 60s for chunk I/O to halt for world 'minecraft:overworld'
[18:27:59 INFO]: [ChunkHolderManager] Halted I/O scheduler for world 'minecraft:overworld'
[18:27:59 INFO]: Saving chunks for level 'ServerLevel[world]'/minecraft:the_nether
[18:27:59 INFO]: [ChunkHolderManager] Waiting 60s for chunk system to halt for world 'minecraft:the_nether'
[18:27:59 INFO]: [ChunkHolderManager] Halted chunk system for world 'minecraft:the_nether'
[18:27:59 INFO]: [ChunkHolderManager] Saving all chunkholders for world 'minecraft:the_nether'
[18:27:59 INFO]: [ChunkHolderManager] Saved 0 block chunks, 0 entity chunks, 0 poi chunks in world 'minecraft:the_nether' in 0.00s
[18:27:59 INFO]: [ChunkHolderManager] Waiting 60s for chunk I/O to halt for world 'minecraft:the_nether'
[18:27:59 INFO]: [ChunkHolderManager] Halted I/O scheduler for world 'minecraft:the_nether'
[18:27:59 INFO]: Saving chunks for level 'ServerLevel[world]'/minecraft:the_end
[18:27:59 INFO]: [ChunkHolderManager] Waiting 60s for chunk system to halt for world 'minecraft:the_end'
[18:27:59 INFO]: [ChunkHolderManager] Halted chunk system for world 'minecraft:the_end'
[18:27:59 INFO]: [ChunkHolderManager] Saving all chunkholders for world 'minecraft:the_end'
[18:27:59 INFO]: [ChunkHolderManager] Saved 0 block chunks, 0 entity chunks, 0 poi chunks in world 'minecraft:the_end' in 0.00s
[18:27:59 INFO]: [ChunkHolderManager] Waiting 60s for chunk I/O to halt for world 'minecraft:the_end'
[18:27:59 INFO]: [ChunkHolderManager] Halted I/O scheduler for world 'minecraft:the_end'
[18:27:59 INFO]: ThreadedAnvilChunkStorage (world): All chunks are saved
[18:27:59 INFO]: ThreadedAnvilChunkStorage (DIM-1): All chunks are saved
[18:27:59 INFO]: ThreadedAnvilChunkStorage (DIM1): All chunks are saved
[18:27:59 INFO]: ThreadedAnvilChunkStorage: All dimensions are saved
[18:27:59 INFO]: Waiting for all RegionFile I/O tasks to complete...
[18:27:59 INFO]: All RegionFile I/O tasks to complete
[18:27:59 INFO]: [MoonriseCommon] Awaiting termination of worker pool for up to 60s...
[18:27:59 INFO]: [MoonriseCommon] Awaiting termination of I/O pool for up to 60s...

BUILD SUCCESSFUL in 1m 59s
39 actionable tasks: 1 executed, 38 up-to-date
Consider enabling configuration cache to speed up this build: https://docs.gradle.org/9.1.0/userguide/configuration_cache_enabling.html
