To honour the JVM settings for this build a single-use Daemon process will be forked. For more on this, please refer to https://docs.gradle.org/9.1.0/userguide/gradle_daemon.html#sec:disabling_the_daemon in the Gradle documentation.
Daemon will be stopped at the end of the build 
> Task :mmo-api:compileJava UP-TO-DATE
> Task :mmo-api:processResources NO-SOURCE
> Task :mmo-api:classes UP-TO-DATE
> Task :mmo-api:jar UP-TO-DATE
> Task :mmo-content:compileJava UP-TO-DATE
> Task :mmo-combat:compileJava UP-TO-DATE
> Task :mmo-integrations:compileJava UP-TO-DATE
> Task :mmo-items:compileJava UP-TO-DATE
> Task :mmo-lifeskills:compileJava UP-TO-DATE
> Task :mmo-magic:compileJava UP-TO-DATE
> Task :mmo-progression:compileJava UP-TO-DATE
> Task :mmo-persistence:compileJava UP-TO-DATE
> Task :mmo-scenes:compileJava UP-TO-DATE
> Task :mmo-social:compileJava UP-TO-DATE
> Task :mmo-worldloop:compileJava UP-TO-DATE
> Task :mmo-integrations:integration-mythicmobs:compileJava UP-TO-DATE
> Task :mmo-integrations:integration-oraxen:compileJava UP-TO-DATE
> Task :mmo-integrations:integration-packetevents:compileJava UP-TO-DATE
> Task :mmo-integrations:integration-wallet:compileJava UP-TO-DATE
> Task :mmo-integrations:integration-worldguard:compileJava UP-TO-DATE
> Task :mmo-bootstrap:compileJava UP-TO-DATE
> Task :mmo-bootstrap:processResources UP-TO-DATE
> Task :mmo-bootstrap:classes UP-TO-DATE
> Task :mmo-combat:processResources NO-SOURCE
> Task :mmo-combat:classes UP-TO-DATE
> Task :mmo-combat:jar UP-TO-DATE
> Task :mmo-content:processResources NO-SOURCE
> Task :mmo-content:classes UP-TO-DATE
> Task :mmo-content:jar UP-TO-DATE
> Task :mmo-integrations:processResources NO-SOURCE
> Task :mmo-integrations:classes UP-TO-DATE
> Task :mmo-integrations:jar UP-TO-DATE
> Task :mmo-items:processResources NO-SOURCE
> Task :mmo-items:classes UP-TO-DATE
> Task :mmo-items:jar UP-TO-DATE
> Task :mmo-lifeskills:processResources NO-SOURCE
> Task :mmo-lifeskills:classes UP-TO-DATE
> Task :mmo-lifeskills:jar UP-TO-DATE
> Task :mmo-magic:processResources NO-SOURCE
> Task :mmo-magic:classes UP-TO-DATE
> Task :mmo-magic:jar UP-TO-DATE
> Task :mmo-persistence:processResources UP-TO-DATE
> Task :mmo-persistence:classes UP-TO-DATE
> Task :mmo-persistence:jar UP-TO-DATE
> Task :mmo-progression:processResources NO-SOURCE
> Task :mmo-progression:classes UP-TO-DATE
> Task :mmo-progression:jar UP-TO-DATE
> Task :mmo-scenes:processResources NO-SOURCE
> Task :mmo-scenes:classes UP-TO-DATE
> Task :mmo-scenes:jar UP-TO-DATE
> Task :mmo-social:processResources NO-SOURCE
> Task :mmo-social:classes UP-TO-DATE
> Task :mmo-social:jar UP-TO-DATE
> Task :mmo-worldloop:processResources NO-SOURCE
> Task :mmo-worldloop:classes UP-TO-DATE
> Task :mmo-worldloop:jar UP-TO-DATE
> Task :mmo-integrations:integration-mythicmobs:processResources NO-SOURCE
> Task :mmo-integrations:integration-mythicmobs:classes UP-TO-DATE
> Task :mmo-integrations:integration-mythicmobs:jar UP-TO-DATE
> Task :mmo-integrations:integration-oraxen:processResources NO-SOURCE
> Task :mmo-integrations:integration-oraxen:classes UP-TO-DATE
> Task :mmo-integrations:integration-oraxen:jar UP-TO-DATE
> Task :mmo-integrations:integration-packetevents:processResources NO-SOURCE
> Task :mmo-integrations:integration-packetevents:classes UP-TO-DATE
> Task :mmo-integrations:integration-packetevents:jar UP-TO-DATE
> Task :mmo-integrations:integration-wallet:processResources NO-SOURCE
> Task :mmo-integrations:integration-wallet:classes UP-TO-DATE
> Task :mmo-integrations:integration-wallet:jar UP-TO-DATE
> Task :mmo-integrations:integration-worldguard:processResources NO-SOURCE
> Task :mmo-integrations:integration-worldguard:classes UP-TO-DATE
> Task :mmo-integrations:integration-worldguard:jar UP-TO-DATE
> Task :mmo-bootstrap:shadowJar UP-TO-DATE

> Task :mmo-bootstrap:runServer
Located Paper 26.2 build 112 in local cache.
Starting Paper...

Downloading mojang_26.2.jar
Applying patches
Starting org.bukkit.craftbukkit.Main
2026-08-18T19:58:00.287493800Z ServerMain WARN Advanced terminal features are not available in this environment
[02:58:01 INFO]: [bootstrap] Running Java 25 (OpenJDK 64-Bit Server VM 25.0.3+9-LTS; Eclipse Adoptium Temurin-25.0.3+9) on Windows 11 10.0 (amd64)
[02:58:01 INFO]: [bootstrap] Loading Paper 26.2-112-main@c9e894d (2026-08-11T05:18:39Z) for Minecraft 26.2
[02:58:01 INFO]: [PluginInitializerManager] Initializing plugins...
[02:58:02 INFO]: [PluginInitializerManager] Initialized 1 plugin
[02:58:02 INFO]: [PluginInitializerManager] Bukkit plugins (1):
 - BranzMMO (1.0.0-SNAPSHOT)
WARNING: A terminally deprecated method in sun.misc.Unsafe has been called
WARNING: sun.misc.Unsafe::objectFieldOffset has been called by org.joml.MemUtil$MemUtilUnsafe (file:/C:/Users/User/AppData/Local/BranzMMORPGHarness/repo/mmo-bootstrap/run/libraries/org/joml/joml/1.10.8/joml-1.10.8.jar)
WARNING: Please consider reporting this to the maintainers of class org.joml.MemUtil$MemUtilUnsafe
WARNING: sun.misc.Unsafe::objectFieldOffset will be removed in a future release
[02:58:09 INFO]: [ca.spottedleaf.dataconverter.minecraft.datatypes.MCTypeRegistry] Initialising converters for DataConverter...
[02:58:10 INFO]: Environment: Environment[sessionHost=https://sessionserver.mojang.com, servicesHost=https://api.minecraftservices.com, profilesHost=https://api.mojang.com, name=PROD]
[02:58:10 INFO]: [ca.spottedleaf.dataconverter.minecraft.datatypes.MCTypeRegistry] Finished initialising converters for DataConverter in 927.2ms
[02:58:10 INFO]: Found new data pack paper, loading it automatically
[02:58:11 INFO]: No existing world data, creating new world
[02:58:13 INFO]: Loaded 1585 recipes
[02:58:13 INFO]: Loaded 1688 advancements
[02:58:13 INFO]: Starting minecraft server version 26.2
[02:58:13 INFO]: Loading properties
[02:58:13 INFO]: This server is running Paper version 26.2-112-main@c9e894d (2026-08-11T05:18:39Z) (Implementing API version 26.2.build.112-stable)
[02:58:14 INFO]: [spark] This server bundles the spark profiler. For more information please visit https://docs.papermc.io/paper/profiling
[02:58:14 INFO]: Using 4 threads for Netty based IO
[02:58:14 INFO]: Server Ping Player Sample Count: 12
[02:58:15 INFO]: [MoonriseCommon] Paper is using 3 worker threads, 1 I/O threads
[02:58:15 INFO]: Default game type: SURVIVAL
[02:58:15 INFO]: Generating keypair
[02:58:15 INFO]: Starting Minecraft server on *:25565
[02:58:15 INFO]: Paper: Using Java compression from Velocity.
[02:58:15 INFO]: Paper: Using Java cipher from Velocity.
[02:58:15 INFO]: [BranzMMO] Loading server plugin BranzMMO v1.0.0-SNAPSHOT
[02:58:15 INFO]: [BranzMMO] Enabling BranzMMO v1.0.0-SNAPSHOT
[02:58:15 INFO]: [BranzMMO] Loading and validating content snapshot from C:\Users\User\AppData\Local\BranzMMORPGHarness\repo\example-content\milestone-1
[02:58:15 WARN]: **** SERVER IS RUNNING IN OFFLINE/INSECURE MODE!
[02:58:15 WARN]: The server will make no attempt to authenticate usernames. Beware.
[02:58:15 WARN]: While this makes the game possible to play without internet access, it also opens up the ability for hackers to connect with any username they choose.
[02:58:15 WARN]: To change this, set "online-mode" to "true" in the server.properties file.
[02:58:15 INFO]: Preparing level "world"
[02:58:16 INFO]: Selecting spawn point for level 'minecraft:overworld'...
[02:58:20 INFO]: Selecting spawn point for level 'minecraft:the_nether'...
[02:58:21 INFO]: Selecting spawn point for level 'minecraft:the_end'...
[02:58:21 INFO]: Loading 0 persistent chunks for level 'minecraft:overworld'...
[02:58:21 INFO]: Preparing spawn area: 100%
[02:58:21 INFO]: Prepared spawn area in 4809 ms
[02:58:21 INFO]: Loading 0 persistent chunks for level 'minecraft:the_nether'...
[02:58:21 INFO]: Preparing spawn area: 100%
[02:58:21 INFO]: Prepared spawn area in 1284 ms
[02:58:21 INFO]: Loading 0 persistent chunks for level 'minecraft:the_end'...
[02:58:21 INFO]: Preparing spawn area: 100%
[02:58:21 INFO]: Prepared spawn area in 376 ms
[02:58:21 INFO]: Done preparing level "world" (5.585s)
[02:58:21 INFO]: [spark] Starting background profiler...
[02:58:22 INFO]: [spark] The async-profiler engine is not supported for your os/arch (windows11/amd64), so the built-in Java engine will be used instead.
[02:58:22 INFO]: Saving chunks for level 'ServerLevel[world]'/minecraft:overworld
[02:58:22 INFO]: Saving chunks for level 'ServerLevel[world]'/minecraft:the_nether
[02:58:22 INFO]: Saving chunks for level 'ServerLevel[world]'/minecraft:the_end
[02:58:22 INFO]: ThreadedAnvilChunkStorage (world): All chunks are saved
[02:58:22 INFO]: ThreadedAnvilChunkStorage (DIM-1): All chunks are saved
[02:58:22 INFO]: ThreadedAnvilChunkStorage (DIM1): All chunks are saved
[02:58:22 INFO]: ThreadedAnvilChunkStorage: All dimensions are saved
[02:58:22 INFO]: Running delayed init tasks
[02:58:22 INFO]: Done (24.342s)! For help, type "help"
[02:58:22 INFO]: *************************************************************************************
[02:58:22 INFO]: This is the first time you're starting this server.
[02:58:22 INFO]: It's recommended you read our 'Getting Started' documentation for guidance.
[02:58:22 INFO]: View this and more helpful information here: https://docs.papermc.io/paper/next-steps
[02:58:22 INFO]: *************************************************************************************
[02:58:22 INFO]: [io.zonky.test.db.postgres.embedded.EmbeddedPostgres] Detected a Windows x86_64 system
[02:58:22 INFO]: [io.zonky.test.db.postgres.embedded.DefaultPostgresBinaryResolver] Detected distribution: 'Unknown'
[02:58:22 INFO]: [io.zonky.test.db.postgres.embedded.DefaultPostgresBinaryResolver] System specific postgres binaries found: 'postgres-windows-x86_64.txz'
[02:58:24 INFO]: [io.zonky.test.db.postgres.embedded.EmbeddedPostgres] Postgres binaries at C:\Users\User\AppData\Local\Temp\embedded-pg\PG-3942d5a1dcdbfebc27772e9e670d5d85
[02:58:25 INFO]: [io.zonky.test.db.postgres.embedded.EmbeddedPostgres] The files belonging to this database system will be owned by user "User".
[02:58:25 INFO]: [io.zonky.test.db.postgres.embedded.EmbeddedPostgres] This user must also own the server process.
[02:58:25 INFO]: [io.zonky.test.db.postgres.embedded.EmbeddedPostgres] 
[02:58:25 INFO]: [io.zonky.test.db.postgres.embedded.EmbeddedPostgres] The database cluster will be initialized with locale "English_United States.874".
[02:58:25 INFO]: [io.zonky.test.db.postgres.embedded.EmbeddedPostgres] The default text search configuration will be set to "english".
[02:58:25 INFO]: [io.zonky.test.db.postgres.embedded.EmbeddedPostgres] 
[02:58:25 INFO]: [io.zonky.test.db.postgres.embedded.EmbeddedPostgres] Data page checksums are disabled.
[02:58:25 INFO]: [io.zonky.test.db.postgres.embedded.EmbeddedPostgres] 
[02:58:25 INFO]: [io.zonky.test.db.postgres.embedded.EmbeddedPostgres] fixing permissions on existing directory C:/Users/User/AppData/Local/BranzMMORPGHarness/repo/mmo-bootstrap/run/plugins/BranzMMO/embedded-postgres ... ok
[02:58:25 INFO]: [io.zonky.test.db.postgres.embedded.EmbeddedPostgres] creating subdirectories ... ok
[02:58:25 INFO]: [io.zonky.test.db.postgres.embedded.EmbeddedPostgres] selecting dynamic shared memory implementation ... windows
[02:58:25 INFO]: [io.zonky.test.db.postgres.embedded.EmbeddedPostgres] selecting default max_connections ... 100
[02:58:25 INFO]: [io.zonky.test.db.postgres.embedded.EmbeddedPostgres] selecting default shared_buffers ... 128MB
[02:58:25 INFO]: [io.zonky.test.db.postgres.embedded.EmbeddedPostgres] selecting default time zone ... Asia/Bangkok
[02:58:26 INFO]: [io.zonky.test.db.postgres.embedded.EmbeddedPostgres] creating configuration files ... ok
[02:58:29 INFO]: [io.zonky.test.db.postgres.embedded.EmbeddedPostgres] running bootstrap script ... ok
[02:58:45 INFO]: [io.zonky.test.db.postgres.embedded.EmbeddedPostgres] performing post-bootstrap initialization ... ok
[02:58:50 INFO]: [io.zonky.test.db.postgres.embedded.EmbeddedPostgres] syncing data to disk ... ok
[02:58:50 INFO]: [io.zonky.test.db.postgres.embedded.EmbeddedPostgres] 
[02:58:50 INFO]: [io.zonky.test.db.postgres.embedded.EmbeddedPostgres] Success. You can now start the database server using:
[02:58:50 INFO]: [io.zonky.test.db.postgres.embedded.EmbeddedPostgres] 
[02:58:50 INFO]: [io.zonky.test.db.postgres.embedded.EmbeddedPostgres]     ^"C^:^\Users^\User^\AppData^\Local^\Temp^\embedded^-pg^\PG^-3942d5a1dcdbfebc27772e9e670d5d85^\bin^\pg^_ctl^" -D ^"C^:^\Users^\User^\AppData^\Local^\BranzMMORPGHarness^\repo^\mmo^-bootstrap^\run^\plugins^\BranzMMO^\embedded^-postgres^" -l logfile start
[02:58:50 INFO]: [io.zonky.test.db.postgres.embedded.EmbeddedPostgres] 
[02:58:51 INFO]: [io.zonky.test.db.postgres.embedded.EmbeddedPostgres] e7bded6e-3c4a-49f7-858e-8f4029bac958 initdb completed in 00:00:26.174
[02:58:51 INFO]: [io.zonky.test.db.postgres.embedded.EmbeddedPostgres] e7bded6e-3c4a-49f7-858e-8f4029bac958 postmaster started as Process[pid=28488, exitValue="not exited"] on port 58170.  Waiting up to PT10S for server startup to finish.
[02:58:52 INFO]: [io.zonky.test.db.postgres.embedded.EmbeddedPostgres] waiting for server to start....2026-08-19 02:58:52.728 +07 [31228] LOG:  starting PostgreSQL 14.22, compiled by Visual C++ build 1944, 64-bit
[02:58:52 INFO]: [io.zonky.test.db.postgres.embedded.EmbeddedPostgres] 2026-08-19 02:58:52.742 +07 [31228] LOG:  listening on IPv6 address "::1", port 58170
[02:58:52 INFO]: [io.zonky.test.db.postgres.embedded.EmbeddedPostgres] 2026-08-19 02:58:52.743 +07 [31228] LOG:  listening on IPv4 address "127.0.0.1", port 58170
[02:58:53 INFO]: [io.zonky.test.db.postgres.embedded.EmbeddedPostgres] .2026-08-19 02:58:53.284 +07 [15024] LOG:  database system was shut down at 2026-08-19 02:58:45 +07
[02:58:53 INFO]: [io.zonky.test.db.postgres.embedded.EmbeddedPostgres] 2026-08-19 02:58:53.622 +07 [31228] LOG:  database system is ready to accept connections
[02:58:53 INFO]: [io.zonky.test.db.postgres.embedded.EmbeddedPostgres]  done
[02:58:53 INFO]: [io.zonky.test.db.postgres.embedded.EmbeddedPostgres] server started
[02:58:56 INFO]: [io.zonky.test.db.postgres.embedded.EmbeddedPostgres] e7bded6e-3c4a-49f7-858e-8f4029bac958 postmaster startup finished in 00:00:04.770
[02:59:01 INFO]: [BranzMMO] Milestone 3 runtime ready; item definitions=20, move definitions=6, spell definitions=5, technique definitions=5, form definitions=4, ailment definitions=6, encounter reward definitions=1, Scene presentation=WORLD_BACKED
[02:59:01 INFO]: [BranzMMO] Provider asset.oraxen=UNAVAILABLE [OPTIONAL]: plugin is not installed: Oraxen
[02:59:01 INFO]: [BranzMMO] Provider mob.mythicmobs=UNAVAILABLE [OPTIONAL]: plugin is not installed: MythicMobs
[02:59:01 INFO]: [BranzMMO] Provider packet.packetevents=UNAVAILABLE [OPTIONAL]: plugin is not installed: packetevents
[02:59:01 INFO]: [BranzMMO] Provider region.worldguard=UNAVAILABLE [OPTIONAL]: plugin is not installed: WorldGuard
[02:59:01 INFO]: [BranzMMO] Provider wallet.external=UNAVAILABLE [OPTIONAL]: plugin is not installed: Wallet
[02:59:01 WARN]: [BranzMMO] asset.oraxen [OPTIONAL]: plugin is not installed: Oraxen
[02:59:01 WARN]: [BranzMMO] mob.mythicmobs [OPTIONAL]: plugin is not installed: MythicMobs
[02:59:01 WARN]: [BranzMMO] packet.packetevents [OPTIONAL]: plugin is not installed: packetevents
[02:59:01 WARN]: [BranzMMO] region.worldguard [OPTIONAL]: plugin is not installed: WorldGuard
[02:59:01 WARN]: [BranzMMO] wallet.external [OPTIONAL]: plugin is not installed: Wallet
[02:59:01 INFO]: [BranzMMO] Branz MMO startup DEGRADED; content=v1.milestone-1.example.4, definitions=48
[02:59:01 INFO]: [BranzMMO] PostgreSQL runtime ready; mode=EMBEDDED_LOCAL, server-instance=local-c83a8c87-f328-47e0-9033-d35f7e84d698
[02:59:01 INFO]: [BranzMMO] Recovered 0 boss encounter(s) from V0009.
[02:59:01 INFO]: [BranzMMO] Death Pouch reconciliation is ready.
[02:59:01 INFO]: [BranzMMO] Recovered 0 downed encounter(s) from V0010.
[03:00:05 INFO]: UUID of player Player0 is 2654e3c3-150d-3857-a426-0b141796a4e0
[03:00:24 INFO]: Player0 joined the game
[03:00:24 INFO]: Player0[/127.0.0.1:55494] logged in with entity id 21 at ([minecraft:overworld]-6.5, 68.0, 8.5)
[03:00:25 INFO]: Made Player0 a server operator
[03:00:25 INFO]: Set 7 experience levels on Player0
[03:00:38 INFO]: Player0 issued server command: /item replace entity @s hotbar.0 with minecraft:stone
[03:00:38 INFO]: [Player0: Replaced a slot on Player0 with [Stone]]
[03:00:39 INFO]: Player0 issued server command: /item replace entity @s hotbar.1 with minecraft:stone
[03:00:39 INFO]: [Player0: Replaced a slot on Player0 with [Stone]]
[03:00:40 INFO]: Player0 issued server command: /item replace entity @s hotbar.2 with minecraft:stone
[03:00:40 INFO]: [Player0: Replaced a slot on Player0 with [Stone]]
[03:00:40 INFO]: Player0 issued server command: /item replace entity @s hotbar.3 with minecraft:stone
[03:00:40 INFO]: [Player0: Replaced a slot on Player0 with [Stone]]
[03:00:40 INFO]: Player0 issued server command: /item replace entity @s hotbar.4 with minecraft:stone
[03:00:40 INFO]: [Player0: Replaced a slot on Player0 with [Stone]]
[03:00:41 INFO]: Player0 issued server command: /item replace entity @s hotbar.5 with minecraft:stone
[03:00:41 INFO]: [Player0: Replaced a slot on Player0 with [Stone]]
[03:00:41 INFO]: Player0 issued server command: /item replace entity @s hotbar.6 with minecraft:stone
[03:00:41 INFO]: [Player0: Replaced a slot on Player0 with [Stone]]
[03:00:42 INFO]: Player0 issued server command: /item replace entity @s hotbar.7 with minecraft:stone
[03:00:42 INFO]: [Player0: Replaced a slot on Player0 with [Stone]]
[03:00:42 INFO]: Player0 issued server command: /mmo dev
[03:00:43 INFO]: [BranzMMO] PHYSICAL_AUTHORITY_INVENTORY_CLICK_SERVER player=Player0 action=PICKUP_ALL slot=12 currentProjection=false cursorProjection=false
[03:00:43 INFO]: [BranzMMO] PHYSICAL_AUTHORITY_INVENTORY_CLICK_SERVER player=Player0 action=MOVE_TO_OTHER_INVENTORY slot=19 currentProjection=false cursorProjection=false
[03:00:45 INFO]: Player0 issued server command: /mmo physical status
[03:00:45 INFO]: Player0 issued server command: /mmo physical status
[03:00:47 INFO]: Player0 issued server command: /mmo physical status
[03:00:47 INFO]: Player0 issued server command: /mmo physical status
[03:00:49 INFO]: Player0 issued server command: /mmo dev
[03:00:50 INFO]: [BranzMMO] PHYSICAL_AUTHORITY_INVENTORY_CLICK_SERVER player=Player0 action=PICKUP_ALL slot=12 currentProjection=false cursorProjection=false
[03:00:50 INFO]: [BranzMMO] PHYSICAL_AUTHORITY_INVENTORY_CLICK_SERVER player=Player0 action=MOVE_TO_OTHER_INVENTORY slot=19 currentProjection=false cursorProjection=false
[03:00:52 INFO]: Player0 issued server command: /mmo physical status
[03:00:55 INFO]: Player0 issued server command: /mmo physical status
[03:00:56 INFO]: Player0 issued server command: /mmo physical status
[03:00:57 INFO]: Player0 issued server command: /mmo physical status
[03:00:58 INFO]: Player0 issued server command: /mmo physical status
[03:00:59 INFO]: Player0 issued server command: /mmo physical status
[03:01:01 INFO]: Player0 issued server command: /item replace entity @s hotbar.7 with minecraft:air
[03:01:02 INFO]: [Player0: Replaced a slot on Player0 with [Air]]
[03:01:03 INFO]: [BranzMMO] PHYSICAL_AUTHORITY_INVENTORY_CLICK_SERVER player=Player0 action=PICKUP_HALF slot=9 currentProjection=true cursorProjection=false
[03:01:03 ERROR]: [BranzMMO] PHYSICAL_AUTHORITY_INVENTORY_PLAN_FAILED_SERVER player=Player0 code=PROJECTION_MOVE_DUPLICATE detail=Cursor projection duplicates an MMO value still present in storage.
[03:01:03 INFO]: [BranzMMO] PHYSICAL_AUTHORITY_INVENTORY_ABORT_SERVER player=2654e3c3-150d-3857-a426-0b141796a4e0 detail=PROJECTION_MOVE_DUPLICATE: Cursor projection duplicates an MMO value still present in storage.
[03:01:04 INFO]: Player0 issued server command: /mmo physical status
[03:01:05 INFO]: [BranzMMO] PHYSICAL_AUTHORITY_INVENTORY_CLICK_SERVER player=Player0 action=PICKUP_ALL slot=9 currentProjection=true cursorProjection=false
[03:01:05 INFO]: [BranzMMO] PHYSICAL_AUTHORITY_INVENTORY_CLICK_SERVER player=Player0 action=SWAP_WITH_CURSOR slot=10 currentProjection=true cursorProjection=true
[03:01:05 ERROR]: [BranzMMO] PHYSICAL_AUTHORITY_INVENTORY_PLAN_FAILED_SERVER player=Player0 code=PROJECTION_MOVE_STACKABLE_UNSUPPORTED detail=Stackable lot swap, merge or mixed cursor permutation is unsupported.
[03:01:05 INFO]: [BranzMMO] PHYSICAL_AUTHORITY_INVENTORY_ABORT_SERVER player=2654e3c3-150d-3857-a426-0b141796a4e0 detail=PROJECTION_MOVE_STACKABLE_UNSUPPORTED: Stackable lot swap, merge or mixed cursor permutation is unsupported.
[03:01:05 INFO]: Player0 issued server command: /mmo physical status
[03:01:07 INFO]: [BranzMMO] PHYSICAL_AUTHORITY_INVENTORY_CLICK_SERVER player=Player0 action=PICKUP_ALL slot=9 currentProjection=true cursorProjection=false
[03:01:07 INFO]: [BranzMMO] PHYSICAL_AUTHORITY_INVENTORY_CLICK_SERVER player=Player0 action=PLACE_ALL slot=7 currentProjection=false cursorProjection=true
[03:01:07 INFO]: [BranzMMO] PHYSICAL_AUTHORITY_INVENTORY_PLAN_SERVER player=Player0 disposition=READY_TO_COMMIT intent=STACKABLE_LOT:9->7:f8d09545-ddf8-4eaf-a46d-e5d9f8381e57
[03:01:07 INFO]: [BranzMMO] PHYSICAL_AUTHORITY_INVENTORY_COMMIT_BEGIN_SERVER player=Player0 type=STACKABLE_LOT source=9 destination=7 value=f8d09545-ddf8-4eaf-a46d-e5d9f8381e57
[03:01:08 INFO]: Player0 issued server command: /mmo physical status
[03:01:09 INFO]: Player0 issued server command: /mmo physical status
[03:01:09 INFO]: [BranzMMO] PHYSICAL_AUTHORITY_INVENTORY_COMMIT_SUCCESS_SERVER player=Player0 type=STACKABLE_LOT source=9 destination=7 value=f8d09545-ddf8-4eaf-a46d-e5d9f8381e57
[03:01:10 INFO]: Player0 issued server command: /mmo physical status
[03:01:10 INFO]: Player0 issued server command: /mmo physical status
[03:01:11 INFO]: Player0 issued server command: /mmo physical status
[03:01:13 INFO]: Player0 lost connection: Disconnected
[03:01:14 INFO]: Player0 left the game
[03:01:14 INFO]: Stopping the server
[03:01:14 INFO]: Stopping server
[03:01:14 INFO]: [BranzMMO] Disabling BranzMMO v1.0.0-SNAPSHOT
[03:01:14 INFO]: [io.zonky.test.db.postgres.embedded.EmbeddedPostgres] 2026-08-19 03:01:14.370 +07 [31228] LOG:  received fast shutdown request
[03:01:14 INFO]: [io.zonky.test.db.postgres.embedded.EmbeddedPostgres] 2026-08-19 03:01:14.372 +07 [31228] LOG:  aborting any active transactions
[03:01:14 INFO]: [io.zonky.test.db.postgres.embedded.EmbeddedPostgres] 2026-08-19 03:01:14.386 +07 [31228] LOG:  background worker "logical replication launcher" (PID 27780) exited with exit code 1
[03:01:14 INFO]: [io.zonky.test.db.postgres.embedded.EmbeddedPostgres] 2026-08-19 03:01:14.394 +07 [22304] LOG:  shutting down
[03:01:14 ERROR]: [ca.spottedleaf.moonrise.common.util.TickThread] Thread failed main thread check: Accessing poi chunk off-main, context=thread=Paper Common Worker #2, world=minecraft:overworld, chunk_pos=[7, -10]
java.lang.Throwable
	at ca.spottedleaf.moonrise.common.util.TickThread.ensureTickThread(TickThread.java:64) ~[paper-26.2.jar:26.2-112-c9e894d]
	at net.minecraft.world.entity.ai.village.poi.PoiManager.getOrLoad(PoiManager.java:89) ~[paper-26.2.jar:26.2-112-c9e894d]
	at net.minecraft.world.entity.ai.village.poi.PoiManager.exists(PoiManager.java:410) ~[paper-26.2.jar:26.2-112-c9e894d]
	at net.minecraft.server.level.ServerLevel.lambda$updatePOIOnBlockStateChange$3(ServerLevel.java:2400) ~[paper-26.2.jar:26.2-112-c9e894d]
	at net.minecraft.server.TickTask.run(TickTask.java:18) ~[paper-26.2.jar:26.2-112-c9e894d]
	at net.minecraft.util.thread.BlockableEventLoop.doRunTask(BlockableEventLoop.java:207) ~[paper-26.2.jar:26.2-112-c9e894d]
	at net.minecraft.util.thread.ReentrantBlockableEventLoop.doRunTask(ReentrantBlockableEventLoop.java:24) ~[paper-26.2.jar:26.2-112-c9e894d]
	at net.minecraft.server.MinecraftServer.doRunTask(MinecraftServer.java:1534) ~[paper-26.2.jar:26.2-112-c9e894d]
	at net.minecraft.server.MinecraftServer.doRunTask(MinecraftServer.java:192) ~[paper-26.2.jar:26.2-112-c9e894d]
	at net.minecraft.util.thread.BlockableEventLoop.execute(BlockableEventLoop.java:150) ~[paper-26.2.jar:26.2-112-c9e894d]
	at net.minecraft.server.level.ServerLevel.lambda$updatePOIOnBlockStateChange$2(ServerLevel.java:2398) ~[paper-26.2.jar:26.2-112-c9e894d]
	at java.base/java.util.Optional.ifPresent(Optional.java:178) ~[?:?]
	at net.minecraft.server.level.ServerLevel.updatePOIOnBlockStateChange(ServerLevel.java:2398) ~[paper-26.2.jar:26.2-112-c9e894d]
	at net.minecraft.server.level.WorldGenRegion.setBlock(WorldGenRegion.java:366) ~[paper-26.2.jar:26.2-112-c9e894d]
	at net.minecraft.world.level.LevelWriter.setBlock(LevelWriter.java:13) ~[paper-26.2.jar:26.2-112-c9e894d]
	at net.minecraft.world.level.levelgen.structure.templatesystem.StructureTemplate.placeInWorld(StructureTemplate.java:322) ~[paper-26.2.jar:26.2-112-c9e894d]
	at net.minecraft.world.level.levelgen.structure.pools.SinglePoolElement.place(SinglePoolElement.java:152) ~[paper-26.2.jar:26.2-112-c9e894d]
	at net.minecraft.world.level.levelgen.structure.PoolElementStructurePiece.place(PoolElementStructurePiece.java:113) ~[paper-26.2.jar:26.2-112-c9e894d]
	at net.minecraft.world.level.levelgen.structure.PoolElementStructurePiece.postProcess(PoolElementStructurePiece.java:100) ~[paper-26.2.jar:26.2-112-c9e894d]
	at net.minecraft.world.level.levelgen.structure.StructureStart.placeInChunk(StructureStart.java:111) ~[paper-26.2.jar:26.2-112-c9e894d]
	at net.minecraft.world.level.chunk.ChunkGenerator.lambda$addVanillaDecorations$3(ChunkGenerator.java:379) ~[paper-26.2.jar:26.2-112-c9e894d]
	at com.google.common.collect.ImmutableList.forEach(ImmutableList.java:421) ~[guava-33.6.0-jre.jar:?]
	at net.minecraft.world.level.chunk.ChunkGenerator.addVanillaDecorations(ChunkGenerator.java:379) ~[paper-26.2.jar:26.2-112-c9e894d]
	at net.minecraft.world.level.chunk.ChunkGenerator.applyBiomeDecoration(ChunkGenerator.java:459) ~[paper-26.2.jar:26.2-112-c9e894d]
	at net.minecraft.world.level.chunk.ChunkGenerator.applyBiomeDecoration(ChunkGenerator.java:452) ~[paper-26.2.jar:26.2-112-c9e894d]
	at net.minecraft.world.level.chunk.status.ChunkStatusTasks.generateFeatures(ChunkStatusTasks.java:147) ~[paper-26.2.jar:26.2-112-c9e894d]
	at net.minecraft.world.level.chunk.status.ChunkStep.apply(ChunkStep.java:65) ~[paper-26.2.jar:26.2-112-c9e894d]
	at ca.spottedleaf.moonrise.patches.chunk_system.scheduling.task.ChunkUpgradeGenericStatusTask.run(ChunkUpgradeGenericStatusTask.java:97) ~[paper-26.2.jar:26.2-112-c9e894d]
	at ca.spottedleaf.concurrentutil.executor.queue.AreaDependentQueue$QueuedTask.run(AreaDependentQueue.java:1154) ~[leafpile-1.0.0.jar:?]
	at ca.spottedleaf.concurrentutil.executor.thread.BalancedPrioritisedThreadPool$OrderedStreamGroup$Queue.lambda$createTask$0(BalancedPrioritisedThreadPool.java:467) ~[leafpile-1.0.0.jar:?]
	at ca.spottedleaf.concurrentutil.executor.queue.PrioritisedTaskQueue$PrioritisedQueuedTask.execute(PrioritisedTaskQueue.java:345) ~[leafpile-1.0.0.jar:?]
	at ca.spottedleaf.concurrentutil.executor.thread.BalancedPrioritisedThreadPool$OrderedStreamGroup.executeTask(BalancedPrioritisedThreadPool.java:344) ~[leafpile-1.0.0.jar:?]
	at ca.spottedleaf.concurrentutil.executor.thread.BalancedPrioritisedThreadPool$WorkerThread.pollTasks(BalancedPrioritisedThreadPool.java:630) ~[leafpile-1.0.0.jar:?]
	at ca.spottedleaf.concurrentutil.executor.QueueExecutorRunnable.mainLoop(QueueExecutorRunnable.java:50) ~[leafpile-1.0.0.jar:?]
	at ca.spottedleaf.concurrentutil.executor.QueueExecutorRunnable.doRun(QueueExecutorRunnable.java:115) ~[leafpile-1.0.0.jar:?]
	at ca.spottedleaf.concurrentutil.executor.QueueExecutorRunnable.run(QueueExecutorRunnable.java:42) ~[leafpile-1.0.0.jar:?]
	at ca.spottedleaf.concurrentutil.util.LazyRunnable.run(LazyRunnable.java:25) ~[leafpile-1.0.0.jar:?]
	at java.base/java.lang.Thread.run(Thread.java:1474) ~[?:?]
[03:01:14 ERROR]: Error executing task on Server
java.lang.IllegalStateException: Thread failed main thread check: Accessing poi chunk off-main, context=thread=Paper Common Worker #2, world=minecraft:overworld, chunk_pos=[7, -10]
	at ca.spottedleaf.moonrise.common.util.TickThread.ensureTickThread(TickThread.java:65) ~[paper-26.2.jar:26.2-112-c9e894d]
	at net.minecraft.world.entity.ai.village.poi.PoiManager.getOrLoad(PoiManager.java:89) ~[paper-26.2.jar:26.2-112-c9e894d]
	at net.minecraft.world.entity.ai.village.poi.PoiManager.exists(PoiManager.java:410) ~[paper-26.2.jar:26.2-112-c9e894d]
	at net.minecraft.server.level.ServerLevel.lambda$updatePOIOnBlockStateChange$3(ServerLevel.java:2400) ~[paper-26.2.jar:26.2-112-c9e894d]
	at net.minecraft.server.TickTask.run(TickTask.java:18) ~[paper-26.2.jar:26.2-112-c9e894d]
	at net.minecraft.util.thread.BlockableEventLoop.doRunTask(BlockableEventLoop.java:207) ~[paper-26.2.jar:26.2-112-c9e894d]
	at net.minecraft.util.thread.ReentrantBlockableEventLoop.doRunTask(ReentrantBlockableEventLoop.java:24) ~[paper-26.2.jar:26.2-112-c9e894d]
	at net.minecraft.server.MinecraftServer.doRunTask(MinecraftServer.java:1534) ~[paper-26.2.jar:26.2-112-c9e894d]
	at net.minecraft.server.MinecraftServer.doRunTask(MinecraftServer.java:192) ~[paper-26.2.jar:26.2-112-c9e894d]
	at net.minecraft.util.thread.BlockableEventLoop.execute(BlockableEventLoop.java:150) ~[paper-26.2.jar:26.2-112-c9e894d]
	at net.minecraft.server.level.ServerLevel.lambda$updatePOIOnBlockStateChange$2(ServerLevel.java:2398) ~[paper-26.2.jar:26.2-112-c9e894d]
	at java.base/java.util.Optional.ifPresent(Optional.java:178) ~[?:?]
	at net.minecraft.server.level.ServerLevel.updatePOIOnBlockStateChange(ServerLevel.java:2398) ~[paper-26.2.jar:26.2-112-c9e894d]
	at net.minecraft.server.level.WorldGenRegion.setBlock(WorldGenRegion.java:366) ~[paper-26.2.jar:26.2-112-c9e894d]
	at net.minecraft.world.level.LevelWriter.setBlock(LevelWriter.java:13) ~[paper-26.2.jar:26.2-112-c9e894d]
	at net.minecraft.world.level.levelgen.structure.templatesystem.StructureTemplate.placeInWorld(StructureTemplate.java:322) ~[paper-26.2.jar:26.2-112-c9e894d]
	at net.minecraft.world.level.levelgen.structure.pools.SinglePoolElement.place(SinglePoolElement.java:152) ~[paper-26.2.jar:26.2-112-c9e894d]
	at net.minecraft.world.level.levelgen.structure.PoolElementStructurePiece.place(PoolElementStructurePiece.java:113) ~[paper-26.2.jar:26.2-112-c9e894d]
	at net.minecraft.world.level.levelgen.structure.PoolElementStructurePiece.postProcess(PoolElementStructurePiece.java:100) ~[paper-26.2.jar:26.2-112-c9e894d]
	at net.minecraft.world.level.levelgen.structure.StructureStart.placeInChunk(StructureStart.java:111) ~[paper-26.2.jar:26.2-112-c9e894d]
	at net.minecraft.world.level.chunk.ChunkGenerator.lambda$addVanillaDecorations$3(ChunkGenerator.java:379) ~[paper-26.2.jar:26.2-112-c9e894d]
	at com.google.common.collect.ImmutableList.forEach(ImmutableList.java:421) ~[guava-33.6.0-jre.jar:?]
	at net.minecraft.world.level.chunk.ChunkGenerator.addVanillaDecorations(ChunkGenerator.java:379) ~[paper-26.2.jar:26.2-112-c9e894d]
	at net.minecraft.world.level.chunk.ChunkGenerator.applyBiomeDecoration(ChunkGenerator.java:459) ~[paper-26.2.jar:26.2-112-c9e894d]
	at net.minecraft.world.level.chunk.ChunkGenerator.applyBiomeDecoration(ChunkGenerator.java:452) ~[paper-26.2.jar:26.2-112-c9e894d]
	at net.minecraft.world.level.chunk.status.ChunkStatusTasks.generateFeatures(ChunkStatusTasks.java:147) ~[paper-26.2.jar:26.2-112-c9e894d]
	at net.minecraft.world.level.chunk.status.ChunkStep.apply(ChunkStep.java:65) ~[paper-26.2.jar:26.2-112-c9e894d]
	at ca.spottedleaf.moonrise.patches.chunk_system.scheduling.task.ChunkUpgradeGenericStatusTask.run(ChunkUpgradeGenericStatusTask.java:97) ~[paper-26.2.jar:26.2-112-c9e894d]
	at ca.spottedleaf.concurrentutil.executor.queue.AreaDependentQueue$QueuedTask.run(AreaDependentQueue.java:1154) ~[leafpile-1.0.0.jar:?]
	at ca.spottedleaf.concurrentutil.executor.thread.BalancedPrioritisedThreadPool$OrderedStreamGroup$Queue.lambda$createTask$0(BalancedPrioritisedThreadPool.java:467) ~[leafpile-1.0.0.jar:?]
	at ca.spottedleaf.concurrentutil.executor.queue.PrioritisedTaskQueue$PrioritisedQueuedTask.execute(PrioritisedTaskQueue.java:345) ~[leafpile-1.0.0.jar:?]
	at ca.spottedleaf.concurrentutil.executor.thread.BalancedPrioritisedThreadPool$OrderedStreamGroup.executeTask(BalancedPrioritisedThreadPool.java:344) ~[leafpile-1.0.0.jar:?]
	at ca.spottedleaf.concurrentutil.executor.thread.BalancedPrioritisedThreadPool$WorkerThread.pollTasks(BalancedPrioritisedThreadPool.java:630) ~[leafpile-1.0.0.jar:?]
	at ca.spottedleaf.concurrentutil.executor.QueueExecutorRunnable.mainLoop(QueueExecutorRunnable.java:50) ~[leafpile-1.0.0.jar:?]
	at ca.spottedleaf.concurrentutil.executor.QueueExecutorRunnable.doRun(QueueExecutorRunnable.java:115) ~[leafpile-1.0.0.jar:?]
	at ca.spottedleaf.concurrentutil.executor.QueueExecutorRunnable.run(QueueExecutorRunnable.java:42) ~[leafpile-1.0.0.jar:?]
	at ca.spottedleaf.concurrentutil.util.LazyRunnable.run(LazyRunnable.java:25) ~[leafpile-1.0.0.jar:?]
	at java.base/java.lang.Thread.run(Thread.java:1474) ~[?:?]
[03:01:15 INFO]: [io.zonky.test.db.postgres.embedded.EmbeddedPostgres] 2026-08-19 03:01:15.122 +07 [31228] LOG:  database system is shut down
[03:01:15 INFO]: [io.zonky.test.db.postgres.embedded.EmbeddedPostgres] waiting for server to shut down.... done
[03:01:15 INFO]: [io.zonky.test.db.postgres.embedded.EmbeddedPostgres] server stopped
[03:01:15 INFO]: [io.zonky.test.db.postgres.embedded.EmbeddedPostgres] e7bded6e-3c4a-49f7-858e-8f4029bac958 shut down postmaster in 00:00:00.890
[03:01:15 INFO]: [io.zonky.test.db.postgres.embedded.EmbeddedPostgres] Did not clean up directory C:\Users\User\AppData\Local\BranzMMORPGHarness\repo\mmo-bootstrap\run\plugins\BranzMMO\embedded-postgres
[03:01:15 INFO]: [BranzMMO] Branz MMO platform disabled cleanly.
[03:01:15 INFO]: Saving players
[03:01:15 INFO]: Saving worlds
[03:01:15 INFO]: Saving chunks for level 'ServerLevel[world]'/minecraft:overworld
[03:01:15 INFO]: [ChunkHolderManager] Waiting 60s for chunk system to halt for world 'minecraft:overworld'
[03:01:15 INFO]: [ChunkHolderManager] Halted chunk system for world 'minecraft:overworld'
[03:01:15 INFO]: [ChunkHolderManager] Saving all chunkholders for world 'minecraft:overworld'
[03:01:16 INFO]: [ChunkHolderManager] Saved 2045 block chunks, 375 entity chunks, 6 poi chunks in world 'minecraft:overworld' in 1.50s
[03:01:16 INFO]: [ChunkHolderManager] Waiting 60s for chunk I/O to halt for world 'minecraft:overworld'
[03:01:16 INFO]: [ChunkHolderManager] Halted I/O scheduler for world 'minecraft:overworld'
[03:01:16 INFO]: Saving chunks for level 'ServerLevel[world]'/minecraft:the_nether
[03:01:16 INFO]: [ChunkHolderManager] Waiting 60s for chunk system to halt for world 'minecraft:the_nether'
[03:01:16 INFO]: [ChunkHolderManager] Halted chunk system for world 'minecraft:the_nether'
[03:01:16 INFO]: [ChunkHolderManager] Saving all chunkholders for world 'minecraft:the_nether'
[03:01:16 INFO]: [ChunkHolderManager] Saved 0 block chunks, 0 entity chunks, 0 poi chunks in world 'minecraft:the_nether' in 0.06s
[03:01:16 INFO]: [ChunkHolderManager] Waiting 60s for chunk I/O to halt for world 'minecraft:the_nether'
[03:01:16 INFO]: [ChunkHolderManager] Halted I/O scheduler for world 'minecraft:the_nether'
[03:01:17 INFO]: Saving chunks for level 'ServerLevel[world]'/minecraft:the_end
[03:01:17 INFO]: [ChunkHolderManager] Waiting 60s for chunk system to halt for world 'minecraft:the_end'
[03:01:17 INFO]: [ChunkHolderManager] Halted chunk system for world 'minecraft:the_end'
[03:01:17 INFO]: [ChunkHolderManager] Saving all chunkholders for world 'minecraft:the_end'
[03:01:17 INFO]: [ChunkHolderManager] Saved 0 block chunks, 0 entity chunks, 0 poi chunks in world 'minecraft:the_end' in 0.00s
[03:01:17 INFO]: [ChunkHolderManager] Waiting 60s for chunk I/O to halt for world 'minecraft:the_end'
[03:01:17 INFO]: [ChunkHolderManager] Halted I/O scheduler for world 'minecraft:the_end'
[03:01:17 INFO]: ThreadedAnvilChunkStorage (world): All chunks are saved
[03:01:17 INFO]: ThreadedAnvilChunkStorage (DIM-1): All chunks are saved
[03:01:17 INFO]: ThreadedAnvilChunkStorage (DIM1): All chunks are saved
[03:01:17 INFO]: ThreadedAnvilChunkStorage: All dimensions are saved
[03:01:17 INFO]: Waiting for all RegionFile I/O tasks to complete...
[03:01:17 INFO]: All RegionFile I/O tasks to complete
[03:01:17 INFO]: [MoonriseCommon] Awaiting termination of worker pool for up to 60s...
[03:01:17 INFO]: [MoonriseCommon] Awaiting termination of I/O pool for up to 60s...

BUILD SUCCESSFUL in 4m 1s
39 actionable tasks: 1 executed, 38 up-to-date
Consider enabling configuration cache to speed up this build: https://docs.gradle.org/9.1.0/userguide/configuration_cache_enabling.html
