To honour the JVM settings for this build a single-use Daemon process will be forked. For more on this, please refer to https://docs.gradle.org/9.1.0/userguide/gradle_daemon.html#sec:disabling_the_daemon in the Gradle documentation.
Daemon will be stopped at the end of the build 
> Task :mmo-api:compileJava UP-TO-DATE
> Task :mmo-api:processResources NO-SOURCE
> Task :mmo-api:classes UP-TO-DATE
> Task :mmo-api:jar UP-TO-DATE
> Task :mmo-content:compileJava UP-TO-DATE
> Task :mmo-combat:compileJava UP-TO-DATE
> Task :mmo-integrations:compileJava UP-TO-DATE
> Task :mmo-items:compileJava UP-TO-DATE
> Task :mmo-lifeskills:compileJava UP-TO-DATE
> Task :mmo-magic:compileJava UP-TO-DATE
> Task :mmo-progression:compileJava UP-TO-DATE
> Task :mmo-persistence:compileJava UP-TO-DATE
> Task :mmo-scenes:compileJava UP-TO-DATE
> Task :mmo-social:compileJava UP-TO-DATE
> Task :mmo-worldloop:compileJava UP-TO-DATE
> Task :mmo-integrations:integration-mythicmobs:compileJava UP-TO-DATE
> Task :mmo-integrations:integration-oraxen:compileJava UP-TO-DATE
> Task :mmo-integrations:integration-packetevents:compileJava UP-TO-DATE
> Task :mmo-integrations:integration-wallet:compileJava UP-TO-DATE
> Task :mmo-integrations:integration-worldguard:compileJava UP-TO-DATE
> Task :mmo-bootstrap:compileJava UP-TO-DATE
> Task :mmo-bootstrap:processResources UP-TO-DATE
> Task :mmo-bootstrap:classes UP-TO-DATE
> Task :mmo-combat:processResources NO-SOURCE
> Task :mmo-combat:classes UP-TO-DATE
> Task :mmo-combat:jar UP-TO-DATE
> Task :mmo-content:processResources NO-SOURCE
> Task :mmo-content:classes UP-TO-DATE
> Task :mmo-content:jar UP-TO-DATE
> Task :mmo-integrations:processResources NO-SOURCE
> Task :mmo-integrations:classes UP-TO-DATE
> Task :mmo-integrations:jar UP-TO-DATE
> Task :mmo-items:processResources NO-SOURCE
> Task :mmo-items:classes UP-TO-DATE
> Task :mmo-items:jar UP-TO-DATE
> Task :mmo-lifeskills:processResources NO-SOURCE
> Task :mmo-lifeskills:classes UP-TO-DATE
> Task :mmo-lifeskills:jar UP-TO-DATE
> Task :mmo-magic:processResources NO-SOURCE
> Task :mmo-magic:classes UP-TO-DATE
> Task :mmo-magic:jar UP-TO-DATE
> Task :mmo-persistence:processResources UP-TO-DATE
> Task :mmo-persistence:classes UP-TO-DATE
> Task :mmo-persistence:jar UP-TO-DATE
> Task :mmo-progression:processResources NO-SOURCE
> Task :mmo-progression:classes UP-TO-DATE
> Task :mmo-progression:jar UP-TO-DATE
> Task :mmo-scenes:processResources NO-SOURCE
> Task :mmo-scenes:classes UP-TO-DATE
> Task :mmo-scenes:jar UP-TO-DATE
> Task :mmo-social:processResources NO-SOURCE
> Task :mmo-social:classes UP-TO-DATE
> Task :mmo-social:jar UP-TO-DATE
> Task :mmo-worldloop:processResources NO-SOURCE
> Task :mmo-worldloop:classes UP-TO-DATE
> Task :mmo-worldloop:jar UP-TO-DATE
> Task :mmo-integrations:integration-mythicmobs:processResources NO-SOURCE
> Task :mmo-integrations:integration-mythicmobs:classes UP-TO-DATE
> Task :mmo-integrations:integration-mythicmobs:jar UP-TO-DATE
> Task :mmo-integrations:integration-oraxen:processResources NO-SOURCE
> Task :mmo-integrations:integration-oraxen:classes UP-TO-DATE
> Task :mmo-integrations:integration-oraxen:jar UP-TO-DATE
> Task :mmo-integrations:integration-packetevents:processResources NO-SOURCE
> Task :mmo-integrations:integration-packetevents:classes UP-TO-DATE
> Task :mmo-integrations:integration-packetevents:jar UP-TO-DATE
> Task :mmo-integrations:integration-wallet:processResources NO-SOURCE
> Task :mmo-integrations:integration-wallet:classes UP-TO-DATE
> Task :mmo-integrations:integration-wallet:jar UP-TO-DATE
> Task :mmo-integrations:integration-worldguard:processResources NO-SOURCE
> Task :mmo-integrations:integration-worldguard:classes UP-TO-DATE
> Task :mmo-integrations:integration-worldguard:jar UP-TO-DATE
> Task :mmo-bootstrap:shadowJar UP-TO-DATE

> Task :mmo-bootstrap:runServer
Located Paper 26.2 build 112 in local cache.
Starting Paper...

Starting org.bukkit.craftbukkit.Main
2026-08-18T20:01:34.740562Z ServerMain WARN Advanced terminal features are not available in this environment
[03:01:34 INFO]: [bootstrap] Running Java 25 (OpenJDK 64-Bit Server VM 25.0.3+9-LTS; Eclipse Adoptium Temurin-25.0.3+9) on Windows 11 10.0 (amd64)
[03:01:34 INFO]: [bootstrap] Loading Paper 26.2-112-main@c9e894d (2026-08-11T05:18:39Z) for Minecraft 26.2
[03:01:34 INFO]: [PluginInitializerManager] Initializing plugins...
[03:01:35 INFO]: [PluginInitializerManager] Initialized 1 plugin
[03:01:35 INFO]: [PluginInitializerManager] Bukkit plugins (1):
 - BranzMMO (1.0.0-SNAPSHOT)
WARNING: A terminally deprecated method in sun.misc.Unsafe has been called
WARNING: sun.misc.Unsafe::objectFieldOffset has been called by org.joml.MemUtil$MemUtilUnsafe (file:/C:/Users/User/AppData/Local/BranzMMORPGHarness/repo/mmo-bootstrap/run/libraries/org/joml/joml/1.10.8/joml-1.10.8.jar)
WARNING: Please consider reporting this to the maintainers of class org.joml.MemUtil$MemUtilUnsafe
WARNING: sun.misc.Unsafe::objectFieldOffset will be removed in a future release
[03:01:38 INFO]: [ca.spottedleaf.dataconverter.minecraft.datatypes.MCTypeRegistry] Initialising converters for DataConverter...
[03:01:39 INFO]: Environment: Environment[sessionHost=https://sessionserver.mojang.com, servicesHost=https://api.minecraftservices.com, profilesHost=https://api.mojang.com, name=PROD]
[03:01:39 INFO]: [ca.spottedleaf.dataconverter.minecraft.datatypes.MCTypeRegistry] Finished initialising converters for DataConverter in 488.3ms
[03:01:40 INFO]: Loaded 1585 recipes
[03:01:40 INFO]: Loaded 1688 advancements
[03:01:41 INFO]: Starting minecraft server version 26.2
[03:01:41 INFO]: Loading properties
[03:01:41 INFO]: This server is running Paper version 26.2-112-main@c9e894d (2026-08-11T05:18:39Z) (Implementing API version 26.2.build.112-stable)
[03:01:41 INFO]: [spark] This server bundles the spark profiler. For more information please visit https://docs.papermc.io/paper/profiling
[03:01:41 INFO]: Server Ping Player Sample Count: 12
[03:01:41 INFO]: Using 4 threads for Netty based IO
[03:01:41 INFO]: [MoonriseCommon] Paper is using 3 worker threads, 1 I/O threads
[03:01:41 INFO]: Default game type: SURVIVAL
[03:01:41 INFO]: Generating keypair
[03:01:41 INFO]: Starting Minecraft server on *:25565
[03:01:41 INFO]: Paper: Using Java compression from Velocity.
[03:01:41 INFO]: Paper: Using Java cipher from Velocity.
[03:01:41 INFO]: [BranzMMO] Loading server plugin BranzMMO v1.0.0-SNAPSHOT
[03:01:41 INFO]: [BranzMMO] Enabling BranzMMO v1.0.0-SNAPSHOT
[03:01:41 INFO]: [BranzMMO] Loading and validating content snapshot from C:\Users\User\AppData\Local\BranzMMORPGHarness\repo\example-content\milestone-1
[03:01:41 WARN]: **** SERVER IS RUNNING IN OFFLINE/INSECURE MODE!
[03:01:41 WARN]: The server will make no attempt to authenticate usernames. Beware.
[03:01:41 WARN]: While this makes the game possible to play without internet access, it also opens up the ability for hackers to connect with any username they choose.
[03:01:41 WARN]: To change this, set "online-mode" to "true" in the server.properties file.
[03:01:41 INFO]: Preparing level "world"
[03:01:42 INFO]: Loading 0 persistent chunks for level 'minecraft:overworld'...
[03:01:42 INFO]: Prepared spawn area in 5 ms
[03:01:42 INFO]: Loading 0 persistent chunks for level 'minecraft:the_nether'...
[03:01:42 INFO]: Prepared spawn area in 13 ms
[03:01:42 INFO]: Loading 0 persistent chunks for level 'minecraft:the_end'...
[03:01:42 INFO]: Prepared spawn area in 14 ms
[03:01:42 INFO]: Done preparing level "world" (0.452s)
[03:01:42 INFO]: [spark] Starting background profiler...
[03:01:42 INFO]: [spark] The async-profiler engine is not supported for your os/arch (windows11/amd64), so the built-in Java engine will be used instead.
[03:01:42 INFO]: Saving chunks for level 'ServerLevel[world]'/minecraft:overworld
[03:01:42 INFO]: Saving chunks for level 'ServerLevel[world]'/minecraft:the_nether
[03:01:42 INFO]: Saving chunks for level 'ServerLevel[world]'/minecraft:the_end
[03:01:42 INFO]: ThreadedAnvilChunkStorage (world): All chunks are saved
[03:01:42 INFO]: ThreadedAnvilChunkStorage (DIM-1): All chunks are saved
[03:01:42 INFO]: ThreadedAnvilChunkStorage (DIM1): All chunks are saved
[03:01:42 INFO]: ThreadedAnvilChunkStorage: All dimensions are saved
[03:01:42 INFO]: Running delayed init tasks
[03:01:42 INFO]: Done (8.536s)! For help, type "help"
[03:01:42 INFO]: [io.zonky.test.db.postgres.embedded.EmbeddedPostgres] Detected a Windows x86_64 system
[03:01:42 INFO]: [io.zonky.test.db.postgres.embedded.DefaultPostgresBinaryResolver] Detected distribution: 'Unknown'
[03:01:42 INFO]: [io.zonky.test.db.postgres.embedded.DefaultPostgresBinaryResolver] System specific postgres binaries found: 'postgres-windows-x86_64.txz'
[03:01:43 INFO]: [io.zonky.test.db.postgres.embedded.EmbeddedPostgres] Postgres binaries at C:\Users\User\AppData\Local\Temp\embedded-pg\PG-3942d5a1dcdbfebc27772e9e670d5d85
[03:01:43 INFO]: [io.zonky.test.db.postgres.embedded.EmbeddedPostgres] 36c99b55-d02e-4848-b765-2fe2c55dff0d postmaster started as Process[pid=28808, exitValue="not exited"] on port 58920.  Waiting up to PT10S for server startup to finish.
[03:01:43 INFO]: [io.zonky.test.db.postgres.embedded.EmbeddedPostgres] waiting for server to start....2026-08-19 03:01:43.336 +07 [26676] LOG:  starting PostgreSQL 14.22, compiled by Visual C++ build 1944, 64-bit
[03:01:43 INFO]: [io.zonky.test.db.postgres.embedded.EmbeddedPostgres] 2026-08-19 03:01:43.344 +07 [26676] LOG:  listening on IPv6 address "::1", port 58920
[03:01:43 INFO]: [io.zonky.test.db.postgres.embedded.EmbeddedPostgres] 2026-08-19 03:01:43.345 +07 [26676] LOG:  listening on IPv4 address "127.0.0.1", port 58920
[03:01:43 INFO]: [io.zonky.test.db.postgres.embedded.EmbeddedPostgres] 2026-08-19 03:01:43.462 +07 [32740] LOG:  database system was shut down at 2026-08-19 03:01:14 +07
[03:01:43 INFO]: [io.zonky.test.db.postgres.embedded.EmbeddedPostgres] 2026-08-19 03:01:43.523 +07 [26676] LOG:  database system is ready to accept connections
[03:01:43 INFO]: [io.zonky.test.db.postgres.embedded.EmbeddedPostgres]  done
[03:01:43 INFO]: [io.zonky.test.db.postgres.embedded.EmbeddedPostgres] server started
[03:01:43 INFO]: [io.zonky.test.db.postgres.embedded.EmbeddedPostgres] 36c99b55-d02e-4848-b765-2fe2c55dff0d postmaster startup finished in 00:00:00.678
[03:01:45 INFO]: [BranzMMO] Milestone 3 runtime ready; item definitions=20, move definitions=6, spell definitions=5, technique definitions=5, form definitions=4, ailment definitions=6, encounter reward definitions=1, Scene presentation=WORLD_BACKED
[03:01:45 INFO]: [BranzMMO] Provider asset.oraxen=UNAVAILABLE [OPTIONAL]: plugin is not installed: Oraxen
[03:01:45 INFO]: [BranzMMO] Provider mob.mythicmobs=UNAVAILABLE [OPTIONAL]: plugin is not installed: MythicMobs
[03:01:45 INFO]: [BranzMMO] Provider packet.packetevents=UNAVAILABLE [OPTIONAL]: plugin is not installed: packetevents
[03:01:45 INFO]: [BranzMMO] Provider region.worldguard=UNAVAILABLE [OPTIONAL]: plugin is not installed: WorldGuard
[03:01:45 INFO]: [BranzMMO] Provider wallet.external=UNAVAILABLE [OPTIONAL]: plugin is not installed: Wallet
[03:01:45 WARN]: [BranzMMO] asset.oraxen [OPTIONAL]: plugin is not installed: Oraxen
[03:01:45 WARN]: [BranzMMO] mob.mythicmobs [OPTIONAL]: plugin is not installed: MythicMobs
[03:01:45 WARN]: [BranzMMO] packet.packetevents [OPTIONAL]: plugin is not installed: packetevents
[03:01:45 WARN]: [BranzMMO] region.worldguard [OPTIONAL]: plugin is not installed: WorldGuard
[03:01:45 WARN]: [BranzMMO] wallet.external [OPTIONAL]: plugin is not installed: Wallet
[03:01:45 INFO]: [BranzMMO] Branz MMO startup DEGRADED; content=v1.milestone-1.example.4, definitions=48
[03:01:45 INFO]: [BranzMMO] PostgreSQL runtime ready; mode=EMBEDDED_LOCAL, server-instance=local-5f5b7544-b6a4-4039-b127-5c07f09bd704
[03:01:45 INFO]: [BranzMMO] Recovered 0 boss encounter(s) from V0009.
[03:01:45 INFO]: [BranzMMO] Death Pouch reconciliation is ready.
[03:01:45 INFO]: [BranzMMO] Recovered 0 downed encounter(s) from V0010.
[03:02:12 INFO]: UUID of player Player0 is 2654e3c3-150d-3857-a426-0b141796a4e0
[03:02:14 INFO]: Player0 joined the game
[03:02:14 INFO]: Player0[/127.0.0.1:58966] logged in with entity id 118 at ([minecraft:overworld]-6.5, 68.0, 8.5)
[03:02:14 INFO]: Nothing changed. The player already is an operator
[03:02:14 INFO]: Set 7 experience levels on Player0
[03:02:15 INFO]: Player0 issued server command: /mmo physical status
[03:02:15 INFO]: Player0 issued server command: /mmo physical status
[03:02:16 INFO]: Player0 issued server command: /mmo physical status
[03:02:16 INFO]: Player0 lost connection: Disconnected
[03:02:16 INFO]: Player0 left the game
[03:02:16 INFO]: Stopping the server
[03:02:16 INFO]: Stopping server
[03:02:16 INFO]: [BranzMMO] Disabling BranzMMO v1.0.0-SNAPSHOT
[03:02:16 ERROR]: [STDERR] [me.lucko.spark.paper.common.util.log.Logger$1] Uncaught exception thrown in thread spark-java-sampler-2-thread-6
[03:02:16 WARN]: java.util.concurrent.CancellationException
[03:02:16 WARN]: 	at java.base/java.util.concurrent.FutureTask.report(FutureTask.java:123)
[03:02:16 WARN]: 	at java.base/java.util.concurrent.FutureTask.get(FutureTask.java:193)
[03:02:16 WARN]: 	at me.lucko.spark.paper.common.util.SparkScheduledThreadPoolExecutor.afterExecute(SparkScheduledThreadPoolExecutor.java:48)
[03:02:16 WARN]: 	at java.base/java.util.concurrent.ThreadPoolExecutor.runWorker(ThreadPoolExecutor.java:1091)
[03:02:16 WARN]: 	at java.base/java.util.concurrent.ThreadPoolExecutor$Worker.run(ThreadPoolExecutor.java:614)
[03:02:16 WARN]: 	at java.base/java.lang.Thread.run(Thread.java:1474)
[03:02:16 INFO]: [io.zonky.test.db.postgres.embedded.EmbeddedPostgres] 2026-08-19 03:02:16.441 +07 [26676] LOG:  received fast shutdown request
[03:02:16 INFO]: [io.zonky.test.db.postgres.embedded.EmbeddedPostgres] 2026-08-19 03:02:16.441 +07 [26676] LOG:  aborting any active transactions
[03:02:16 INFO]: [io.zonky.test.db.postgres.embedded.EmbeddedPostgres] 2026-08-19 03:02:16.447 +07 [26676] LOG:  background worker "logical replication launcher" (PID 32028) exited with exit code 1
[03:02:16 INFO]: [io.zonky.test.db.postgres.embedded.EmbeddedPostgres] 2026-08-19 03:02:16.448 +07 [26348] LOG:  shutting down
[03:02:16 INFO]: [io.zonky.test.db.postgres.embedded.EmbeddedPostgres] 2026-08-19 03:02:16.485 +07 [26676] LOG:  database system is shut down
[03:02:16 INFO]: [io.zonky.test.db.postgres.embedded.EmbeddedPostgres] waiting for server to shut down.... done
[03:02:16 INFO]: [io.zonky.test.db.postgres.embedded.EmbeddedPostgres] server stopped
[03:02:16 INFO]: [io.zonky.test.db.postgres.embedded.EmbeddedPostgres] 36c99b55-d02e-4848-b765-2fe2c55dff0d shut down postmaster in 00:00:00.173
[03:02:16 INFO]: [io.zonky.test.db.postgres.embedded.EmbeddedPostgres] Did not clean up directory C:\Users\User\AppData\Local\BranzMMORPGHarness\repo\mmo-bootstrap\run\plugins\BranzMMO\embedded-postgres
[03:02:16 INFO]: [BranzMMO] Branz MMO platform disabled cleanly.
[03:02:16 INFO]: Saving players
[03:02:16 INFO]: Saving worlds
[03:02:16 INFO]: Saving chunks for level 'ServerLevel[world]'/minecraft:overworld
[03:02:16 INFO]: [ChunkHolderManager] Waiting 60s for chunk system to halt for world 'minecraft:overworld'
[03:02:16 INFO]: [ChunkHolderManager] Halted chunk system for world 'minecraft:overworld'
[03:02:16 INFO]: [ChunkHolderManager] Saving all chunkholders for world 'minecraft:overworld'
[03:02:17 INFO]: [ChunkHolderManager] Saved 179 block chunks, 179 entity chunks, 0 poi chunks in world 'minecraft:overworld' in 0.53s
[03:02:17 INFO]: [ChunkHolderManager] Waiting 60s for chunk I/O to halt for world 'minecraft:overworld'
[03:02:17 INFO]: [ChunkHolderManager] Halted I/O scheduler for world 'minecraft:overworld'
[03:02:17 INFO]: Saving chunks for level 'ServerLevel[world]'/minecraft:the_nether
[03:02:17 INFO]: [ChunkHolderManager] Waiting 60s for chunk system to halt for world 'minecraft:the_nether'
[03:02:17 INFO]: [ChunkHolderManager] Halted chunk system for world 'minecraft:the_nether'
[03:02:17 INFO]: [ChunkHolderManager] Saving all chunkholders for world 'minecraft:the_nether'
[03:02:17 INFO]: [ChunkHolderManager] Saved 0 block chunks, 0 entity chunks, 0 poi chunks in world 'minecraft:the_nether' in 0.00s
[03:02:17 INFO]: [ChunkHolderManager] Waiting 60s for chunk I/O to halt for world 'minecraft:the_nether'
[03:02:17 INFO]: [ChunkHolderManager] Halted I/O scheduler for world 'minecraft:the_nether'
[03:02:17 INFO]: Saving chunks for level 'ServerLevel[world]'/minecraft:the_end
[03:02:17 INFO]: [ChunkHolderManager] Waiting 60s for chunk system to halt for world 'minecraft:the_end'
[03:02:17 INFO]: [ChunkHolderManager] Halted chunk system for world 'minecraft:the_end'
[03:02:17 INFO]: [ChunkHolderManager] Saving all chunkholders for world 'minecraft:the_end'
[03:02:17 INFO]: [ChunkHolderManager] Saved 0 block chunks, 0 entity chunks, 0 poi chunks in world 'minecraft:the_end' in 0.00s
[03:02:17 INFO]: [ChunkHolderManager] Waiting 60s for chunk I/O to halt for world 'minecraft:the_end'
[03:02:17 INFO]: [ChunkHolderManager] Halted I/O scheduler for world 'minecraft:the_end'
[03:02:17 INFO]: ThreadedAnvilChunkStorage (world): All chunks are saved
[03:02:17 INFO]: ThreadedAnvilChunkStorage (DIM-1): All chunks are saved
[03:02:17 INFO]: ThreadedAnvilChunkStorage (DIM1): All chunks are saved
[03:02:17 INFO]: ThreadedAnvilChunkStorage: All dimensions are saved
[03:02:17 INFO]: Waiting for all RegionFile I/O tasks to complete...
[03:02:17 INFO]: All RegionFile I/O tasks to complete
[03:02:17 INFO]: [MoonriseCommon] Awaiting termination of worker pool for up to 60s...
[03:02:17 INFO]: [MoonriseCommon] Awaiting termination of I/O pool for up to 60s...

BUILD SUCCESSFUL in 58s
39 actionable tasks: 1 executed, 38 up-to-date
Consider enabling configuration cache to speed up this build: https://docs.gradle.org/9.1.0/userguide/configuration_cache_enabling.html
