To honour the JVM settings for this build a single-use Daemon process will be forked. For more on this, please refer to https://docs.gradle.org/9.1.0/userguide/gradle_daemon.html#sec:disabling_the_daemon in the Gradle documentation.
Daemon will be stopped at the end of the build 
> Task :mmo-api:compileJava UP-TO-DATE
> Task :mmo-api:processResources NO-SOURCE
> Task :mmo-api:classes UP-TO-DATE
> Task :mmo-api:jar UP-TO-DATE
> Task :mmo-content:compileJava UP-TO-DATE
> Task :mmo-combat:compileJava UP-TO-DATE
> Task :mmo-integrations:compileJava UP-TO-DATE
> Task :mmo-items:compileJava UP-TO-DATE
> Task :mmo-lifeskills:compileJava UP-TO-DATE
> Task :mmo-magic:compileJava UP-TO-DATE
> Task :mmo-progression:compileJava UP-TO-DATE
> Task :mmo-persistence:compileJava UP-TO-DATE
> Task :mmo-scenes:compileJava UP-TO-DATE
> Task :mmo-social:compileJava UP-TO-DATE
> Task :mmo-worldloop:compileJava UP-TO-DATE
> Task :mmo-integrations:integration-mythicmobs:compileJava UP-TO-DATE
> Task :mmo-integrations:integration-oraxen:compileJava UP-TO-DATE
> Task :mmo-integrations:integration-packetevents:compileJava UP-TO-DATE
> Task :mmo-integrations:integration-wallet:compileJava UP-TO-DATE
> Task :mmo-integrations:integration-worldguard:compileJava UP-TO-DATE
> Task :mmo-bootstrap:compileJava
> Task :mmo-bootstrap:processResources UP-TO-DATE
> Task :mmo-bootstrap:classes
> Task :mmo-combat:processResources NO-SOURCE
> Task :mmo-combat:classes UP-TO-DATE
> Task :mmo-combat:jar UP-TO-DATE
> Task :mmo-content:processResources NO-SOURCE
> Task :mmo-content:classes UP-TO-DATE
> Task :mmo-content:jar UP-TO-DATE
> Task :mmo-integrations:processResources NO-SOURCE
> Task :mmo-integrations:classes UP-TO-DATE
> Task :mmo-integrations:jar UP-TO-DATE
> Task :mmo-items:processResources NO-SOURCE
> Task :mmo-items:classes UP-TO-DATE
> Task :mmo-items:jar UP-TO-DATE
> Task :mmo-lifeskills:processResources NO-SOURCE
> Task :mmo-lifeskills:classes UP-TO-DATE
> Task :mmo-lifeskills:jar UP-TO-DATE
> Task :mmo-magic:processResources NO-SOURCE
> Task :mmo-magic:classes UP-TO-DATE
> Task :mmo-magic:jar UP-TO-DATE
> Task :mmo-persistence:processResources UP-TO-DATE
> Task :mmo-persistence:classes UP-TO-DATE
> Task :mmo-persistence:jar UP-TO-DATE
> Task :mmo-progression:processResources NO-SOURCE
> Task :mmo-progression:classes UP-TO-DATE
> Task :mmo-progression:jar UP-TO-DATE
> Task :mmo-scenes:processResources NO-SOURCE
> Task :mmo-scenes:classes UP-TO-DATE
> Task :mmo-scenes:jar UP-TO-DATE
> Task :mmo-social:processResources NO-SOURCE
> Task :mmo-social:classes UP-TO-DATE
> Task :mmo-social:jar UP-TO-DATE
> Task :mmo-worldloop:processResources NO-SOURCE
> Task :mmo-worldloop:classes UP-TO-DATE
> Task :mmo-worldloop:jar UP-TO-DATE
> Task :mmo-integrations:integration-mythicmobs:processResources NO-SOURCE
> Task :mmo-integrations:integration-mythicmobs:classes UP-TO-DATE
> Task :mmo-integrations:integration-mythicmobs:jar UP-TO-DATE
> Task :mmo-integrations:integration-oraxen:processResources NO-SOURCE
> Task :mmo-integrations:integration-oraxen:classes UP-TO-DATE
> Task :mmo-integrations:integration-oraxen:jar UP-TO-DATE
> Task :mmo-integrations:integration-packetevents:processResources NO-SOURCE
> Task :mmo-integrations:integration-packetevents:classes UP-TO-DATE
> Task :mmo-integrations:integration-packetevents:jar UP-TO-DATE
> Task :mmo-integrations:integration-wallet:processResources NO-SOURCE
> Task :mmo-integrations:integration-wallet:classes UP-TO-DATE
> Task :mmo-integrations:integration-wallet:jar UP-TO-DATE
> Task :mmo-integrations:integration-worldguard:processResources NO-SOURCE
> Task :mmo-integrations:integration-worldguard:classes UP-TO-DATE
> Task :mmo-integrations:integration-worldguard:jar UP-TO-DATE
> Task :mmo-bootstrap:shadowJar

> Task :mmo-bootstrap:runServer
Located Paper 26.2 build 112 in local cache.
Starting Paper...

Downloading mojang_26.2.jar
Applying patches
Starting org.bukkit.craftbukkit.Main
2026-08-18T16:01:16.858432100Z ServerMain WARN Advanced terminal features are not available in this environment
[23:01:17 INFO]: [bootstrap] Running Java 25 (OpenJDK 64-Bit Server VM 25.0.3+9-LTS; Eclipse Adoptium Temurin-25.0.3+9) on Windows 11 10.0 (amd64)
[23:01:17 INFO]: [bootstrap] Loading Paper 26.2-112-main@c9e894d (2026-08-11T05:18:39Z) for Minecraft 26.2
[23:01:17 INFO]: [PluginInitializerManager] Initializing plugins...
[23:01:17 INFO]: [PluginInitializerManager] Initialized 1 plugin
[23:01:17 INFO]: [PluginInitializerManager] Bukkit plugins (1):
 - BranzMMO (1.0.0-SNAPSHOT)
WARNING: A terminally deprecated method in sun.misc.Unsafe has been called
WARNING: sun.misc.Unsafe::objectFieldOffset has been called by org.joml.MemUtil$MemUtilUnsafe (file:/C:/Users/User/AppData/Local/BranzMMORPGHarness/repo/mmo-bootstrap/run/libraries/org/joml/joml/1.10.8/joml-1.10.8.jar)
WARNING: Please consider reporting this to the maintainers of class org.joml.MemUtil$MemUtilUnsafe
WARNING: sun.misc.Unsafe::objectFieldOffset will be removed in a future release
[23:01:20 INFO]: [ca.spottedleaf.dataconverter.minecraft.datatypes.MCTypeRegistry] Initialising converters for DataConverter...
[23:01:20 INFO]: Environment: Environment[sessionHost=https://sessionserver.mojang.com, servicesHost=https://api.minecraftservices.com, profilesHost=https://api.mojang.com, name=PROD]
[23:01:20 INFO]: [ca.spottedleaf.dataconverter.minecraft.datatypes.MCTypeRegistry] Finished initialising converters for DataConverter in 296.6ms
[23:01:20 INFO]: Found new data pack paper, loading it automatically
[23:01:20 INFO]: No existing world data, creating new world
[23:01:21 INFO]: Loaded 1585 recipes
[23:01:21 INFO]: Loaded 1688 advancements
[23:01:21 INFO]: Starting minecraft server version 26.2
[23:01:21 INFO]: Loading properties
[23:01:21 INFO]: This server is running Paper version 26.2-112-main@c9e894d (2026-08-11T05:18:39Z) (Implementing API version 26.2.build.112-stable)
[23:01:21 INFO]: [spark] This server bundles the spark profiler. For more information please visit https://docs.papermc.io/paper/profiling
[23:01:21 INFO]: Server Ping Player Sample Count: 12
[23:01:21 INFO]: Using 4 threads for Netty based IO
[23:01:21 INFO]: [MoonriseCommon] Paper is using 3 worker threads, 1 I/O threads
[23:01:22 INFO]: Default game type: SURVIVAL
[23:01:22 INFO]: Generating keypair
[23:01:22 INFO]: Starting Minecraft server on *:25565
[23:01:22 INFO]: Paper: Using Java compression from Velocity.
[23:01:22 INFO]: Paper: Using Java cipher from Velocity.
[23:01:22 INFO]: [BranzMMO] Loading server plugin BranzMMO v1.0.0-SNAPSHOT
[23:01:22 INFO]: [BranzMMO] Enabling BranzMMO v1.0.0-SNAPSHOT
[23:01:22 INFO]: [BranzMMO] Loading and validating content snapshot from C:\Users\User\AppData\Local\BranzMMORPGHarness\repo\example-content\milestone-1
[23:01:22 WARN]: **** SERVER IS RUNNING IN OFFLINE/INSECURE MODE!
[23:01:22 WARN]: The server will make no attempt to authenticate usernames. Beware.
[23:01:22 WARN]: While this makes the game possible to play without internet access, it also opens up the ability for hackers to connect with any username they choose.
[23:01:22 WARN]: To change this, set "online-mode" to "true" in the server.properties file.
[23:01:22 INFO]: Preparing level "world"
[23:01:22 INFO]: Selecting spawn point for level 'minecraft:overworld'...
[23:01:24 INFO]: Selecting spawn point for level 'minecraft:the_nether'...
[23:01:25 INFO]: Selecting spawn point for level 'minecraft:the_end'...
[23:01:25 INFO]: Loading 0 persistent chunks for level 'minecraft:overworld'...
[23:01:25 INFO]: Preparing spawn area: 100%
[23:01:25 INFO]: Prepared spawn area in 2994 ms
[23:01:25 INFO]: Loading 0 persistent chunks for level 'minecraft:the_nether'...
[23:01:25 INFO]: Preparing spawn area: 100%
[23:01:25 INFO]: Prepared spawn area in 649 ms
[23:01:25 INFO]: Loading 0 persistent chunks for level 'minecraft:the_end'...
[23:01:25 INFO]: Preparing spawn area: 100%
[23:01:25 INFO]: Prepared spawn area in 279 ms
[23:01:25 INFO]: Done preparing level "world" (3.300s)
[23:01:25 INFO]: [spark] Starting background profiler...
[23:01:25 INFO]: [spark] The async-profiler engine is not supported for your os/arch (windows11/amd64), so the built-in Java engine will be used instead.
[23:01:25 INFO]: Saving chunks for level 'ServerLevel[world]'/minecraft:overworld
[23:01:25 INFO]: Saving chunks for level 'ServerLevel[world]'/minecraft:the_nether
[23:01:25 INFO]: Saving chunks for level 'ServerLevel[world]'/minecraft:the_end
[23:01:25 INFO]: ThreadedAnvilChunkStorage (world): All chunks are saved
[23:01:25 INFO]: ThreadedAnvilChunkStorage (DIM-1): All chunks are saved
[23:01:25 INFO]: ThreadedAnvilChunkStorage (DIM1): All chunks are saved
[23:01:25 INFO]: ThreadedAnvilChunkStorage: All dimensions are saved
[23:01:25 INFO]: Running delayed init tasks
[23:01:25 INFO]: Done (9.524s)! For help, type "help"
[23:01:25 INFO]: *************************************************************************************
[23:01:25 INFO]: This is the first time you're starting this server.
[23:01:25 INFO]: It's recommended you read our 'Getting Started' documentation for guidance.
[23:01:25 INFO]: View this and more helpful information here: https://docs.papermc.io/paper/next-steps
[23:01:25 INFO]: *************************************************************************************
[23:01:25 INFO]: [io.zonky.test.db.postgres.embedded.EmbeddedPostgres] Detected a Windows x86_64 system
[23:01:25 INFO]: [io.zonky.test.db.postgres.embedded.DefaultPostgresBinaryResolver] Detected distribution: 'Unknown'
[23:01:25 INFO]: [io.zonky.test.db.postgres.embedded.DefaultPostgresBinaryResolver] System specific postgres binaries found: 'postgres-windows-x86_64.txz'
[23:01:26 INFO]: [io.zonky.test.db.postgres.embedded.EmbeddedPostgres] Postgres binaries at C:\Users\User\AppData\Local\Temp\embedded-pg\PG-3942d5a1dcdbfebc27772e9e670d5d85
[23:01:26 INFO]: [io.zonky.test.db.postgres.embedded.EmbeddedPostgres] The files belonging to this database system will be owned by user "User".
[23:01:26 INFO]: [io.zonky.test.db.postgres.embedded.EmbeddedPostgres] This user must also own the server process.
[23:01:26 INFO]: [io.zonky.test.db.postgres.embedded.EmbeddedPostgres] 
[23:01:26 INFO]: [io.zonky.test.db.postgres.embedded.EmbeddedPostgres] The database cluster will be initialized with locale "English_United States.874".
[23:01:26 INFO]: [io.zonky.test.db.postgres.embedded.EmbeddedPostgres] The default text search configuration will be set to "english".
[23:01:26 INFO]: [io.zonky.test.db.postgres.embedded.EmbeddedPostgres] 
[23:01:26 INFO]: [io.zonky.test.db.postgres.embedded.EmbeddedPostgres] Data page checksums are disabled.
[23:01:26 INFO]: [io.zonky.test.db.postgres.embedded.EmbeddedPostgres] 
[23:01:26 INFO]: [io.zonky.test.db.postgres.embedded.EmbeddedPostgres] fixing permissions on existing directory C:/Users/User/AppData/Local/BranzMMORPGHarness/repo/mmo-bootstrap/run/plugins/BranzMMO/embedded-postgres ... ok
[23:01:26 INFO]: [io.zonky.test.db.postgres.embedded.EmbeddedPostgres] creating subdirectories ... ok
[23:01:26 INFO]: [io.zonky.test.db.postgres.embedded.EmbeddedPostgres] selecting dynamic shared memory implementation ... windows
[23:01:26 INFO]: [io.zonky.test.db.postgres.embedded.EmbeddedPostgres] selecting default max_connections ... 100
[23:01:26 INFO]: [io.zonky.test.db.postgres.embedded.EmbeddedPostgres] selecting default shared_buffers ... 128MB
[23:01:26 INFO]: [io.zonky.test.db.postgres.embedded.EmbeddedPostgres] selecting default time zone ... Asia/Bangkok
[23:01:26 INFO]: [io.zonky.test.db.postgres.embedded.EmbeddedPostgres] creating configuration files ... ok
[23:01:27 INFO]: [io.zonky.test.db.postgres.embedded.EmbeddedPostgres] running bootstrap script ... ok
[23:01:29 INFO]: [io.zonky.test.db.postgres.embedded.EmbeddedPostgres] performing post-bootstrap initialization ... ok
[23:01:32 INFO]: [io.zonky.test.db.postgres.embedded.EmbeddedPostgres] syncing data to disk ... ok
[23:01:32 INFO]: [io.zonky.test.db.postgres.embedded.EmbeddedPostgres] 
[23:01:32 INFO]: [io.zonky.test.db.postgres.embedded.EmbeddedPostgres] Success. You can now start the database server using:
[23:01:32 INFO]: [io.zonky.test.db.postgres.embedded.EmbeddedPostgres] 
[23:01:32 INFO]: [io.zonky.test.db.postgres.embedded.EmbeddedPostgres]     ^"C^:^\Users^\User^\AppData^\Local^\Temp^\embedded^-pg^\PG^-3942d5a1dcdbfebc27772e9e670d5d85^\bin^\pg^_ctl^" -D ^"C^:^\Users^\User^\AppData^\Local^\BranzMMORPGHarness^\repo^\mmo^-bootstrap^\run^\plugins^\BranzMMO^\embedded^-postgres^" -l logfile start
[23:01:32 INFO]: [io.zonky.test.db.postgres.embedded.EmbeddedPostgres] 
[23:01:32 INFO]: [io.zonky.test.db.postgres.embedded.EmbeddedPostgres] 3143a483-1bdc-4b7c-954c-07212fe29cb3 initdb completed in 00:00:06.206
[23:01:32 INFO]: [io.zonky.test.db.postgres.embedded.EmbeddedPostgres] 3143a483-1bdc-4b7c-954c-07212fe29cb3 postmaster started as Process[pid=19408, exitValue="not exited"] on port 65398.  Waiting up to PT10S for server startup to finish.
[23:01:32 INFO]: [io.zonky.test.db.postgres.embedded.EmbeddedPostgres] waiting for server to start....2026-08-18 23:01:32.445 +07 [29508] LOG:  starting PostgreSQL 14.22, compiled by Visual C++ build 1944, 64-bit
[23:01:32 INFO]: [io.zonky.test.db.postgres.embedded.EmbeddedPostgres] 2026-08-18 23:01:32.449 +07 [29508] LOG:  listening on IPv6 address "::1", port 65398
[23:01:32 INFO]: [io.zonky.test.db.postgres.embedded.EmbeddedPostgres] 2026-08-18 23:01:32.449 +07 [29508] LOG:  listening on IPv4 address "127.0.0.1", port 65398
[23:01:32 INFO]: [io.zonky.test.db.postgres.embedded.EmbeddedPostgres] 2026-08-18 23:01:32.483 +07 [24192] LOG:  database system was shut down at 2026-08-18 23:01:29 +07
[23:01:32 INFO]: [io.zonky.test.db.postgres.embedded.EmbeddedPostgres] 2026-08-18 23:01:32.525 +07 [29508] LOG:  database system is ready to accept connections
[23:01:32 INFO]: [io.zonky.test.db.postgres.embedded.EmbeddedPostgres]  done
[23:01:32 INFO]: [io.zonky.test.db.postgres.embedded.EmbeddedPostgres] server started
[23:01:32 INFO]: [io.zonky.test.db.postgres.embedded.EmbeddedPostgres] 3143a483-1bdc-4b7c-954c-07212fe29cb3 postmaster startup finished in 00:00:00.437
[23:01:33 INFO]: [BranzMMO] Milestone 3 runtime ready; item definitions=20, move definitions=6, spell definitions=5, technique definitions=5, form definitions=4, ailment definitions=6, encounter reward definitions=1, Scene presentation=WORLD_BACKED
[23:01:33 INFO]: [BranzMMO] Provider asset.oraxen=UNAVAILABLE [OPTIONAL]: plugin is not installed: Oraxen
[23:01:33 INFO]: [BranzMMO] Provider mob.mythicmobs=UNAVAILABLE [OPTIONAL]: plugin is not installed: MythicMobs
[23:01:33 INFO]: [BranzMMO] Provider packet.packetevents=UNAVAILABLE [OPTIONAL]: plugin is not installed: packetevents
[23:01:33 INFO]: [BranzMMO] Provider region.worldguard=UNAVAILABLE [OPTIONAL]: plugin is not installed: WorldGuard
[23:01:33 INFO]: [BranzMMO] Provider wallet.external=UNAVAILABLE [OPTIONAL]: plugin is not installed: Wallet
[23:01:33 WARN]: [BranzMMO] asset.oraxen [OPTIONAL]: plugin is not installed: Oraxen
[23:01:33 WARN]: [BranzMMO] mob.mythicmobs [OPTIONAL]: plugin is not installed: MythicMobs
[23:01:33 WARN]: [BranzMMO] packet.packetevents [OPTIONAL]: plugin is not installed: packetevents
[23:01:33 WARN]: [BranzMMO] region.worldguard [OPTIONAL]: plugin is not installed: WorldGuard
[23:01:33 WARN]: [BranzMMO] wallet.external [OPTIONAL]: plugin is not installed: Wallet
[23:01:33 INFO]: [BranzMMO] Branz MMO startup DEGRADED; content=v1.milestone-1.example.4, definitions=48
[23:01:33 INFO]: [BranzMMO] PostgreSQL runtime ready; mode=EMBEDDED_LOCAL, server-instance=local-2762a4aa-a616-4670-89ab-181adfbd1e4c
[23:01:33 INFO]: [BranzMMO] Recovered 0 boss encounter(s) from V0009.
[23:01:33 INFO]: [BranzMMO] Death Pouch reconciliation is ready.
[23:01:33 INFO]: [BranzMMO] Recovered 0 downed encounter(s) from V0010.
[23:01:52 INFO]: UUID of player Player0 is 2654e3c3-150d-3857-a426-0b141796a4e0
[23:01:55 INFO]: Player0 joined the game
[23:01:55 INFO]: Player0[/127.0.0.1:65433] logged in with entity id 17 at ([minecraft:overworld]-65.5, 70.0, 14.5)
[23:01:56 INFO]: Made Player0 a server operator
[23:01:56 INFO]: Set 7 experience levels on Player0
[23:01:56 INFO]: Player0 issued server command: /item replace entity @s hotbar.0 with minecraft:stone
[23:01:56 INFO]: [Player0: Replaced a slot on Player0 with [Stone]]
[23:01:56 INFO]: Player0 issued server command: /item replace entity @s hotbar.1 with minecraft:stone
[23:01:56 INFO]: [Player0: Replaced a slot on Player0 with [Stone]]
[23:01:56 INFO]: Player0 issued server command: /item replace entity @s hotbar.2 with minecraft:stone
[23:01:56 INFO]: [Player0: Replaced a slot on Player0 with [Stone]]
[23:01:56 INFO]: Player0 issued server command: /item replace entity @s hotbar.3 with minecraft:stone
[23:01:56 INFO]: [Player0: Replaced a slot on Player0 with [Stone]]
[23:01:57 INFO]: Player0 issued server command: /item replace entity @s hotbar.4 with minecraft:stone
[23:01:57 INFO]: [Player0: Replaced a slot on Player0 with [Stone]]
[23:01:57 INFO]: Player0 issued server command: /item replace entity @s hotbar.5 with minecraft:stone
[23:01:57 INFO]: [Player0: Replaced a slot on Player0 with [Stone]]
[23:01:57 INFO]: Player0 issued server command: /item replace entity @s hotbar.6 with minecraft:stone
[23:01:57 INFO]: [Player0: Replaced a slot on Player0 with [Stone]]
[23:01:57 INFO]: Player0 issued server command: /item replace entity @s hotbar.7 with minecraft:stone
[23:01:57 INFO]: [Player0: Replaced a slot on Player0 with [Stone]]
[23:01:57 INFO]: Player0 issued server command: /mmo dev
[23:01:58 INFO]: Player0 issued server command: /mmo physical status
[23:01:59 INFO]: Player0 issued server command: /mmo dev
[23:02:00 INFO]: Player0 issued server command: /mmo physical status
[23:02:01 INFO]: Player0 issued server command: /item replace entity @s hotbar.7 with minecraft:air
[23:02:01 INFO]: [Player0: Replaced a slot on Player0 with [Air]]
[23:02:01 INFO]: Player0 issued server command: /item replace entity @s hotbar.6 with minecraft:air
[23:02:01 INFO]: [Player0: Replaced a slot on Player0 with [Air]]
[23:02:01 INFO]: Player0 issued server command: /mmo physical status
[23:02:02 INFO]: Player0 issued server command: /mmo physical status
[23:02:03 INFO]: Player0 issued server command: /mmo physical status
[23:02:04 INFO]: Player0 issued server command: /mmo physical status
[23:02:05 INFO]: Player0 issued server command: /mmo physical status
[23:02:06 INFO]: Player0 issued server command: /mmo physical status
[23:02:07 INFO]: Player0 issued server command: /mmo physical status
[23:02:08 INFO]: Player0 issued server command: /mmo physical status
[23:02:09 INFO]: Player0 lost connection: Disconnected
[23:02:09 INFO]: UUID of player Player0 is 2654e3c3-150d-3857-a426-0b141796a4e0
[23:02:09 INFO]: Player0 left the game
[23:02:09 INFO]: Player0 joined the game
[23:02:09 INFO]: Player0[/127.0.0.1:65510] logged in with entity id 505 at ([minecraft:overworld]-65.5, 70.0, 14.5)
[23:02:10 INFO]: Player0 issued server command: /mmo physical status
[23:02:21 INFO]: Player0 lost connection: Disconnected
[23:02:21 INFO]: Player0 left the game
[23:02:22 INFO]: Stopping the server
[23:02:22 INFO]: Stopping server
[23:02:22 INFO]: [BranzMMO] Disabling BranzMMO v1.0.0-SNAPSHOT
[23:02:22 INFO]: [io.zonky.test.db.postgres.embedded.EmbeddedPostgres] 2026-08-18 23:02:22.163 +07 [29508] LOG:  received fast shutdown request
[23:02:22 INFO]: [io.zonky.test.db.postgres.embedded.EmbeddedPostgres] 2026-08-18 23:02:22.163 +07 [29508] LOG:  aborting any active transactions
[23:02:22 INFO]: [io.zonky.test.db.postgres.embedded.EmbeddedPostgres] 2026-08-18 23:02:22.169 +07 [29508] LOG:  background worker "logical replication launcher" (PID 8656) exited with exit code 1
[23:02:22 INFO]: [io.zonky.test.db.postgres.embedded.EmbeddedPostgres] 2026-08-18 23:02:22.169 +07 [21920] LOG:  shutting down
[23:02:22 INFO]: [io.zonky.test.db.postgres.embedded.EmbeddedPostgres] 2026-08-18 23:02:22.297 +07 [29508] LOG:  database system is shut down
[23:02:22 INFO]: [io.zonky.test.db.postgres.embedded.EmbeddedPostgres] waiting for server to shut down.... done
[23:02:22 INFO]: [io.zonky.test.db.postgres.embedded.EmbeddedPostgres] server stopped
[23:02:22 INFO]: [io.zonky.test.db.postgres.embedded.EmbeddedPostgres] 3143a483-1bdc-4b7c-954c-07212fe29cb3 shut down postmaster in 00:00:00.249
[23:02:22 INFO]: [io.zonky.test.db.postgres.embedded.EmbeddedPostgres] Did not clean up directory C:\Users\User\AppData\Local\BranzMMORPGHarness\repo\mmo-bootstrap\run\plugins\BranzMMO\embedded-postgres
[23:02:22 INFO]: [BranzMMO] Branz MMO platform disabled cleanly.
[23:02:22 INFO]: Saving players
[23:02:22 INFO]: Saving worlds
[23:02:22 INFO]: Saving chunks for level 'ServerLevel[world]'/minecraft:overworld
[23:02:22 INFO]: [ChunkHolderManager] Waiting 60s for chunk system to halt for world 'minecraft:overworld'
[23:02:22 INFO]: [ChunkHolderManager] Halted chunk system for world 'minecraft:overworld'
[23:02:22 INFO]: [ChunkHolderManager] Saving all chunkholders for world 'minecraft:overworld'
[23:02:23 INFO]: [ChunkHolderManager] Saved 2209 block chunks, 625 entity chunks, 16 poi chunks in world 'minecraft:overworld' in 0.60s
[23:02:23 INFO]: [ChunkHolderManager] Waiting 60s for chunk I/O to halt for world 'minecraft:overworld'
[23:02:23 INFO]: [ChunkHolderManager] Halted I/O scheduler for world 'minecraft:overworld'
[23:02:23 INFO]: Saving chunks for level 'ServerLevel[world]'/minecraft:the_nether
[23:02:23 INFO]: [ChunkHolderManager] Waiting 60s for chunk system to halt for world 'minecraft:the_nether'
[23:02:23 INFO]: [ChunkHolderManager] Halted chunk system for world 'minecraft:the_nether'
[23:02:23 INFO]: [ChunkHolderManager] Saving all chunkholders for world 'minecraft:the_nether'
[23:02:23 INFO]: [ChunkHolderManager] Saved 0 block chunks, 0 entity chunks, 0 poi chunks in world 'minecraft:the_nether' in 0.00s
[23:02:23 INFO]: [ChunkHolderManager] Waiting 60s for chunk I/O to halt for world 'minecraft:the_nether'
[23:02:23 INFO]: [ChunkHolderManager] Halted I/O scheduler for world 'minecraft:the_nether'
[23:02:23 INFO]: Saving chunks for level 'ServerLevel[world]'/minecraft:the_end
[23:02:23 INFO]: [ChunkHolderManager] Waiting 60s for chunk system to halt for world 'minecraft:the_end'
[23:02:23 INFO]: [ChunkHolderManager] Halted chunk system for world 'minecraft:the_end'
[23:02:23 INFO]: [ChunkHolderManager] Saving all chunkholders for world 'minecraft:the_end'
[23:02:23 INFO]: [ChunkHolderManager] Saved 0 block chunks, 0 entity chunks, 0 poi chunks in world 'minecraft:the_end' in 0.00s
[23:02:23 INFO]: [ChunkHolderManager] Waiting 60s for chunk I/O to halt for world 'minecraft:the_end'
[23:02:23 INFO]: [ChunkHolderManager] Halted I/O scheduler for world 'minecraft:the_end'
[23:02:23 INFO]: ThreadedAnvilChunkStorage (world): All chunks are saved
[23:02:23 INFO]: ThreadedAnvilChunkStorage (DIM-1): All chunks are saved
[23:02:23 INFO]: ThreadedAnvilChunkStorage (DIM1): All chunks are saved
[23:02:23 INFO]: ThreadedAnvilChunkStorage: All dimensions are saved
[23:02:23 INFO]: Waiting for all RegionFile I/O tasks to complete...
[23:02:23 INFO]: All RegionFile I/O tasks to complete
[23:02:23 INFO]: [MoonriseCommon] Awaiting termination of worker pool for up to 60s...
[23:02:23 INFO]: [MoonriseCommon] Awaiting termination of I/O pool for up to 60s...

BUILD SUCCESSFUL in 1m 35s
39 actionable tasks: 3 executed, 36 up-to-date
Consider enabling configuration cache to speed up this build: https://docs.gradle.org/9.1.0/userguide/configuration_cache_enabling.html
