To honour the JVM settings for this build a single-use Daemon process will be forked. For more on this, please refer to https://docs.gradle.org/9.1.0/userguide/gradle_daemon.html#sec:disabling_the_daemon in the Gradle documentation.
Daemon will be stopped at the end of the build 
> Task :mmo-api:compileJava UP-TO-DATE
> Task :mmo-api:processResources NO-SOURCE
> Task :mmo-api:classes UP-TO-DATE
> Task :mmo-api:jar UP-TO-DATE
> Task :mmo-content:compileJava UP-TO-DATE
> Task :mmo-combat:compileJava UP-TO-DATE
> Task :mmo-integrations:compileJava UP-TO-DATE
> Task :mmo-items:compileJava UP-TO-DATE
> Task :mmo-lifeskills:compileJava UP-TO-DATE
> Task :mmo-magic:compileJava UP-TO-DATE
> Task :mmo-progression:compileJava UP-TO-DATE
> Task :mmo-persistence:compileJava UP-TO-DATE
> Task :mmo-scenes:compileJava UP-TO-DATE
> Task :mmo-social:compileJava UP-TO-DATE
> Task :mmo-worldloop:compileJava UP-TO-DATE
> Task :mmo-integrations:integration-mythicmobs:compileJava UP-TO-DATE
> Task :mmo-integrations:integration-oraxen:compileJava UP-TO-DATE
> Task :mmo-integrations:integration-packetevents:compileJava UP-TO-DATE
> Task :mmo-integrations:integration-wallet:compileJava UP-TO-DATE
> Task :mmo-integrations:integration-worldguard:compileJava UP-TO-DATE
> Task :mmo-bootstrap:compileJava UP-TO-DATE
> Task :mmo-bootstrap:processResources UP-TO-DATE
> Task :mmo-bootstrap:classes UP-TO-DATE
> Task :mmo-combat:processResources NO-SOURCE
> Task :mmo-combat:classes UP-TO-DATE
> Task :mmo-combat:jar UP-TO-DATE
> Task :mmo-content:processResources NO-SOURCE
> Task :mmo-content:classes UP-TO-DATE
> Task :mmo-content:jar UP-TO-DATE
> Task :mmo-integrations:processResources NO-SOURCE
> Task :mmo-integrations:classes UP-TO-DATE
> Task :mmo-integrations:jar UP-TO-DATE
> Task :mmo-items:processResources NO-SOURCE
> Task :mmo-items:classes UP-TO-DATE
> Task :mmo-items:jar UP-TO-DATE
> Task :mmo-lifeskills:processResources NO-SOURCE
> Task :mmo-lifeskills:classes UP-TO-DATE
> Task :mmo-lifeskills:jar UP-TO-DATE
> Task :mmo-magic:processResources NO-SOURCE
> Task :mmo-magic:classes UP-TO-DATE
> Task :mmo-magic:jar UP-TO-DATE
> Task :mmo-persistence:processResources UP-TO-DATE
> Task :mmo-persistence:classes UP-TO-DATE
> Task :mmo-persistence:jar UP-TO-DATE
> Task :mmo-progression:processResources NO-SOURCE
> Task :mmo-progression:classes UP-TO-DATE
> Task :mmo-progression:jar UP-TO-DATE
> Task :mmo-scenes:processResources NO-SOURCE
> Task :mmo-scenes:classes UP-TO-DATE
> Task :mmo-scenes:jar UP-TO-DATE
> Task :mmo-social:processResources NO-SOURCE
> Task :mmo-social:classes UP-TO-DATE
> Task :mmo-social:jar UP-TO-DATE
> Task :mmo-worldloop:processResources NO-SOURCE
> Task :mmo-worldloop:classes UP-TO-DATE
> Task :mmo-worldloop:jar UP-TO-DATE
> Task :mmo-integrations:integration-mythicmobs:processResources NO-SOURCE
> Task :mmo-integrations:integration-mythicmobs:classes UP-TO-DATE
> Task :mmo-integrations:integration-mythicmobs:jar UP-TO-DATE
> Task :mmo-integrations:integration-oraxen:processResources NO-SOURCE
> Task :mmo-integrations:integration-oraxen:classes UP-TO-DATE
> Task :mmo-integrations:integration-oraxen:jar UP-TO-DATE
> Task :mmo-integrations:integration-packetevents:processResources NO-SOURCE
> Task :mmo-integrations:integration-packetevents:classes UP-TO-DATE
> Task :mmo-integrations:integration-packetevents:jar UP-TO-DATE
> Task :mmo-integrations:integration-wallet:processResources NO-SOURCE
> Task :mmo-integrations:integration-wallet:classes UP-TO-DATE
> Task :mmo-integrations:integration-wallet:jar UP-TO-DATE
> Task :mmo-integrations:integration-worldguard:processResources NO-SOURCE
> Task :mmo-integrations:integration-worldguard:classes UP-TO-DATE
> Task :mmo-integrations:integration-worldguard:jar UP-TO-DATE
> Task :mmo-bootstrap:shadowJar UP-TO-DATE

> Task :mmo-bootstrap:runServer
Located Paper 26.2 build 112 in local cache.
Starting Paper...

Downloading mojang_26.2.jar
Applying patches
Starting org.bukkit.craftbukkit.Main
2026-08-19T17:05:26.804275200Z ServerMain WARN Advanced terminal features are not available in this environment
[00:05:27 INFO]: [bootstrap] Running Java 25 (OpenJDK 64-Bit Server VM 25.0.3+9-LTS; Eclipse Adoptium Temurin-25.0.3+9) on Windows 11 10.0 (amd64)
[00:05:27 INFO]: [bootstrap] Loading Paper 26.2-112-main@c9e894d (2026-08-11T05:18:39Z) for Minecraft 26.2
[00:05:27 INFO]: [PluginInitializerManager] Initializing plugins...
[00:05:27 INFO]: [PluginInitializerManager] Initialized 1 plugin
[00:05:27 INFO]: [PluginInitializerManager] Bukkit plugins (1):
 - BranzMMO (1.0.0-SNAPSHOT)
WARNING: A terminally deprecated method in sun.misc.Unsafe has been called
WARNING: sun.misc.Unsafe::objectFieldOffset has been called by org.joml.MemUtil$MemUtilUnsafe (file:/C:/Users/User/AppData/Local/BranzMMORPGHarness/repo/mmo-bootstrap/run/libraries/org/joml/joml/1.10.8/joml-1.10.8.jar)
WARNING: Please consider reporting this to the maintainers of class org.joml.MemUtil$MemUtilUnsafe
WARNING: sun.misc.Unsafe::objectFieldOffset will be removed in a future release
[00:05:32 INFO]: [ca.spottedleaf.dataconverter.minecraft.datatypes.MCTypeRegistry] Initialising converters for DataConverter...
[00:05:33 INFO]: Environment: Environment[sessionHost=https://sessionserver.mojang.com, servicesHost=https://api.minecraftservices.com, profilesHost=https://api.mojang.com, name=PROD]
[00:05:33 INFO]: [ca.spottedleaf.dataconverter.minecraft.datatypes.MCTypeRegistry] Finished initialising converters for DataConverter in 565.7ms
[00:05:33 INFO]: Found new data pack paper, loading it automatically
[00:05:34 INFO]: No existing world data, creating new world
[00:05:35 INFO]: Loaded 1585 recipes
[00:05:35 INFO]: Loaded 1688 advancements
[00:05:35 INFO]: Starting minecraft server version 26.2
[00:05:35 INFO]: Loading properties
[00:05:35 INFO]: This server is running Paper version 26.2-112-main@c9e894d (2026-08-11T05:18:39Z) (Implementing API version 26.2.build.112-stable)
[00:05:35 INFO]: [spark] This server bundles the spark profiler. For more information please visit https://docs.papermc.io/paper/profiling
[00:05:35 INFO]: Using 4 threads for Netty based IO
[00:05:35 INFO]: Server Ping Player Sample Count: 12
[00:05:36 INFO]: [MoonriseCommon] Paper is using 3 worker threads, 1 I/O threads
[00:05:36 INFO]: Default game type: SURVIVAL
[00:05:36 INFO]: Generating keypair
[00:05:36 INFO]: Starting Minecraft server on *:25565
[00:05:36 INFO]: Paper: Using Java compression from Velocity.
[00:05:36 INFO]: Paper: Using Java cipher from Velocity.
[00:05:36 INFO]: [BranzMMO] Loading server plugin BranzMMO v1.0.0-SNAPSHOT
[00:05:36 INFO]: [BranzMMO] Enabling BranzMMO v1.0.0-SNAPSHOT
[00:05:36 INFO]: [BranzMMO] Loading and validating content snapshot from C:\Users\User\AppData\Local\BranzMMORPGHarness\repo\example-content\milestone-1
[00:05:36 WARN]: **** SERVER IS RUNNING IN OFFLINE/INSECURE MODE!
[00:05:36 WARN]: The server will make no attempt to authenticate usernames. Beware.
[00:05:36 WARN]: While this makes the game possible to play without internet access, it also opens up the ability for hackers to connect with any username they choose.
[00:05:36 WARN]: To change this, set "online-mode" to "true" in the server.properties file.
[00:05:36 INFO]: Preparing level "world"
[00:05:37 INFO]: Selecting spawn point for level 'minecraft:overworld'...
[00:05:41 INFO]: Selecting spawn point for level 'minecraft:the_nether'...
[00:05:41 INFO]: Selecting spawn point for level 'minecraft:the_end'...
[00:05:42 INFO]: Loading 0 persistent chunks for level 'minecraft:overworld'...
[00:05:42 INFO]: Preparing spawn area: 100%
[00:05:42 INFO]: Prepared spawn area in 4713 ms
[00:05:42 INFO]: Loading 0 persistent chunks for level 'minecraft:the_nether'...
[00:05:42 INFO]: Preparing spawn area: 100%
[00:05:42 INFO]: Prepared spawn area in 996 ms
[00:05:42 INFO]: Loading 0 persistent chunks for level 'minecraft:the_end'...
[00:05:42 INFO]: Preparing spawn area: 100%
[00:05:42 INFO]: Prepared spawn area in 325 ms
[00:05:42 INFO]: Done preparing level "world" (5.189s)
[00:05:42 INFO]: [spark] Starting background profiler...
[00:05:42 INFO]: [spark] The async-profiler engine is not supported for your os/arch (windows11/amd64), so the built-in Java engine will be used instead.
[00:05:42 INFO]: Saving chunks for level 'ServerLevel[world]'/minecraft:overworld
[00:05:42 INFO]: Saving chunks for level 'ServerLevel[world]'/minecraft:the_nether
[00:05:42 INFO]: Saving chunks for level 'ServerLevel[world]'/minecraft:the_end
[00:05:42 INFO]: ThreadedAnvilChunkStorage (world): All chunks are saved
[00:05:42 INFO]: ThreadedAnvilChunkStorage (DIM-1): All chunks are saved
[00:05:42 INFO]: ThreadedAnvilChunkStorage (DIM1): All chunks are saved
[00:05:42 INFO]: ThreadedAnvilChunkStorage: All dimensions are saved
[00:05:42 INFO]: Running delayed init tasks
[00:05:42 INFO]: Done (16.582s)! For help, type "help"
[00:05:42 INFO]: *************************************************************************************
[00:05:42 INFO]: This is the first time you're starting this server.
[00:05:42 INFO]: It's recommended you read our 'Getting Started' documentation for guidance.
[00:05:42 INFO]: View this and more helpful information here: https://docs.papermc.io/paper/next-steps
[00:05:42 INFO]: *************************************************************************************
[00:05:42 INFO]: [io.zonky.test.db.postgres.embedded.EmbeddedPostgres] Detected a Windows x86_64 system
[00:05:42 INFO]: [io.zonky.test.db.postgres.embedded.DefaultPostgresBinaryResolver] Detected distribution: 'Unknown'
[00:05:42 INFO]: [io.zonky.test.db.postgres.embedded.DefaultPostgresBinaryResolver] System specific postgres binaries found: 'postgres-windows-x86_64.txz'
[00:05:43 INFO]: [io.zonky.test.db.postgres.embedded.EmbeddedPostgres] Postgres binaries at C:\Users\User\AppData\Local\Temp\embedded-pg\PG-3942d5a1dcdbfebc27772e9e670d5d85
[00:05:43 INFO]: [io.zonky.test.db.postgres.embedded.EmbeddedPostgres] The files belonging to this database system will be owned by user "User".
[00:05:43 INFO]: [io.zonky.test.db.postgres.embedded.EmbeddedPostgres] This user must also own the server process.
[00:05:43 INFO]: [io.zonky.test.db.postgres.embedded.EmbeddedPostgres] 
[00:05:43 INFO]: [io.zonky.test.db.postgres.embedded.EmbeddedPostgres] The database cluster will be initialized with locale "English_United States.874".
[00:05:43 INFO]: [io.zonky.test.db.postgres.embedded.EmbeddedPostgres] The default text search configuration will be set to "english".
[00:05:43 INFO]: [io.zonky.test.db.postgres.embedded.EmbeddedPostgres] 
[00:05:43 INFO]: [io.zonky.test.db.postgres.embedded.EmbeddedPostgres] Data page checksums are disabled.
[00:05:43 INFO]: [io.zonky.test.db.postgres.embedded.EmbeddedPostgres] 
[00:05:43 INFO]: [io.zonky.test.db.postgres.embedded.EmbeddedPostgres] fixing permissions on existing directory C:/Users/User/AppData/Local/BranzMMORPGHarness/repo/mmo-bootstrap/run/plugins/BranzMMO/embedded-postgres ... ok
[00:05:44 INFO]: [io.zonky.test.db.postgres.embedded.EmbeddedPostgres] creating subdirectories ... ok
[00:05:44 INFO]: [io.zonky.test.db.postgres.embedded.EmbeddedPostgres] selecting dynamic shared memory implementation ... windows
[00:05:44 INFO]: [io.zonky.test.db.postgres.embedded.EmbeddedPostgres] selecting default max_connections ... 100
[00:05:44 INFO]: [io.zonky.test.db.postgres.embedded.EmbeddedPostgres] selecting default shared_buffers ... 128MB
[00:05:44 INFO]: [io.zonky.test.db.postgres.embedded.EmbeddedPostgres] selecting default time zone ... Asia/Bangkok
[00:05:44 INFO]: [io.zonky.test.db.postgres.embedded.EmbeddedPostgres] creating configuration files ... ok
[00:05:46 INFO]: [io.zonky.test.db.postgres.embedded.EmbeddedPostgres] running bootstrap script ... ok
[00:05:50 INFO]: [io.zonky.test.db.postgres.embedded.EmbeddedPostgres] performing post-bootstrap initialization ... ok
[00:05:54 INFO]: [io.zonky.test.db.postgres.embedded.EmbeddedPostgres] syncing data to disk ... ok
[00:05:54 INFO]: [io.zonky.test.db.postgres.embedded.EmbeddedPostgres] 
[00:05:54 INFO]: [io.zonky.test.db.postgres.embedded.EmbeddedPostgres] Success. You can now start the database server using:
[00:05:54 INFO]: [io.zonky.test.db.postgres.embedded.EmbeddedPostgres] 
[00:05:54 INFO]: [io.zonky.test.db.postgres.embedded.EmbeddedPostgres]     ^"C^:^\Users^\User^\AppData^\Local^\Temp^\embedded^-pg^\PG^-3942d5a1dcdbfebc27772e9e670d5d85^\bin^\pg^_ctl^" -D ^"C^:^\Users^\User^\AppData^\Local^\BranzMMORPGHarness^\repo^\mmo^-bootstrap^\run^\plugins^\BranzMMO^\embedded^-postgres^" -l logfile start
[00:05:54 INFO]: [io.zonky.test.db.postgres.embedded.EmbeddedPostgres] 
[00:05:54 INFO]: [io.zonky.test.db.postgres.embedded.EmbeddedPostgres] f06023d3-83a6-4540-b707-e0d0664fbf35 initdb completed in 00:00:11.177
[00:05:54 INFO]: [io.zonky.test.db.postgres.embedded.EmbeddedPostgres] f06023d3-83a6-4540-b707-e0d0664fbf35 postmaster started as Process[pid=20524, exitValue="not exited"] on port 57440.  Waiting up to PT10S for server startup to finish.
[00:05:55 INFO]: [io.zonky.test.db.postgres.embedded.EmbeddedPostgres] waiting for server to start....2026-08-20 00:05:55.297 +07 [24612] LOG:  starting PostgreSQL 14.22, compiled by Visual C++ build 1944, 64-bit
[00:05:55 INFO]: [io.zonky.test.db.postgres.embedded.EmbeddedPostgres] 2026-08-20 00:05:55.303 +07 [24612] LOG:  listening on IPv6 address "::1", port 57440
[00:05:55 INFO]: [io.zonky.test.db.postgres.embedded.EmbeddedPostgres] 2026-08-20 00:05:55.303 +07 [24612] LOG:  listening on IPv4 address "127.0.0.1", port 57440
[00:05:55 INFO]: [io.zonky.test.db.postgres.embedded.EmbeddedPostgres] 2026-08-20 00:05:55.352 +07 [20328] LOG:  database system was shut down at 2026-08-20 00:05:50 +07
[00:05:55 INFO]: [io.zonky.test.db.postgres.embedded.EmbeddedPostgres] 2026-08-20 00:05:55.448 +07 [24612] LOG:  database system is ready to accept connections
[00:05:55 INFO]: [io.zonky.test.db.postgres.embedded.EmbeddedPostgres]  done
[00:05:55 INFO]: [io.zonky.test.db.postgres.embedded.EmbeddedPostgres] server started
[00:05:55 INFO]: [io.zonky.test.db.postgres.embedded.EmbeddedPostgres] f06023d3-83a6-4540-b707-e0d0664fbf35 postmaster startup finished in 00:00:00.965
[00:05:58 INFO]: [BranzMMO] Milestone 3 runtime ready; item definitions=20, move definitions=6, spell definitions=5, technique definitions=5, form definitions=4, ailment definitions=6, encounter reward definitions=1, Scene presentation=WORLD_BACKED
[00:05:58 INFO]: [BranzMMO] Provider asset.oraxen=UNAVAILABLE [OPTIONAL]: plugin is not installed: Oraxen
[00:05:58 INFO]: [BranzMMO] Provider mob.mythicmobs=UNAVAILABLE [OPTIONAL]: plugin is not installed: MythicMobs
[00:05:58 INFO]: [BranzMMO] Provider packet.packetevents=UNAVAILABLE [OPTIONAL]: plugin is not installed: packetevents
[00:05:58 INFO]: [BranzMMO] Provider region.worldguard=UNAVAILABLE [OPTIONAL]: plugin is not installed: WorldGuard
[00:05:58 INFO]: [BranzMMO] Provider wallet.external=UNAVAILABLE [OPTIONAL]: plugin is not installed: Wallet
[00:05:58 WARN]: [BranzMMO] asset.oraxen [OPTIONAL]: plugin is not installed: Oraxen
[00:05:58 WARN]: [BranzMMO] mob.mythicmobs [OPTIONAL]: plugin is not installed: MythicMobs
[00:05:58 WARN]: [BranzMMO] packet.packetevents [OPTIONAL]: plugin is not installed: packetevents
[00:05:58 WARN]: [BranzMMO] region.worldguard [OPTIONAL]: plugin is not installed: WorldGuard
[00:05:58 WARN]: [BranzMMO] wallet.external [OPTIONAL]: plugin is not installed: Wallet
[00:05:58 INFO]: [BranzMMO] Branz MMO startup DEGRADED; content=v1.milestone-1.example.4, definitions=48
[00:05:58 INFO]: [BranzMMO] PostgreSQL runtime ready; mode=EMBEDDED_LOCAL, server-instance=local-cc6da791-a994-44d4-bd7d-23a2bc4df54f
[00:05:59 INFO]: [BranzMMO] Recovered 0 boss encounter(s) from V0009.
[00:05:59 INFO]: [BranzMMO] Recovered 0 downed encounter(s) from V0010.
[00:05:59 INFO]: [BranzMMO] Death Pouch reconciliation is ready.
[00:06:28 INFO]: UUID of player Player0 is 2654e3c3-150d-3857-a426-0b141796a4e0
[00:06:34 INFO]: Player0 joined the game
[00:06:34 INFO]: Player0[/127.0.0.1:52958] logged in with entity id 8 at ([minecraft:overworld]-54.5, 125.0, 8.5)
[00:06:34 INFO]: Made Player0 a server operator
[00:06:34 INFO]: Set 7 experience levels on Player0
[00:06:36 INFO]: Player0 issued server command: /item replace entity @s hotbar.0 with minecraft:stone
[00:06:36 INFO]: [Player0: Replaced a slot on Player0 with [Stone]]
[00:06:36 INFO]: Player0 issued server command: /item replace entity @s hotbar.1 with minecraft:stone
[00:06:36 INFO]: [Player0: Replaced a slot on Player0 with [Stone]]
[00:06:36 INFO]: Player0 issued server command: /item replace entity @s hotbar.2 with minecraft:stone
[00:06:36 INFO]: [Player0: Replaced a slot on Player0 with [Stone]]
[00:06:36 INFO]: Player0 issued server command: /item replace entity @s hotbar.3 with minecraft:stone
[00:06:36 INFO]: [Player0: Replaced a slot on Player0 with [Stone]]
[00:06:36 INFO]: Player0 issued server command: /item replace entity @s hotbar.4 with minecraft:stone
[00:06:36 INFO]: [Player0: Replaced a slot on Player0 with [Stone]]
[00:06:36 INFO]: Player0 issued server command: /item replace entity @s hotbar.5 with minecraft:stone
[00:06:36 INFO]: [Player0: Replaced a slot on Player0 with [Stone]]
[00:06:37 INFO]: Player0 issued server command: /item replace entity @s hotbar.6 with minecraft:stone
[00:06:37 INFO]: [Player0: Replaced a slot on Player0 with [Stone]]
[00:06:37 INFO]: Player0 issued server command: /item replace entity @s hotbar.7 with minecraft:stone
[00:06:37 INFO]: [Player0: Replaced a slot on Player0 with [Stone]]
[00:06:37 INFO]: Player0 issued server command: /item replace entity @s hotbar.7 with minecraft:air
[00:06:37 INFO]: [Player0: Replaced a slot on Player0 with [Air]]
[00:06:37 INFO]: Player0 issued server command: /mmo dev
[00:06:40 INFO]: Player0 issued server command: /item replace entity @s hotbar.6 with minecraft:air
[00:06:40 INFO]: [Player0: Replaced a slot on Player0 with [Air]]
[00:06:40 INFO]: Player0 issued server command: /mmo dev
[00:06:42 INFO]: Player0 issued server command: /item replace entity @s hotbar.5 with minecraft:air
[00:06:42 INFO]: [Player0: Replaced a slot on Player0 with [Air]]
[00:06:42 INFO]: Player0 issued server command: /mmo dev
[00:06:43 INFO]: Player0 has made the advancement [Into Fire]
[00:06:45 INFO]: Player0 issued server command: /mmo physical status
[00:06:45 INFO]: Player0 issued server command: /mmo physical status
[00:06:46 INFO]: Player0 issued server command: /mmo physical status
[00:06:48 INFO]: Player0 issued server command: /mmo physical status
[00:06:51 INFO]: Player0 issued server command: /execute at @s run summon minecraft:husk ^ ^ ^12 {PersistenceRequired:1b,Silent:1b,Tags:["branz_d46_source"]}
[00:06:51 INFO]: [Player0: Summoned new Husk]
[00:06:51 INFO]: Player0 issued server command: /effect give @e[tag=branz_d46_source,limit=1] minecraft:slowness infinite 255 true
[00:06:52 INFO]: [Player0: Applied effect Slowness to Husk]
[00:06:54 INFO]: Player0 issued server command: /effect clear @e[tag=branz_d46_source,limit=1] minecraft:slowness
[00:06:54 INFO]: [Player0: Removed effect Slowness from Husk]
[00:06:54 INFO]: Player0 issued server command: /execute at @s run tp @e[tag=branz_d46_source,limit=1] ^ ^ ^1.5
[00:06:54 INFO]: [Player0: Teleported Husk to -54.500000, 125.000000, 10.000000]
[00:06:55 INFO]: Player0 issued server command: /execute at @s run tp @e[tag=branz_d46_source,limit=1] ^ ^ ^12
[00:06:55 INFO]: [Player0: Teleported Husk to -54.500000, 125.000000, 20.500000]
[00:06:56 INFO]: Player0 issued server command: /mmo health
[00:06:56 INFO]: [BranzMMO] PHYSICAL_AUTHORITY_SHIELD_D46_USE_SERVER player=Player0 hand=HAND action=RIGHT_CLICK_AIR material=IRON_SWORD selected=weapon.training_sword selected-family=SWORD_SHIELD mutation=false offhand=equipment.training_shield loadout=OK weapon-durability=OK shield-durability=OK
[00:06:56 INFO]: [BranzMMO] PHYSICAL_AUTHORITY_SHIELD_D46_USE_SERVER player=Player0 hand=OFF_HAND action=RIGHT_CLICK_AIR material=SHIELD selected=weapon.training_sword selected-family=SWORD_SHIELD mutation=false offhand=equipment.training_shield loadout=OK weapon-durability=OK shield-durability=OK
[00:06:56 INFO]: Player0 issued server command: /mmo health
[00:06:56 INFO]: Player0 issued server command: /mmo physical status
[00:06:57 INFO]: Player0 issued server command: /execute at @s run tp @e[tag=branz_d46_source,limit=1] ^ ^ ^1.5
[00:06:57 INFO]: [Player0: Teleported Husk to -54.500000, 125.000000, 10.000000]
[00:06:57 INFO]: Player0 issued server command: /mmo physical status
[00:06:58 INFO]: Player0 issued server command: /mmo physical status
[00:06:59 INFO]: Player0 issued server command: /mmo physical status
[00:07:00 INFO]: Player0 issued server command: /kill @e[tag=branz_d46_source]
[00:07:00 INFO]: [Player0: Killed Husk]
[00:07:02 INFO]: Player0 issued server command: /mmo physical status
[00:07:14 INFO]: Player0 lost connection: Disconnected
[00:07:14 INFO]: Player0 left the game
[00:07:15 INFO]: Stopping the server
[00:07:15 INFO]: Stopping server
[00:07:15 INFO]: [BranzMMO] Disabling BranzMMO v1.0.0-SNAPSHOT
[00:07:16 INFO]: [io.zonky.test.db.postgres.embedded.EmbeddedPostgres] 2026-08-20 00:07:16.030 +07 [24612] LOG:  received fast shutdown request
[00:07:16 INFO]: [io.zonky.test.db.postgres.embedded.EmbeddedPostgres] 2026-08-20 00:07:16.031 +07 [24612] LOG:  aborting any active transactions
[00:07:16 INFO]: [io.zonky.test.db.postgres.embedded.EmbeddedPostgres] 2026-08-20 00:07:16.036 +07 [24612] LOG:  background worker "logical replication launcher" (PID 6516) exited with exit code 1
[00:07:16 INFO]: [io.zonky.test.db.postgres.embedded.EmbeddedPostgres] 2026-08-20 00:07:16.037 +07 [15464] LOG:  shutting down
[00:07:16 INFO]: [io.zonky.test.db.postgres.embedded.EmbeddedPostgres] 2026-08-20 00:07:16.274 +07 [24612] LOG:  database system is shut down
[00:07:16 INFO]: [io.zonky.test.db.postgres.embedded.EmbeddedPostgres] waiting for server to shut down.... done
[00:07:16 INFO]: [io.zonky.test.db.postgres.embedded.EmbeddedPostgres] server stopped
[00:07:16 INFO]: [io.zonky.test.db.postgres.embedded.EmbeddedPostgres] f06023d3-83a6-4540-b707-e0d0664fbf35 shut down postmaster in 00:00:00.420
[00:07:16 INFO]: [io.zonky.test.db.postgres.embedded.EmbeddedPostgres] Did not clean up directory C:\Users\User\AppData\Local\BranzMMORPGHarness\repo\mmo-bootstrap\run\plugins\BranzMMO\embedded-postgres
[00:07:16 INFO]: [BranzMMO] Branz MMO platform disabled cleanly.
[00:07:16 INFO]: Saving players
[00:07:16 INFO]: Saving worlds
[00:07:16 INFO]: Saving chunks for level 'ServerLevel[world]'/minecraft:overworld
[00:07:16 INFO]: [ChunkHolderManager] Waiting 60s for chunk system to halt for world 'minecraft:overworld'
[00:07:16 INFO]: [ChunkHolderManager] Halted chunk system for world 'minecraft:overworld'
[00:07:16 INFO]: [ChunkHolderManager] Saving all chunkholders for world 'minecraft:overworld'
[00:07:18 INFO]: [ChunkHolderManager] Saved 2209 block chunks, 625 entity chunks, 2 poi chunks in world 'minecraft:overworld' in 1.58s
[00:07:18 INFO]: [ChunkHolderManager] Waiting 60s for chunk I/O to halt for world 'minecraft:overworld'
[00:07:18 INFO]: [ChunkHolderManager] Halted I/O scheduler for world 'minecraft:overworld'
[00:07:18 INFO]: Saving chunks for level 'ServerLevel[world]'/minecraft:the_nether
[00:07:18 INFO]: [ChunkHolderManager] Waiting 60s for chunk system to halt for world 'minecraft:the_nether'
[00:07:18 INFO]: [ChunkHolderManager] Halted chunk system for world 'minecraft:the_nether'
[00:07:18 INFO]: [ChunkHolderManager] Saving all chunkholders for world 'minecraft:the_nether'
[00:07:18 INFO]: [ChunkHolderManager] Saved 0 block chunks, 0 entity chunks, 0 poi chunks in world 'minecraft:the_nether' in 0.00s
[00:07:18 INFO]: [ChunkHolderManager] Waiting 60s for chunk I/O to halt for world 'minecraft:the_nether'
[00:07:18 INFO]: [ChunkHolderManager] Halted I/O scheduler for world 'minecraft:the_nether'
[00:07:18 INFO]: Saving chunks for level 'ServerLevel[world]'/minecraft:the_end
[00:07:18 INFO]: [ChunkHolderManager] Waiting 60s for chunk system to halt for world 'minecraft:the_end'
[00:07:18 INFO]: [ChunkHolderManager] Halted chunk system for world 'minecraft:the_end'
[00:07:18 INFO]: [ChunkHolderManager] Saving all chunkholders for world 'minecraft:the_end'
[00:07:18 INFO]: [ChunkHolderManager] Saved 0 block chunks, 0 entity chunks, 0 poi chunks in world 'minecraft:the_end' in 0.00s
[00:07:18 INFO]: [ChunkHolderManager] Waiting 60s for chunk I/O to halt for world 'minecraft:the_end'
[00:07:18 INFO]: [ChunkHolderManager] Halted I/O scheduler for world 'minecraft:the_end'
[00:07:18 INFO]: ThreadedAnvilChunkStorage (world): All chunks are saved
[00:07:18 INFO]: ThreadedAnvilChunkStorage (DIM-1): All chunks are saved
[00:07:18 INFO]: ThreadedAnvilChunkStorage (DIM1): All chunks are saved
[00:07:18 INFO]: ThreadedAnvilChunkStorage: All dimensions are saved
[00:07:18 INFO]: Waiting for all RegionFile I/O tasks to complete...
[00:07:18 INFO]: All RegionFile I/O tasks to complete
[00:07:18 INFO]: [MoonriseCommon] Awaiting termination of worker pool for up to 60s...
[00:07:18 INFO]: [MoonriseCommon] Awaiting termination of I/O pool for up to 60s...

BUILD SUCCESSFUL in 2m 18s
39 actionable tasks: 1 executed, 38 up-to-date
Consider enabling configuration cache to speed up this build: https://docs.gradle.org/9.1.0/userguide/configuration_cache_enabling.html
