To honour the JVM settings for this build a single-use Daemon process will be forked. For more on this, please refer to https://docs.gradle.org/9.1.0/userguide/gradle_daemon.html#sec:disabling_the_daemon in the Gradle documentation.
Daemon will be stopped at the end of the build 
> Task :mmo-api:compileJava UP-TO-DATE
> Task :mmo-api:processResources NO-SOURCE
> Task :mmo-api:classes UP-TO-DATE
> Task :mmo-api:jar UP-TO-DATE
> Task :mmo-content:compileJava UP-TO-DATE
> Task :mmo-combat:compileJava UP-TO-DATE
> Task :mmo-integrations:compileJava UP-TO-DATE
> Task :mmo-items:compileJava UP-TO-DATE
> Task :mmo-lifeskills:compileJava UP-TO-DATE
> Task :mmo-magic:compileJava UP-TO-DATE
> Task :mmo-progression:compileJava UP-TO-DATE
> Task :mmo-persistence:compileJava UP-TO-DATE
> Task :mmo-scenes:compileJava UP-TO-DATE
> Task :mmo-social:compileJava UP-TO-DATE
> Task :mmo-worldloop:compileJava UP-TO-DATE
> Task :mmo-integrations:integration-mythicmobs:compileJava UP-TO-DATE
> Task :mmo-integrations:integration-oraxen:compileJava UP-TO-DATE
> Task :mmo-integrations:integration-packetevents:compileJava UP-TO-DATE
> Task :mmo-integrations:integration-wallet:compileJava UP-TO-DATE
> Task :mmo-integrations:integration-worldguard:compileJava UP-TO-DATE
> Task :mmo-bootstrap:compileJava
> Task :mmo-bootstrap:processResources UP-TO-DATE
> Task :mmo-bootstrap:classes
> Task :mmo-combat:processResources NO-SOURCE
> Task :mmo-combat:classes UP-TO-DATE
> Task :mmo-combat:jar UP-TO-DATE
> Task :mmo-content:processResources NO-SOURCE
> Task :mmo-content:classes UP-TO-DATE
> Task :mmo-content:jar UP-TO-DATE
> Task :mmo-integrations:processResources NO-SOURCE
> Task :mmo-integrations:classes UP-TO-DATE
> Task :mmo-integrations:jar UP-TO-DATE
> Task :mmo-items:processResources NO-SOURCE
> Task :mmo-items:classes UP-TO-DATE
> Task :mmo-items:jar UP-TO-DATE
> Task :mmo-lifeskills:processResources NO-SOURCE
> Task :mmo-lifeskills:classes UP-TO-DATE
> Task :mmo-lifeskills:jar UP-TO-DATE
> Task :mmo-magic:processResources NO-SOURCE
> Task :mmo-magic:classes UP-TO-DATE
> Task :mmo-magic:jar UP-TO-DATE
> Task :mmo-persistence:processResources UP-TO-DATE
> Task :mmo-persistence:classes UP-TO-DATE
> Task :mmo-persistence:jar UP-TO-DATE
> Task :mmo-progression:processResources NO-SOURCE
> Task :mmo-progression:classes UP-TO-DATE
> Task :mmo-progression:jar UP-TO-DATE
> Task :mmo-scenes:processResources NO-SOURCE
> Task :mmo-scenes:classes UP-TO-DATE
> Task :mmo-scenes:jar UP-TO-DATE
> Task :mmo-social:processResources NO-SOURCE
> Task :mmo-social:classes UP-TO-DATE
> Task :mmo-social:jar UP-TO-DATE
> Task :mmo-worldloop:processResources NO-SOURCE
> Task :mmo-worldloop:classes UP-TO-DATE
> Task :mmo-worldloop:jar UP-TO-DATE
> Task :mmo-integrations:integration-mythicmobs:processResources NO-SOURCE
> Task :mmo-integrations:integration-mythicmobs:classes UP-TO-DATE
> Task :mmo-integrations:integration-mythicmobs:jar UP-TO-DATE
> Task :mmo-integrations:integration-oraxen:processResources NO-SOURCE
> Task :mmo-integrations:integration-oraxen:classes UP-TO-DATE
> Task :mmo-integrations:integration-oraxen:jar UP-TO-DATE
> Task :mmo-integrations:integration-packetevents:processResources NO-SOURCE
> Task :mmo-integrations:integration-packetevents:classes UP-TO-DATE
> Task :mmo-integrations:integration-packetevents:jar UP-TO-DATE
> Task :mmo-integrations:integration-wallet:processResources NO-SOURCE
> Task :mmo-integrations:integration-wallet:classes UP-TO-DATE
> Task :mmo-integrations:integration-wallet:jar UP-TO-DATE
> Task :mmo-integrations:integration-worldguard:processResources NO-SOURCE
> Task :mmo-integrations:integration-worldguard:classes UP-TO-DATE
> Task :mmo-integrations:integration-worldguard:jar UP-TO-DATE
> Task :mmo-bootstrap:shadowJar

> Task :mmo-bootstrap:runServer
Fetching latest Paper build for version 26.2...
Latest build for 26.2 is 112.
Located Paper 26.2 build 112 in local cache.
Starting Paper...

Downloading mojang_26.2.jar
Applying patches
Starting org.bukkit.craftbukkit.Main
2026-08-11T16:42:38.573614600Z ServerMain WARN Advanced terminal features are not available in this environment
[23:42:38 INFO]: [bootstrap] Running Java 25 (OpenJDK 64-Bit Server VM 25.0.3+9-LTS; Eclipse Adoptium Temurin-25.0.3+9) on Windows 11 10.0 (amd64)
[23:42:38 INFO]: [bootstrap] Loading Paper 26.2-112-main@c9e894d (2026-08-11T05:18:39Z) for Minecraft 26.2
[23:42:38 INFO]: [PluginInitializerManager] Initializing plugins...
[23:42:39 INFO]: [PluginInitializerManager] Initialized 1 plugin
[23:42:39 INFO]: [PluginInitializerManager] Bukkit plugins (1):
 - BranzMMO (1.0.0-SNAPSHOT)
WARNING: A terminally deprecated method in sun.misc.Unsafe has been called
WARNING: sun.misc.Unsafe::objectFieldOffset has been called by org.joml.MemUtil$MemUtilUnsafe (file:/C:/Users/User/AppData/Local/BranzMMORPGHarness/repo/mmo-bootstrap/run/libraries/org/joml/joml/1.10.8/joml-1.10.8.jar)
WARNING: Please consider reporting this to the maintainers of class org.joml.MemUtil$MemUtilUnsafe
WARNING: sun.misc.Unsafe::objectFieldOffset will be removed in a future release
[23:42:43 INFO]: [ca.spottedleaf.dataconverter.minecraft.datatypes.MCTypeRegistry] Initialising converters for DataConverter...
[23:42:43 INFO]: Environment: Environment[sessionHost=https://sessionserver.mojang.com, servicesHost=https://api.minecraftservices.com, profilesHost=https://api.mojang.com, name=PROD]
[23:42:44 INFO]: [ca.spottedleaf.dataconverter.minecraft.datatypes.MCTypeRegistry] Finished initialising converters for DataConverter in 487.7ms
[23:42:44 INFO]: Found new data pack paper, loading it automatically
[23:42:45 INFO]: No existing world data, creating new world
[23:42:45 INFO]: Loaded 1585 recipes
[23:42:46 INFO]: Loaded 1688 advancements
[23:42:46 INFO]: Starting minecraft server version 26.2
[23:42:46 INFO]: Loading properties
[23:42:46 INFO]: This server is running Paper version 26.2-112-main@c9e894d (2026-08-11T05:18:39Z) (Implementing API version 26.2.build.112-stable)
[23:42:46 INFO]: [spark] This server bundles the spark profiler. For more information please visit https://docs.papermc.io/paper/profiling
[23:42:46 INFO]: Using 4 threads for Netty based IO
[23:42:46 INFO]: Server Ping Player Sample Count: 12
[23:42:46 INFO]: [MoonriseCommon] Paper is using 3 worker threads, 1 I/O threads
[23:42:46 INFO]: Default game type: SURVIVAL
[23:42:46 INFO]: Generating keypair
[23:42:46 INFO]: Starting Minecraft server on *:25565
[23:42:46 INFO]: Paper: Using Java compression from Velocity.
[23:42:46 INFO]: Paper: Using Java cipher from Velocity.
[23:42:47 INFO]: [BranzMMO] Loading server plugin BranzMMO v1.0.0-SNAPSHOT
[23:42:47 INFO]: [BranzMMO] Enabling BranzMMO v1.0.0-SNAPSHOT
[23:42:47 INFO]: [BranzMMO] Loading and validating content snapshot from C:\Users\User\AppData\Local\BranzMMORPGHarness\repo\example-content\milestone-1
[23:42:47 WARN]: **** SERVER IS RUNNING IN OFFLINE/INSECURE MODE!
[23:42:47 WARN]: The server will make no attempt to authenticate usernames. Beware.
[23:42:47 WARN]: While this makes the game possible to play without internet access, it also opens up the ability for hackers to connect with any username they choose.
[23:42:47 WARN]: To change this, set "online-mode" to "true" in the server.properties file.
[23:42:47 INFO]: Preparing level "world"
[23:42:47 INFO]: Selecting spawn point for level 'minecraft:overworld'...
[23:42:51 INFO]: Selecting spawn point for level 'minecraft:the_nether'...
[23:42:51 INFO]: Selecting spawn point for level 'minecraft:the_end'...
[23:42:51 INFO]: Loading 0 persistent chunks for level 'minecraft:overworld'...
[23:42:51 INFO]: Preparing spawn area: 100%
[23:42:51 INFO]: Prepared spawn area in 4391 ms
[23:42:51 INFO]: Loading 0 persistent chunks for level 'minecraft:the_nether'...
[23:42:51 INFO]: Preparing spawn area: 100%
[23:42:51 INFO]: Prepared spawn area in 921 ms
[23:42:51 INFO]: Loading 0 persistent chunks for level 'minecraft:the_end'...
[23:42:51 INFO]: Preparing spawn area: 100%
[23:42:51 INFO]: Prepared spawn area in 249 ms
[23:42:51 INFO]: Done preparing level "world" (4.778s)
[23:42:52 INFO]: [spark] Starting background profiler...
[23:42:52 INFO]: [spark] The async-profiler engine is not supported for your os/arch (windows11/amd64), so the built-in Java engine will be used instead.
[23:42:52 INFO]: Saving chunks for level 'ServerLevel[world]'/minecraft:overworld
[23:42:52 INFO]: Saving chunks for level 'ServerLevel[world]'/minecraft:the_nether
[23:42:52 INFO]: Saving chunks for level 'ServerLevel[world]'/minecraft:the_end
[23:42:52 INFO]: ThreadedAnvilChunkStorage (world): All chunks are saved
[23:42:52 INFO]: ThreadedAnvilChunkStorage (DIM-1): All chunks are saved
[23:42:52 INFO]: ThreadedAnvilChunkStorage (DIM1): All chunks are saved
[23:42:52 INFO]: ThreadedAnvilChunkStorage: All dimensions are saved
[23:42:52 INFO]: Running delayed init tasks
[23:42:52 INFO]: Done (14.690s)! For help, type "help"
[23:42:52 INFO]: *************************************************************************************
[23:42:52 INFO]: This is the first time you're starting this server.
[23:42:52 INFO]: It's recommended you read our 'Getting Started' documentation for guidance.
[23:42:52 INFO]: View this and more helpful information here: https://docs.papermc.io/paper/next-steps
[23:42:52 INFO]: *************************************************************************************
[23:42:52 INFO]: [io.zonky.test.db.postgres.embedded.EmbeddedPostgres] Detected a Windows x86_64 system
[23:42:52 INFO]: [io.zonky.test.db.postgres.embedded.DefaultPostgresBinaryResolver] Detected distribution: 'Unknown'
[23:42:52 INFO]: [io.zonky.test.db.postgres.embedded.DefaultPostgresBinaryResolver] System specific postgres binaries found: 'postgres-windows-x86_64.txz'
[23:42:53 INFO]: [io.zonky.test.db.postgres.embedded.EmbeddedPostgres] Postgres binaries at C:\Users\User\AppData\Local\Temp\embedded-pg\PG-3942d5a1dcdbfebc27772e9e670d5d85
[23:42:53 INFO]: [io.zonky.test.db.postgres.embedded.EmbeddedPostgres] The files belonging to this database system will be owned by user "User".
[23:42:53 INFO]: [io.zonky.test.db.postgres.embedded.EmbeddedPostgres] This user must also own the server process.
[23:42:53 INFO]: [io.zonky.test.db.postgres.embedded.EmbeddedPostgres] 
[23:42:53 INFO]: [io.zonky.test.db.postgres.embedded.EmbeddedPostgres] The database cluster will be initialized with locale "English_United States.874".
[23:42:53 INFO]: [io.zonky.test.db.postgres.embedded.EmbeddedPostgres] The default text search configuration will be set to "english".
[23:42:53 INFO]: [io.zonky.test.db.postgres.embedded.EmbeddedPostgres] 
[23:42:53 INFO]: [io.zonky.test.db.postgres.embedded.EmbeddedPostgres] Data page checksums are disabled.
[23:42:53 INFO]: [io.zonky.test.db.postgres.embedded.EmbeddedPostgres] 
[23:42:53 INFO]: [io.zonky.test.db.postgres.embedded.EmbeddedPostgres] fixing permissions on existing directory C:/Users/User/AppData/Local/BranzMMORPGHarness/repo/mmo-bootstrap/run/plugins/BranzMMO/embedded-postgres ... ok
[23:42:53 INFO]: [io.zonky.test.db.postgres.embedded.EmbeddedPostgres] creating subdirectories ... ok
[23:42:53 INFO]: [io.zonky.test.db.postgres.embedded.EmbeddedPostgres] selecting dynamic shared memory implementation ... windows
[23:42:53 INFO]: [io.zonky.test.db.postgres.embedded.EmbeddedPostgres] selecting default max_connections ... 100
[23:42:53 INFO]: [io.zonky.test.db.postgres.embedded.EmbeddedPostgres] selecting default shared_buffers ... 128MB
[23:42:53 INFO]: [io.zonky.test.db.postgres.embedded.EmbeddedPostgres] selecting default time zone ... Asia/Bangkok
[23:42:53 INFO]: [io.zonky.test.db.postgres.embedded.EmbeddedPostgres] creating configuration files ... ok
[23:42:55 INFO]: [io.zonky.test.db.postgres.embedded.EmbeddedPostgres] running bootstrap script ... ok
[23:42:58 INFO]: [io.zonky.test.db.postgres.embedded.EmbeddedPostgres] performing post-bootstrap initialization ... ok
[23:43:02 INFO]: [io.zonky.test.db.postgres.embedded.EmbeddedPostgres] syncing data to disk ... ok
[23:43:02 INFO]: [io.zonky.test.db.postgres.embedded.EmbeddedPostgres] 
[23:43:02 INFO]: [io.zonky.test.db.postgres.embedded.EmbeddedPostgres] Success. You can now start the database server using:
[23:43:02 INFO]: [io.zonky.test.db.postgres.embedded.EmbeddedPostgres] 
[23:43:02 INFO]: [io.zonky.test.db.postgres.embedded.EmbeddedPostgres]     ^"C^:^\Users^\User^\AppData^\Local^\Temp^\embedded^-pg^\PG^-3942d5a1dcdbfebc27772e9e670d5d85^\bin^\pg^_ctl^" -D ^"C^:^\Users^\User^\AppData^\Local^\BranzMMORPGHarness^\repo^\mmo^-bootstrap^\run^\plugins^\BranzMMO^\embedded^-postgres^" -l logfile start
[23:43:02 INFO]: [io.zonky.test.db.postgres.embedded.EmbeddedPostgres] 
[23:43:03 INFO]: [io.zonky.test.db.postgres.embedded.EmbeddedPostgres] d73aff7a-b501-42f3-af74-76c3717c0bf1 initdb completed in 00:00:09.702
[23:43:03 INFO]: [io.zonky.test.db.postgres.embedded.EmbeddedPostgres] d73aff7a-b501-42f3-af74-76c3717c0bf1 postmaster started as Process[pid=22760, exitValue="not exited"] on port 51454.  Waiting up to PT10S for server startup to finish.
[23:43:03 INFO]: [io.zonky.test.db.postgres.embedded.EmbeddedPostgres] waiting for server to start....2026-08-11 23:43:03.271 +07 [23296] LOG:  starting PostgreSQL 14.22, compiled by Visual C++ build 1944, 64-bit
[23:43:03 INFO]: [io.zonky.test.db.postgres.embedded.EmbeddedPostgres] 2026-08-11 23:43:03.277 +07 [23296] LOG:  listening on IPv6 address "::1", port 51454
[23:43:03 INFO]: [io.zonky.test.db.postgres.embedded.EmbeddedPostgres] 2026-08-11 23:43:03.278 +07 [23296] LOG:  listening on IPv4 address "127.0.0.1", port 51454
[23:43:03 INFO]: [io.zonky.test.db.postgres.embedded.EmbeddedPostgres] 2026-08-11 23:43:03.335 +07 [10548] LOG:  database system was shut down at 2026-08-11 23:42:58 +07
[23:43:03 INFO]: [io.zonky.test.db.postgres.embedded.EmbeddedPostgres] 2026-08-11 23:43:03.484 +07 [23296] LOG:  database system is ready to accept connections
[23:43:03 INFO]: [io.zonky.test.db.postgres.embedded.EmbeddedPostgres]  done
[23:43:03 INFO]: [io.zonky.test.db.postgres.embedded.EmbeddedPostgres] server started
[23:43:03 INFO]: [io.zonky.test.db.postgres.embedded.EmbeddedPostgres] d73aff7a-b501-42f3-af74-76c3717c0bf1 postmaster startup finished in 00:00:00.953
[23:43:06 INFO]: [BranzMMO] Milestone 3 runtime ready; item definitions=20, move definitions=6, spell definitions=5, technique definitions=5, form definitions=4, ailment definitions=6, encounter reward definitions=1, Scene presentation=WORLD_BACKED
[23:43:06 INFO]: [BranzMMO] Provider asset.oraxen=UNAVAILABLE [OPTIONAL]: plugin is not installed: Oraxen
[23:43:06 INFO]: [BranzMMO] Provider mob.mythicmobs=UNAVAILABLE [OPTIONAL]: plugin is not installed: MythicMobs
[23:43:06 INFO]: [BranzMMO] Provider packet.packetevents=UNAVAILABLE [OPTIONAL]: plugin is not installed: packetevents
[23:43:06 INFO]: [BranzMMO] Provider region.worldguard=UNAVAILABLE [OPTIONAL]: plugin is not installed: WorldGuard
[23:43:06 INFO]: [BranzMMO] Provider wallet.external=UNAVAILABLE [OPTIONAL]: plugin is not installed: Wallet
[23:43:06 WARN]: [BranzMMO] asset.oraxen [OPTIONAL]: plugin is not installed: Oraxen
[23:43:06 WARN]: [BranzMMO] mob.mythicmobs [OPTIONAL]: plugin is not installed: MythicMobs
[23:43:06 WARN]: [BranzMMO] packet.packetevents [OPTIONAL]: plugin is not installed: packetevents
[23:43:06 WARN]: [BranzMMO] region.worldguard [OPTIONAL]: plugin is not installed: WorldGuard
[23:43:06 WARN]: [BranzMMO] wallet.external [OPTIONAL]: plugin is not installed: Wallet
[23:43:06 INFO]: [BranzMMO] Branz MMO startup DEGRADED; content=v1.milestone-1.example.4, definitions=48
[23:43:06 INFO]: [BranzMMO] PostgreSQL runtime ready; mode=EMBEDDED_LOCAL, server-instance=local-bf3624b5-cee8-471b-9dd1-297ec21ea81d
[23:43:06 INFO]: [BranzMMO] Recovered 0 boss encounter(s) from V0009.
[23:43:06 INFO]: [BranzMMO] Death Pouch reconciliation is ready.
[23:43:06 INFO]: [BranzMMO] Recovered 0 downed encounter(s) from V0010.
[23:43:36 INFO]: UUID of player Player0 is 2654e3c3-150d-3857-a426-0b141796a4e0
[23:43:43 INFO]: Player0 joined the game
[23:43:43 INFO]: Player0[/127.0.0.1:51517] logged in with entity id 1 at ([minecraft:overworld]-885.5, 66.0, -125.5)
[23:43:44 INFO]: Made Player0 a server operator
[23:43:44 INFO]: Set 7 experience levels on Player0
[23:43:47 INFO]: Player0 issued server command: /mmo physical status
[23:43:47 INFO]: Stopping the server
[23:43:47 INFO]: Stopping server
[23:43:47 INFO]: [BranzMMO] Disabling BranzMMO v1.0.0-SNAPSHOT
[23:43:47 ERROR]: [ca.spottedleaf.moonrise.common.util.TickThread] Thread failed main thread check: Accessing poi chunk off-main, context=thread=Paper Common Worker #0, world=minecraft:overworld, chunk_pos=[-56, -14]
java.lang.Throwable
	at ca.spottedleaf.moonrise.common.util.TickThread.ensureTickThread(TickThread.java:64) ~[paper-26.2.jar:26.2-112-c9e894d]
	at net.minecraft.world.entity.ai.village.poi.PoiManager.getOrLoad(PoiManager.java:89) ~[paper-26.2.jar:26.2-112-c9e894d]
	at net.minecraft.world.entity.ai.village.poi.PoiManager.exists(PoiManager.java:410) ~[paper-26.2.jar:26.2-112-c9e894d]
	at net.minecraft.server.level.ServerLevel.lambda$updatePOIOnBlockStateChange$3(ServerLevel.java:2400) ~[paper-26.2.jar:26.2-112-c9e894d]
	at net.minecraft.server.TickTask.run(TickTask.java:18) ~[paper-26.2.jar:26.2-112-c9e894d]
	at net.minecraft.util.thread.BlockableEventLoop.doRunTask(BlockableEventLoop.java:207) ~[paper-26.2.jar:26.2-112-c9e894d]
	at net.minecraft.util.thread.ReentrantBlockableEventLoop.doRunTask(ReentrantBlockableEventLoop.java:24) ~[paper-26.2.jar:26.2-112-c9e894d]
	at net.minecraft.server.MinecraftServer.doRunTask(MinecraftServer.java:1534) ~[paper-26.2.jar:26.2-112-c9e894d]
	at net.minecraft.server.MinecraftServer.doRunTask(MinecraftServer.java:192) ~[paper-26.2.jar:26.2-112-c9e894d]
	at net.minecraft.util.thread.BlockableEventLoop.execute(BlockableEventLoop.java:150) ~[paper-26.2.jar:26.2-112-c9e894d]
	at net.minecraft.server.level.ServerLevel.lambda$updatePOIOnBlockStateChange$2(ServerLevel.java:2398) ~[paper-26.2.jar:26.2-112-c9e894d]
	at java.base/java.util.Optional.ifPresent(Optional.java:178) ~[?:?]
	at net.minecraft.server.level.ServerLevel.updatePOIOnBlockStateChange(ServerLevel.java:2398) ~[paper-26.2.jar:26.2-112-c9e894d]
	at net.minecraft.server.level.WorldGenRegion.setBlock(WorldGenRegion.java:366) ~[paper-26.2.jar:26.2-112-c9e894d]
	at net.minecraft.world.level.LevelWriter.setBlock(LevelWriter.java:13) ~[paper-26.2.jar:26.2-112-c9e894d]
	at net.minecraft.world.level.levelgen.structure.templatesystem.StructureTemplate.placeInWorld(StructureTemplate.java:322) ~[paper-26.2.jar:26.2-112-c9e894d]
	at net.minecraft.world.level.levelgen.structure.pools.SinglePoolElement.place(SinglePoolElement.java:152) ~[paper-26.2.jar:26.2-112-c9e894d]
	at net.minecraft.world.level.levelgen.structure.PoolElementStructurePiece.place(PoolElementStructurePiece.java:113) ~[paper-26.2.jar:26.2-112-c9e894d]
	at net.minecraft.world.level.levelgen.structure.PoolElementStructurePiece.postProcess(PoolElementStructurePiece.java:100) ~[paper-26.2.jar:26.2-112-c9e894d]
	at net.minecraft.world.level.levelgen.structure.StructureStart.placeInChunk(StructureStart.java:111) ~[paper-26.2.jar:26.2-112-c9e894d]
	at net.minecraft.world.level.chunk.ChunkGenerator.lambda$addVanillaDecorations$3(ChunkGenerator.java:379) ~[paper-26.2.jar:26.2-112-c9e894d]
	at com.google.common.collect.ImmutableList.forEach(ImmutableList.java:421) ~[guava-33.6.0-jre.jar:?]
	at net.minecraft.world.level.chunk.ChunkGenerator.addVanillaDecorations(ChunkGenerator.java:379) ~[paper-26.2.jar:26.2-112-c9e894d]
	at net.minecraft.world.level.chunk.ChunkGenerator.applyBiomeDecoration(ChunkGenerator.java:459) ~[paper-26.2.jar:26.2-112-c9e894d]
	at net.minecraft.world.level.chunk.ChunkGenerator.applyBiomeDecoration(ChunkGenerator.java:452) ~[paper-26.2.jar:26.2-112-c9e894d]
	at net.minecraft.world.level.chunk.status.ChunkStatusTasks.generateFeatures(ChunkStatusTasks.java:147) ~[paper-26.2.jar:26.2-112-c9e894d]
	at net.minecraft.world.level.chunk.status.ChunkStep.apply(ChunkStep.java:65) ~[paper-26.2.jar:26.2-112-c9e894d]
	at ca.spottedleaf.moonrise.patches.chunk_system.scheduling.task.ChunkUpgradeGenericStatusTask.run(ChunkUpgradeGenericStatusTask.java:97) ~[paper-26.2.jar:26.2-112-c9e894d]
	at ca.spottedleaf.concurrentutil.executor.queue.AreaDependentQueue$QueuedTask.run(AreaDependentQueue.java:1154) ~[leafpile-1.0.0.jar:?]
	at ca.spottedleaf.concurrentutil.executor.thread.BalancedPrioritisedThreadPool$OrderedStreamGroup$Queue.lambda$createTask$0(BalancedPrioritisedThreadPool.java:467) ~[leafpile-1.0.0.jar:?]
	at ca.spottedleaf.concurrentutil.executor.queue.PrioritisedTaskQueue$PrioritisedQueuedTask.execute(PrioritisedTaskQueue.java:345) ~[leafpile-1.0.0.jar:?]
	at ca.spottedleaf.concurrentutil.executor.thread.BalancedPrioritisedThreadPool$OrderedStreamGroup.executeTask(BalancedPrioritisedThreadPool.java:344) ~[leafpile-1.0.0.jar:?]
	at ca.spottedleaf.concurrentutil.executor.thread.BalancedPrioritisedThreadPool$WorkerThread.pollTasks(BalancedPrioritisedThreadPool.java:630) ~[leafpile-1.0.0.jar:?]
	at ca.spottedleaf.concurrentutil.executor.QueueExecutorRunnable.mainLoop(QueueExecutorRunnable.java:50) ~[leafpile-1.0.0.jar:?]
	at ca.spottedleaf.concurrentutil.executor.QueueExecutorRunnable.doRun(QueueExecutorRunnable.java:115) ~[leafpile-1.0.0.jar:?]
	at ca.spottedleaf.concurrentutil.executor.QueueExecutorRunnable.run(QueueExecutorRunnable.java:42) ~[leafpile-1.0.0.jar:?]
	at ca.spottedleaf.concurrentutil.util.LazyRunnable.run(LazyRunnable.java:25) ~[leafpile-1.0.0.jar:?]
	at java.base/java.lang.Thread.run(Thread.java:1474) ~[?:?]
[23:43:47 ERROR]: Error executing task on Server
java.lang.IllegalStateException: Thread failed main thread check: Accessing poi chunk off-main, context=thread=Paper Common Worker #0, world=minecraft:overworld, chunk_pos=[-56, -14]
	at ca.spottedleaf.moonrise.common.util.TickThread.ensureTickThread(TickThread.java:65) ~[paper-26.2.jar:26.2-112-c9e894d]
	at net.minecraft.world.entity.ai.village.poi.PoiManager.getOrLoad(PoiManager.java:89) ~[paper-26.2.jar:26.2-112-c9e894d]
	at net.minecraft.world.entity.ai.village.poi.PoiManager.exists(PoiManager.java:410) ~[paper-26.2.jar:26.2-112-c9e894d]
	at net.minecraft.server.level.ServerLevel.lambda$updatePOIOnBlockStateChange$3(ServerLevel.java:2400) ~[paper-26.2.jar:26.2-112-c9e894d]
	at net.minecraft.server.TickTask.run(TickTask.java:18) ~[paper-26.2.jar:26.2-112-c9e894d]
	at net.minecraft.util.thread.BlockableEventLoop.doRunTask(BlockableEventLoop.java:207) ~[paper-26.2.jar:26.2-112-c9e894d]
	at net.minecraft.util.thread.ReentrantBlockableEventLoop.doRunTask(ReentrantBlockableEventLoop.java:24) ~[paper-26.2.jar:26.2-112-c9e894d]
	at net.minecraft.server.MinecraftServer.doRunTask(MinecraftServer.java:1534) ~[paper-26.2.jar:26.2-112-c9e894d]
	at net.minecraft.server.MinecraftServer.doRunTask(MinecraftServer.java:192) ~[paper-26.2.jar:26.2-112-c9e894d]
	at net.minecraft.util.thread.BlockableEventLoop.execute(BlockableEventLoop.java:150) ~[paper-26.2.jar:26.2-112-c9e894d]
	at net.minecraft.server.level.ServerLevel.lambda$updatePOIOnBlockStateChange$2(ServerLevel.java:2398) ~[paper-26.2.jar:26.2-112-c9e894d]
	at java.base/java.util.Optional.ifPresent(Optional.java:178) ~[?:?]
	at net.minecraft.server.level.ServerLevel.updatePOIOnBlockStateChange(ServerLevel.java:2398) ~[paper-26.2.jar:26.2-112-c9e894d]
	at net.minecraft.server.level.WorldGenRegion.setBlock(WorldGenRegion.java:366) ~[paper-26.2.jar:26.2-112-c9e894d]
	at net.minecraft.world.level.LevelWriter.setBlock(LevelWriter.java:13) ~[paper-26.2.jar:26.2-112-c9e894d]
	at net.minecraft.world.level.levelgen.structure.templatesystem.StructureTemplate.placeInWorld(StructureTemplate.java:322) ~[paper-26.2.jar:26.2-112-c9e894d]
	at net.minecraft.world.level.levelgen.structure.pools.SinglePoolElement.place(SinglePoolElement.java:152) ~[paper-26.2.jar:26.2-112-c9e894d]
	at net.minecraft.world.level.levelgen.structure.PoolElementStructurePiece.place(PoolElementStructurePiece.java:113) ~[paper-26.2.jar:26.2-112-c9e894d]
	at net.minecraft.world.level.levelgen.structure.PoolElementStructurePiece.postProcess(PoolElementStructurePiece.java:100) ~[paper-26.2.jar:26.2-112-c9e894d]
	at net.minecraft.world.level.levelgen.structure.StructureStart.placeInChunk(StructureStart.java:111) ~[paper-26.2.jar:26.2-112-c9e894d]
	at net.minecraft.world.level.chunk.ChunkGenerator.lambda$addVanillaDecorations$3(ChunkGenerator.java:379) ~[paper-26.2.jar:26.2-112-c9e894d]
	at com.google.common.collect.ImmutableList.forEach(ImmutableList.java:421) ~[guava-33.6.0-jre.jar:?]
	at net.minecraft.world.level.chunk.ChunkGenerator.addVanillaDecorations(ChunkGenerator.java:379) ~[paper-26.2.jar:26.2-112-c9e894d]
	at net.minecraft.world.level.chunk.ChunkGenerator.applyBiomeDecoration(ChunkGenerator.java:459) ~[paper-26.2.jar:26.2-112-c9e894d]
	at net.minecraft.world.level.chunk.ChunkGenerator.applyBiomeDecoration(ChunkGenerator.java:452) ~[paper-26.2.jar:26.2-112-c9e894d]
	at net.minecraft.world.level.chunk.status.ChunkStatusTasks.generateFeatures(ChunkStatusTasks.java:147) ~[paper-26.2.jar:26.2-112-c9e894d]
	at net.minecraft.world.level.chunk.status.ChunkStep.apply(ChunkStep.java:65) ~[paper-26.2.jar:26.2-112-c9e894d]
	at ca.spottedleaf.moonrise.patches.chunk_system.scheduling.task.ChunkUpgradeGenericStatusTask.run(ChunkUpgradeGenericStatusTask.java:97) ~[paper-26.2.jar:26.2-112-c9e894d]
	at ca.spottedleaf.concurrentutil.executor.queue.AreaDependentQueue$QueuedTask.run(AreaDependentQueue.java:1154) ~[leafpile-1.0.0.jar:?]
	at ca.spottedleaf.concurrentutil.executor.thread.BalancedPrioritisedThreadPool$OrderedStreamGroup$Queue.lambda$createTask$0(BalancedPrioritisedThreadPool.java:467) ~[leafpile-1.0.0.jar:?]
	at ca.spottedleaf.concurrentutil.executor.queue.PrioritisedTaskQueue$PrioritisedQueuedTask.execute(PrioritisedTaskQueue.java:345) ~[leafpile-1.0.0.jar:?]
	at ca.spottedleaf.concurrentutil.executor.thread.BalancedPrioritisedThreadPool$OrderedStreamGroup.executeTask(BalancedPrioritisedThreadPool.java:344) ~[leafpile-1.0.0.jar:?]
	at ca.spottedleaf.concurrentutil.executor.thread.BalancedPrioritisedThreadPool$WorkerThread.pollTasks(BalancedPrioritisedThreadPool.java:630) ~[leafpile-1.0.0.jar:?]
	at ca.spottedleaf.concurrentutil.executor.QueueExecutorRunnable.mainLoop(QueueExecutorRunnable.java:50) ~[leafpile-1.0.0.jar:?]
	at ca.spottedleaf.concurrentutil.executor.QueueExecutorRunnable.doRun(QueueExecutorRunnable.java:115) ~[leafpile-1.0.0.jar:?]
	at ca.spottedleaf.concurrentutil.executor.QueueExecutorRunnable.run(QueueExecutorRunnable.java:42) ~[leafpile-1.0.0.jar:?]
	at ca.spottedleaf.concurrentutil.util.LazyRunnable.run(LazyRunnable.java:25) ~[leafpile-1.0.0.jar:?]
	at java.base/java.lang.Thread.run(Thread.java:1474) ~[?:?]
[23:43:47 INFO]: [io.zonky.test.db.postgres.embedded.EmbeddedPostgres] 2026-08-11 23:43:47.846 +07 [23296] LOG:  received fast shutdown request
[23:43:47 INFO]: [io.zonky.test.db.postgres.embedded.EmbeddedPostgres] 2026-08-11 23:43:47.848 +07 [23296] LOG:  aborting any active transactions
[23:43:47 INFO]: [io.zonky.test.db.postgres.embedded.EmbeddedPostgres] 2026-08-11 23:43:47.939 +07 [23296] LOG:  background worker "logical replication launcher" (PID 14916) exited with exit code 1
[23:43:47 INFO]: [io.zonky.test.db.postgres.embedded.EmbeddedPostgres] 2026-08-11 23:43:47.955 +07 [25880] LOG:  shutting down
[23:43:48 WARN]: [BranzMMO] Plugin BranzMMO v1.0.0-SNAPSHOT generated an exception while executing task 49
org.bukkit.plugin.IllegalPluginAccessException: Plugin attempted to register task while disabled
	at org.bukkit.craftbukkit.scheduler.CraftScheduler.validate(CraftScheduler.java:532) ~[paper-26.2.jar:26.2-112-c9e894d]
	at org.bukkit.craftbukkit.scheduler.CraftScheduler.runTaskTimer(CraftScheduler.java:218) ~[paper-26.2.jar:26.2-112-c9e894d]
	at org.bukkit.craftbukkit.scheduler.CraftScheduler.runTaskTimer(CraftScheduler.java:209) ~[paper-26.2.jar:26.2-112-c9e894d]
	at org.bukkit.craftbukkit.scheduler.CraftScheduler.runTaskLater(CraftScheduler.java:173) ~[paper-26.2.jar:26.2-112-c9e894d]
	at org.bukkit.craftbukkit.scheduler.CraftScheduler.runTask(CraftScheduler.java:142) ~[paper-26.2.jar:26.2-112-c9e894d]
	at mmo-bootstrap-1.0.0-SNAPSHOT.jar//com.branz.mmorpg.bootstrap.CharacterSessionController.lambda$grantTestValue$0(CharacterSessionController.java:234) ~[?:?]
	at org.bukkit.craftbukkit.scheduler.CraftTask.run(CraftTask.java:78) ~[paper-26.2.jar:26.2-112-c9e894d]
	at org.bukkit.craftbukkit.scheduler.CraftAsyncTask.run(CraftAsyncTask.java:57) ~[paper-26.2.jar:26.2-112-c9e894d]
	at com.destroystokyo.paper.ServerSchedulerReportingWrapper.run(ServerSchedulerReportingWrapper.java:22) ~[paper-26.2.jar:?]
	at java.base/java.util.concurrent.ThreadPoolExecutor.runWorker(ThreadPoolExecutor.java:1090) ~[?:?]
	at java.base/java.util.concurrent.ThreadPoolExecutor$Worker.run(ThreadPoolExecutor.java:614) ~[?:?]
	at java.base/java.lang.Thread.run(Thread.java:1474) ~[?:?]
[23:43:48 ERROR]: [ca.spottedleaf.moonrise.common.util.TickThread] Thread failed main thread check: Accessing poi chunk off-main, context=thread=Paper Common Worker #1, world=minecraft:overworld, chunk_pos=[-56, -15]
java.lang.Throwable
	at ca.spottedleaf.moonrise.common.util.TickThread.ensureTickThread(TickThread.java:64) ~[paper-26.2.jar:26.2-112-c9e894d]
	at net.minecraft.world.entity.ai.village.poi.PoiManager.getOrLoad(PoiManager.java:89) ~[paper-26.2.jar:26.2-112-c9e894d]
	at net.minecraft.world.entity.ai.village.poi.PoiManager.exists(PoiManager.java:410) ~[paper-26.2.jar:26.2-112-c9e894d]
	at net.minecraft.server.level.ServerLevel.lambda$updatePOIOnBlockStateChange$3(ServerLevel.java:2400) ~[paper-26.2.jar:26.2-112-c9e894d]
	at net.minecraft.server.TickTask.run(TickTask.java:18) ~[paper-26.2.jar:26.2-112-c9e894d]
	at net.minecraft.util.thread.BlockableEventLoop.doRunTask(BlockableEventLoop.java:207) ~[paper-26.2.jar:26.2-112-c9e894d]
	at net.minecraft.util.thread.ReentrantBlockableEventLoop.doRunTask(ReentrantBlockableEventLoop.java:24) ~[paper-26.2.jar:26.2-112-c9e894d]
	at net.minecraft.server.MinecraftServer.doRunTask(MinecraftServer.java:1534) ~[paper-26.2.jar:26.2-112-c9e894d]
	at net.minecraft.server.MinecraftServer.doRunTask(MinecraftServer.java:192) ~[paper-26.2.jar:26.2-112-c9e894d]
	at net.minecraft.util.thread.BlockableEventLoop.execute(BlockableEventLoop.java:150) ~[paper-26.2.jar:26.2-112-c9e894d]
	at net.minecraft.server.level.ServerLevel.lambda$updatePOIOnBlockStateChange$2(ServerLevel.java:2398) ~[paper-26.2.jar:26.2-112-c9e894d]
	at java.base/java.util.Optional.ifPresent(Optional.java:178) ~[?:?]
	at net.minecraft.server.level.ServerLevel.updatePOIOnBlockStateChange(ServerLevel.java:2398) ~[paper-26.2.jar:26.2-112-c9e894d]
	at net.minecraft.server.level.WorldGenRegion.setBlock(WorldGenRegion.java:366) ~[paper-26.2.jar:26.2-112-c9e894d]
	at net.minecraft.world.level.LevelWriter.setBlock(LevelWriter.java:13) ~[paper-26.2.jar:26.2-112-c9e894d]
	at net.minecraft.world.level.levelgen.structure.templatesystem.StructureTemplate.placeInWorld(StructureTemplate.java:322) ~[paper-26.2.jar:26.2-112-c9e894d]
	at net.minecraft.world.level.levelgen.structure.pools.SinglePoolElement.place(SinglePoolElement.java:152) ~[paper-26.2.jar:26.2-112-c9e894d]
	at net.minecraft.world.level.levelgen.structure.PoolElementStructurePiece.place(PoolElementStructurePiece.java:113) ~[paper-26.2.jar:26.2-112-c9e894d]
	at net.minecraft.world.level.levelgen.structure.PoolElementStructurePiece.postProcess(PoolElementStructurePiece.java:100) ~[paper-26.2.jar:26.2-112-c9e894d]
	at net.minecraft.world.level.levelgen.structure.StructureStart.placeInChunk(StructureStart.java:111) ~[paper-26.2.jar:26.2-112-c9e894d]
	at net.minecraft.world.level.chunk.ChunkGenerator.lambda$addVanillaDecorations$3(ChunkGenerator.java:379) ~[paper-26.2.jar:26.2-112-c9e894d]
	at com.google.common.collect.ImmutableList.forEach(ImmutableList.java:421) ~[guava-33.6.0-jre.jar:?]
	at net.minecraft.world.level.chunk.ChunkGenerator.addVanillaDecorations(ChunkGenerator.java:379) ~[paper-26.2.jar:26.2-112-c9e894d]
	at net.minecraft.world.level.chunk.ChunkGenerator.applyBiomeDecoration(ChunkGenerator.java:459) ~[paper-26.2.jar:26.2-112-c9e894d]
	at net.minecraft.world.level.chunk.ChunkGenerator.applyBiomeDecoration(ChunkGenerator.java:452) ~[paper-26.2.jar:26.2-112-c9e894d]
	at net.minecraft.world.level.chunk.status.ChunkStatusTasks.generateFeatures(ChunkStatusTasks.java:147) ~[paper-26.2.jar:26.2-112-c9e894d]
	at net.minecraft.world.level.chunk.status.ChunkStep.apply(ChunkStep.java:65) ~[paper-26.2.jar:26.2-112-c9e894d]
	at ca.spottedleaf.moonrise.patches.chunk_system.scheduling.task.ChunkUpgradeGenericStatusTask.run(ChunkUpgradeGenericStatusTask.java:97) ~[paper-26.2.jar:26.2-112-c9e894d]
	at ca.spottedleaf.concurrentutil.executor.queue.AreaDependentQueue$QueuedTask.run(AreaDependentQueue.java:1154) ~[leafpile-1.0.0.jar:?]
	at ca.spottedleaf.concurrentutil.executor.thread.BalancedPrioritisedThreadPool$OrderedStreamGroup$Queue.lambda$createTask$0(BalancedPrioritisedThreadPool.java:467) ~[leafpile-1.0.0.jar:?]
	at ca.spottedleaf.concurrentutil.executor.queue.PrioritisedTaskQueue$PrioritisedQueuedTask.execute(PrioritisedTaskQueue.java:345) ~[leafpile-1.0.0.jar:?]
	at ca.spottedleaf.concurrentutil.executor.thread.BalancedPrioritisedThreadPool$OrderedStreamGroup.executeTask(BalancedPrioritisedThreadPool.java:344) ~[leafpile-1.0.0.jar:?]
	at ca.spottedleaf.concurrentutil.executor.thread.BalancedPrioritisedThreadPool$WorkerThread.pollTasks(BalancedPrioritisedThreadPool.java:630) ~[leafpile-1.0.0.jar:?]
	at ca.spottedleaf.concurrentutil.executor.QueueExecutorRunnable.mainLoop(QueueExecutorRunnable.java:74) ~[leafpile-1.0.0.jar:?]
	at ca.spottedleaf.concurrentutil.executor.QueueExecutorRunnable.doRun(QueueExecutorRunnable.java:115) ~[leafpile-1.0.0.jar:?]
	at ca.spottedleaf.concurrentutil.executor.QueueExecutorRunnable.run(QueueExecutorRunnable.java:42) ~[leafpile-1.0.0.jar:?]
	at ca.spottedleaf.concurrentutil.util.LazyRunnable.run(LazyRunnable.java:25) ~[leafpile-1.0.0.jar:?]
	at java.base/java.lang.Thread.run(Thread.java:1474) ~[?:?]
[23:43:48 ERROR]: Error executing task on Server
java.lang.IllegalStateException: Thread failed main thread check: Accessing poi chunk off-main, context=thread=Paper Common Worker #1, world=minecraft:overworld, chunk_pos=[-56, -15]
	at ca.spottedleaf.moonrise.common.util.TickThread.ensureTickThread(TickThread.java:65) ~[paper-26.2.jar:26.2-112-c9e894d]
	at net.minecraft.world.entity.ai.village.poi.PoiManager.getOrLoad(PoiManager.java:89) ~[paper-26.2.jar:26.2-112-c9e894d]
	at net.minecraft.world.entity.ai.village.poi.PoiManager.exists(PoiManager.java:410) ~[paper-26.2.jar:26.2-112-c9e894d]
	at net.minecraft.server.level.ServerLevel.lambda$updatePOIOnBlockStateChange$3(ServerLevel.java:2400) ~[paper-26.2.jar:26.2-112-c9e894d]
	at net.minecraft.server.TickTask.run(TickTask.java:18) ~[paper-26.2.jar:26.2-112-c9e894d]
	at net.minecraft.util.thread.BlockableEventLoop.doRunTask(BlockableEventLoop.java:207) ~[paper-26.2.jar:26.2-112-c9e894d]
	at net.minecraft.util.thread.ReentrantBlockableEventLoop.doRunTask(ReentrantBlockableEventLoop.java:24) ~[paper-26.2.jar:26.2-112-c9e894d]
	at net.minecraft.server.MinecraftServer.doRunTask(MinecraftServer.java:1534) ~[paper-26.2.jar:26.2-112-c9e894d]
	at net.minecraft.server.MinecraftServer.doRunTask(MinecraftServer.java:192) ~[paper-26.2.jar:26.2-112-c9e894d]
	at net.minecraft.util.thread.BlockableEventLoop.execute(BlockableEventLoop.java:150) ~[paper-26.2.jar:26.2-112-c9e894d]
	at net.minecraft.server.level.ServerLevel.lambda$updatePOIOnBlockStateChange$2(ServerLevel.java:2398) ~[paper-26.2.jar:26.2-112-c9e894d]
	at java.base/java.util.Optional.ifPresent(Optional.java:178) ~[?:?]
	at net.minecraft.server.level.ServerLevel.updatePOIOnBlockStateChange(ServerLevel.java:2398) ~[paper-26.2.jar:26.2-112-c9e894d]
	at net.minecraft.server.level.WorldGenRegion.setBlock(WorldGenRegion.java:366) ~[paper-26.2.jar:26.2-112-c9e894d]
	at net.minecraft.world.level.LevelWriter.setBlock(LevelWriter.java:13) ~[paper-26.2.jar:26.2-112-c9e894d]
	at net.minecraft.world.level.levelgen.structure.templatesystem.StructureTemplate.placeInWorld(StructureTemplate.java:322) ~[paper-26.2.jar:26.2-112-c9e894d]
	at net.minecraft.world.level.levelgen.structure.pools.SinglePoolElement.place(SinglePoolElement.java:152) ~[paper-26.2.jar:26.2-112-c9e894d]
	at net.minecraft.world.level.levelgen.structure.PoolElementStructurePiece.place(PoolElementStructurePiece.java:113) ~[paper-26.2.jar:26.2-112-c9e894d]
	at net.minecraft.world.level.levelgen.structure.PoolElementStructurePiece.postProcess(PoolElementStructurePiece.java:100) ~[paper-26.2.jar:26.2-112-c9e894d]
	at net.minecraft.world.level.levelgen.structure.StructureStart.placeInChunk(StructureStart.java:111) ~[paper-26.2.jar:26.2-112-c9e894d]
	at net.minecraft.world.level.chunk.ChunkGenerator.lambda$addVanillaDecorations$3(ChunkGenerator.java:379) ~[paper-26.2.jar:26.2-112-c9e894d]
	at com.google.common.collect.ImmutableList.forEach(ImmutableList.java:421) ~[guava-33.6.0-jre.jar:?]
	at net.minecraft.world.level.chunk.ChunkGenerator.addVanillaDecorations(ChunkGenerator.java:379) ~[paper-26.2.jar:26.2-112-c9e894d]
	at net.minecraft.world.level.chunk.ChunkGenerator.applyBiomeDecoration(ChunkGenerator.java:459) ~[paper-26.2.jar:26.2-112-c9e894d]
	at net.minecraft.world.level.chunk.ChunkGenerator.applyBiomeDecoration(ChunkGenerator.java:452) ~[paper-26.2.jar:26.2-112-c9e894d]
	at net.minecraft.world.level.chunk.status.ChunkStatusTasks.generateFeatures(ChunkStatusTasks.java:147) ~[paper-26.2.jar:26.2-112-c9e894d]
	at net.minecraft.world.level.chunk.status.ChunkStep.apply(ChunkStep.java:65) ~[paper-26.2.jar:26.2-112-c9e894d]
	at ca.spottedleaf.moonrise.patches.chunk_system.scheduling.task.ChunkUpgradeGenericStatusTask.run(ChunkUpgradeGenericStatusTask.java:97) ~[paper-26.2.jar:26.2-112-c9e894d]
	at ca.spottedleaf.concurrentutil.executor.queue.AreaDependentQueue$QueuedTask.run(AreaDependentQueue.java:1154) ~[leafpile-1.0.0.jar:?]
	at ca.spottedleaf.concurrentutil.executor.thread.BalancedPrioritisedThreadPool$OrderedStreamGroup$Queue.lambda$createTask$0(BalancedPrioritisedThreadPool.java:467) ~[leafpile-1.0.0.jar:?]
	at ca.spottedleaf.concurrentutil.executor.queue.PrioritisedTaskQueue$PrioritisedQueuedTask.execute(PrioritisedTaskQueue.java:345) ~[leafpile-1.0.0.jar:?]
	at ca.spottedleaf.concurrentutil.executor.thread.BalancedPrioritisedThreadPool$OrderedStreamGroup.executeTask(BalancedPrioritisedThreadPool.java:344) ~[leafpile-1.0.0.jar:?]
	at ca.spottedleaf.concurrentutil.executor.thread.BalancedPrioritisedThreadPool$WorkerThread.pollTasks(BalancedPrioritisedThreadPool.java:630) ~[leafpile-1.0.0.jar:?]
	at ca.spottedleaf.concurrentutil.executor.QueueExecutorRunnable.mainLoop(QueueExecutorRunnable.java:74) ~[leafpile-1.0.0.jar:?]
	at ca.spottedleaf.concurrentutil.executor.QueueExecutorRunnable.doRun(QueueExecutorRunnable.java:115) ~[leafpile-1.0.0.jar:?]
	at ca.spottedleaf.concurrentutil.executor.QueueExecutorRunnable.run(QueueExecutorRunnable.java:42) ~[leafpile-1.0.0.jar:?]
	at ca.spottedleaf.concurrentutil.util.LazyRunnable.run(LazyRunnable.java:25) ~[leafpile-1.0.0.jar:?]
	at java.base/java.lang.Thread.run(Thread.java:1474) ~[?:?]
[23:43:49 INFO]: [io.zonky.test.db.postgres.embedded.EmbeddedPostgres] 2026-08-11 23:43:49.194 +07 [23296] LOG:  database system is shut down
[23:43:49 ERROR]: [ca.spottedleaf.moonrise.common.util.TickThread] Thread failed main thread check: Accessing poi chunk off-main, context=thread=Paper Common Worker #0, world=minecraft:overworld, chunk_pos=[-57, -15]
java.lang.Throwable
	at ca.spottedleaf.moonrise.common.util.TickThread.ensureTickThread(TickThread.java:64) ~[paper-26.2.jar:26.2-112-c9e894d]
	at net.minecraft.world.entity.ai.village.poi.PoiManager.getOrLoad(PoiManager.java:89) ~[paper-26.2.jar:26.2-112-c9e894d]
	at net.minecraft.world.entity.ai.village.poi.PoiManager.exists(PoiManager.java:410) ~[paper-26.2.jar:26.2-112-c9e894d]
	at net.minecraft.server.level.ServerLevel.lambda$updatePOIOnBlockStateChange$3(ServerLevel.java:2400) ~[paper-26.2.jar:26.2-112-c9e894d]
	at net.minecraft.server.TickTask.run(TickTask.java:18) ~[paper-26.2.jar:26.2-112-c9e894d]
	at net.minecraft.util.thread.BlockableEventLoop.doRunTask(BlockableEventLoop.java:207) ~[paper-26.2.jar:26.2-112-c9e894d]
	at net.minecraft.util.thread.ReentrantBlockableEventLoop.doRunTask(ReentrantBlockableEventLoop.java:24) ~[paper-26.2.jar:26.2-112-c9e894d]
	at net.minecraft.server.MinecraftServer.doRunTask(MinecraftServer.java:1534) ~[paper-26.2.jar:26.2-112-c9e894d]
	at net.minecraft.server.MinecraftServer.doRunTask(MinecraftServer.java:192) ~[paper-26.2.jar:26.2-112-c9e894d]
	at net.minecraft.util.thread.BlockableEventLoop.execute(BlockableEventLoop.java:150) ~[paper-26.2.jar:26.2-112-c9e894d]
	at net.minecraft.server.level.ServerLevel.lambda$updatePOIOnBlockStateChange$2(ServerLevel.java:2398) ~[paper-26.2.jar:26.2-112-c9e894d]
	at java.base/java.util.Optional.ifPresent(Optional.java:178) ~[?:?]
	at net.minecraft.server.level.ServerLevel.updatePOIOnBlockStateChange(ServerLevel.java:2398) ~[paper-26.2.jar:26.2-112-c9e894d]
	at net.minecraft.server.level.WorldGenRegion.setBlock(WorldGenRegion.java:366) ~[paper-26.2.jar:26.2-112-c9e894d]
	at net.minecraft.world.level.LevelWriter.setBlock(LevelWriter.java:13) ~[paper-26.2.jar:26.2-112-c9e894d]
	at net.minecraft.world.level.levelgen.structure.templatesystem.StructureTemplate.placeInWorld(StructureTemplate.java:322) ~[paper-26.2.jar:26.2-112-c9e894d]
	at net.minecraft.world.level.levelgen.structure.pools.SinglePoolElement.place(SinglePoolElement.java:152) ~[paper-26.2.jar:26.2-112-c9e894d]
	at net.minecraft.world.level.levelgen.structure.PoolElementStructurePiece.place(PoolElementStructurePiece.java:113) ~[paper-26.2.jar:26.2-112-c9e894d]
	at net.minecraft.world.level.levelgen.structure.PoolElementStructurePiece.postProcess(PoolElementStructurePiece.java:100) ~[paper-26.2.jar:26.2-112-c9e894d]
	at net.minecraft.world.level.levelgen.structure.StructureStart.placeInChunk(StructureStart.java:111) ~[paper-26.2.jar:26.2-112-c9e894d]
	at net.minecraft.world.level.chunk.ChunkGenerator.lambda$addVanillaDecorations$3(ChunkGenerator.java:379) ~[paper-26.2.jar:26.2-112-c9e894d]
	at com.google.common.collect.ImmutableList.forEach(ImmutableList.java:421) ~[guava-33.6.0-jre.jar:?]
	at net.minecraft.world.level.chunk.ChunkGenerator.addVanillaDecorations(ChunkGenerator.java:379) ~[paper-26.2.jar:26.2-112-c9e894d]
	at net.minecraft.world.level.chunk.ChunkGenerator.applyBiomeDecoration(ChunkGenerator.java:459) ~[paper-26.2.jar:26.2-112-c9e894d]
	at net.minecraft.world.level.chunk.ChunkGenerator.applyBiomeDecoration(ChunkGenerator.java:452) ~[paper-26.2.jar:26.2-112-c9e894d]
	at net.minecraft.world.level.chunk.status.ChunkStatusTasks.generateFeatures(ChunkStatusTasks.java:147) ~[paper-26.2.jar:26.2-112-c9e894d]
	at net.minecraft.world.level.chunk.status.ChunkStep.apply(ChunkStep.java:65) ~[paper-26.2.jar:26.2-112-c9e894d]
	at ca.spottedleaf.moonrise.patches.chunk_system.scheduling.task.ChunkUpgradeGenericStatusTask.run(ChunkUpgradeGenericStatusTask.java:97) ~[paper-26.2.jar:26.2-112-c9e894d]
	at ca.spottedleaf.concurrentutil.executor.queue.AreaDependentQueue$QueuedTask.run(AreaDependentQueue.java:1154) ~[leafpile-1.0.0.jar:?]
	at ca.spottedleaf.concurrentutil.executor.thread.BalancedPrioritisedThreadPool$OrderedStreamGroup$Queue.lambda$createTask$0(BalancedPrioritisedThreadPool.java:467) ~[leafpile-1.0.0.jar:?]
	at ca.spottedleaf.concurrentutil.executor.queue.PrioritisedTaskQueue$PrioritisedQueuedTask.execute(PrioritisedTaskQueue.java:345) ~[leafpile-1.0.0.jar:?]
	at ca.spottedleaf.concurrentutil.executor.thread.BalancedPrioritisedThreadPool$OrderedStreamGroup.executeTask(BalancedPrioritisedThreadPool.java:344) ~[leafpile-1.0.0.jar:?]
	at ca.spottedleaf.concurrentutil.executor.thread.BalancedPrioritisedThreadPool$WorkerThread.pollTasks(BalancedPrioritisedThreadPool.java:630) ~[leafpile-1.0.0.jar:?]
	at ca.spottedleaf.concurrentutil.executor.QueueExecutorRunnable.mainLoop(QueueExecutorRunnable.java:50) ~[leafpile-1.0.0.jar:?]
	at ca.spottedleaf.concurrentutil.executor.QueueExecutorRunnable.doRun(QueueExecutorRunnable.java:115) ~[leafpile-1.0.0.jar:?]
	at ca.spottedleaf.concurrentutil.executor.QueueExecutorRunnable.run(QueueExecutorRunnable.java:42) ~[leafpile-1.0.0.jar:?]
	at ca.spottedleaf.concurrentutil.util.LazyRunnable.run(LazyRunnable.java:25) ~[leafpile-1.0.0.jar:?]
	at java.base/java.lang.Thread.run(Thread.java:1474) ~[?:?]
[23:43:49 ERROR]: Error executing task on Server
java.lang.IllegalStateException: Thread failed main thread check: Accessing poi chunk off-main, context=thread=Paper Common Worker #0, world=minecraft:overworld, chunk_pos=[-57, -15]
	at ca.spottedleaf.moonrise.common.util.TickThread.ensureTickThread(TickThread.java:65) ~[paper-26.2.jar:26.2-112-c9e894d]
	at net.minecraft.world.entity.ai.village.poi.PoiManager.getOrLoad(PoiManager.java:89) ~[paper-26.2.jar:26.2-112-c9e894d]
	at net.minecraft.world.entity.ai.village.poi.PoiManager.exists(PoiManager.java:410) ~[paper-26.2.jar:26.2-112-c9e894d]
	at net.minecraft.server.level.ServerLevel.lambda$updatePOIOnBlockStateChange$3(ServerLevel.java:2400) ~[paper-26.2.jar:26.2-112-c9e894d]
	at net.minecraft.server.TickTask.run(TickTask.java:18) ~[paper-26.2.jar:26.2-112-c9e894d]
	at net.minecraft.util.thread.BlockableEventLoop.doRunTask(BlockableEventLoop.java:207) ~[paper-26.2.jar:26.2-112-c9e894d]
	at net.minecraft.util.thread.ReentrantBlockableEventLoop.doRunTask(ReentrantBlockableEventLoop.java:24) ~[paper-26.2.jar:26.2-112-c9e894d]
	at net.minecraft.server.MinecraftServer.doRunTask(MinecraftServer.java:1534) ~[paper-26.2.jar:26.2-112-c9e894d]
	at net.minecraft.server.MinecraftServer.doRunTask(MinecraftServer.java:192) ~[paper-26.2.jar:26.2-112-c9e894d]
	at net.minecraft.util.thread.BlockableEventLoop.execute(BlockableEventLoop.java:150) ~[paper-26.2.jar:26.2-112-c9e894d]
	at net.minecraft.server.level.ServerLevel.lambda$updatePOIOnBlockStateChange$2(ServerLevel.java:2398) ~[paper-26.2.jar:26.2-112-c9e894d]
	at java.base/java.util.Optional.ifPresent(Optional.java:178) ~[?:?]
	at net.minecraft.server.level.ServerLevel.updatePOIOnBlockStateChange(ServerLevel.java:2398) ~[paper-26.2.jar:26.2-112-c9e894d]
	at net.minecraft.server.level.WorldGenRegion.setBlock(WorldGenRegion.java:366) ~[paper-26.2.jar:26.2-112-c9e894d]
	at net.minecraft.world.level.LevelWriter.setBlock(LevelWriter.java:13) ~[paper-26.2.jar:26.2-112-c9e894d]
	at net.minecraft.world.level.levelgen.structure.templatesystem.StructureTemplate.placeInWorld(StructureTemplate.java:322) ~[paper-26.2.jar:26.2-112-c9e894d]
	at net.minecraft.world.level.levelgen.structure.pools.SinglePoolElement.place(SinglePoolElement.java:152) ~[paper-26.2.jar:26.2-112-c9e894d]
	at net.minecraft.world.level.levelgen.structure.PoolElementStructurePiece.place(PoolElementStructurePiece.java:113) ~[paper-26.2.jar:26.2-112-c9e894d]
	at net.minecraft.world.level.levelgen.structure.PoolElementStructurePiece.postProcess(PoolElementStructurePiece.java:100) ~[paper-26.2.jar:26.2-112-c9e894d]
	at net.minecraft.world.level.levelgen.structure.StructureStart.placeInChunk(StructureStart.java:111) ~[paper-26.2.jar:26.2-112-c9e894d]
	at net.minecraft.world.level.chunk.ChunkGenerator.lambda$addVanillaDecorations$3(ChunkGenerator.java:379) ~[paper-26.2.jar:26.2-112-c9e894d]
	at com.google.common.collect.ImmutableList.forEach(ImmutableList.java:421) ~[guava-33.6.0-jre.jar:?]
	at net.minecraft.world.level.chunk.ChunkGenerator.addVanillaDecorations(ChunkGenerator.java:379) ~[paper-26.2.jar:26.2-112-c9e894d]
	at net.minecraft.world.level.chunk.ChunkGenerator.applyBiomeDecoration(ChunkGenerator.java:459) ~[paper-26.2.jar:26.2-112-c9e894d]
	at net.minecraft.world.level.chunk.ChunkGenerator.applyBiomeDecoration(ChunkGenerator.java:452) ~[paper-26.2.jar:26.2-112-c9e894d]
	at net.minecraft.world.level.chunk.status.ChunkStatusTasks.generateFeatures(ChunkStatusTasks.java:147) ~[paper-26.2.jar:26.2-112-c9e894d]
	at net.minecraft.world.level.chunk.status.ChunkStep.apply(ChunkStep.java:65) ~[paper-26.2.jar:26.2-112-c9e894d]
	at ca.spottedleaf.moonrise.patches.chunk_system.scheduling.task.ChunkUpgradeGenericStatusTask.run(ChunkUpgradeGenericStatusTask.java:97) ~[paper-26.2.jar:26.2-112-c9e894d]
	at ca.spottedleaf.concurrentutil.executor.queue.AreaDependentQueue$QueuedTask.run(AreaDependentQueue.java:1154) ~[leafpile-1.0.0.jar:?]
	at ca.spottedleaf.concurrentutil.executor.thread.BalancedPrioritisedThreadPool$OrderedStreamGroup$Queue.lambda$createTask$0(BalancedPrioritisedThreadPool.java:467) ~[leafpile-1.0.0.jar:?]
	at ca.spottedleaf.concurrentutil.executor.queue.PrioritisedTaskQueue$PrioritisedQueuedTask.execute(PrioritisedTaskQueue.java:345) ~[leafpile-1.0.0.jar:?]
	at ca.spottedleaf.concurrentutil.executor.thread.BalancedPrioritisedThreadPool$OrderedStreamGroup.executeTask(BalancedPrioritisedThreadPool.java:344) ~[leafpile-1.0.0.jar:?]
	at ca.spottedleaf.concurrentutil.executor.thread.BalancedPrioritisedThreadPool$WorkerThread.pollTasks(BalancedPrioritisedThreadPool.java:630) ~[leafpile-1.0.0.jar:?]
	at ca.spottedleaf.concurrentutil.executor.QueueExecutorRunnable.mainLoop(QueueExecutorRunnable.java:50) ~[leafpile-1.0.0.jar:?]
	at ca.spottedleaf.concurrentutil.executor.QueueExecutorRunnable.doRun(QueueExecutorRunnable.java:115) ~[leafpile-1.0.0.jar:?]
	at ca.spottedleaf.concurrentutil.executor.QueueExecutorRunnable.run(QueueExecutorRunnable.java:42) ~[leafpile-1.0.0.jar:?]
	at ca.spottedleaf.concurrentutil.util.LazyRunnable.run(LazyRunnable.java:25) ~[leafpile-1.0.0.jar:?]
	at java.base/java.lang.Thread.run(Thread.java:1474) ~[?:?]
[23:43:49 ERROR]: [ca.spottedleaf.moonrise.common.util.TickThread] Thread failed main thread check: Accessing poi chunk off-main, context=thread=Paper Common Worker #0, world=minecraft:overworld, chunk_pos=[-55, -15]
java.lang.Throwable
	at ca.spottedleaf.moonrise.common.util.TickThread.ensureTickThread(TickThread.java:64) ~[paper-26.2.jar:26.2-112-c9e894d]
	at net.minecraft.world.entity.ai.village.poi.PoiManager.getOrLoad(PoiManager.java:89) ~[paper-26.2.jar:26.2-112-c9e894d]
	at net.minecraft.world.entity.ai.village.poi.PoiManager.exists(PoiManager.java:410) ~[paper-26.2.jar:26.2-112-c9e894d]
	at net.minecraft.server.level.ServerLevel.lambda$updatePOIOnBlockStateChange$3(ServerLevel.java:2400) ~[paper-26.2.jar:26.2-112-c9e894d]
	at net.minecraft.server.TickTask.run(TickTask.java:18) ~[paper-26.2.jar:26.2-112-c9e894d]
	at net.minecraft.util.thread.BlockableEventLoop.doRunTask(BlockableEventLoop.java:207) ~[paper-26.2.jar:26.2-112-c9e894d]
	at net.minecraft.util.thread.ReentrantBlockableEventLoop.doRunTask(ReentrantBlockableEventLoop.java:24) ~[paper-26.2.jar:26.2-112-c9e894d]
	at net.minecraft.server.MinecraftServer.doRunTask(MinecraftServer.java:1534) ~[paper-26.2.jar:26.2-112-c9e894d]
	at net.minecraft.server.MinecraftServer.doRunTask(MinecraftServer.java:192) ~[paper-26.2.jar:26.2-112-c9e894d]
	at net.minecraft.util.thread.BlockableEventLoop.execute(BlockableEventLoop.java:150) ~[paper-26.2.jar:26.2-112-c9e894d]
	at net.minecraft.server.level.ServerLevel.lambda$updatePOIOnBlockStateChange$2(ServerLevel.java:2398) ~[paper-26.2.jar:26.2-112-c9e894d]
	at java.base/java.util.Optional.ifPresent(Optional.java:178) ~[?:?]
	at net.minecraft.server.level.ServerLevel.updatePOIOnBlockStateChange(ServerLevel.java:2398) ~[paper-26.2.jar:26.2-112-c9e894d]
	at net.minecraft.server.level.WorldGenRegion.setBlock(WorldGenRegion.java:366) ~[paper-26.2.jar:26.2-112-c9e894d]
	at net.minecraft.world.level.LevelWriter.setBlock(LevelWriter.java:13) ~[paper-26.2.jar:26.2-112-c9e894d]
	at net.minecraft.world.level.levelgen.structure.templatesystem.StructureTemplate.placeInWorld(StructureTemplate.java:322) ~[paper-26.2.jar:26.2-112-c9e894d]
	at net.minecraft.world.level.levelgen.structure.pools.SinglePoolElement.place(SinglePoolElement.java:152) ~[paper-26.2.jar:26.2-112-c9e894d]
	at net.minecraft.world.level.levelgen.structure.PoolElementStructurePiece.place(PoolElementStructurePiece.java:113) ~[paper-26.2.jar:26.2-112-c9e894d]
	at net.minecraft.world.level.levelgen.structure.PoolElementStructurePiece.postProcess(PoolElementStructurePiece.java:100) ~[paper-26.2.jar:26.2-112-c9e894d]
	at net.minecraft.world.level.levelgen.structure.StructureStart.placeInChunk(StructureStart.java:111) ~[paper-26.2.jar:26.2-112-c9e894d]
	at net.minecraft.world.level.chunk.ChunkGenerator.lambda$addVanillaDecorations$3(ChunkGenerator.java:379) ~[paper-26.2.jar:26.2-112-c9e894d]
	at com.google.common.collect.ImmutableList.forEach(ImmutableList.java:421) ~[guava-33.6.0-jre.jar:?]
	at net.minecraft.world.level.chunk.ChunkGenerator.addVanillaDecorations(ChunkGenerator.java:379) ~[paper-26.2.jar:26.2-112-c9e894d]
	at net.minecraft.world.level.chunk.ChunkGenerator.applyBiomeDecoration(ChunkGenerator.java:459) ~[paper-26.2.jar:26.2-112-c9e894d]
	at net.minecraft.world.level.chunk.ChunkGenerator.applyBiomeDecoration(ChunkGenerator.java:452) ~[paper-26.2.jar:26.2-112-c9e894d]
	at net.minecraft.world.level.chunk.status.ChunkStatusTasks.generateFeatures(ChunkStatusTasks.java:147) ~[paper-26.2.jar:26.2-112-c9e894d]
	at net.minecraft.world.level.chunk.status.ChunkStep.apply(ChunkStep.java:65) ~[paper-26.2.jar:26.2-112-c9e894d]
	at ca.spottedleaf.moonrise.patches.chunk_system.scheduling.task.ChunkUpgradeGenericStatusTask.run(ChunkUpgradeGenericStatusTask.java:97) ~[paper-26.2.jar:26.2-112-c9e894d]
	at ca.spottedleaf.concurrentutil.executor.queue.AreaDependentQueue$QueuedTask.run(AreaDependentQueue.java:1154) ~[leafpile-1.0.0.jar:?]
	at ca.spottedleaf.concurrentutil.executor.thread.BalancedPrioritisedThreadPool$OrderedStreamGroup$Queue.lambda$createTask$0(BalancedPrioritisedThreadPool.java:467) ~[leafpile-1.0.0.jar:?]
	at ca.spottedleaf.concurrentutil.executor.queue.PrioritisedTaskQueue$PrioritisedQueuedTask.execute(PrioritisedTaskQueue.java:345) ~[leafpile-1.0.0.jar:?]
	at ca.spottedleaf.concurrentutil.executor.thread.BalancedPrioritisedThreadPool$OrderedStreamGroup.executeTask(BalancedPrioritisedThreadPool.java:344) ~[leafpile-1.0.0.jar:?]
	at ca.spottedleaf.concurrentutil.executor.thread.BalancedPrioritisedThreadPool$WorkerThread.pollTasks(BalancedPrioritisedThreadPool.java:630) ~[leafpile-1.0.0.jar:?]
	at ca.spottedleaf.concurrentutil.executor.QueueExecutorRunnable.mainLoop(QueueExecutorRunnable.java:50) ~[leafpile-1.0.0.jar:?]
	at ca.spottedleaf.concurrentutil.executor.QueueExecutorRunnable.doRun(QueueExecutorRunnable.java:115) ~[leafpile-1.0.0.jar:?]
	at ca.spottedleaf.concurrentutil.executor.QueueExecutorRunnable.run(QueueExecutorRunnable.java:42) ~[leafpile-1.0.0.jar:?]
	at ca.spottedleaf.concurrentutil.util.LazyRunnable.run(LazyRunnable.java:25) ~[leafpile-1.0.0.jar:?]
	at java.base/java.lang.Thread.run(Thread.java:1474) ~[?:?]
[23:43:49 ERROR]: Error executing task on Server
java.lang.IllegalStateException: Thread failed main thread check: Accessing poi chunk off-main, context=thread=Paper Common Worker #0, world=minecraft:overworld, chunk_pos=[-55, -15]
	at ca.spottedleaf.moonrise.common.util.TickThread.ensureTickThread(TickThread.java:65) ~[paper-26.2.jar:26.2-112-c9e894d]
	at net.minecraft.world.entity.ai.village.poi.PoiManager.getOrLoad(PoiManager.java:89) ~[paper-26.2.jar:26.2-112-c9e894d]
	at net.minecraft.world.entity.ai.village.poi.PoiManager.exists(PoiManager.java:410) ~[paper-26.2.jar:26.2-112-c9e894d]
	at net.minecraft.server.level.ServerLevel.lambda$updatePOIOnBlockStateChange$3(ServerLevel.java:2400) ~[paper-26.2.jar:26.2-112-c9e894d]
	at net.minecraft.server.TickTask.run(TickTask.java:18) ~[paper-26.2.jar:26.2-112-c9e894d]
	at net.minecraft.util.thread.BlockableEventLoop.doRunTask(BlockableEventLoop.java:207) ~[paper-26.2.jar:26.2-112-c9e894d]
	at net.minecraft.util.thread.ReentrantBlockableEventLoop.doRunTask(ReentrantBlockableEventLoop.java:24) ~[paper-26.2.jar:26.2-112-c9e894d]
	at net.minecraft.server.MinecraftServer.doRunTask(MinecraftServer.java:1534) ~[paper-26.2.jar:26.2-112-c9e894d]
	at net.minecraft.server.MinecraftServer.doRunTask(MinecraftServer.java:192) ~[paper-26.2.jar:26.2-112-c9e894d]
	at net.minecraft.util.thread.BlockableEventLoop.execute(BlockableEventLoop.java:150) ~[paper-26.2.jar:26.2-112-c9e894d]
	at net.minecraft.server.level.ServerLevel.lambda$updatePOIOnBlockStateChange$2(ServerLevel.java:2398) ~[paper-26.2.jar:26.2-112-c9e894d]
	at java.base/java.util.Optional.ifPresent(Optional.java:178) ~[?:?]
	at net.minecraft.server.level.ServerLevel.updatePOIOnBlockStateChange(ServerLevel.java:2398) ~[paper-26.2.jar:26.2-112-c9e894d]
	at net.minecraft.server.level.WorldGenRegion.setBlock(WorldGenRegion.java:366) ~[paper-26.2.jar:26.2-112-c9e894d]
	at net.minecraft.world.level.LevelWriter.setBlock(LevelWriter.java:13) ~[paper-26.2.jar:26.2-112-c9e894d]
	at net.minecraft.world.level.levelgen.structure.templatesystem.StructureTemplate.placeInWorld(StructureTemplate.java:322) ~[paper-26.2.jar:26.2-112-c9e894d]
	at net.minecraft.world.level.levelgen.structure.pools.SinglePoolElement.place(SinglePoolElement.java:152) ~[paper-26.2.jar:26.2-112-c9e894d]
	at net.minecraft.world.level.levelgen.structure.PoolElementStructurePiece.place(PoolElementStructurePiece.java:113) ~[paper-26.2.jar:26.2-112-c9e894d]
	at net.minecraft.world.level.levelgen.structure.PoolElementStructurePiece.postProcess(PoolElementStructurePiece.java:100) ~[paper-26.2.jar:26.2-112-c9e894d]
	at net.minecraft.world.level.levelgen.structure.StructureStart.placeInChunk(StructureStart.java:111) ~[paper-26.2.jar:26.2-112-c9e894d]
	at net.minecraft.world.level.chunk.ChunkGenerator.lambda$addVanillaDecorations$3(ChunkGenerator.java:379) ~[paper-26.2.jar:26.2-112-c9e894d]
	at com.google.common.collect.ImmutableList.forEach(ImmutableList.java:421) ~[guava-33.6.0-jre.jar:?]
	at net.minecraft.world.level.chunk.ChunkGenerator.addVanillaDecorations(ChunkGenerator.java:379) ~[paper-26.2.jar:26.2-112-c9e894d]
	at net.minecraft.world.level.chunk.ChunkGenerator.applyBiomeDecoration(ChunkGenerator.java:459) ~[paper-26.2.jar:26.2-112-c9e894d]
	at net.minecraft.world.level.chunk.ChunkGenerator.applyBiomeDecoration(ChunkGenerator.java:452) ~[paper-26.2.jar:26.2-112-c9e894d]
	at net.minecraft.world.level.chunk.status.ChunkStatusTasks.generateFeatures(ChunkStatusTasks.java:147) ~[paper-26.2.jar:26.2-112-c9e894d]
	at net.minecraft.world.level.chunk.status.ChunkStep.apply(ChunkStep.java:65) ~[paper-26.2.jar:26.2-112-c9e894d]
	at ca.spottedleaf.moonrise.patches.chunk_system.scheduling.task.ChunkUpgradeGenericStatusTask.run(ChunkUpgradeGenericStatusTask.java:97) ~[paper-26.2.jar:26.2-112-c9e894d]
	at ca.spottedleaf.concurrentutil.executor.queue.AreaDependentQueue$QueuedTask.run(AreaDependentQueue.java:1154) ~[leafpile-1.0.0.jar:?]
	at ca.spottedleaf.concurrentutil.executor.thread.BalancedPrioritisedThreadPool$OrderedStreamGroup$Queue.lambda$createTask$0(BalancedPrioritisedThreadPool.java:467) ~[leafpile-1.0.0.jar:?]
	at ca.spottedleaf.concurrentutil.executor.queue.PrioritisedTaskQueue$PrioritisedQueuedTask.execute(PrioritisedTaskQueue.java:345) ~[leafpile-1.0.0.jar:?]
	at ca.spottedleaf.concurrentutil.executor.thread.BalancedPrioritisedThreadPool$OrderedStreamGroup.executeTask(BalancedPrioritisedThreadPool.java:344) ~[leafpile-1.0.0.jar:?]
	at ca.spottedleaf.concurrentutil.executor.thread.BalancedPrioritisedThreadPool$WorkerThread.pollTasks(BalancedPrioritisedThreadPool.java:630) ~[leafpile-1.0.0.jar:?]
	at ca.spottedleaf.concurrentutil.executor.QueueExecutorRunnable.mainLoop(QueueExecutorRunnable.java:50) ~[leafpile-1.0.0.jar:?]
	at ca.spottedleaf.concurrentutil.executor.QueueExecutorRunnable.doRun(QueueExecutorRunnable.java:115) ~[leafpile-1.0.0.jar:?]
	at ca.spottedleaf.concurrentutil.executor.QueueExecutorRunnable.run(QueueExecutorRunnable.java:42) ~[leafpile-1.0.0.jar:?]
	at ca.spottedleaf.concurrentutil.util.LazyRunnable.run(LazyRunnable.java:25) ~[leafpile-1.0.0.jar:?]
	at java.base/java.lang.Thread.run(Thread.java:1474) ~[?:?]
[23:43:49 ERROR]: [ca.spottedleaf.moonrise.common.util.TickThread] Thread failed main thread check: Accessing poi chunk off-main, context=thread=Paper Common Worker #0, world=minecraft:overworld, chunk_pos=[-55, -15]
java.lang.Throwable
	at ca.spottedleaf.moonrise.common.util.TickThread.ensureTickThread(TickThread.java:64) ~[paper-26.2.jar:26.2-112-c9e894d]
	at net.minecraft.world.entity.ai.village.poi.PoiManager.getOrLoad(PoiManager.java:89) ~[paper-26.2.jar:26.2-112-c9e894d]
	at net.minecraft.world.entity.ai.village.poi.PoiManager.exists(PoiManager.java:410) ~[paper-26.2.jar:26.2-112-c9e894d]
	at net.minecraft.server.level.ServerLevel.lambda$updatePOIOnBlockStateChange$3(ServerLevel.java:2400) ~[paper-26.2.jar:26.2-112-c9e894d]
	at net.minecraft.server.TickTask.run(TickTask.java:18) ~[paper-26.2.jar:26.2-112-c9e894d]
	at net.minecraft.util.thread.BlockableEventLoop.doRunTask(BlockableEventLoop.java:207) ~[paper-26.2.jar:26.2-112-c9e894d]
	at net.minecraft.util.thread.ReentrantBlockableEventLoop.doRunTask(ReentrantBlockableEventLoop.java:24) ~[paper-26.2.jar:26.2-112-c9e894d]
	at net.minecraft.server.MinecraftServer.doRunTask(MinecraftServer.java:1534) ~[paper-26.2.jar:26.2-112-c9e894d]
	at net.minecraft.server.MinecraftServer.doRunTask(MinecraftServer.java:192) ~[paper-26.2.jar:26.2-112-c9e894d]
	at net.minecraft.util.thread.BlockableEventLoop.execute(BlockableEventLoop.java:150) ~[paper-26.2.jar:26.2-112-c9e894d]
	at net.minecraft.server.level.ServerLevel.lambda$updatePOIOnBlockStateChange$2(ServerLevel.java:2398) ~[paper-26.2.jar:26.2-112-c9e894d]
	at java.base/java.util.Optional.ifPresent(Optional.java:178) ~[?:?]
	at net.minecraft.server.level.ServerLevel.updatePOIOnBlockStateChange(ServerLevel.java:2398) ~[paper-26.2.jar:26.2-112-c9e894d]
	at net.minecraft.server.level.WorldGenRegion.setBlock(WorldGenRegion.java:366) ~[paper-26.2.jar:26.2-112-c9e894d]
	at net.minecraft.world.level.LevelWriter.setBlock(LevelWriter.java:13) ~[paper-26.2.jar:26.2-112-c9e894d]
	at net.minecraft.world.level.levelgen.structure.templatesystem.StructureTemplate.placeInWorld(StructureTemplate.java:322) ~[paper-26.2.jar:26.2-112-c9e894d]
	at net.minecraft.world.level.levelgen.structure.pools.SinglePoolElement.place(SinglePoolElement.java:152) ~[paper-26.2.jar:26.2-112-c9e894d]
	at net.minecraft.world.level.levelgen.structure.PoolElementStructurePiece.place(PoolElementStructurePiece.java:113) ~[paper-26.2.jar:26.2-112-c9e894d]
	at net.minecraft.world.level.levelgen.structure.PoolElementStructurePiece.postProcess(PoolElementStructurePiece.java:100) ~[paper-26.2.jar:26.2-112-c9e894d]
	at net.minecraft.world.level.levelgen.structure.StructureStart.placeInChunk(StructureStart.java:111) ~[paper-26.2.jar:26.2-112-c9e894d]
	at net.minecraft.world.level.chunk.ChunkGenerator.lambda$addVanillaDecorations$3(ChunkGenerator.java:379) ~[paper-26.2.jar:26.2-112-c9e894d]
	at com.google.common.collect.ImmutableList.forEach(ImmutableList.java:421) ~[guava-33.6.0-jre.jar:?]
	at net.minecraft.world.level.chunk.ChunkGenerator.addVanillaDecorations(ChunkGenerator.java:379) ~[paper-26.2.jar:26.2-112-c9e894d]
	at net.minecraft.world.level.chunk.ChunkGenerator.applyBiomeDecoration(ChunkGenerator.java:459) ~[paper-26.2.jar:26.2-112-c9e894d]
	at net.minecraft.world.level.chunk.ChunkGenerator.applyBiomeDecoration(ChunkGenerator.java:452) ~[paper-26.2.jar:26.2-112-c9e894d]
	at net.minecraft.world.level.chunk.status.ChunkStatusTasks.generateFeatures(ChunkStatusTasks.java:147) ~[paper-26.2.jar:26.2-112-c9e894d]
	at net.minecraft.world.level.chunk.status.ChunkStep.apply(ChunkStep.java:65) ~[paper-26.2.jar:26.2-112-c9e894d]
	at ca.spottedleaf.moonrise.patches.chunk_system.scheduling.task.ChunkUpgradeGenericStatusTask.run(ChunkUpgradeGenericStatusTask.java:97) ~[paper-26.2.jar:26.2-112-c9e894d]
	at ca.spottedleaf.concurrentutil.executor.queue.AreaDependentQueue$QueuedTask.run(AreaDependentQueue.java:1154) ~[leafpile-1.0.0.jar:?]
	at ca.spottedleaf.concurrentutil.executor.thread.BalancedPrioritisedThreadPool$OrderedStreamGroup$Queue.lambda$createTask$0(BalancedPrioritisedThreadPool.java:467) ~[leafpile-1.0.0.jar:?]
	at ca.spottedleaf.concurrentutil.executor.queue.PrioritisedTaskQueue$PrioritisedQueuedTask.execute(PrioritisedTaskQueue.java:345) ~[leafpile-1.0.0.jar:?]
	at ca.spottedleaf.concurrentutil.executor.thread.BalancedPrioritisedThreadPool$OrderedStreamGroup.executeTask(BalancedPrioritisedThreadPool.java:344) ~[leafpile-1.0.0.jar:?]
	at ca.spottedleaf.concurrentutil.executor.thread.BalancedPrioritisedThreadPool$WorkerThread.pollTasks(BalancedPrioritisedThreadPool.java:630) ~[leafpile-1.0.0.jar:?]
	at ca.spottedleaf.concurrentutil.executor.QueueExecutorRunnable.mainLoop(QueueExecutorRunnable.java:50) ~[leafpile-1.0.0.jar:?]
	at ca.spottedleaf.concurrentutil.executor.QueueExecutorRunnable.doRun(QueueExecutorRunnable.java:115) ~[leafpile-1.0.0.jar:?]
	at ca.spottedleaf.concurrentutil.executor.QueueExecutorRunnable.run(QueueExecutorRunnable.java:42) ~[leafpile-1.0.0.jar:?]
	at ca.spottedleaf.concurrentutil.util.LazyRunnable.run(LazyRunnable.java:25) ~[leafpile-1.0.0.jar:?]
	at java.base/java.lang.Thread.run(Thread.java:1474) ~[?:?]
[23:43:49 ERROR]: Error executing task on Server
java.lang.IllegalStateException: Thread failed main thread check: Accessing poi chunk off-main, context=thread=Paper Common Worker #0, world=minecraft:overworld, chunk_pos=[-55, -15]
	at ca.spottedleaf.moonrise.common.util.TickThread.ensureTickThread(TickThread.java:65) ~[paper-26.2.jar:26.2-112-c9e894d]
	at net.minecraft.world.entity.ai.village.poi.PoiManager.getOrLoad(PoiManager.java:89) ~[paper-26.2.jar:26.2-112-c9e894d]
	at net.minecraft.world.entity.ai.village.poi.PoiManager.exists(PoiManager.java:410) ~[paper-26.2.jar:26.2-112-c9e894d]
	at net.minecraft.server.level.ServerLevel.lambda$updatePOIOnBlockStateChange$3(ServerLevel.java:2400) ~[paper-26.2.jar:26.2-112-c9e894d]
	at net.minecraft.server.TickTask.run(TickTask.java:18) ~[paper-26.2.jar:26.2-112-c9e894d]
	at net.minecraft.util.thread.BlockableEventLoop.doRunTask(BlockableEventLoop.java:207) ~[paper-26.2.jar:26.2-112-c9e894d]
	at net.minecraft.util.thread.ReentrantBlockableEventLoop.doRunTask(ReentrantBlockableEventLoop.java:24) ~[paper-26.2.jar:26.2-112-c9e894d]
	at net.minecraft.server.MinecraftServer.doRunTask(MinecraftServer.java:1534) ~[paper-26.2.jar:26.2-112-c9e894d]
	at net.minecraft.server.MinecraftServer.doRunTask(MinecraftServer.java:192) ~[paper-26.2.jar:26.2-112-c9e894d]
	at net.minecraft.util.thread.BlockableEventLoop.execute(BlockableEventLoop.java:150) ~[paper-26.2.jar:26.2-112-c9e894d]
	at net.minecraft.server.level.ServerLevel.lambda$updatePOIOnBlockStateChange$2(ServerLevel.java:2398) ~[paper-26.2.jar:26.2-112-c9e894d]
	at java.base/java.util.Optional.ifPresent(Optional.java:178) ~[?:?]
	at net.minecraft.server.level.ServerLevel.updatePOIOnBlockStateChange(ServerLevel.java:2398) ~[paper-26.2.jar:26.2-112-c9e894d]
	at net.minecraft.server.level.WorldGenRegion.setBlock(WorldGenRegion.java:366) ~[paper-26.2.jar:26.2-112-c9e894d]
	at net.minecraft.world.level.LevelWriter.setBlock(LevelWriter.java:13) ~[paper-26.2.jar:26.2-112-c9e894d]
	at net.minecraft.world.level.levelgen.structure.templatesystem.StructureTemplate.placeInWorld(StructureTemplate.java:322) ~[paper-26.2.jar:26.2-112-c9e894d]
	at net.minecraft.world.level.levelgen.structure.pools.SinglePoolElement.place(SinglePoolElement.java:152) ~[paper-26.2.jar:26.2-112-c9e894d]
	at net.minecraft.world.level.levelgen.structure.PoolElementStructurePiece.place(PoolElementStructurePiece.java:113) ~[paper-26.2.jar:26.2-112-c9e894d]
	at net.minecraft.world.level.levelgen.structure.PoolElementStructurePiece.postProcess(PoolElementStructurePiece.java:100) ~[paper-26.2.jar:26.2-112-c9e894d]
	at net.minecraft.world.level.levelgen.structure.StructureStart.placeInChunk(StructureStart.java:111) ~[paper-26.2.jar:26.2-112-c9e894d]
	at net.minecraft.world.level.chunk.ChunkGenerator.lambda$addVanillaDecorations$3(ChunkGenerator.java:379) ~[paper-26.2.jar:26.2-112-c9e894d]
	at com.google.common.collect.ImmutableList.forEach(ImmutableList.java:421) ~[guava-33.6.0-jre.jar:?]
	at net.minecraft.world.level.chunk.ChunkGenerator.addVanillaDecorations(ChunkGenerator.java:379) ~[paper-26.2.jar:26.2-112-c9e894d]
	at net.minecraft.world.level.chunk.ChunkGenerator.applyBiomeDecoration(ChunkGenerator.java:459) ~[paper-26.2.jar:26.2-112-c9e894d]
	at net.minecraft.world.level.chunk.ChunkGenerator.applyBiomeDecoration(ChunkGenerator.java:452) ~[paper-26.2.jar:26.2-112-c9e894d]
	at net.minecraft.world.level.chunk.status.ChunkStatusTasks.generateFeatures(ChunkStatusTasks.java:147) ~[paper-26.2.jar:26.2-112-c9e894d]
	at net.minecraft.world.level.chunk.status.ChunkStep.apply(ChunkStep.java:65) ~[paper-26.2.jar:26.2-112-c9e894d]
	at ca.spottedleaf.moonrise.patches.chunk_system.scheduling.task.ChunkUpgradeGenericStatusTask.run(ChunkUpgradeGenericStatusTask.java:97) ~[paper-26.2.jar:26.2-112-c9e894d]
	at ca.spottedleaf.concurrentutil.executor.queue.AreaDependentQueue$QueuedTask.run(AreaDependentQueue.java:1154) ~[leafpile-1.0.0.jar:?]
	at ca.spottedleaf.concurrentutil.executor.thread.BalancedPrioritisedThreadPool$OrderedStreamGroup$Queue.lambda$createTask$0(BalancedPrioritisedThreadPool.java:467) ~[leafpile-1.0.0.jar:?]
	at ca.spottedleaf.concurrentutil.executor.queue.PrioritisedTaskQueue$PrioritisedQueuedTask.execute(PrioritisedTaskQueue.java:345) ~[leafpile-1.0.0.jar:?]
	at ca.spottedleaf.concurrentutil.executor.thread.BalancedPrioritisedThreadPool$OrderedStreamGroup.executeTask(BalancedPrioritisedThreadPool.java:344) ~[leafpile-1.0.0.jar:?]
	at ca.spottedleaf.concurrentutil.executor.thread.BalancedPrioritisedThreadPool$WorkerThread.pollTasks(BalancedPrioritisedThreadPool.java:630) ~[leafpile-1.0.0.jar:?]
	at ca.spottedleaf.concurrentutil.executor.QueueExecutorRunnable.mainLoop(QueueExecutorRunnable.java:50) ~[leafpile-1.0.0.jar:?]
	at ca.spottedleaf.concurrentutil.executor.QueueExecutorRunnable.doRun(QueueExecutorRunnable.java:115) ~[leafpile-1.0.0.jar:?]
	at ca.spottedleaf.concurrentutil.executor.QueueExecutorRunnable.run(QueueExecutorRunnable.java:42) ~[leafpile-1.0.0.jar:?]
	at ca.spottedleaf.concurrentutil.util.LazyRunnable.run(LazyRunnable.java:25) ~[leafpile-1.0.0.jar:?]
	at java.base/java.lang.Thread.run(Thread.java:1474) ~[?:?]
[23:43:49 ERROR]: [ca.spottedleaf.moonrise.common.util.TickThread] Thread failed main thread check: Accessing poi chunk off-main, context=thread=Paper Common Worker #0, world=minecraft:overworld, chunk_pos=[-55, -15]
java.lang.Throwable
	at ca.spottedleaf.moonrise.common.util.TickThread.ensureTickThread(TickThread.java:64) ~[paper-26.2.jar:26.2-112-c9e894d]
	at net.minecraft.world.entity.ai.village.poi.PoiManager.getOrLoad(PoiManager.java:89) ~[paper-26.2.jar:26.2-112-c9e894d]
	at net.minecraft.world.entity.ai.village.poi.PoiManager.exists(PoiManager.java:410) ~[paper-26.2.jar:26.2-112-c9e894d]
	at net.minecraft.server.level.ServerLevel.lambda$updatePOIOnBlockStateChange$3(ServerLevel.java:2400) ~[paper-26.2.jar:26.2-112-c9e894d]
	at net.minecraft.server.TickTask.run(TickTask.java:18) ~[paper-26.2.jar:26.2-112-c9e894d]
	at net.minecraft.util.thread.BlockableEventLoop.doRunTask(BlockableEventLoop.java:207) ~[paper-26.2.jar:26.2-112-c9e894d]
	at net.minecraft.util.thread.ReentrantBlockableEventLoop.doRunTask(ReentrantBlockableEventLoop.java:24) ~[paper-26.2.jar:26.2-112-c9e894d]
	at net.minecraft.server.MinecraftServer.doRunTask(MinecraftServer.java:1534) ~[paper-26.2.jar:26.2-112-c9e894d]
	at net.minecraft.server.MinecraftServer.doRunTask(MinecraftServer.java:192) ~[paper-26.2.jar:26.2-112-c9e894d]
	at net.minecraft.util.thread.BlockableEventLoop.execute(BlockableEventLoop.java:150) ~[paper-26.2.jar:26.2-112-c9e894d]
	at net.minecraft.server.level.ServerLevel.lambda$updatePOIOnBlockStateChange$2(ServerLevel.java:2398) ~[paper-26.2.jar:26.2-112-c9e894d]
	at java.base/java.util.Optional.ifPresent(Optional.java:178) ~[?:?]
	at net.minecraft.server.level.ServerLevel.updatePOIOnBlockStateChange(ServerLevel.java:2398) ~[paper-26.2.jar:26.2-112-c9e894d]
	at net.minecraft.server.level.WorldGenRegion.setBlock(WorldGenRegion.java:366) ~[paper-26.2.jar:26.2-112-c9e894d]
	at net.minecraft.world.level.LevelWriter.setBlock(LevelWriter.java:13) ~[paper-26.2.jar:26.2-112-c9e894d]
	at net.minecraft.world.level.levelgen.structure.templatesystem.StructureTemplate.placeInWorld(StructureTemplate.java:322) ~[paper-26.2.jar:26.2-112-c9e894d]
	at net.minecraft.world.level.levelgen.structure.pools.SinglePoolElement.place(SinglePoolElement.java:152) ~[paper-26.2.jar:26.2-112-c9e894d]
	at net.minecraft.world.level.levelgen.structure.PoolElementStructurePiece.place(PoolElementStructurePiece.java:113) ~[paper-26.2.jar:26.2-112-c9e894d]
	at net.minecraft.world.level.levelgen.structure.PoolElementStructurePiece.postProcess(PoolElementStructurePiece.java:100) ~[paper-26.2.jar:26.2-112-c9e894d]
	at net.minecraft.world.level.levelgen.structure.StructureStart.placeInChunk(StructureStart.java:111) ~[paper-26.2.jar:26.2-112-c9e894d]
	at net.minecraft.world.level.chunk.ChunkGenerator.lambda$addVanillaDecorations$3(ChunkGenerator.java:379) ~[paper-26.2.jar:26.2-112-c9e894d]
	at com.google.common.collect.ImmutableList.forEach(ImmutableList.java:421) ~[guava-33.6.0-jre.jar:?]
	at net.minecraft.world.level.chunk.ChunkGenerator.addVanillaDecorations(ChunkGenerator.java:379) ~[paper-26.2.jar:26.2-112-c9e894d]
	at net.minecraft.world.level.chunk.ChunkGenerator.applyBiomeDecoration(ChunkGenerator.java:459) ~[paper-26.2.jar:26.2-112-c9e894d]
	at net.minecraft.world.level.chunk.ChunkGenerator.applyBiomeDecoration(ChunkGenerator.java:452) ~[paper-26.2.jar:26.2-112-c9e894d]
	at net.minecraft.world.level.chunk.status.ChunkStatusTasks.generateFeatures(ChunkStatusTasks.java:147) ~[paper-26.2.jar:26.2-112-c9e894d]
	at net.minecraft.world.level.chunk.status.ChunkStep.apply(ChunkStep.java:65) ~[paper-26.2.jar:26.2-112-c9e894d]
	at ca.spottedleaf.moonrise.patches.chunk_system.scheduling.task.ChunkUpgradeGenericStatusTask.run(ChunkUpgradeGenericStatusTask.java:97) ~[paper-26.2.jar:26.2-112-c9e894d]
	at ca.spottedleaf.concurrentutil.executor.queue.AreaDependentQueue$QueuedTask.run(AreaDependentQueue.java:1154) ~[leafpile-1.0.0.jar:?]
	at ca.spottedleaf.concurrentutil.executor.thread.BalancedPrioritisedThreadPool$OrderedStreamGroup$Queue.lambda$createTask$0(BalancedPrioritisedThreadPool.java:467) ~[leafpile-1.0.0.jar:?]
	at ca.spottedleaf.concurrentutil.executor.queue.PrioritisedTaskQueue$PrioritisedQueuedTask.execute(PrioritisedTaskQueue.java:345) ~[leafpile-1.0.0.jar:?]
	at ca.spottedleaf.concurrentutil.executor.thread.BalancedPrioritisedThreadPool$OrderedStreamGroup.executeTask(BalancedPrioritisedThreadPool.java:344) ~[leafpile-1.0.0.jar:?]
	at ca.spottedleaf.concurrentutil.executor.thread.BalancedPrioritisedThreadPool$WorkerThread.pollTasks(BalancedPrioritisedThreadPool.java:630) ~[leafpile-1.0.0.jar:?]
	at ca.spottedleaf.concurrentutil.executor.QueueExecutorRunnable.mainLoop(QueueExecutorRunnable.java:50) ~[leafpile-1.0.0.jar:?]
	at ca.spottedleaf.concurrentutil.executor.QueueExecutorRunnable.doRun(QueueExecutorRunnable.java:115) ~[leafpile-1.0.0.jar:?]
	at ca.spottedleaf.concurrentutil.executor.QueueExecutorRunnable.run(QueueExecutorRunnable.java:42) ~[leafpile-1.0.0.jar:?]
	at ca.spottedleaf.concurrentutil.util.LazyRunnable.run(LazyRunnable.java:25) ~[leafpile-1.0.0.jar:?]
	at java.base/java.lang.Thread.run(Thread.java:1474) ~[?:?]
[23:43:49 ERROR]: Error executing task on Server
java.lang.IllegalStateException: Thread failed main thread check: Accessing poi chunk off-main, context=thread=Paper Common Worker #0, world=minecraft:overworld, chunk_pos=[-55, -15]
	at ca.spottedleaf.moonrise.common.util.TickThread.ensureTickThread(TickThread.java:65) ~[paper-26.2.jar:26.2-112-c9e894d]
	at net.minecraft.world.entity.ai.village.poi.PoiManager.getOrLoad(PoiManager.java:89) ~[paper-26.2.jar:26.2-112-c9e894d]
	at net.minecraft.world.entity.ai.village.poi.PoiManager.exists(PoiManager.java:410) ~[paper-26.2.jar:26.2-112-c9e894d]
	at net.minecraft.server.level.ServerLevel.lambda$updatePOIOnBlockStateChange$3(ServerLevel.java:2400) ~[paper-26.2.jar:26.2-112-c9e894d]
	at net.minecraft.server.TickTask.run(TickTask.java:18) ~[paper-26.2.jar:26.2-112-c9e894d]
	at net.minecraft.util.thread.BlockableEventLoop.doRunTask(BlockableEventLoop.java:207) ~[paper-26.2.jar:26.2-112-c9e894d]
	at net.minecraft.util.thread.ReentrantBlockableEventLoop.doRunTask(ReentrantBlockableEventLoop.java:24) ~[paper-26.2.jar:26.2-112-c9e894d]
	at net.minecraft.server.MinecraftServer.doRunTask(MinecraftServer.java:1534) ~[paper-26.2.jar:26.2-112-c9e894d]
	at net.minecraft.server.MinecraftServer.doRunTask(MinecraftServer.java:192) ~[paper-26.2.jar:26.2-112-c9e894d]
	at net.minecraft.util.thread.BlockableEventLoop.execute(BlockableEventLoop.java:150) ~[paper-26.2.jar:26.2-112-c9e894d]
	at net.minecraft.server.level.ServerLevel.lambda$updatePOIOnBlockStateChange$2(ServerLevel.java:2398) ~[paper-26.2.jar:26.2-112-c9e894d]
	at java.base/java.util.Optional.ifPresent(Optional.java:178) ~[?:?]
	at net.minecraft.server.level.ServerLevel.updatePOIOnBlockStateChange(ServerLevel.java:2398) ~[paper-26.2.jar:26.2-112-c9e894d]
	at net.minecraft.server.level.WorldGenRegion.setBlock(WorldGenRegion.java:366) ~[paper-26.2.jar:26.2-112-c9e894d]
	at net.minecraft.world.level.LevelWriter.setBlock(LevelWriter.java:13) ~[paper-26.2.jar:26.2-112-c9e894d]
	at net.minecraft.world.level.levelgen.structure.templatesystem.StructureTemplate.placeInWorld(StructureTemplate.java:322) ~[paper-26.2.jar:26.2-112-c9e894d]
	at net.minecraft.world.level.levelgen.structure.pools.SinglePoolElement.place(SinglePoolElement.java:152) ~[paper-26.2.jar:26.2-112-c9e894d]
	at net.minecraft.world.level.levelgen.structure.PoolElementStructurePiece.place(PoolElementStructurePiece.java:113) ~[paper-26.2.jar:26.2-112-c9e894d]
	at net.minecraft.world.level.levelgen.structure.PoolElementStructurePiece.postProcess(PoolElementStructurePiece.java:100) ~[paper-26.2.jar:26.2-112-c9e894d]
	at net.minecraft.world.level.levelgen.structure.StructureStart.placeInChunk(StructureStart.java:111) ~[paper-26.2.jar:26.2-112-c9e894d]
	at net.minecraft.world.level.chunk.ChunkGenerator.lambda$addVanillaDecorations$3(ChunkGenerator.java:379) ~[paper-26.2.jar:26.2-112-c9e894d]
	at com.google.common.collect.ImmutableList.forEach(ImmutableList.java:421) ~[guava-33.6.0-jre.jar:?]
	at net.minecraft.world.level.chunk.ChunkGenerator.addVanillaDecorations(ChunkGenerator.java:379) ~[paper-26.2.jar:26.2-112-c9e894d]
	at net.minecraft.world.level.chunk.ChunkGenerator.applyBiomeDecoration(ChunkGenerator.java:459) ~[paper-26.2.jar:26.2-112-c9e894d]
	at net.minecraft.world.level.chunk.ChunkGenerator.applyBiomeDecoration(ChunkGenerator.java:452) ~[paper-26.2.jar:26.2-112-c9e894d]
	at net.minecraft.world.level.chunk.status.ChunkStatusTasks.generateFeatures(ChunkStatusTasks.java:147) ~[paper-26.2.jar:26.2-112-c9e894d]
	at net.minecraft.world.level.chunk.status.ChunkStep.apply(ChunkStep.java:65) ~[paper-26.2.jar:26.2-112-c9e894d]
	at ca.spottedleaf.moonrise.patches.chunk_system.scheduling.task.ChunkUpgradeGenericStatusTask.run(ChunkUpgradeGenericStatusTask.java:97) ~[paper-26.2.jar:26.2-112-c9e894d]
	at ca.spottedleaf.concurrentutil.executor.queue.AreaDependentQueue$QueuedTask.run(AreaDependentQueue.java:1154) ~[leafpile-1.0.0.jar:?]
	at ca.spottedleaf.concurrentutil.executor.thread.BalancedPrioritisedThreadPool$OrderedStreamGroup$Queue.lambda$createTask$0(BalancedPrioritisedThreadPool.java:467) ~[leafpile-1.0.0.jar:?]
	at ca.spottedleaf.concurrentutil.executor.queue.PrioritisedTaskQueue$PrioritisedQueuedTask.execute(PrioritisedTaskQueue.java:345) ~[leafpile-1.0.0.jar:?]
	at ca.spottedleaf.concurrentutil.executor.thread.BalancedPrioritisedThreadPool$OrderedStreamGroup.executeTask(BalancedPrioritisedThreadPool.java:344) ~[leafpile-1.0.0.jar:?]
	at ca.spottedleaf.concurrentutil.executor.thread.BalancedPrioritisedThreadPool$WorkerThread.pollTasks(BalancedPrioritisedThreadPool.java:630) ~[leafpile-1.0.0.jar:?]
	at ca.spottedleaf.concurrentutil.executor.QueueExecutorRunnable.mainLoop(QueueExecutorRunnable.java:50) ~[leafpile-1.0.0.jar:?]
	at ca.spottedleaf.concurrentutil.executor.QueueExecutorRunnable.doRun(QueueExecutorRunnable.java:115) ~[leafpile-1.0.0.jar:?]
	at ca.spottedleaf.concurrentutil.executor.QueueExecutorRunnable.run(QueueExecutorRunnable.java:42) ~[leafpile-1.0.0.jar:?]
	at ca.spottedleaf.concurrentutil.util.LazyRunnable.run(LazyRunnable.java:25) ~[leafpile-1.0.0.jar:?]
	at java.base/java.lang.Thread.run(Thread.java:1474) ~[?:?]
[23:43:49 INFO]: [io.zonky.test.db.postgres.embedded.EmbeddedPostgres] waiting for server to shut down..... done
[23:43:49 INFO]: [io.zonky.test.db.postgres.embedded.EmbeddedPostgres] server stopped
[23:43:49 INFO]: [io.zonky.test.db.postgres.embedded.EmbeddedPostgres] d73aff7a-b501-42f3-af74-76c3717c0bf1 shut down postmaster in 00:00:01.635
[23:43:49 INFO]: [io.zonky.test.db.postgres.embedded.EmbeddedPostgres] Did not clean up directory C:\Users\User\AppData\Local\BranzMMORPGHarness\repo\mmo-bootstrap\run\plugins\BranzMMO\embedded-postgres
[23:43:49 INFO]: [BranzMMO] Branz MMO platform disabled cleanly.
[23:43:49 ERROR]: [ca.spottedleaf.moonrise.common.util.TickThread] Thread failed main thread check: Accessing poi chunk off-main, context=thread=Paper Common Worker #0, world=minecraft:overworld, chunk_pos=[-58, -15]
java.lang.Throwable
	at ca.spottedleaf.moonrise.common.util.TickThread.ensureTickThread(TickThread.java:64) ~[paper-26.2.jar:26.2-112-c9e894d]
	at net.minecraft.world.entity.ai.village.poi.PoiManager.getOrLoad(PoiManager.java:89) ~[paper-26.2.jar:26.2-112-c9e894d]
	at net.minecraft.world.entity.ai.village.poi.PoiManager.exists(PoiManager.java:410) ~[paper-26.2.jar:26.2-112-c9e894d]
	at net.minecraft.server.level.ServerLevel.lambda$updatePOIOnBlockStateChange$3(ServerLevel.java:2400) ~[paper-26.2.jar:26.2-112-c9e894d]
	at net.minecraft.server.TickTask.run(TickTask.java:18) ~[paper-26.2.jar:26.2-112-c9e894d]
	at net.minecraft.util.thread.BlockableEventLoop.doRunTask(BlockableEventLoop.java:207) ~[paper-26.2.jar:26.2-112-c9e894d]
	at net.minecraft.util.thread.ReentrantBlockableEventLoop.doRunTask(ReentrantBlockableEventLoop.java:24) ~[paper-26.2.jar:26.2-112-c9e894d]
	at net.minecraft.server.MinecraftServer.doRunTask(MinecraftServer.java:1534) ~[paper-26.2.jar:26.2-112-c9e894d]
	at net.minecraft.server.MinecraftServer.doRunTask(MinecraftServer.java:192) ~[paper-26.2.jar:26.2-112-c9e894d]
	at net.minecraft.util.thread.BlockableEventLoop.execute(BlockableEventLoop.java:150) ~[paper-26.2.jar:26.2-112-c9e894d]
	at net.minecraft.server.level.ServerLevel.lambda$updatePOIOnBlockStateChange$2(ServerLevel.java:2398) ~[paper-26.2.jar:26.2-112-c9e894d]
	at java.base/java.util.Optional.ifPresent(Optional.java:178) ~[?:?]
	at net.minecraft.server.level.ServerLevel.updatePOIOnBlockStateChange(ServerLevel.java:2398) ~[paper-26.2.jar:26.2-112-c9e894d]
	at net.minecraft.server.level.WorldGenRegion.setBlock(WorldGenRegion.java:366) ~[paper-26.2.jar:26.2-112-c9e894d]
	at net.minecraft.world.level.LevelWriter.setBlock(LevelWriter.java:13) ~[paper-26.2.jar:26.2-112-c9e894d]
	at net.minecraft.world.level.levelgen.structure.templatesystem.StructureTemplate.placeInWorld(StructureTemplate.java:322) ~[paper-26.2.jar:26.2-112-c9e894d]
	at net.minecraft.world.level.levelgen.structure.pools.SinglePoolElement.place(SinglePoolElement.java:152) ~[paper-26.2.jar:26.2-112-c9e894d]
	at net.minecraft.world.level.levelgen.structure.PoolElementStructurePiece.place(PoolElementStructurePiece.java:113) ~[paper-26.2.jar:26.2-112-c9e894d]
	at net.minecraft.world.level.levelgen.structure.PoolElementStructurePiece.postProcess(PoolElementStructurePiece.java:100) ~[paper-26.2.jar:26.2-112-c9e894d]
	at net.minecraft.world.level.levelgen.structure.StructureStart.placeInChunk(StructureStart.java:111) ~[paper-26.2.jar:26.2-112-c9e894d]
	at net.minecraft.world.level.chunk.ChunkGenerator.lambda$addVanillaDecorations$3(ChunkGenerator.java:379) ~[paper-26.2.jar:26.2-112-c9e894d]
	at com.google.common.collect.ImmutableList.forEach(ImmutableList.java:421) ~[guava-33.6.0-jre.jar:?]
	at net.minecraft.world.level.chunk.ChunkGenerator.addVanillaDecorations(ChunkGenerator.java:379) ~[paper-26.2.jar:26.2-112-c9e894d]
	at net.minecraft.world.level.chunk.ChunkGenerator.applyBiomeDecoration(ChunkGenerator.java:459) ~[paper-26.2.jar:26.2-112-c9e894d]
	at net.minecraft.world.level.chunk.ChunkGenerator.applyBiomeDecoration(ChunkGenerator.java:452) ~[paper-26.2.jar:26.2-112-c9e894d]
	at net.minecraft.world.level.chunk.status.ChunkStatusTasks.generateFeatures(ChunkStatusTasks.java:147) ~[paper-26.2.jar:26.2-112-c9e894d]
	at net.minecraft.world.level.chunk.status.ChunkStep.apply(ChunkStep.java:65) ~[paper-26.2.jar:26.2-112-c9e894d]
	at ca.spottedleaf.moonrise.patches.chunk_system.scheduling.task.ChunkUpgradeGenericStatusTask.run(ChunkUpgradeGenericStatusTask.java:97) ~[paper-26.2.jar:26.2-112-c9e894d]
	at ca.spottedleaf.concurrentutil.executor.queue.AreaDependentQueue$QueuedTask.run(AreaDependentQueue.java:1154) ~[leafpile-1.0.0.jar:?]
	at ca.spottedleaf.concurrentutil.executor.thread.BalancedPrioritisedThreadPool$OrderedStreamGroup$Queue.lambda$createTask$0(BalancedPrioritisedThreadPool.java:467) ~[leafpile-1.0.0.jar:?]
	at ca.spottedleaf.concurrentutil.executor.queue.PrioritisedTaskQueue$PrioritisedQueuedTask.execute(PrioritisedTaskQueue.java:345) ~[leafpile-1.0.0.jar:?]
	at ca.spottedleaf.concurrentutil.executor.thread.BalancedPrioritisedThreadPool$OrderedStreamGroup.executeTask(BalancedPrioritisedThreadPool.java:344) ~[leafpile-1.0.0.jar:?]
	at ca.spottedleaf.concurrentutil.executor.thread.BalancedPrioritisedThreadPool$WorkerThread.pollTasks(BalancedPrioritisedThreadPool.java:630) ~[leafpile-1.0.0.jar:?]
	at ca.spottedleaf.concurrentutil.executor.QueueExecutorRunnable.mainLoop(QueueExecutorRunnable.java:50) ~[leafpile-1.0.0.jar:?]
	at ca.spottedleaf.concurrentutil.executor.QueueExecutorRunnable.doRun(QueueExecutorRunnable.java:115) ~[leafpile-1.0.0.jar:?]
	at ca.spottedleaf.concurrentutil.executor.QueueExecutorRunnable.run(QueueExecutorRunnable.java:42) ~[leafpile-1.0.0.jar:?]
	at ca.spottedleaf.concurrentutil.util.LazyRunnable.run(LazyRunnable.java:25) ~[leafpile-1.0.0.jar:?]
	at java.base/java.lang.Thread.run(Thread.java:1474) ~[?:?]
[23:43:49 ERROR]: Error executing task on Server
java.lang.IllegalStateException: Thread failed main thread check: Accessing poi chunk off-main, context=thread=Paper Common Worker #0, world=minecraft:overworld, chunk_pos=[-58, -15]
	at ca.spottedleaf.moonrise.common.util.TickThread.ensureTickThread(TickThread.java:65) ~[paper-26.2.jar:26.2-112-c9e894d]
	at net.minecraft.world.entity.ai.village.poi.PoiManager.getOrLoad(PoiManager.java:89) ~[paper-26.2.jar:26.2-112-c9e894d]
	at net.minecraft.world.entity.ai.village.poi.PoiManager.exists(PoiManager.java:410) ~[paper-26.2.jar:26.2-112-c9e894d]
	at net.minecraft.server.level.ServerLevel.lambda$updatePOIOnBlockStateChange$3(ServerLevel.java:2400) ~[paper-26.2.jar:26.2-112-c9e894d]
	at net.minecraft.server.TickTask.run(TickTask.java:18) ~[paper-26.2.jar:26.2-112-c9e894d]
	at net.minecraft.util.thread.BlockableEventLoop.doRunTask(BlockableEventLoop.java:207) ~[paper-26.2.jar:26.2-112-c9e894d]
	at net.minecraft.util.thread.ReentrantBlockableEventLoop.doRunTask(ReentrantBlockableEventLoop.java:24) ~[paper-26.2.jar:26.2-112-c9e894d]
	at net.minecraft.server.MinecraftServer.doRunTask(MinecraftServer.java:1534) ~[paper-26.2.jar:26.2-112-c9e894d]
	at net.minecraft.server.MinecraftServer.doRunTask(MinecraftServer.java:192) ~[paper-26.2.jar:26.2-112-c9e894d]
	at net.minecraft.util.thread.BlockableEventLoop.execute(BlockableEventLoop.java:150) ~[paper-26.2.jar:26.2-112-c9e894d]
	at net.minecraft.server.level.ServerLevel.lambda$updatePOIOnBlockStateChange$2(ServerLevel.java:2398) ~[paper-26.2.jar:26.2-112-c9e894d]
	at java.base/java.util.Optional.ifPresent(Optional.java:178) ~[?:?]
	at net.minecraft.server.level.ServerLevel.updatePOIOnBlockStateChange(ServerLevel.java:2398) ~[paper-26.2.jar:26.2-112-c9e894d]
	at net.minecraft.server.level.WorldGenRegion.setBlock(WorldGenRegion.java:366) ~[paper-26.2.jar:26.2-112-c9e894d]
	at net.minecraft.world.level.LevelWriter.setBlock(LevelWriter.java:13) ~[paper-26.2.jar:26.2-112-c9e894d]
	at net.minecraft.world.level.levelgen.structure.templatesystem.StructureTemplate.placeInWorld(StructureTemplate.java:322) ~[paper-26.2.jar:26.2-112-c9e894d]
	at net.minecraft.world.level.levelgen.structure.pools.SinglePoolElement.place(SinglePoolElement.java:152) ~[paper-26.2.jar:26.2-112-c9e894d]
	at net.minecraft.world.level.levelgen.structure.PoolElementStructurePiece.place(PoolElementStructurePiece.java:113) ~[paper-26.2.jar:26.2-112-c9e894d]
	at net.minecraft.world.level.levelgen.structure.PoolElementStructurePiece.postProcess(PoolElementStructurePiece.java:100) ~[paper-26.2.jar:26.2-112-c9e894d]
	at net.minecraft.world.level.levelgen.structure.StructureStart.placeInChunk(StructureStart.java:111) ~[paper-26.2.jar:26.2-112-c9e894d]
	at net.minecraft.world.level.chunk.ChunkGenerator.lambda$addVanillaDecorations$3(ChunkGenerator.java:379) ~[paper-26.2.jar:26.2-112-c9e894d]
	at com.google.common.collect.ImmutableList.forEach(ImmutableList.java:421) ~[guava-33.6.0-jre.jar:?]
	at net.minecraft.world.level.chunk.ChunkGenerator.addVanillaDecorations(ChunkGenerator.java:379) ~[paper-26.2.jar:26.2-112-c9e894d]
	at net.minecraft.world.level.chunk.ChunkGenerator.applyBiomeDecoration(ChunkGenerator.java:459) ~[paper-26.2.jar:26.2-112-c9e894d]
	at net.minecraft.world.level.chunk.ChunkGenerator.applyBiomeDecoration(ChunkGenerator.java:452) ~[paper-26.2.jar:26.2-112-c9e894d]
	at net.minecraft.world.level.chunk.status.ChunkStatusTasks.generateFeatures(ChunkStatusTasks.java:147) ~[paper-26.2.jar:26.2-112-c9e894d]
	at net.minecraft.world.level.chunk.status.ChunkStep.apply(ChunkStep.java:65) ~[paper-26.2.jar:26.2-112-c9e894d]
	at ca.spottedleaf.moonrise.patches.chunk_system.scheduling.task.ChunkUpgradeGenericStatusTask.run(ChunkUpgradeGenericStatusTask.java:97) ~[paper-26.2.jar:26.2-112-c9e894d]
	at ca.spottedleaf.concurrentutil.executor.queue.AreaDependentQueue$QueuedTask.run(AreaDependentQueue.java:1154) ~[leafpile-1.0.0.jar:?]
	at ca.spottedleaf.concurrentutil.executor.thread.BalancedPrioritisedThreadPool$OrderedStreamGroup$Queue.lambda$createTask$0(BalancedPrioritisedThreadPool.java:467) ~[leafpile-1.0.0.jar:?]
	at ca.spottedleaf.concurrentutil.executor.queue.PrioritisedTaskQueue$PrioritisedQueuedTask.execute(PrioritisedTaskQueue.java:345) ~[leafpile-1.0.0.jar:?]
	at ca.spottedleaf.concurrentutil.executor.thread.BalancedPrioritisedThreadPool$OrderedStreamGroup.executeTask(BalancedPrioritisedThreadPool.java:344) ~[leafpile-1.0.0.jar:?]
	at ca.spottedleaf.concurrentutil.executor.thread.BalancedPrioritisedThreadPool$WorkerThread.pollTasks(BalancedPrioritisedThreadPool.java:630) ~[leafpile-1.0.0.jar:?]
	at ca.spottedleaf.concurrentutil.executor.QueueExecutorRunnable.mainLoop(QueueExecutorRunnable.java:50) ~[leafpile-1.0.0.jar:?]
	at ca.spottedleaf.concurrentutil.executor.QueueExecutorRunnable.doRun(QueueExecutorRunnable.java:115) ~[leafpile-1.0.0.jar:?]
	at ca.spottedleaf.concurrentutil.executor.QueueExecutorRunnable.run(QueueExecutorRunnable.java:42) ~[leafpile-1.0.0.jar:?]
	at ca.spottedleaf.concurrentutil.util.LazyRunnable.run(LazyRunnable.java:25) ~[leafpile-1.0.0.jar:?]
	at java.base/java.lang.Thread.run(Thread.java:1474) ~[?:?]
[23:43:49 INFO]: Saving players
[23:43:49 INFO]: Player0 lost connection: Server closed
[23:43:49 INFO]: Player0 left the game
[23:43:49 INFO]: Saving worlds
[23:43:49 INFO]: Saving chunks for level 'ServerLevel[world]'/minecraft:overworld
[23:43:49 INFO]: [ChunkHolderManager] Waiting 60s for chunk system to halt for world 'minecraft:overworld'
[23:43:49 INFO]: [ChunkHolderManager] Halted chunk system for world 'minecraft:overworld'
[23:43:49 INFO]: [ChunkHolderManager] Saving all chunkholders for world 'minecraft:overworld'
[23:43:51 INFO]: [ChunkHolderManager] Saved 1296 block chunks, 51 entity chunks, 3 poi chunks in world 'minecraft:overworld' in 1.42s
[23:43:51 INFO]: [ChunkHolderManager] Waiting 60s for chunk I/O to halt for world 'minecraft:overworld'
[23:43:51 INFO]: [ChunkHolderManager] Halted I/O scheduler for world 'minecraft:overworld'
[23:43:51 INFO]: Saving chunks for level 'ServerLevel[world]'/minecraft:the_nether
[23:43:51 INFO]: [ChunkHolderManager] Waiting 60s for chunk system to halt for world 'minecraft:the_nether'
[23:43:51 INFO]: [ChunkHolderManager] Halted chunk system for world 'minecraft:the_nether'
[23:43:51 INFO]: [ChunkHolderManager] Saving all chunkholders for world 'minecraft:the_nether'
[23:43:51 INFO]: [ChunkHolderManager] Saved 0 block chunks, 0 entity chunks, 0 poi chunks in world 'minecraft:the_nether' in 0.00s
[23:43:51 INFO]: [ChunkHolderManager] Waiting 60s for chunk I/O to halt for world 'minecraft:the_nether'
[23:43:51 INFO]: [ChunkHolderManager] Halted I/O scheduler for world 'minecraft:the_nether'
[23:43:51 INFO]: Saving chunks for level 'ServerLevel[world]'/minecraft:the_end
[23:43:51 INFO]: [ChunkHolderManager] Waiting 60s for chunk system to halt for world 'minecraft:the_end'
[23:43:51 INFO]: [ChunkHolderManager] Halted chunk system for world 'minecraft:the_end'
[23:43:51 INFO]: [ChunkHolderManager] Saving all chunkholders for world 'minecraft:the_end'
[23:43:51 INFO]: [ChunkHolderManager] Saved 0 block chunks, 0 entity chunks, 0 poi chunks in world 'minecraft:the_end' in 0.02s
[23:43:51 INFO]: [ChunkHolderManager] Waiting 60s for chunk I/O to halt for world 'minecraft:the_end'
[23:43:51 INFO]: [ChunkHolderManager] Halted I/O scheduler for world 'minecraft:the_end'
[23:43:51 INFO]: ThreadedAnvilChunkStorage (world): All chunks are saved
[23:43:51 INFO]: ThreadedAnvilChunkStorage (DIM-1): All chunks are saved
[23:43:51 INFO]: ThreadedAnvilChunkStorage (DIM1): All chunks are saved
[23:43:51 INFO]: ThreadedAnvilChunkStorage: All dimensions are saved
[23:43:51 INFO]: Waiting for all RegionFile I/O tasks to complete...
[23:43:51 INFO]: All RegionFile I/O tasks to complete
[23:43:51 INFO]: [MoonriseCommon] Awaiting termination of worker pool for up to 60s...
[23:43:51 INFO]: [MoonriseCommon] Awaiting termination of I/O pool for up to 60s...

BUILD SUCCESSFUL in 1m 48s
39 actionable tasks: 3 executed, 36 up-to-date
Consider enabling configuration cache to speed up this build: https://docs.gradle.org/9.1.0/userguide/configuration_cache_enabling.html
