To honour the JVM settings for this build a single-use Daemon process will be forked. For more on this, please refer to https://docs.gradle.org/9.1.0/userguide/gradle_daemon.html#sec:disabling_the_daemon in the Gradle documentation.
Daemon will be stopped at the end of the build 
> Task :mmo-api:compileJava UP-TO-DATE
> Task :mmo-api:processResources NO-SOURCE
> Task :mmo-api:classes UP-TO-DATE
> Task :mmo-api:jar UP-TO-DATE
> Task :mmo-content:compileJava UP-TO-DATE
> Task :mmo-combat:compileJava UP-TO-DATE
> Task :mmo-integrations:compileJava UP-TO-DATE
> Task :mmo-items:compileJava UP-TO-DATE
> Task :mmo-lifeskills:compileJava UP-TO-DATE
> Task :mmo-magic:compileJava UP-TO-DATE
> Task :mmo-progression:compileJava UP-TO-DATE
> Task :mmo-persistence:compileJava UP-TO-DATE
> Task :mmo-scenes:compileJava UP-TO-DATE
> Task :mmo-social:compileJava UP-TO-DATE
> Task :mmo-worldloop:compileJava UP-TO-DATE
> Task :mmo-integrations:integration-mythicmobs:compileJava UP-TO-DATE
> Task :mmo-integrations:integration-oraxen:compileJava UP-TO-DATE
> Task :mmo-integrations:integration-packetevents:compileJava UP-TO-DATE
> Task :mmo-integrations:integration-wallet:compileJava UP-TO-DATE
> Task :mmo-integrations:integration-worldguard:compileJava UP-TO-DATE
> Task :mmo-bootstrap:compileJava UP-TO-DATE
> Task :mmo-bootstrap:processResources UP-TO-DATE
> Task :mmo-bootstrap:classes UP-TO-DATE
> Task :mmo-combat:processResources NO-SOURCE
> Task :mmo-combat:classes UP-TO-DATE
> Task :mmo-combat:jar UP-TO-DATE
> Task :mmo-content:processResources NO-SOURCE
> Task :mmo-content:classes UP-TO-DATE
> Task :mmo-content:jar UP-TO-DATE
> Task :mmo-integrations:processResources NO-SOURCE
> Task :mmo-integrations:classes UP-TO-DATE
> Task :mmo-integrations:jar UP-TO-DATE
> Task :mmo-items:processResources NO-SOURCE
> Task :mmo-items:classes UP-TO-DATE
> Task :mmo-items:jar UP-TO-DATE
> Task :mmo-lifeskills:processResources NO-SOURCE
> Task :mmo-lifeskills:classes UP-TO-DATE
> Task :mmo-lifeskills:jar UP-TO-DATE
> Task :mmo-magic:processResources NO-SOURCE
> Task :mmo-magic:classes UP-TO-DATE
> Task :mmo-magic:jar UP-TO-DATE
> Task :mmo-persistence:processResources UP-TO-DATE
> Task :mmo-persistence:classes UP-TO-DATE
> Task :mmo-persistence:jar UP-TO-DATE
> Task :mmo-progression:processResources NO-SOURCE
> Task :mmo-progression:classes UP-TO-DATE
> Task :mmo-progression:jar UP-TO-DATE
> Task :mmo-scenes:processResources NO-SOURCE
> Task :mmo-scenes:classes UP-TO-DATE
> Task :mmo-scenes:jar UP-TO-DATE
> Task :mmo-social:processResources NO-SOURCE
> Task :mmo-social:classes UP-TO-DATE
> Task :mmo-social:jar UP-TO-DATE
> Task :mmo-worldloop:processResources NO-SOURCE
> Task :mmo-worldloop:classes UP-TO-DATE
> Task :mmo-worldloop:jar UP-TO-DATE
> Task :mmo-integrations:integration-mythicmobs:processResources NO-SOURCE
> Task :mmo-integrations:integration-mythicmobs:classes UP-TO-DATE
> Task :mmo-integrations:integration-mythicmobs:jar UP-TO-DATE
> Task :mmo-integrations:integration-oraxen:processResources NO-SOURCE
> Task :mmo-integrations:integration-oraxen:classes UP-TO-DATE
> Task :mmo-integrations:integration-oraxen:jar UP-TO-DATE
> Task :mmo-integrations:integration-packetevents:processResources NO-SOURCE
> Task :mmo-integrations:integration-packetevents:classes UP-TO-DATE
> Task :mmo-integrations:integration-packetevents:jar UP-TO-DATE
> Task :mmo-integrations:integration-wallet:processResources NO-SOURCE
> Task :mmo-integrations:integration-wallet:classes UP-TO-DATE
> Task :mmo-integrations:integration-wallet:jar UP-TO-DATE
> Task :mmo-integrations:integration-worldguard:processResources NO-SOURCE
> Task :mmo-integrations:integration-worldguard:classes UP-TO-DATE
> Task :mmo-integrations:integration-worldguard:jar UP-TO-DATE
> Task :mmo-bootstrap:shadowJar UP-TO-DATE

> Task :mmo-bootstrap:runServer
Fetching latest Paper build for version 26.2...
Latest build for 26.2 is 112.
Located Paper 26.2 build 112 in local cache.
Starting Paper...

Downloading mojang_26.2.jar
Applying patches
Starting org.bukkit.craftbukkit.Main
2026-08-19T14:11:41.552028900Z ServerMain WARN Advanced terminal features are not available in this environment
[21:11:41 INFO]: [bootstrap] Running Java 25 (OpenJDK 64-Bit Server VM 25.0.3+9-LTS; Eclipse Adoptium Temurin-25.0.3+9) on Windows 11 10.0 (amd64)
[21:11:41 INFO]: [bootstrap] Loading Paper 26.2-112-main@c9e894d (2026-08-11T05:18:39Z) for Minecraft 26.2
[21:11:41 INFO]: [PluginInitializerManager] Initializing plugins...
[21:11:42 INFO]: [PluginInitializerManager] Initialized 1 plugin
[21:11:42 INFO]: [PluginInitializerManager] Bukkit plugins (1):
 - BranzMMO (1.0.0-SNAPSHOT)
WARNING: A terminally deprecated method in sun.misc.Unsafe has been called
WARNING: sun.misc.Unsafe::objectFieldOffset has been called by org.joml.MemUtil$MemUtilUnsafe (file:/C:/Users/User/AppData/Local/BranzMMORPGHarness/repo/mmo-bootstrap/run/libraries/org/joml/joml/1.10.8/joml-1.10.8.jar)
WARNING: Please consider reporting this to the maintainers of class org.joml.MemUtil$MemUtilUnsafe
WARNING: sun.misc.Unsafe::objectFieldOffset will be removed in a future release
[21:11:47 INFO]: [ca.spottedleaf.dataconverter.minecraft.datatypes.MCTypeRegistry] Initialising converters for DataConverter...
[21:11:47 INFO]: Environment: Environment[sessionHost=https://sessionserver.mojang.com, servicesHost=https://api.minecraftservices.com, profilesHost=https://api.mojang.com, name=PROD]
[21:11:47 INFO]: [ca.spottedleaf.dataconverter.minecraft.datatypes.MCTypeRegistry] Finished initialising converters for DataConverter in 508.8ms
[21:11:48 INFO]: Found new data pack paper, loading it automatically
[21:11:48 INFO]: No existing world data, creating new world
[21:11:49 INFO]: Loaded 1585 recipes
[21:11:49 INFO]: Loaded 1688 advancements
[21:11:49 INFO]: Starting minecraft server version 26.2
[21:11:49 INFO]: Loading properties
[21:11:49 INFO]: This server is running Paper version 26.2-112-main@c9e894d (2026-08-11T05:18:39Z) (Implementing API version 26.2.build.112-stable)
[21:11:49 INFO]: [spark] This server bundles the spark profiler. For more information please visit https://docs.papermc.io/paper/profiling
[21:11:50 INFO]: Server Ping Player Sample Count: 12
[21:11:50 INFO]: Using 4 threads for Netty based IO
[21:11:50 INFO]: [MoonriseCommon] Paper is using 3 worker threads, 1 I/O threads
[21:11:50 INFO]: Default game type: SURVIVAL
[21:11:50 INFO]: Generating keypair
[21:11:50 INFO]: Starting Minecraft server on *:25565
[21:11:50 INFO]: Paper: Using Java compression from Velocity.
[21:11:50 INFO]: Paper: Using Java cipher from Velocity.
[21:11:50 INFO]: [BranzMMO] Loading server plugin BranzMMO v1.0.0-SNAPSHOT
[21:11:50 INFO]: [BranzMMO] Enabling BranzMMO v1.0.0-SNAPSHOT
[21:11:50 INFO]: [BranzMMO] Loading and validating content snapshot from C:\Users\User\AppData\Local\BranzMMORPGHarness\repo\example-content\milestone-1
[21:11:50 WARN]: **** SERVER IS RUNNING IN OFFLINE/INSECURE MODE!
[21:11:50 WARN]: The server will make no attempt to authenticate usernames. Beware.
[21:11:50 WARN]: While this makes the game possible to play without internet access, it also opens up the ability for hackers to connect with any username they choose.
[21:11:50 WARN]: To change this, set "online-mode" to "true" in the server.properties file.
[21:11:50 INFO]: Preparing level "world"
[21:11:51 INFO]: Selecting spawn point for level 'minecraft:overworld'...
[21:11:55 INFO]: Selecting spawn point for level 'minecraft:the_nether'...
[21:11:55 INFO]: Selecting spawn point for level 'minecraft:the_end'...
[21:11:56 INFO]: Loading 0 persistent chunks for level 'minecraft:overworld'...
[21:11:56 INFO]: Preparing spawn area: 100%
[21:11:56 INFO]: Prepared spawn area in 4898 ms
[21:11:56 INFO]: Loading 0 persistent chunks for level 'minecraft:the_nether'...
[21:11:56 INFO]: Preparing spawn area: 100%
[21:11:56 INFO]: Prepared spawn area in 906 ms
[21:11:56 INFO]: Loading 0 persistent chunks for level 'minecraft:the_end'...
[21:11:56 INFO]: Preparing spawn area: 100%
[21:11:56 INFO]: Prepared spawn area in 308 ms
[21:11:56 INFO]: Done preparing level "world" (5.350s)
[21:11:56 INFO]: [spark] Starting background profiler...
[21:11:56 INFO]: [spark] The async-profiler engine is not supported for your os/arch (windows11/amd64), so the built-in Java engine will be used instead.
[21:11:56 INFO]: Saving chunks for level 'ServerLevel[world]'/minecraft:overworld
[21:11:56 INFO]: Saving chunks for level 'ServerLevel[world]'/minecraft:the_nether
[21:11:56 INFO]: Saving chunks for level 'ServerLevel[world]'/minecraft:the_end
[21:11:56 INFO]: ThreadedAnvilChunkStorage (world): All chunks are saved
[21:11:56 INFO]: ThreadedAnvilChunkStorage (DIM-1): All chunks are saved
[21:11:56 INFO]: ThreadedAnvilChunkStorage (DIM1): All chunks are saved
[21:11:56 INFO]: ThreadedAnvilChunkStorage: All dimensions are saved
[21:11:56 INFO]: Running delayed init tasks
[21:11:56 INFO]: Done (15.903s)! For help, type "help"
[21:11:56 INFO]: *************************************************************************************
[21:11:56 INFO]: This is the first time you're starting this server.
[21:11:56 INFO]: It's recommended you read our 'Getting Started' documentation for guidance.
[21:11:56 INFO]: View this and more helpful information here: https://docs.papermc.io/paper/next-steps
[21:11:56 INFO]: *************************************************************************************
[21:11:56 INFO]: [io.zonky.test.db.postgres.embedded.EmbeddedPostgres] Detected a Windows x86_64 system
[21:11:56 INFO]: [io.zonky.test.db.postgres.embedded.DefaultPostgresBinaryResolver] Detected distribution: 'Unknown'
[21:11:56 INFO]: [io.zonky.test.db.postgres.embedded.DefaultPostgresBinaryResolver] System specific postgres binaries found: 'postgres-windows-x86_64.txz'
[21:11:57 INFO]: [io.zonky.test.db.postgres.embedded.EmbeddedPostgres] Postgres binaries at C:\Users\User\AppData\Local\Temp\embedded-pg\PG-3942d5a1dcdbfebc27772e9e670d5d85
[21:11:57 INFO]: [io.zonky.test.db.postgres.embedded.EmbeddedPostgres] The files belonging to this database system will be owned by user "User".
[21:11:57 INFO]: [io.zonky.test.db.postgres.embedded.EmbeddedPostgres] This user must also own the server process.
[21:11:57 INFO]: [io.zonky.test.db.postgres.embedded.EmbeddedPostgres] 
[21:11:57 INFO]: [io.zonky.test.db.postgres.embedded.EmbeddedPostgres] The database cluster will be initialized with locale "English_United States.874".
[21:11:57 INFO]: [io.zonky.test.db.postgres.embedded.EmbeddedPostgres] The default text search configuration will be set to "english".
[21:11:57 INFO]: [io.zonky.test.db.postgres.embedded.EmbeddedPostgres] 
[21:11:57 INFO]: [io.zonky.test.db.postgres.embedded.EmbeddedPostgres] Data page checksums are disabled.
[21:11:57 INFO]: [io.zonky.test.db.postgres.embedded.EmbeddedPostgres] 
[21:11:57 INFO]: [io.zonky.test.db.postgres.embedded.EmbeddedPostgres] fixing permissions on existing directory C:/Users/User/AppData/Local/BranzMMORPGHarness/repo/mmo-bootstrap/run/plugins/BranzMMO/embedded-postgres ... ok
[21:11:57 INFO]: [io.zonky.test.db.postgres.embedded.EmbeddedPostgres] creating subdirectories ... ok
[21:11:57 INFO]: [io.zonky.test.db.postgres.embedded.EmbeddedPostgres] selecting dynamic shared memory implementation ... windows
[21:11:57 INFO]: [io.zonky.test.db.postgres.embedded.EmbeddedPostgres] selecting default max_connections ... 100
[21:11:57 INFO]: [io.zonky.test.db.postgres.embedded.EmbeddedPostgres] selecting default shared_buffers ... 128MB
[21:11:57 INFO]: [io.zonky.test.db.postgres.embedded.EmbeddedPostgres] selecting default time zone ... Asia/Bangkok
[21:11:57 INFO]: [io.zonky.test.db.postgres.embedded.EmbeddedPostgres] creating configuration files ... ok
[21:11:59 INFO]: [io.zonky.test.db.postgres.embedded.EmbeddedPostgres] running bootstrap script ... ok
[21:12:02 INFO]: [io.zonky.test.db.postgres.embedded.EmbeddedPostgres] performing post-bootstrap initialization ... ok
[21:12:07 INFO]: [io.zonky.test.db.postgres.embedded.EmbeddedPostgres] syncing data to disk ... ok
[21:12:07 INFO]: [io.zonky.test.db.postgres.embedded.EmbeddedPostgres] 
[21:12:07 INFO]: [io.zonky.test.db.postgres.embedded.EmbeddedPostgres] Success. You can now start the database server using:
[21:12:07 INFO]: [io.zonky.test.db.postgres.embedded.EmbeddedPostgres] 
[21:12:07 INFO]: [io.zonky.test.db.postgres.embedded.EmbeddedPostgres]     ^"C^:^\Users^\User^\AppData^\Local^\Temp^\embedded^-pg^\PG^-3942d5a1dcdbfebc27772e9e670d5d85^\bin^\pg^_ctl^" -D ^"C^:^\Users^\User^\AppData^\Local^\BranzMMORPGHarness^\repo^\mmo^-bootstrap^\run^\plugins^\BranzMMO^\embedded^-postgres^" -l logfile start
[21:12:07 INFO]: [io.zonky.test.db.postgres.embedded.EmbeddedPostgres] 
[21:12:07 INFO]: [io.zonky.test.db.postgres.embedded.EmbeddedPostgres] 8a78bfc3-5aba-41e5-99f5-6ada551546b7 initdb completed in 00:00:09.986
[21:12:07 INFO]: [io.zonky.test.db.postgres.embedded.EmbeddedPostgres] 8a78bfc3-5aba-41e5-99f5-6ada551546b7 postmaster started as Process[pid=28596, exitValue="not exited"] on port 65352.  Waiting up to PT10S for server startup to finish.
[21:12:07 INFO]: [io.zonky.test.db.postgres.embedded.EmbeddedPostgres] waiting for server to start....2026-08-19 21:12:07.980 +07 [420] LOG:  starting PostgreSQL 14.22, compiled by Visual C++ build 1944, 64-bit
[21:12:07 INFO]: [io.zonky.test.db.postgres.embedded.EmbeddedPostgres] 2026-08-19 21:12:07.987 +07 [420] LOG:  listening on IPv6 address "::1", port 65352
[21:12:07 INFO]: [io.zonky.test.db.postgres.embedded.EmbeddedPostgres] 2026-08-19 21:12:07.987 +07 [420] LOG:  listening on IPv4 address "127.0.0.1", port 65352
[21:12:08 INFO]: [io.zonky.test.db.postgres.embedded.EmbeddedPostgres] 2026-08-19 21:12:08.068 +07 [30364] LOG:  database system was shut down at 2026-08-19 21:12:02 +07
[21:12:08 INFO]: [io.zonky.test.db.postgres.embedded.EmbeddedPostgres] 2026-08-19 21:12:08.153 +07 [420] LOG:  database system is ready to accept connections
[21:12:08 INFO]: [io.zonky.test.db.postgres.embedded.EmbeddedPostgres]  done
[21:12:08 INFO]: [io.zonky.test.db.postgres.embedded.EmbeddedPostgres] server started
[21:12:08 INFO]: [io.zonky.test.db.postgres.embedded.EmbeddedPostgres] 8a78bfc3-5aba-41e5-99f5-6ada551546b7 postmaster startup finished in 00:00:01.137
[21:12:11 INFO]: [BranzMMO] Milestone 3 runtime ready; item definitions=20, move definitions=6, spell definitions=5, technique definitions=5, form definitions=4, ailment definitions=6, encounter reward definitions=1, Scene presentation=WORLD_BACKED
[21:12:11 INFO]: [BranzMMO] Provider asset.oraxen=UNAVAILABLE [OPTIONAL]: plugin is not installed: Oraxen
[21:12:11 INFO]: [BranzMMO] Provider mob.mythicmobs=UNAVAILABLE [OPTIONAL]: plugin is not installed: MythicMobs
[21:12:11 INFO]: [BranzMMO] Provider packet.packetevents=UNAVAILABLE [OPTIONAL]: plugin is not installed: packetevents
[21:12:11 INFO]: [BranzMMO] Provider region.worldguard=UNAVAILABLE [OPTIONAL]: plugin is not installed: WorldGuard
[21:12:11 INFO]: [BranzMMO] Provider wallet.external=UNAVAILABLE [OPTIONAL]: plugin is not installed: Wallet
[21:12:11 WARN]: [BranzMMO] asset.oraxen [OPTIONAL]: plugin is not installed: Oraxen
[21:12:11 WARN]: [BranzMMO] mob.mythicmobs [OPTIONAL]: plugin is not installed: MythicMobs
[21:12:11 WARN]: [BranzMMO] packet.packetevents [OPTIONAL]: plugin is not installed: packetevents
[21:12:11 WARN]: [BranzMMO] region.worldguard [OPTIONAL]: plugin is not installed: WorldGuard
[21:12:11 WARN]: [BranzMMO] wallet.external [OPTIONAL]: plugin is not installed: Wallet
[21:12:11 INFO]: [BranzMMO] Branz MMO startup DEGRADED; content=v1.milestone-1.example.4, definitions=48
[21:12:11 INFO]: [BranzMMO] PostgreSQL runtime ready; mode=EMBEDDED_LOCAL, server-instance=local-bd36e707-9456-41b5-b4ee-b34b322be923
[21:12:11 INFO]: [BranzMMO] Death Pouch reconciliation is ready.
[21:12:11 INFO]: [BranzMMO] Recovered 0 boss encounter(s) from V0009.
[21:12:11 INFO]: [BranzMMO] Recovered 0 downed encounter(s) from V0010.
[21:12:46 INFO]: UUID of player Player0 is 2654e3c3-150d-3857-a426-0b141796a4e0
[21:12:53 INFO]: Player0 joined the game
[21:12:53 INFO]: Player0[/127.0.0.1:49605] logged in with entity id 14 at ([minecraft:overworld]60.5, 64.0, -34.5)
[21:12:53 INFO]: Made Player0 a server operator
[21:12:53 INFO]: Set 7 experience levels on Player0
[21:12:57 INFO]: Player0 issued server command: /item replace entity @s hotbar.0 with minecraft:stone
[21:12:57 INFO]: [Player0: Replaced a slot on Player0 with [Stone]]
[21:12:57 INFO]: Player0 issued server command: /item replace entity @s hotbar.1 with minecraft:stone
[21:12:57 INFO]: [Player0: Replaced a slot on Player0 with [Stone]]
[21:12:57 INFO]: Player0 issued server command: /item replace entity @s hotbar.2 with minecraft:stone
[21:12:57 INFO]: [Player0: Replaced a slot on Player0 with [Stone]]
[21:12:57 INFO]: Player0 issued server command: /item replace entity @s hotbar.3 with minecraft:stone
[21:12:57 INFO]: [Player0: Replaced a slot on Player0 with [Stone]]
[21:12:57 INFO]: Player0 issued server command: /item replace entity @s hotbar.4 with minecraft:stone
[21:12:57 INFO]: [Player0: Replaced a slot on Player0 with [Stone]]
[21:12:57 INFO]: Player0 issued server command: /item replace entity @s hotbar.5 with minecraft:stone
[21:12:57 INFO]: [Player0: Replaced a slot on Player0 with [Stone]]
[21:12:58 INFO]: Player0 issued server command: /item replace entity @s hotbar.6 with minecraft:stone
[21:12:58 INFO]: [Player0: Replaced a slot on Player0 with [Stone]]
[21:12:58 INFO]: Player0 issued server command: /item replace entity @s hotbar.7 with minecraft:stone
[21:12:58 INFO]: [Player0: Replaced a slot on Player0 with [Stone]]
[21:12:58 INFO]: Player0 issued server command: /item replace entity @s hotbar.7 with minecraft:air
[21:12:58 INFO]: [Player0: Replaced a slot on Player0 with [Air]]
[21:12:58 INFO]: Player0 issued server command: /mmo dev
[21:13:01 INFO]: Player0 issued server command: /item replace entity @s hotbar.6 with minecraft:air
[21:13:01 INFO]: [Player0: Replaced a slot on Player0 with [Air]]
[21:13:01 INFO]: Player0 issued server command: /mmo dev
[21:13:06 INFO]: Player0 issued server command: /item replace entity @s hotbar.5 with minecraft:air
[21:13:06 INFO]: [Player0: Replaced a slot on Player0 with [Air]]
[21:13:06 INFO]: Player0 issued server command: /mmo dev
[21:13:07 INFO]: Player0 has made the advancement [Into Fire]
[21:13:08 INFO]: Player0 issued server command: /mmo physical status
[21:13:09 INFO]: Player0 issued server command: /mmo physical status
[21:13:10 INFO]: Player0 issued server command: /mmo physical status
[21:13:14 INFO]: Player0 issued server command: /execute at @s run summon minecraft:husk ^ ^ ^12 {PersistenceRequired:1b,Silent:1b,Tags:["branz_d46_source"]}
[21:13:14 INFO]: [Player0: Summoned new Husk]
[21:13:14 INFO]: Player0 issued server command: /effect give @e[tag=branz_d46_source,limit=1] minecraft:slowness infinite 255 true
[21:13:14 INFO]: [Player0: Applied effect Slowness to Husk]
[21:13:16 INFO]: Player0 issued server command: /effect clear @e[tag=branz_d46_source,limit=1] minecraft:slowness
[21:13:16 INFO]: [Player0: Removed effect Slowness from Husk]
[21:13:16 INFO]: Player0 issued server command: /execute at @s run tp @e[tag=branz_d46_source,limit=1] ^ ^ ^1.5
[21:13:16 INFO]: [Player0: Teleported Husk to 60.500000, 64.000000, -33.000000]
[21:13:16 INFO]: Player0 issued server command: /execute at @s run tp @e[tag=branz_d46_source,limit=1] ^ ^ ^12
[21:13:16 INFO]: [Player0: Teleported Husk to 60.500000, 64.000000, -22.500000]
[21:13:27 INFO]: Player0 lost connection: Disconnected
[21:13:27 INFO]: Player0 left the game
[21:13:28 INFO]: Stopping the server
[21:13:28 INFO]: Stopping server
[21:13:28 INFO]: [BranzMMO] Disabling BranzMMO v1.0.0-SNAPSHOT
[21:13:28 INFO]: [io.zonky.test.db.postgres.embedded.EmbeddedPostgres] 2026-08-19 21:13:28.782 +07 [420] LOG:  received fast shutdown request
[21:13:28 INFO]: [io.zonky.test.db.postgres.embedded.EmbeddedPostgres] 2026-08-19 21:13:28.782 +07 [420] LOG:  aborting any active transactions
[21:13:28 INFO]: [io.zonky.test.db.postgres.embedded.EmbeddedPostgres] 2026-08-19 21:13:28.789 +07 [420] LOG:  background worker "logical replication launcher" (PID 29364) exited with exit code 1
[21:13:28 INFO]: [io.zonky.test.db.postgres.embedded.EmbeddedPostgres] 2026-08-19 21:13:28.791 +07 [30712] LOG:  shutting down
[21:13:29 INFO]: [io.zonky.test.db.postgres.embedded.EmbeddedPostgres] 2026-08-19 21:13:29.056 +07 [420] LOG:  database system is shut down
[21:13:29 INFO]: [io.zonky.test.db.postgres.embedded.EmbeddedPostgres] waiting for server to shut down.... done
[21:13:29 INFO]: [io.zonky.test.db.postgres.embedded.EmbeddedPostgres] server stopped
[21:13:29 INFO]: [io.zonky.test.db.postgres.embedded.EmbeddedPostgres] 8a78bfc3-5aba-41e5-99f5-6ada551546b7 shut down postmaster in 00:00:00.401
[21:13:29 INFO]: [io.zonky.test.db.postgres.embedded.EmbeddedPostgres] Did not clean up directory C:\Users\User\AppData\Local\BranzMMORPGHarness\repo\mmo-bootstrap\run\plugins\BranzMMO\embedded-postgres
[21:13:29 INFO]: [BranzMMO] Branz MMO platform disabled cleanly.
[21:13:29 INFO]: Saving players
[21:13:29 INFO]: Saving worlds
[21:13:29 INFO]: Saving chunks for level 'ServerLevel[world]'/minecraft:overworld
[21:13:29 INFO]: [ChunkHolderManager] Waiting 60s for chunk system to halt for world 'minecraft:overworld'
[21:13:29 INFO]: [ChunkHolderManager] Halted chunk system for world 'minecraft:overworld'
[21:13:29 INFO]: [ChunkHolderManager] Saving all chunkholders for world 'minecraft:overworld'
[21:13:30 INFO]: [ChunkHolderManager] Saved 2209 block chunks, 625 entity chunks, 10 poi chunks in world 'minecraft:overworld' in 1.28s
[21:13:30 INFO]: [ChunkHolderManager] Waiting 60s for chunk I/O to halt for world 'minecraft:overworld'
[21:13:30 INFO]: [ChunkHolderManager] Halted I/O scheduler for world 'minecraft:overworld'
[21:13:30 INFO]: Saving chunks for level 'ServerLevel[world]'/minecraft:the_nether
[21:13:30 INFO]: [ChunkHolderManager] Waiting 60s for chunk system to halt for world 'minecraft:the_nether'
[21:13:30 INFO]: [ChunkHolderManager] Halted chunk system for world 'minecraft:the_nether'
[21:13:30 INFO]: [ChunkHolderManager] Saving all chunkholders for world 'minecraft:the_nether'
[21:13:30 INFO]: [ChunkHolderManager] Saved 0 block chunks, 0 entity chunks, 0 poi chunks in world 'minecraft:the_nether' in 0.01s
[21:13:30 INFO]: [ChunkHolderManager] Waiting 60s for chunk I/O to halt for world 'minecraft:the_nether'
[21:13:30 INFO]: [ChunkHolderManager] Halted I/O scheduler for world 'minecraft:the_nether'
[21:13:30 INFO]: Saving chunks for level 'ServerLevel[world]'/minecraft:the_end
[21:13:30 INFO]: [ChunkHolderManager] Waiting 60s for chunk system to halt for world 'minecraft:the_end'
[21:13:30 INFO]: [ChunkHolderManager] Halted chunk system for world 'minecraft:the_end'
[21:13:30 INFO]: [ChunkHolderManager] Saving all chunkholders for world 'minecraft:the_end'
[21:13:30 INFO]: [ChunkHolderManager] Saved 0 block chunks, 0 entity chunks, 0 poi chunks in world 'minecraft:the_end' in 0.00s
[21:13:30 INFO]: [ChunkHolderManager] Waiting 60s for chunk I/O to halt for world 'minecraft:the_end'
[21:13:30 INFO]: [ChunkHolderManager] Halted I/O scheduler for world 'minecraft:the_end'
[21:13:30 INFO]: ThreadedAnvilChunkStorage (world): All chunks are saved
[21:13:30 INFO]: ThreadedAnvilChunkStorage (DIM-1): All chunks are saved
[21:13:30 INFO]: ThreadedAnvilChunkStorage (DIM1): All chunks are saved
[21:13:30 INFO]: ThreadedAnvilChunkStorage: All dimensions are saved
[21:13:30 INFO]: Waiting for all RegionFile I/O tasks to complete...
[21:13:30 INFO]: All RegionFile I/O tasks to complete
[21:13:30 INFO]: [MoonriseCommon] Awaiting termination of worker pool for up to 60s...
[21:13:30 INFO]: [MoonriseCommon] Awaiting termination of I/O pool for up to 60s...

BUILD SUCCESSFUL in 2m 18s
39 actionable tasks: 1 executed, 38 up-to-date
Consider enabling configuration cache to speed up this build: https://docs.gradle.org/9.1.0/userguide/configuration_cache_enabling.html
