To honour the JVM settings for this build a single-use Daemon process will be forked. For more on this, please refer to https://docs.gradle.org/9.1.0/userguide/gradle_daemon.html#sec:disabling_the_daemon in the Gradle documentation.
Daemon will be stopped at the end of the build 
> Task :mmo-api:compileJava UP-TO-DATE
> Task :mmo-api:processResources NO-SOURCE
> Task :mmo-api:classes UP-TO-DATE
> Task :mmo-api:jar UP-TO-DATE
> Task :mmo-content:compileJava UP-TO-DATE
> Task :mmo-combat:compileJava UP-TO-DATE
> Task :mmo-integrations:compileJava UP-TO-DATE
> Task :mmo-items:compileJava UP-TO-DATE
> Task :mmo-lifeskills:compileJava UP-TO-DATE
> Task :mmo-magic:compileJava UP-TO-DATE
> Task :mmo-progression:compileJava UP-TO-DATE
> Task :mmo-persistence:compileJava UP-TO-DATE
> Task :mmo-scenes:compileJava UP-TO-DATE
> Task :mmo-social:compileJava UP-TO-DATE
> Task :mmo-worldloop:compileJava UP-TO-DATE
> Task :mmo-integrations:integration-mythicmobs:compileJava UP-TO-DATE
> Task :mmo-integrations:integration-oraxen:compileJava UP-TO-DATE
> Task :mmo-integrations:integration-packetevents:compileJava UP-TO-DATE
> Task :mmo-integrations:integration-wallet:compileJava UP-TO-DATE
> Task :mmo-integrations:integration-worldguard:compileJava UP-TO-DATE
> Task :mmo-bootstrap:compileJava UP-TO-DATE
> Task :mmo-bootstrap:processResources UP-TO-DATE
> Task :mmo-bootstrap:classes UP-TO-DATE
> Task :mmo-combat:processResources NO-SOURCE
> Task :mmo-combat:classes UP-TO-DATE
> Task :mmo-combat:jar UP-TO-DATE
> Task :mmo-content:processResources NO-SOURCE
> Task :mmo-content:classes UP-TO-DATE
> Task :mmo-content:jar UP-TO-DATE
> Task :mmo-integrations:processResources NO-SOURCE
> Task :mmo-integrations:classes UP-TO-DATE
> Task :mmo-integrations:jar UP-TO-DATE
> Task :mmo-items:processResources NO-SOURCE
> Task :mmo-items:classes UP-TO-DATE
> Task :mmo-items:jar UP-TO-DATE
> Task :mmo-lifeskills:processResources NO-SOURCE
> Task :mmo-lifeskills:classes UP-TO-DATE
> Task :mmo-lifeskills:jar UP-TO-DATE
> Task :mmo-magic:processResources NO-SOURCE
> Task :mmo-magic:classes UP-TO-DATE
> Task :mmo-magic:jar UP-TO-DATE
> Task :mmo-persistence:processResources UP-TO-DATE
> Task :mmo-persistence:classes UP-TO-DATE
> Task :mmo-persistence:jar UP-TO-DATE
> Task :mmo-progression:processResources NO-SOURCE
> Task :mmo-progression:classes UP-TO-DATE
> Task :mmo-progression:jar UP-TO-DATE
> Task :mmo-scenes:processResources NO-SOURCE
> Task :mmo-scenes:classes UP-TO-DATE
> Task :mmo-scenes:jar UP-TO-DATE
> Task :mmo-social:processResources NO-SOURCE
> Task :mmo-social:classes UP-TO-DATE
> Task :mmo-social:jar UP-TO-DATE
> Task :mmo-worldloop:processResources NO-SOURCE
> Task :mmo-worldloop:classes UP-TO-DATE
> Task :mmo-worldloop:jar UP-TO-DATE
> Task :mmo-integrations:integration-mythicmobs:processResources NO-SOURCE
> Task :mmo-integrations:integration-mythicmobs:classes UP-TO-DATE
> Task :mmo-integrations:integration-mythicmobs:jar UP-TO-DATE
> Task :mmo-integrations:integration-oraxen:processResources NO-SOURCE
> Task :mmo-integrations:integration-oraxen:classes UP-TO-DATE
> Task :mmo-integrations:integration-oraxen:jar UP-TO-DATE
> Task :mmo-integrations:integration-packetevents:processResources NO-SOURCE
> Task :mmo-integrations:integration-packetevents:classes UP-TO-DATE
> Task :mmo-integrations:integration-packetevents:jar UP-TO-DATE
> Task :mmo-integrations:integration-wallet:processResources NO-SOURCE
> Task :mmo-integrations:integration-wallet:classes UP-TO-DATE
> Task :mmo-integrations:integration-wallet:jar UP-TO-DATE
> Task :mmo-integrations:integration-worldguard:processResources NO-SOURCE
> Task :mmo-integrations:integration-worldguard:classes UP-TO-DATE
> Task :mmo-integrations:integration-worldguard:jar UP-TO-DATE
> Task :mmo-bootstrap:shadowJar UP-TO-DATE

> Task :mmo-bootstrap:runServer
Fetching latest Paper build for version 26.2...
Latest build for 26.2 is 112.
Located Paper 26.2 build 112 in local cache.
Starting Paper...

Downloading mojang_26.2.jar
Applying patches
Starting org.bukkit.craftbukkit.Main
2026-08-13T16:00:18.562821Z ServerMain WARN Advanced terminal features are not available in this environment
[23:00:19 INFO]: [bootstrap] Running Java 25 (OpenJDK 64-Bit Server VM 25.0.3+9-LTS; Eclipse Adoptium Temurin-25.0.3+9) on Windows 11 10.0 (amd64)
[23:00:19 INFO]: [bootstrap] Loading Paper 26.2-112-main@c9e894d (2026-08-11T05:18:39Z) for Minecraft 26.2
[23:00:19 INFO]: [PluginInitializerManager] Initializing plugins...
[23:00:19 INFO]: [PluginInitializerManager] Initialized 1 plugin
[23:00:19 INFO]: [PluginInitializerManager] Bukkit plugins (1):
 - BranzMMO (1.0.0-SNAPSHOT)
WARNING: A terminally deprecated method in sun.misc.Unsafe has been called
WARNING: sun.misc.Unsafe::objectFieldOffset has been called by org.joml.MemUtil$MemUtilUnsafe (file:/C:/Users/User/AppData/Local/BranzMMORPGHarness/repo/mmo-bootstrap/run/libraries/org/joml/joml/1.10.8/joml-1.10.8.jar)
WARNING: Please consider reporting this to the maintainers of class org.joml.MemUtil$MemUtilUnsafe
WARNING: sun.misc.Unsafe::objectFieldOffset will be removed in a future release
[23:00:24 INFO]: [ca.spottedleaf.dataconverter.minecraft.datatypes.MCTypeRegistry] Initialising converters for DataConverter...
[23:00:25 INFO]: Environment: Environment[sessionHost=https://sessionserver.mojang.com, servicesHost=https://api.minecraftservices.com, profilesHost=https://api.mojang.com, name=PROD]
[23:00:25 INFO]: [ca.spottedleaf.dataconverter.minecraft.datatypes.MCTypeRegistry] Finished initialising converters for DataConverter in 597.9ms
[23:00:25 INFO]: Found new data pack paper, loading it automatically
[23:00:26 INFO]: No existing world data, creating new world
[23:00:27 INFO]: Loaded 1585 recipes
[23:00:27 INFO]: Loaded 1688 advancements
[23:00:27 INFO]: Starting minecraft server version 26.2
[23:00:27 INFO]: Loading properties
[23:00:27 INFO]: This server is running Paper version 26.2-112-main@c9e894d (2026-08-11T05:18:39Z) (Implementing API version 26.2.build.112-stable)
[23:00:27 INFO]: [spark] This server bundles the spark profiler. For more information please visit https://docs.papermc.io/paper/profiling
[23:00:27 INFO]: Server Ping Player Sample Count: 12
[23:00:27 INFO]: Using 4 threads for Netty based IO
[23:00:28 INFO]: [MoonriseCommon] Paper is using 3 worker threads, 1 I/O threads
[23:00:28 INFO]: Default game type: SURVIVAL
[23:00:28 INFO]: Generating keypair
[23:00:28 INFO]: Starting Minecraft server on *:25565
[23:00:28 INFO]: Paper: Using Java compression from Velocity.
[23:00:28 INFO]: Paper: Using Java cipher from Velocity.
[23:00:28 INFO]: [BranzMMO] Loading server plugin BranzMMO v1.0.0-SNAPSHOT
[23:00:28 INFO]: [BranzMMO] Enabling BranzMMO v1.0.0-SNAPSHOT
[23:00:28 INFO]: [BranzMMO] Loading and validating content snapshot from C:\Users\User\AppData\Local\BranzMMORPGHarness\repo\example-content\milestone-1
[23:00:28 WARN]: **** SERVER IS RUNNING IN OFFLINE/INSECURE MODE!
[23:00:28 WARN]: The server will make no attempt to authenticate usernames. Beware.
[23:00:28 WARN]: While this makes the game possible to play without internet access, it also opens up the ability for hackers to connect with any username they choose.
[23:00:28 WARN]: To change this, set "online-mode" to "true" in the server.properties file.
[23:00:28 INFO]: Preparing level "world"
[23:00:29 INFO]: Selecting spawn point for level 'minecraft:overworld'...
[23:00:32 INFO]: Selecting spawn point for level 'minecraft:the_nether'...
[23:00:32 INFO]: Selecting spawn point for level 'minecraft:the_end'...
[23:00:33 INFO]: Loading 0 persistent chunks for level 'minecraft:overworld'...
[23:00:33 INFO]: Preparing spawn area: 100%
[23:00:33 INFO]: Prepared spawn area in 3863 ms
[23:00:33 INFO]: Loading 0 persistent chunks for level 'minecraft:the_nether'...
[23:00:33 INFO]: Preparing spawn area: 100%
[23:00:33 INFO]: Prepared spawn area in 1012 ms
[23:00:33 INFO]: Loading 0 persistent chunks for level 'minecraft:the_end'...
[23:00:33 INFO]: Preparing spawn area: 100%
[23:00:33 INFO]: Prepared spawn area in 437 ms
[23:00:33 INFO]: Done preparing level "world" (4.330s)
[23:00:33 INFO]: [spark] Starting background profiler...
[23:00:33 INFO]: [spark] The async-profiler engine is not supported for your os/arch (windows11/amd64), so the built-in Java engine will be used instead.
[23:00:33 INFO]: Saving chunks for level 'ServerLevel[world]'/minecraft:overworld
[23:00:33 INFO]: Saving chunks for level 'ServerLevel[world]'/minecraft:the_nether
[23:00:33 INFO]: Saving chunks for level 'ServerLevel[world]'/minecraft:the_end
[23:00:33 INFO]: ThreadedAnvilChunkStorage (world): All chunks are saved
[23:00:33 INFO]: ThreadedAnvilChunkStorage (DIM-1): All chunks are saved
[23:00:33 INFO]: ThreadedAnvilChunkStorage (DIM1): All chunks are saved
[23:00:33 INFO]: ThreadedAnvilChunkStorage: All dimensions are saved
[23:00:33 INFO]: Running delayed init tasks
[23:00:33 INFO]: Done (16.213s)! For help, type "help"
[23:00:33 INFO]: *************************************************************************************
[23:00:33 INFO]: This is the first time you're starting this server.
[23:00:33 INFO]: It's recommended you read our 'Getting Started' documentation for guidance.
[23:00:33 INFO]: View this and more helpful information here: https://docs.papermc.io/paper/next-steps
[23:00:33 INFO]: *************************************************************************************
[23:00:33 INFO]: [io.zonky.test.db.postgres.embedded.EmbeddedPostgres] Detected a Windows x86_64 system
[23:00:33 INFO]: [io.zonky.test.db.postgres.embedded.DefaultPostgresBinaryResolver] Detected distribution: 'Unknown'
[23:00:33 INFO]: [io.zonky.test.db.postgres.embedded.DefaultPostgresBinaryResolver] System specific postgres binaries found: 'postgres-windows-x86_64.txz'
[23:00:35 INFO]: [io.zonky.test.db.postgres.embedded.EmbeddedPostgres] Postgres binaries at C:\Users\User\AppData\Local\Temp\embedded-pg\PG-3942d5a1dcdbfebc27772e9e670d5d85
[23:00:35 INFO]: [io.zonky.test.db.postgres.embedded.EmbeddedPostgres] The files belonging to this database system will be owned by user "User".
[23:00:35 INFO]: [io.zonky.test.db.postgres.embedded.EmbeddedPostgres] This user must also own the server process.
[23:00:35 INFO]: [io.zonky.test.db.postgres.embedded.EmbeddedPostgres] 
[23:00:35 INFO]: [io.zonky.test.db.postgres.embedded.EmbeddedPostgres] The database cluster will be initialized with locale "English_United States.874".
[23:00:35 INFO]: [io.zonky.test.db.postgres.embedded.EmbeddedPostgres] The default text search configuration will be set to "english".
[23:00:35 INFO]: [io.zonky.test.db.postgres.embedded.EmbeddedPostgres] 
[23:00:35 INFO]: [io.zonky.test.db.postgres.embedded.EmbeddedPostgres] Data page checksums are disabled.
[23:00:35 INFO]: [io.zonky.test.db.postgres.embedded.EmbeddedPostgres] 
[23:00:35 INFO]: [io.zonky.test.db.postgres.embedded.EmbeddedPostgres] fixing permissions on existing directory C:/Users/User/AppData/Local/BranzMMORPGHarness/repo/mmo-bootstrap/run/plugins/BranzMMO/embedded-postgres ... ok
[23:00:35 INFO]: [io.zonky.test.db.postgres.embedded.EmbeddedPostgres] creating subdirectories ... ok
[23:00:35 INFO]: [io.zonky.test.db.postgres.embedded.EmbeddedPostgres] selecting dynamic shared memory implementation ... windows
[23:00:35 INFO]: [io.zonky.test.db.postgres.embedded.EmbeddedPostgres] selecting default max_connections ... 100
[23:00:35 INFO]: [io.zonky.test.db.postgres.embedded.EmbeddedPostgres] selecting default shared_buffers ... 128MB
[23:00:35 INFO]: [io.zonky.test.db.postgres.embedded.EmbeddedPostgres] selecting default time zone ... Asia/Bangkok
[23:00:35 INFO]: [io.zonky.test.db.postgres.embedded.EmbeddedPostgres] creating configuration files ... ok
[23:00:37 INFO]: [io.zonky.test.db.postgres.embedded.EmbeddedPostgres] running bootstrap script ... ok
[23:00:40 INFO]: [io.zonky.test.db.postgres.embedded.EmbeddedPostgres] performing post-bootstrap initialization ... ok
[23:00:43 INFO]: [io.zonky.test.db.postgres.embedded.EmbeddedPostgres] syncing data to disk ... ok
[23:00:43 INFO]: [io.zonky.test.db.postgres.embedded.EmbeddedPostgres] 
[23:00:43 INFO]: [io.zonky.test.db.postgres.embedded.EmbeddedPostgres] Success. You can now start the database server using:
[23:00:43 INFO]: [io.zonky.test.db.postgres.embedded.EmbeddedPostgres] 
[23:00:43 INFO]: [io.zonky.test.db.postgres.embedded.EmbeddedPostgres]     ^"C^:^\Users^\User^\AppData^\Local^\Temp^\embedded^-pg^\PG^-3942d5a1dcdbfebc27772e9e670d5d85^\bin^\pg^_ctl^" -D ^"C^:^\Users^\User^\AppData^\Local^\BranzMMORPGHarness^\repo^\mmo^-bootstrap^\run^\plugins^\BranzMMO^\embedded^-postgres^" -l logfile start
[23:00:43 INFO]: [io.zonky.test.db.postgres.embedded.EmbeddedPostgres] 
[23:00:43 INFO]: [io.zonky.test.db.postgres.embedded.EmbeddedPostgres] bd515d59-f968-45c4-a21f-2c2d611f954c initdb completed in 00:00:08.438
[23:00:43 INFO]: [io.zonky.test.db.postgres.embedded.EmbeddedPostgres] bd515d59-f968-45c4-a21f-2c2d611f954c postmaster started as Process[pid=27864, exitValue="not exited"] on port 59464.  Waiting up to PT10S for server startup to finish.
[23:00:43 INFO]: [io.zonky.test.db.postgres.embedded.EmbeddedPostgres] waiting for server to start....2026-08-13 23:00:43.949 +07 [2268] LOG:  starting PostgreSQL 14.22, compiled by Visual C++ build 1944, 64-bit
[23:00:43 INFO]: [io.zonky.test.db.postgres.embedded.EmbeddedPostgres] 2026-08-13 23:00:43.953 +07 [2268] LOG:  listening on IPv6 address "::1", port 59464
[23:00:43 INFO]: [io.zonky.test.db.postgres.embedded.EmbeddedPostgres] 2026-08-13 23:00:43.954 +07 [2268] LOG:  listening on IPv4 address "127.0.0.1", port 59464
[23:00:44 INFO]: [io.zonky.test.db.postgres.embedded.EmbeddedPostgres] 2026-08-13 23:00:43.991 +07 [2428] LOG:  database system was shut down at 2026-08-13 23:00:40 +07
[23:00:44 INFO]: [io.zonky.test.db.postgres.embedded.EmbeddedPostgres] 2026-08-13 23:00:44.039 +07 [2268] LOG:  database system is ready to accept connections
[23:00:44 INFO]: [io.zonky.test.db.postgres.embedded.EmbeddedPostgres]  done
[23:00:44 INFO]: [io.zonky.test.db.postgres.embedded.EmbeddedPostgres] server started
[23:00:45 INFO]: [io.zonky.test.db.postgres.embedded.EmbeddedPostgres] bd515d59-f968-45c4-a21f-2c2d611f954c postmaster startup finished in 00:00:01.624
[23:00:51 INFO]: [BranzMMO] Milestone 3 runtime ready; item definitions=20, move definitions=6, spell definitions=5, technique definitions=5, form definitions=4, ailment definitions=6, encounter reward definitions=1, Scene presentation=WORLD_BACKED
[23:00:51 INFO]: [BranzMMO] Provider asset.oraxen=UNAVAILABLE [OPTIONAL]: plugin is not installed: Oraxen
[23:00:51 INFO]: [BranzMMO] Provider mob.mythicmobs=UNAVAILABLE [OPTIONAL]: plugin is not installed: MythicMobs
[23:00:51 INFO]: [BranzMMO] Provider packet.packetevents=UNAVAILABLE [OPTIONAL]: plugin is not installed: packetevents
[23:00:51 INFO]: [BranzMMO] Provider region.worldguard=UNAVAILABLE [OPTIONAL]: plugin is not installed: WorldGuard
[23:00:51 INFO]: [BranzMMO] Provider wallet.external=UNAVAILABLE [OPTIONAL]: plugin is not installed: Wallet
[23:00:51 WARN]: [BranzMMO] asset.oraxen [OPTIONAL]: plugin is not installed: Oraxen
[23:00:51 WARN]: [BranzMMO] mob.mythicmobs [OPTIONAL]: plugin is not installed: MythicMobs
[23:00:51 WARN]: [BranzMMO] packet.packetevents [OPTIONAL]: plugin is not installed: packetevents
[23:00:51 WARN]: [BranzMMO] region.worldguard [OPTIONAL]: plugin is not installed: WorldGuard
[23:00:51 WARN]: [BranzMMO] wallet.external [OPTIONAL]: plugin is not installed: Wallet
[23:00:51 INFO]: [BranzMMO] Branz MMO startup DEGRADED; content=v1.milestone-1.example.4, definitions=48
[23:00:51 INFO]: [BranzMMO] PostgreSQL runtime ready; mode=EMBEDDED_LOCAL, server-instance=local-0f447fbe-7122-4332-aa5a-ddceaaf322e1
[23:00:51 INFO]: [BranzMMO] Recovered 0 boss encounter(s) from V0009.
[23:00:52 INFO]: [BranzMMO] Recovered 0 downed encounter(s) from V0010.
[23:00:52 INFO]: [BranzMMO] Death Pouch reconciliation is ready.
[23:01:37 INFO]: UUID of player Player0 is 2654e3c3-150d-3857-a426-0b141796a4e0
[23:02:13 INFO]: Player0 joined the game
[23:02:13 INFO]: Player0[/127.0.0.1:49517] logged in with entity id 11 at ([minecraft:overworld]-360.5, 64.0, 71.5)
[23:02:15 INFO]: Made Player0 a server operator
[23:02:15 INFO]: Set 7 experience levels on Player0
[23:03:48 INFO]: Player0 lost connection: Disconnected
[23:04:00 INFO]: Player0 left the game
[23:04:01 ERROR]: [BranzMMO] PHYSICAL_AUTHORITY_PRIMARY_STAGE_FAILED_SERVER player=Player0
[23:04:14 INFO]: Stopping the server
[23:04:14 INFO]: Stopping server
[23:04:14 INFO]: [BranzMMO] Disabling BranzMMO v1.0.0-SNAPSHOT
[23:04:14 ERROR]: [STDERR] [me.lucko.spark.paper.common.util.log.Logger$1] Uncaught exception thrown in thread spark-java-sampler-2-thread-5
[23:04:14 WARN]: java.util.concurrent.CancellationException
[23:04:14 WARN]: 	at java.base/java.util.concurrent.FutureTask.report(FutureTask.java:123)
[23:04:14 WARN]: 	at java.base/java.util.concurrent.FutureTask.get(FutureTask.java:193)
[23:04:14 WARN]: 	at me.lucko.spark.paper.common.util.SparkScheduledThreadPoolExecutor.afterExecute(SparkScheduledThreadPoolExecutor.java:48)
[23:04:14 WARN]: 	at java.base/java.util.concurrent.ThreadPoolExecutor.runWorker(ThreadPoolExecutor.java:1091)
[23:04:14 WARN]: 	at java.base/java.util.concurrent.ThreadPoolExecutor$Worker.run(ThreadPoolExecutor.java:614)
[23:04:14 WARN]: 	at java.base/java.lang.Thread.run(Thread.java:1474)
[23:04:14 INFO]: [io.zonky.test.db.postgres.embedded.EmbeddedPostgres] 2026-08-13 23:04:14.590 +07 [2268] LOG:  received fast shutdown request
[23:04:14 INFO]: [io.zonky.test.db.postgres.embedded.EmbeddedPostgres] 2026-08-13 23:04:14.590 +07 [2268] LOG:  aborting any active transactions
[23:04:14 INFO]: [io.zonky.test.db.postgres.embedded.EmbeddedPostgres] 2026-08-13 23:04:14.622 +07 [2268] LOG:  background worker "logical replication launcher" (PID 15596) exited with exit code 1
[23:04:14 INFO]: [io.zonky.test.db.postgres.embedded.EmbeddedPostgres] 2026-08-13 23:04:14.622 +07 [13072] LOG:  shutting down
[23:04:14 INFO]: [io.zonky.test.db.postgres.embedded.EmbeddedPostgres] 2026-08-13 23:04:14.833 +07 [2268] LOG:  database system is shut down
[23:04:14 INFO]: [io.zonky.test.db.postgres.embedded.EmbeddedPostgres] waiting for server to shut down.... done
[23:04:14 INFO]: [io.zonky.test.db.postgres.embedded.EmbeddedPostgres] server stopped
[23:04:14 INFO]: [io.zonky.test.db.postgres.embedded.EmbeddedPostgres] bd515d59-f968-45c4-a21f-2c2d611f954c shut down postmaster in 00:00:00.313
[23:04:14 INFO]: [io.zonky.test.db.postgres.embedded.EmbeddedPostgres] Did not clean up directory C:\Users\User\AppData\Local\BranzMMORPGHarness\repo\mmo-bootstrap\run\plugins\BranzMMO\embedded-postgres
[23:04:14 INFO]: [BranzMMO] Branz MMO platform disabled cleanly.
[23:04:14 INFO]: Saving players
[23:04:14 INFO]: Saving worlds
[23:04:14 INFO]: Saving chunks for level 'ServerLevel[world]'/minecraft:overworld
[23:04:15 INFO]: [ChunkHolderManager] Waiting 60s for chunk system to halt for world 'minecraft:overworld'
[23:04:15 INFO]: [ChunkHolderManager] Halted chunk system for world 'minecraft:overworld'
[23:04:15 INFO]: [ChunkHolderManager] Saving all chunkholders for world 'minecraft:overworld'
[23:04:18 INFO]: [ChunkHolderManager] Saved 2209 block chunks, 625 entity chunks, 18 poi chunks in world 'minecraft:overworld' in 2.99s
[23:04:18 INFO]: [ChunkHolderManager] Waiting 60s for chunk I/O to halt for world 'minecraft:overworld'
[23:04:18 INFO]: [ChunkHolderManager] Halted I/O scheduler for world 'minecraft:overworld'
[23:04:18 INFO]: Saving chunks for level 'ServerLevel[world]'/minecraft:the_nether
[23:04:18 INFO]: [ChunkHolderManager] Waiting 60s for chunk system to halt for world 'minecraft:the_nether'
[23:04:18 INFO]: [ChunkHolderManager] Halted chunk system for world 'minecraft:the_nether'
[23:04:18 INFO]: [ChunkHolderManager] Saving all chunkholders for world 'minecraft:the_nether'
[23:04:18 INFO]: [ChunkHolderManager] Saved 0 block chunks, 0 entity chunks, 0 poi chunks in world 'minecraft:the_nether' in 0.02s
[23:04:18 INFO]: [ChunkHolderManager] Waiting 60s for chunk I/O to halt for world 'minecraft:the_nether'
[23:04:18 INFO]: [ChunkHolderManager] Halted I/O scheduler for world 'minecraft:the_nether'
[23:04:18 INFO]: Saving chunks for level 'ServerLevel[world]'/minecraft:the_end
[23:04:18 INFO]: [ChunkHolderManager] Waiting 60s for chunk system to halt for world 'minecraft:the_end'
[23:04:18 INFO]: [ChunkHolderManager] Halted chunk system for world 'minecraft:the_end'
[23:04:18 INFO]: [ChunkHolderManager] Saving all chunkholders for world 'minecraft:the_end'
[23:04:18 INFO]: [ChunkHolderManager] Saved 0 block chunks, 0 entity chunks, 0 poi chunks in world 'minecraft:the_end' in 0.01s
[23:04:18 INFO]: [ChunkHolderManager] Waiting 60s for chunk I/O to halt for world 'minecraft:the_end'
[23:04:18 INFO]: [ChunkHolderManager] Halted I/O scheduler for world 'minecraft:the_end'
[23:04:18 INFO]: ThreadedAnvilChunkStorage (world): All chunks are saved
[23:04:18 INFO]: ThreadedAnvilChunkStorage (DIM-1): All chunks are saved
[23:04:18 INFO]: ThreadedAnvilChunkStorage (DIM1): All chunks are saved
[23:04:18 INFO]: ThreadedAnvilChunkStorage: All dimensions are saved
[23:04:18 INFO]: Waiting for all RegionFile I/O tasks to complete...
[23:04:18 INFO]: All RegionFile I/O tasks to complete
[23:04:18 INFO]: [MoonriseCommon] Awaiting termination of worker pool for up to 60s...
[23:04:18 INFO]: [MoonriseCommon] Awaiting termination of I/O pool for up to 60s...

BUILD SUCCESSFUL in 4m 40s
39 actionable tasks: 1 executed, 38 up-to-date
Consider enabling configuration cache to speed up this build: https://docs.gradle.org/9.1.0/userguide/configuration_cache_enabling.html
