To honour the JVM settings for this build a single-use Daemon process will be forked. For more on this, please refer to https://docs.gradle.org/9.1.0/userguide/gradle_daemon.html#sec:disabling_the_daemon in the Gradle documentation.
Daemon will be stopped at the end of the build 
> Task :mmo-api:compileJava UP-TO-DATE
> Task :mmo-api:processResources NO-SOURCE
> Task :mmo-api:classes UP-TO-DATE
> Task :mmo-api:jar UP-TO-DATE
> Task :mmo-content:compileJava UP-TO-DATE
> Task :mmo-combat:compileJava UP-TO-DATE
> Task :mmo-integrations:compileJava UP-TO-DATE
> Task :mmo-items:compileJava
> Task :mmo-lifeskills:compileJava UP-TO-DATE
> Task :mmo-magic:compileJava UP-TO-DATE
> Task :mmo-progression:compileJava UP-TO-DATE
> Task :mmo-persistence:compileJava UP-TO-DATE
> Task :mmo-scenes:compileJava UP-TO-DATE
> Task :mmo-social:compileJava UP-TO-DATE
> Task :mmo-worldloop:compileJava UP-TO-DATE
> Task :mmo-integrations:integration-mythicmobs:compileJava UP-TO-DATE
> Task :mmo-integrations:integration-oraxen:compileJava UP-TO-DATE
> Task :mmo-integrations:integration-packetevents:compileJava UP-TO-DATE
> Task :mmo-integrations:integration-wallet:compileJava UP-TO-DATE
> Task :mmo-integrations:integration-worldguard:compileJava UP-TO-DATE
> Task :mmo-bootstrap:compileJava UP-TO-DATE
> Task :mmo-bootstrap:processResources UP-TO-DATE
> Task :mmo-bootstrap:classes UP-TO-DATE
> Task :mmo-combat:processResources NO-SOURCE
> Task :mmo-combat:classes UP-TO-DATE
> Task :mmo-combat:jar UP-TO-DATE
> Task :mmo-content:processResources NO-SOURCE
> Task :mmo-content:classes UP-TO-DATE
> Task :mmo-content:jar UP-TO-DATE
> Task :mmo-integrations:processResources NO-SOURCE
> Task :mmo-integrations:classes UP-TO-DATE
> Task :mmo-integrations:jar UP-TO-DATE
> Task :mmo-items:processResources NO-SOURCE
> Task :mmo-items:classes
> Task :mmo-items:jar
> Task :mmo-lifeskills:processResources NO-SOURCE
> Task :mmo-lifeskills:classes UP-TO-DATE
> Task :mmo-lifeskills:jar UP-TO-DATE
> Task :mmo-magic:processResources NO-SOURCE
> Task :mmo-magic:classes UP-TO-DATE
> Task :mmo-magic:jar UP-TO-DATE
> Task :mmo-persistence:processResources UP-TO-DATE
> Task :mmo-persistence:classes UP-TO-DATE
> Task :mmo-persistence:jar UP-TO-DATE
> Task :mmo-progression:processResources NO-SOURCE
> Task :mmo-progression:classes UP-TO-DATE
> Task :mmo-progression:jar UP-TO-DATE
> Task :mmo-scenes:processResources NO-SOURCE
> Task :mmo-scenes:classes UP-TO-DATE
> Task :mmo-scenes:jar UP-TO-DATE
> Task :mmo-social:processResources NO-SOURCE
> Task :mmo-social:classes UP-TO-DATE
> Task :mmo-social:jar UP-TO-DATE
> Task :mmo-worldloop:processResources NO-SOURCE
> Task :mmo-worldloop:classes UP-TO-DATE
> Task :mmo-worldloop:jar UP-TO-DATE
> Task :mmo-integrations:integration-mythicmobs:processResources NO-SOURCE
> Task :mmo-integrations:integration-mythicmobs:classes UP-TO-DATE
> Task :mmo-integrations:integration-mythicmobs:jar UP-TO-DATE
> Task :mmo-integrations:integration-oraxen:processResources NO-SOURCE
> Task :mmo-integrations:integration-oraxen:classes UP-TO-DATE
> Task :mmo-integrations:integration-oraxen:jar UP-TO-DATE
> Task :mmo-integrations:integration-packetevents:processResources NO-SOURCE
> Task :mmo-integrations:integration-packetevents:classes UP-TO-DATE
> Task :mmo-integrations:integration-packetevents:jar UP-TO-DATE
> Task :mmo-integrations:integration-wallet:processResources NO-SOURCE
> Task :mmo-integrations:integration-wallet:classes UP-TO-DATE
> Task :mmo-integrations:integration-wallet:jar UP-TO-DATE
> Task :mmo-integrations:integration-worldguard:processResources NO-SOURCE
> Task :mmo-integrations:integration-worldguard:classes UP-TO-DATE
> Task :mmo-integrations:integration-worldguard:jar UP-TO-DATE
> Task :mmo-bootstrap:shadowJar

> Task :mmo-bootstrap:runServer
Located Paper 26.2 build 112 in local cache.
Starting Paper...

Downloading mojang_26.2.jar
Applying patches
Starting org.bukkit.craftbukkit.Main
2026-08-17T17:49:01.595462900Z ServerMain WARN Advanced terminal features are not available in this environment
[00:49:01 INFO]: [bootstrap] Running Java 25 (OpenJDK 64-Bit Server VM 25.0.3+9-LTS; Eclipse Adoptium Temurin-25.0.3+9) on Windows 11 10.0 (amd64)
[00:49:01 INFO]: [bootstrap] Loading Paper 26.2-112-main@c9e894d (2026-08-11T05:18:39Z) for Minecraft 26.2
[00:49:01 INFO]: [PluginInitializerManager] Initializing plugins...
[00:49:02 INFO]: [PluginInitializerManager] Initialized 1 plugin
[00:49:02 INFO]: [PluginInitializerManager] Bukkit plugins (1):
 - BranzMMO (1.0.0-SNAPSHOT)
WARNING: A terminally deprecated method in sun.misc.Unsafe has been called
WARNING: sun.misc.Unsafe::objectFieldOffset has been called by org.joml.MemUtil$MemUtilUnsafe (file:/C:/Users/User/AppData/Local/BranzMMORPGHarness/repo/mmo-bootstrap/run/libraries/org/joml/joml/1.10.8/joml-1.10.8.jar)
WARNING: Please consider reporting this to the maintainers of class org.joml.MemUtil$MemUtilUnsafe
WARNING: sun.misc.Unsafe::objectFieldOffset will be removed in a future release
[00:49:05 INFO]: [ca.spottedleaf.dataconverter.minecraft.datatypes.MCTypeRegistry] Initialising converters for DataConverter...
[00:49:05 INFO]: Environment: Environment[sessionHost=https://sessionserver.mojang.com, servicesHost=https://api.minecraftservices.com, profilesHost=https://api.mojang.com, name=PROD]
[00:49:05 INFO]: [ca.spottedleaf.dataconverter.minecraft.datatypes.MCTypeRegistry] Finished initialising converters for DataConverter in 341.2ms
[00:49:06 INFO]: Found new data pack paper, loading it automatically
[00:49:06 INFO]: No existing world data, creating new world
[00:49:07 INFO]: Loaded 1585 recipes
[00:49:07 INFO]: Loaded 1688 advancements
[00:49:07 INFO]: Starting minecraft server version 26.2
[00:49:07 INFO]: Loading properties
[00:49:07 INFO]: This server is running Paper version 26.2-112-main@c9e894d (2026-08-11T05:18:39Z) (Implementing API version 26.2.build.112-stable)
[00:49:07 INFO]: [spark] This server bundles the spark profiler. For more information please visit https://docs.papermc.io/paper/profiling
[00:49:07 INFO]: Server Ping Player Sample Count: 12
[00:49:07 INFO]: Using 4 threads for Netty based IO
[00:49:07 INFO]: [MoonriseCommon] Paper is using 3 worker threads, 1 I/O threads
[00:49:08 INFO]: Default game type: SURVIVAL
[00:49:08 INFO]: Generating keypair
[00:49:08 INFO]: Starting Minecraft server on *:25565
[00:49:08 INFO]: Paper: Using Java compression from Velocity.
[00:49:08 INFO]: Paper: Using Java cipher from Velocity.
[00:49:08 INFO]: [BranzMMO] Loading server plugin BranzMMO v1.0.0-SNAPSHOT
[00:49:08 INFO]: [BranzMMO] Enabling BranzMMO v1.0.0-SNAPSHOT
[00:49:08 INFO]: [BranzMMO] Loading and validating content snapshot from C:\Users\User\AppData\Local\BranzMMORPGHarness\repo\example-content\milestone-1
[00:49:08 WARN]: **** SERVER IS RUNNING IN OFFLINE/INSECURE MODE!
[00:49:08 WARN]: The server will make no attempt to authenticate usernames. Beware.
[00:49:08 WARN]: While this makes the game possible to play without internet access, it also opens up the ability for hackers to connect with any username they choose.
[00:49:08 WARN]: To change this, set "online-mode" to "true" in the server.properties file.
[00:49:08 INFO]: Preparing level "world"
[00:49:08 INFO]: Selecting spawn point for level 'minecraft:overworld'...
[00:49:11 INFO]: Selecting spawn point for level 'minecraft:the_nether'...
[00:49:12 INFO]: Selecting spawn point for level 'minecraft:the_end'...
[00:49:12 INFO]: Loading 0 persistent chunks for level 'minecraft:overworld'...
[00:49:12 INFO]: Preparing spawn area: 100%
[00:49:12 INFO]: Prepared spawn area in 3634 ms
[00:49:12 INFO]: Loading 0 persistent chunks for level 'minecraft:the_nether'...
[00:49:12 INFO]: Preparing spawn area: 100%
[00:49:12 INFO]: Prepared spawn area in 656 ms
[00:49:12 INFO]: Loading 0 persistent chunks for level 'minecraft:the_end'...
[00:49:12 INFO]: Preparing spawn area: 100%
[00:49:12 INFO]: Prepared spawn area in 207 ms
[00:49:12 INFO]: Done preparing level "world" (3.961s)
[00:49:12 INFO]: [spark] Starting background profiler...
[00:49:12 INFO]: [spark] The async-profiler engine is not supported for your os/arch (windows11/amd64), so the built-in Java engine will be used instead.
[00:49:12 INFO]: Saving chunks for level 'ServerLevel[world]'/minecraft:overworld
[00:49:12 INFO]: Saving chunks for level 'ServerLevel[world]'/minecraft:the_nether
[00:49:12 INFO]: Saving chunks for level 'ServerLevel[world]'/minecraft:the_end
[00:49:12 INFO]: ThreadedAnvilChunkStorage (world): All chunks are saved
[00:49:12 INFO]: ThreadedAnvilChunkStorage (DIM-1): All chunks are saved
[00:49:12 INFO]: ThreadedAnvilChunkStorage (DIM1): All chunks are saved
[00:49:12 INFO]: ThreadedAnvilChunkStorage: All dimensions are saved
[00:49:12 INFO]: Running delayed init tasks
[00:49:12 INFO]: Done (11.582s)! For help, type "help"
[00:49:12 INFO]: *************************************************************************************
[00:49:12 INFO]: This is the first time you're starting this server.
[00:49:12 INFO]: It's recommended you read our 'Getting Started' documentation for guidance.
[00:49:12 INFO]: View this and more helpful information here: https://docs.papermc.io/paper/next-steps
[00:49:12 INFO]: *************************************************************************************
[00:49:12 INFO]: [io.zonky.test.db.postgres.embedded.EmbeddedPostgres] Detected a Windows x86_64 system
[00:49:12 INFO]: [io.zonky.test.db.postgres.embedded.DefaultPostgresBinaryResolver] Detected distribution: 'Unknown'
[00:49:12 INFO]: [io.zonky.test.db.postgres.embedded.DefaultPostgresBinaryResolver] System specific postgres binaries found: 'postgres-windows-x86_64.txz'
[00:49:13 INFO]: [io.zonky.test.db.postgres.embedded.EmbeddedPostgres] Postgres binaries at C:\Users\User\AppData\Local\Temp\embedded-pg\PG-3942d5a1dcdbfebc27772e9e670d5d85
[00:49:13 INFO]: [io.zonky.test.db.postgres.embedded.EmbeddedPostgres] The files belonging to this database system will be owned by user "User".
[00:49:13 INFO]: [io.zonky.test.db.postgres.embedded.EmbeddedPostgres] This user must also own the server process.
[00:49:13 INFO]: [io.zonky.test.db.postgres.embedded.EmbeddedPostgres] 
[00:49:13 INFO]: [io.zonky.test.db.postgres.embedded.EmbeddedPostgres] The database cluster will be initialized with locale "English_United States.874".
[00:49:13 INFO]: [io.zonky.test.db.postgres.embedded.EmbeddedPostgres] The default text search configuration will be set to "english".
[00:49:13 INFO]: [io.zonky.test.db.postgres.embedded.EmbeddedPostgres] 
[00:49:13 INFO]: [io.zonky.test.db.postgres.embedded.EmbeddedPostgres] Data page checksums are disabled.
[00:49:13 INFO]: [io.zonky.test.db.postgres.embedded.EmbeddedPostgres] 
[00:49:13 INFO]: [io.zonky.test.db.postgres.embedded.EmbeddedPostgres] fixing permissions on existing directory C:/Users/User/AppData/Local/BranzMMORPGHarness/repo/mmo-bootstrap/run/plugins/BranzMMO/embedded-postgres ... ok
[00:49:13 INFO]: [io.zonky.test.db.postgres.embedded.EmbeddedPostgres] creating subdirectories ... ok
[00:49:13 INFO]: [io.zonky.test.db.postgres.embedded.EmbeddedPostgres] selecting dynamic shared memory implementation ... windows
[00:49:13 INFO]: [io.zonky.test.db.postgres.embedded.EmbeddedPostgres] selecting default max_connections ... 100
[00:49:13 INFO]: [io.zonky.test.db.postgres.embedded.EmbeddedPostgres] selecting default shared_buffers ... 128MB
[00:49:13 INFO]: [io.zonky.test.db.postgres.embedded.EmbeddedPostgres] selecting default time zone ... Asia/Bangkok
[00:49:13 INFO]: [io.zonky.test.db.postgres.embedded.EmbeddedPostgres] creating configuration files ... ok
[00:49:14 INFO]: [io.zonky.test.db.postgres.embedded.EmbeddedPostgres] running bootstrap script ... ok
[00:49:16 INFO]: [io.zonky.test.db.postgres.embedded.EmbeddedPostgres] performing post-bootstrap initialization ... ok
[00:49:21 INFO]: [io.zonky.test.db.postgres.embedded.EmbeddedPostgres] syncing data to disk ... ok
[00:49:21 INFO]: [io.zonky.test.db.postgres.embedded.EmbeddedPostgres] 
[00:49:21 INFO]: [io.zonky.test.db.postgres.embedded.EmbeddedPostgres] Success. You can now start the database server using:
[00:49:21 INFO]: [io.zonky.test.db.postgres.embedded.EmbeddedPostgres] 
[00:49:21 INFO]: [io.zonky.test.db.postgres.embedded.EmbeddedPostgres]     ^"C^:^\Users^\User^\AppData^\Local^\Temp^\embedded^-pg^\PG^-3942d5a1dcdbfebc27772e9e670d5d85^\bin^\pg^_ctl^" -D ^"C^:^\Users^\User^\AppData^\Local^\BranzMMORPGHarness^\repo^\mmo^-bootstrap^\run^\plugins^\BranzMMO^\embedded^-postgres^" -l logfile start
[00:49:21 INFO]: [io.zonky.test.db.postgres.embedded.EmbeddedPostgres] 
[00:49:21 INFO]: [io.zonky.test.db.postgres.embedded.EmbeddedPostgres] 2601743a-5c4a-47db-a8af-b4bc76a21454 initdb completed in 00:00:08.154
[00:49:21 INFO]: [io.zonky.test.db.postgres.embedded.EmbeddedPostgres] 2601743a-5c4a-47db-a8af-b4bc76a21454 postmaster started as Process[pid=24320, exitValue="not exited"] on port 60272.  Waiting up to PT10S for server startup to finish.
[00:49:21 INFO]: [io.zonky.test.db.postgres.embedded.EmbeddedPostgres] waiting for server to start....2026-08-18 00:49:21.723 +07 [36860] LOG:  starting PostgreSQL 14.22, compiled by Visual C++ build 1944, 64-bit
[00:49:21 INFO]: [io.zonky.test.db.postgres.embedded.EmbeddedPostgres] 2026-08-18 00:49:21.728 +07 [36860] LOG:  listening on IPv6 address "::1", port 60272
[00:49:21 INFO]: [io.zonky.test.db.postgres.embedded.EmbeddedPostgres] 2026-08-18 00:49:21.728 +07 [36860] LOG:  listening on IPv4 address "127.0.0.1", port 60272
[00:49:21 INFO]: [io.zonky.test.db.postgres.embedded.EmbeddedPostgres] 2026-08-18 00:49:21.764 +07 [13896] LOG:  database system was shut down at 2026-08-18 00:49:16 +07
[00:49:21 INFO]: [io.zonky.test.db.postgres.embedded.EmbeddedPostgres] 2026-08-18 00:49:21.823 +07 [36860] LOG:  database system is ready to accept connections
[00:49:21 INFO]: [io.zonky.test.db.postgres.embedded.EmbeddedPostgres]  done
[00:49:21 INFO]: [io.zonky.test.db.postgres.embedded.EmbeddedPostgres] server started
[00:49:22 INFO]: [io.zonky.test.db.postgres.embedded.EmbeddedPostgres] 2601743a-5c4a-47db-a8af-b4bc76a21454 postmaster startup finished in 00:00:00.828
[00:49:23 INFO]: [BranzMMO] Milestone 3 runtime ready; item definitions=20, move definitions=6, spell definitions=5, technique definitions=5, form definitions=4, ailment definitions=6, encounter reward definitions=1, Scene presentation=WORLD_BACKED
[00:49:23 INFO]: [BranzMMO] Provider asset.oraxen=UNAVAILABLE [OPTIONAL]: plugin is not installed: Oraxen
[00:49:23 INFO]: [BranzMMO] Provider mob.mythicmobs=UNAVAILABLE [OPTIONAL]: plugin is not installed: MythicMobs
[00:49:23 INFO]: [BranzMMO] Provider packet.packetevents=UNAVAILABLE [OPTIONAL]: plugin is not installed: packetevents
[00:49:23 INFO]: [BranzMMO] Provider region.worldguard=UNAVAILABLE [OPTIONAL]: plugin is not installed: WorldGuard
[00:49:23 INFO]: [BranzMMO] Provider wallet.external=UNAVAILABLE [OPTIONAL]: plugin is not installed: Wallet
[00:49:23 WARN]: [BranzMMO] asset.oraxen [OPTIONAL]: plugin is not installed: Oraxen
[00:49:23 WARN]: [BranzMMO] mob.mythicmobs [OPTIONAL]: plugin is not installed: MythicMobs
[00:49:23 WARN]: [BranzMMO] packet.packetevents [OPTIONAL]: plugin is not installed: packetevents
[00:49:23 WARN]: [BranzMMO] region.worldguard [OPTIONAL]: plugin is not installed: WorldGuard
[00:49:23 WARN]: [BranzMMO] wallet.external [OPTIONAL]: plugin is not installed: Wallet
[00:49:23 INFO]: [BranzMMO] Branz MMO startup DEGRADED; content=v1.milestone-1.example.4, definitions=48
[00:49:23 INFO]: [BranzMMO] PostgreSQL runtime ready; mode=EMBEDDED_LOCAL, server-instance=local-c2e989f8-540b-4bbe-9d13-5ccf940c6a36
[00:49:23 INFO]: [BranzMMO] Recovered 0 boss encounter(s) from V0009.
[00:49:23 INFO]: [BranzMMO] Death Pouch reconciliation is ready.
[00:49:23 INFO]: [BranzMMO] Recovered 0 downed encounter(s) from V0010.
[00:49:46 INFO]: UUID of player Player0 is 2654e3c3-150d-3857-a426-0b141796a4e0
[00:49:55 INFO]: Player0 joined the game
[00:49:55 INFO]: Player0[/127.0.0.1:49488] logged in with entity id 23 at ([minecraft:overworld]-9.5, 84.0, 5.5)
[00:49:56 INFO]: Made Player0 a server operator
[00:49:56 INFO]: Set 7 experience levels on Player0
[00:49:59 INFO]: Player0 issued server command: /item replace entity @s hotbar.0 with minecraft:stone
[00:50:00 INFO]: [Player0: Replaced a slot on Player0 with [Stone]]
[00:50:00 INFO]: Player0 issued server command: /item replace entity @s hotbar.1 with minecraft:stone
[00:50:00 INFO]: [Player0: Replaced a slot on Player0 with [Stone]]
[00:50:00 INFO]: Player0 issued server command: /item replace entity @s hotbar.2 with minecraft:stone
[00:50:00 INFO]: [Player0: Replaced a slot on Player0 with [Stone]]
[00:50:01 INFO]: Player0 issued server command: /item replace entity @s hotbar.3 with minecraft:stone
[00:50:01 INFO]: [Player0: Replaced a slot on Player0 with [Stone]]
[00:50:01 INFO]: Player0 issued server command: /item replace entity @s hotbar.4 with minecraft:stone
[00:50:01 INFO]: [Player0: Replaced a slot on Player0 with [Stone]]
[00:50:01 INFO]: Player0 issued server command: /item replace entity @s hotbar.5 with minecraft:stone
[00:50:01 INFO]: [Player0: Replaced a slot on Player0 with [Stone]]
[00:50:01 INFO]: Player0 issued server command: /item replace entity @s hotbar.6 with minecraft:stone
[00:50:01 INFO]: [Player0: Replaced a slot on Player0 with [Stone]]
[00:50:01 INFO]: Player0 issued server command: /item replace entity @s hotbar.7 with minecraft:stone
[00:50:01 INFO]: [Player0: Replaced a slot on Player0 with [Stone]]
[00:50:01 INFO]: Player0 issued server command: /mmo dev
[00:50:02 INFO]: [BranzMMO] PHYSICAL_AUTHORITY_INVENTORY_CLICK_SERVER player=Player0 action=PICKUP_ALL slot=12 currentProjection=false cursorProjection=false
[00:50:02 INFO]: [BranzMMO] PHYSICAL_AUTHORITY_INVENTORY_CLICK_SERVER player=Player0 action=MOVE_TO_OTHER_INVENTORY slot=19 currentProjection=false cursorProjection=false
[00:50:04 INFO]: Player0 issued server command: /mmo physical status
[00:50:04 INFO]: Player0 issued server command: /mmo dev
[00:50:04 INFO]: [BranzMMO] PHYSICAL_AUTHORITY_INVENTORY_CLICK_SERVER player=Player0 action=PICKUP_ALL slot=12 currentProjection=false cursorProjection=false
[00:50:04 INFO]: [BranzMMO] PHYSICAL_AUTHORITY_INVENTORY_CLICK_SERVER player=Player0 action=MOVE_TO_OTHER_INVENTORY slot=19 currentProjection=false cursorProjection=false
[00:50:05 INFO]: Player0 issued server command: /mmo physical status
[00:50:06 INFO]: Player0 issued server command: /item replace entity @s hotbar.7 with minecraft:air
[00:50:06 INFO]: [Player0: Replaced a slot on Player0 with [Air]]
[00:50:07 INFO]: [BranzMMO] PHYSICAL_AUTHORITY_INVENTORY_CLICK_SERVER player=Player0 action=PICKUP_HALF slot=9 currentProjection=true cursorProjection=false
[00:50:07 ERROR]: [BranzMMO] PHYSICAL_AUTHORITY_INVENTORY_PLAN_FAILED_SERVER player=Player0 code=PROJECTION_MOVE_DUPLICATE detail=Cursor projection duplicates an MMO value still present in storage.
[00:50:07 INFO]: [BranzMMO] PHYSICAL_AUTHORITY_INVENTORY_ABORT_SERVER player=2654e3c3-150d-3857-a426-0b141796a4e0 detail=PROJECTION_MOVE_DUPLICATE: Cursor projection duplicates an MMO value still present in storage.
[00:50:07 INFO]: Player0 issued server command: /mmo physical status
[00:50:08 INFO]: [BranzMMO] PHYSICAL_AUTHORITY_INVENTORY_CLICK_SERVER player=Player0 action=PICKUP_ALL slot=9 currentProjection=true cursorProjection=false
[00:50:08 INFO]: [BranzMMO] PHYSICAL_AUTHORITY_INVENTORY_PLAN_SERVER player=Player0 disposition=TRANSIENT_CURSOR intent=none
[00:50:08 INFO]: [BranzMMO] PHYSICAL_AUTHORITY_INVENTORY_CLICK_SERVER player=Player0 action=SWAP_WITH_CURSOR slot=10 currentProjection=true cursorProjection=true
[00:50:08 ERROR]: [BranzMMO] PHYSICAL_AUTHORITY_INVENTORY_PLAN_FAILED_SERVER player=Player0 code=PROJECTION_MOVE_STACKABLE_UNSUPPORTED detail=Stackable lot swap, merge or mixed cursor permutation is unsupported.
[00:50:08 INFO]: [BranzMMO] PHYSICAL_AUTHORITY_INVENTORY_ABORT_SERVER player=2654e3c3-150d-3857-a426-0b141796a4e0 detail=PROJECTION_MOVE_STACKABLE_UNSUPPORTED: Stackable lot swap, merge or mixed cursor permutation is unsupported.
[00:50:08 INFO]: Player0 issued server command: /mmo physical status
[00:50:09 INFO]: [BranzMMO] PHYSICAL_AUTHORITY_INVENTORY_CLICK_SERVER player=Player0 action=PICKUP_ALL slot=9 currentProjection=true cursorProjection=false
[00:50:09 INFO]: [BranzMMO] PHYSICAL_AUTHORITY_INVENTORY_CLICK_SERVER player=Player0 action=PLACE_ALL slot=7 currentProjection=false cursorProjection=true
[00:50:09 INFO]: [BranzMMO] PHYSICAL_AUTHORITY_INVENTORY_PLAN_SERVER player=Player0 disposition=READY_TO_COMMIT intent=STACKABLE_LOT:9->7:705acef3-1d73-47df-8f6f-88afa4b9847f
[00:50:09 INFO]: [BranzMMO] PHYSICAL_AUTHORITY_INVENTORY_COMMIT_BEGIN_SERVER player=Player0 type=STACKABLE_LOT source=9 destination=7 value=705acef3-1d73-47df-8f6f-88afa4b9847f
[00:50:10 INFO]: [BranzMMO] PHYSICAL_AUTHORITY_INVENTORY_COMMIT_SUCCESS_SERVER player=Player0 type=STACKABLE_LOT source=9 destination=7 value=705acef3-1d73-47df-8f6f-88afa4b9847f
[00:50:10 INFO]: Player0 issued server command: /mmo physical status
[00:50:11 INFO]: Player0 issued server command: /mmo physical status
[00:50:11 INFO]: Player0 issued server command: /mmo physical status
[00:50:12 INFO]: Player0 lost connection: Disconnected
[00:50:13 INFO]: Player0 left the game
[00:50:13 INFO]: Stopping the server
[00:50:13 INFO]: Stopping server
[00:50:13 INFO]: [BranzMMO] Disabling BranzMMO v1.0.0-SNAPSHOT
[00:50:13 INFO]: [io.zonky.test.db.postgres.embedded.EmbeddedPostgres] 2026-08-18 00:50:13.617 +07 [36860] LOG:  received fast shutdown request
[00:50:13 INFO]: [io.zonky.test.db.postgres.embedded.EmbeddedPostgres] 2026-08-18 00:50:13.617 +07 [36860] LOG:  aborting any active transactions
[00:50:13 INFO]: [io.zonky.test.db.postgres.embedded.EmbeddedPostgres] 2026-08-18 00:50:13.623 +07 [36860] LOG:  background worker "logical replication launcher" (PID 18952) exited with exit code 1
[00:50:13 INFO]: [io.zonky.test.db.postgres.embedded.EmbeddedPostgres] 2026-08-18 00:50:13.624 +07 [21656] LOG:  shutting down
[00:50:13 INFO]: [io.zonky.test.db.postgres.embedded.EmbeddedPostgres] 2026-08-18 00:50:13.877 +07 [36860] LOG:  database system is shut down
[00:50:13 INFO]: [io.zonky.test.db.postgres.embedded.EmbeddedPostgres] waiting for server to shut down.... done
[00:50:13 INFO]: [io.zonky.test.db.postgres.embedded.EmbeddedPostgres] server stopped
[00:50:13 INFO]: [io.zonky.test.db.postgres.embedded.EmbeddedPostgres] 2601743a-5c4a-47db-a8af-b4bc76a21454 shut down postmaster in 00:00:00.409
[00:50:13 INFO]: [io.zonky.test.db.postgres.embedded.EmbeddedPostgres] Did not clean up directory C:\Users\User\AppData\Local\BranzMMORPGHarness\repo\mmo-bootstrap\run\plugins\BranzMMO\embedded-postgres
[00:50:13 INFO]: [BranzMMO] Branz MMO platform disabled cleanly.
[00:50:13 INFO]: Saving players
[00:50:13 INFO]: Saving worlds
[00:50:14 INFO]: Saving chunks for level 'ServerLevel[world]'/minecraft:overworld
[00:50:14 INFO]: [ChunkHolderManager] Waiting 60s for chunk system to halt for world 'minecraft:overworld'
[00:50:14 INFO]: [ChunkHolderManager] Halted chunk system for world 'minecraft:overworld'
[00:50:14 INFO]: [ChunkHolderManager] Saving all chunkholders for world 'minecraft:overworld'
[00:50:15 INFO]: [ChunkHolderManager] Saved 2209 block chunks, 579 entity chunks, 14 poi chunks in world 'minecraft:overworld' in 1.48s
[00:50:15 INFO]: [ChunkHolderManager] Waiting 60s for chunk I/O to halt for world 'minecraft:overworld'
[00:50:15 INFO]: [ChunkHolderManager] Halted I/O scheduler for world 'minecraft:overworld'
[00:50:15 INFO]: Saving chunks for level 'ServerLevel[world]'/minecraft:the_nether
[00:50:15 INFO]: [ChunkHolderManager] Waiting 60s for chunk system to halt for world 'minecraft:the_nether'
[00:50:15 INFO]: [ChunkHolderManager] Halted chunk system for world 'minecraft:the_nether'
[00:50:15 INFO]: [ChunkHolderManager] Saving all chunkholders for world 'minecraft:the_nether'
[00:50:15 INFO]: [ChunkHolderManager] Saved 0 block chunks, 0 entity chunks, 0 poi chunks in world 'minecraft:the_nether' in 0.01s
[00:50:15 INFO]: [ChunkHolderManager] Waiting 60s for chunk I/O to halt for world 'minecraft:the_nether'
[00:50:15 INFO]: [ChunkHolderManager] Halted I/O scheduler for world 'minecraft:the_nether'
[00:50:15 INFO]: Saving chunks for level 'ServerLevel[world]'/minecraft:the_end
[00:50:15 INFO]: [ChunkHolderManager] Waiting 60s for chunk system to halt for world 'minecraft:the_end'
[00:50:15 INFO]: [ChunkHolderManager] Halted chunk system for world 'minecraft:the_end'
[00:50:15 INFO]: [ChunkHolderManager] Saving all chunkholders for world 'minecraft:the_end'
[00:50:15 INFO]: [ChunkHolderManager] Saved 0 block chunks, 0 entity chunks, 0 poi chunks in world 'minecraft:the_end' in 0.00s
[00:50:15 INFO]: [ChunkHolderManager] Waiting 60s for chunk I/O to halt for world 'minecraft:the_end'
[00:50:15 INFO]: [ChunkHolderManager] Halted I/O scheduler for world 'minecraft:the_end'
[00:50:15 INFO]: ThreadedAnvilChunkStorage (world): All chunks are saved
[00:50:15 INFO]: ThreadedAnvilChunkStorage (DIM-1): All chunks are saved
[00:50:15 INFO]: ThreadedAnvilChunkStorage (DIM1): All chunks are saved
[00:50:15 INFO]: ThreadedAnvilChunkStorage: All dimensions are saved
[00:50:15 INFO]: Waiting for all RegionFile I/O tasks to complete...
[00:50:15 INFO]: All RegionFile I/O tasks to complete
[00:50:15 INFO]: [MoonriseCommon] Awaiting termination of worker pool for up to 60s...
[00:50:15 INFO]: [MoonriseCommon] Awaiting termination of I/O pool for up to 60s...

BUILD SUCCESSFUL in 1m 41s
39 actionable tasks: 4 executed, 35 up-to-date
Consider enabling configuration cache to speed up this build: https://docs.gradle.org/9.1.0/userguide/configuration_cache_enabling.html
