To honour the JVM settings for this build a single-use Daemon process will be forked. For more on this, please refer to https://docs.gradle.org/9.1.0/userguide/gradle_daemon.html#sec:disabling_the_daemon in the Gradle documentation.
Daemon will be stopped at the end of the build 
> Task :mmo-api:compileJava UP-TO-DATE
> Task :mmo-api:processResources NO-SOURCE
> Task :mmo-api:classes UP-TO-DATE
> Task :mmo-api:jar UP-TO-DATE
> Task :mmo-content:compileJava UP-TO-DATE
> Task :mmo-combat:compileJava UP-TO-DATE
> Task :mmo-integrations:compileJava UP-TO-DATE
> Task :mmo-items:compileJava UP-TO-DATE
> Task :mmo-lifeskills:compileJava UP-TO-DATE
> Task :mmo-magic:compileJava UP-TO-DATE
> Task :mmo-progression:compileJava UP-TO-DATE
> Task :mmo-persistence:compileJava UP-TO-DATE
> Task :mmo-scenes:compileJava UP-TO-DATE
> Task :mmo-social:compileJava UP-TO-DATE
> Task :mmo-worldloop:compileJava UP-TO-DATE
> Task :mmo-integrations:integration-mythicmobs:compileJava UP-TO-DATE
> Task :mmo-integrations:integration-oraxen:compileJava UP-TO-DATE
> Task :mmo-integrations:integration-packetevents:compileJava UP-TO-DATE
> Task :mmo-integrations:integration-wallet:compileJava UP-TO-DATE
> Task :mmo-integrations:integration-worldguard:compileJava UP-TO-DATE
> Task :mmo-bootstrap:compileJava UP-TO-DATE
> Task :mmo-bootstrap:processResources UP-TO-DATE
> Task :mmo-bootstrap:classes UP-TO-DATE
> Task :mmo-combat:processResources NO-SOURCE
> Task :mmo-combat:classes UP-TO-DATE
> Task :mmo-combat:jar UP-TO-DATE
> Task :mmo-content:processResources NO-SOURCE
> Task :mmo-content:classes UP-TO-DATE
> Task :mmo-content:jar UP-TO-DATE
> Task :mmo-integrations:processResources NO-SOURCE
> Task :mmo-integrations:classes UP-TO-DATE
> Task :mmo-integrations:jar UP-TO-DATE
> Task :mmo-items:processResources NO-SOURCE
> Task :mmo-items:classes UP-TO-DATE
> Task :mmo-items:jar UP-TO-DATE
> Task :mmo-lifeskills:processResources NO-SOURCE
> Task :mmo-lifeskills:classes UP-TO-DATE
> Task :mmo-lifeskills:jar UP-TO-DATE
> Task :mmo-magic:processResources NO-SOURCE
> Task :mmo-magic:classes UP-TO-DATE
> Task :mmo-magic:jar UP-TO-DATE
> Task :mmo-persistence:processResources UP-TO-DATE
> Task :mmo-persistence:classes UP-TO-DATE
> Task :mmo-persistence:jar UP-TO-DATE
> Task :mmo-progression:processResources NO-SOURCE
> Task :mmo-progression:classes UP-TO-DATE
> Task :mmo-progression:jar UP-TO-DATE
> Task :mmo-scenes:processResources NO-SOURCE
> Task :mmo-scenes:classes UP-TO-DATE
> Task :mmo-scenes:jar UP-TO-DATE
> Task :mmo-social:processResources NO-SOURCE
> Task :mmo-social:classes UP-TO-DATE
> Task :mmo-social:jar UP-TO-DATE
> Task :mmo-worldloop:processResources NO-SOURCE
> Task :mmo-worldloop:classes UP-TO-DATE
> Task :mmo-worldloop:jar UP-TO-DATE
> Task :mmo-integrations:integration-mythicmobs:processResources NO-SOURCE
> Task :mmo-integrations:integration-mythicmobs:classes UP-TO-DATE
> Task :mmo-integrations:integration-mythicmobs:jar UP-TO-DATE
> Task :mmo-integrations:integration-oraxen:processResources NO-SOURCE
> Task :mmo-integrations:integration-oraxen:classes UP-TO-DATE
> Task :mmo-integrations:integration-oraxen:jar UP-TO-DATE
> Task :mmo-integrations:integration-packetevents:processResources NO-SOURCE
> Task :mmo-integrations:integration-packetevents:classes UP-TO-DATE
> Task :mmo-integrations:integration-packetevents:jar UP-TO-DATE
> Task :mmo-integrations:integration-wallet:processResources NO-SOURCE
> Task :mmo-integrations:integration-wallet:classes UP-TO-DATE
> Task :mmo-integrations:integration-wallet:jar UP-TO-DATE
> Task :mmo-integrations:integration-worldguard:processResources NO-SOURCE
> Task :mmo-integrations:integration-worldguard:classes UP-TO-DATE
> Task :mmo-integrations:integration-worldguard:jar UP-TO-DATE
> Task :mmo-bootstrap:shadowJar UP-TO-DATE

> Task :mmo-bootstrap:runServer
Located Paper 26.2 build 112 in local cache.
Starting Paper...

Starting org.bukkit.craftbukkit.Main
2026-08-17T17:50:29.733647300Z ServerMain WARN Advanced terminal features are not available in this environment
[00:50:29 INFO]: [bootstrap] Running Java 25 (OpenJDK 64-Bit Server VM 25.0.3+9-LTS; Eclipse Adoptium Temurin-25.0.3+9) on Windows 11 10.0 (amd64)
[00:50:29 INFO]: [bootstrap] Loading Paper 26.2-112-main@c9e894d (2026-08-11T05:18:39Z) for Minecraft 26.2
[00:50:29 INFO]: [PluginInitializerManager] Initializing plugins...
[00:50:30 INFO]: [PluginInitializerManager] Initialized 1 plugin
[00:50:30 INFO]: [PluginInitializerManager] Bukkit plugins (1):
 - BranzMMO (1.0.0-SNAPSHOT)
WARNING: A terminally deprecated method in sun.misc.Unsafe has been called
WARNING: sun.misc.Unsafe::objectFieldOffset has been called by org.joml.MemUtil$MemUtilUnsafe (file:/C:/Users/User/AppData/Local/BranzMMORPGHarness/repo/mmo-bootstrap/run/libraries/org/joml/joml/1.10.8/joml-1.10.8.jar)
WARNING: Please consider reporting this to the maintainers of class org.joml.MemUtil$MemUtilUnsafe
WARNING: sun.misc.Unsafe::objectFieldOffset will be removed in a future release
[00:50:33 INFO]: [ca.spottedleaf.dataconverter.minecraft.datatypes.MCTypeRegistry] Initialising converters for DataConverter...
[00:50:33 INFO]: Environment: Environment[sessionHost=https://sessionserver.mojang.com, servicesHost=https://api.minecraftservices.com, profilesHost=https://api.mojang.com, name=PROD]
[00:50:33 INFO]: [ca.spottedleaf.dataconverter.minecraft.datatypes.MCTypeRegistry] Finished initialising converters for DataConverter in 379.7ms
[00:50:35 INFO]: Loaded 1585 recipes
[00:50:35 INFO]: Loaded 1688 advancements
[00:50:35 INFO]: Starting minecraft server version 26.2
[00:50:35 INFO]: Loading properties
[00:50:35 INFO]: This server is running Paper version 26.2-112-main@c9e894d (2026-08-11T05:18:39Z) (Implementing API version 26.2.build.112-stable)
[00:50:35 INFO]: [spark] This server bundles the spark profiler. For more information please visit https://docs.papermc.io/paper/profiling
[00:50:35 INFO]: Server Ping Player Sample Count: 12
[00:50:35 INFO]: Using 4 threads for Netty based IO
[00:50:35 INFO]: [MoonriseCommon] Paper is using 3 worker threads, 1 I/O threads
[00:50:35 INFO]: Default game type: SURVIVAL
[00:50:35 INFO]: Generating keypair
[00:50:35 INFO]: Starting Minecraft server on *:25565
[00:50:35 INFO]: Paper: Using Java compression from Velocity.
[00:50:35 INFO]: Paper: Using Java cipher from Velocity.
[00:50:36 INFO]: [BranzMMO] Loading server plugin BranzMMO v1.0.0-SNAPSHOT
[00:50:36 INFO]: [BranzMMO] Enabling BranzMMO v1.0.0-SNAPSHOT
[00:50:36 INFO]: [BranzMMO] Loading and validating content snapshot from C:\Users\User\AppData\Local\BranzMMORPGHarness\repo\example-content\milestone-1
[00:50:36 WARN]: **** SERVER IS RUNNING IN OFFLINE/INSECURE MODE!
[00:50:36 WARN]: The server will make no attempt to authenticate usernames. Beware.
[00:50:36 WARN]: While this makes the game possible to play without internet access, it also opens up the ability for hackers to connect with any username they choose.
[00:50:36 WARN]: To change this, set "online-mode" to "true" in the server.properties file.
[00:50:36 INFO]: Preparing level "world"
[00:50:36 INFO]: Loading 0 persistent chunks for level 'minecraft:overworld'...
[00:50:36 INFO]: Prepared spawn area in 2 ms
[00:50:36 INFO]: Loading 0 persistent chunks for level 'minecraft:the_nether'...
[00:50:36 INFO]: Prepared spawn area in 2 ms
[00:50:36 INFO]: Loading 0 persistent chunks for level 'minecraft:the_end'...
[00:50:36 INFO]: Prepared spawn area in 1 ms
[00:50:36 INFO]: Done preparing level "world" (0.385s)
[00:50:36 INFO]: [spark] Starting background profiler...
[00:50:36 INFO]: [spark] The async-profiler engine is not supported for your os/arch (windows11/amd64), so the built-in Java engine will be used instead.
[00:50:36 INFO]: Saving chunks for level 'ServerLevel[world]'/minecraft:overworld
[00:50:36 INFO]: Saving chunks for level 'ServerLevel[world]'/minecraft:the_nether
[00:50:36 INFO]: Saving chunks for level 'ServerLevel[world]'/minecraft:the_end
[00:50:36 INFO]: ThreadedAnvilChunkStorage (world): All chunks are saved
[00:50:36 INFO]: ThreadedAnvilChunkStorage (DIM-1): All chunks are saved
[00:50:36 INFO]: ThreadedAnvilChunkStorage (DIM1): All chunks are saved
[00:50:36 INFO]: ThreadedAnvilChunkStorage: All dimensions are saved
[00:50:36 INFO]: Running delayed init tasks
[00:50:36 INFO]: Done (7.474s)! For help, type "help"
[00:50:36 INFO]: [io.zonky.test.db.postgres.embedded.EmbeddedPostgres] Detected a Windows x86_64 system
[00:50:36 INFO]: [io.zonky.test.db.postgres.embedded.DefaultPostgresBinaryResolver] Detected distribution: 'Unknown'
[00:50:36 INFO]: [io.zonky.test.db.postgres.embedded.DefaultPostgresBinaryResolver] System specific postgres binaries found: 'postgres-windows-x86_64.txz'
[00:50:37 INFO]: [io.zonky.test.db.postgres.embedded.EmbeddedPostgres] Postgres binaries at C:\Users\User\AppData\Local\Temp\embedded-pg\PG-3942d5a1dcdbfebc27772e9e670d5d85
[00:50:37 INFO]: [io.zonky.test.db.postgres.embedded.EmbeddedPostgres] e189cea6-ef26-4c0c-88c3-12f0742d0f48 postmaster started as Process[pid=22788, exitValue="not exited"] on port 54550.  Waiting up to PT10S for server startup to finish.
[00:50:37 INFO]: [io.zonky.test.db.postgres.embedded.EmbeddedPostgres] waiting for server to start....2026-08-18 00:50:37.278 +07 [8296] LOG:  starting PostgreSQL 14.22, compiled by Visual C++ build 1944, 64-bit
[00:50:37 INFO]: [io.zonky.test.db.postgres.embedded.EmbeddedPostgres] 2026-08-18 00:50:37.284 +07 [8296] LOG:  listening on IPv6 address "::1", port 54550
[00:50:37 INFO]: [io.zonky.test.db.postgres.embedded.EmbeddedPostgres] 2026-08-18 00:50:37.284 +07 [8296] LOG:  listening on IPv4 address "127.0.0.1", port 54550
[00:50:37 INFO]: [io.zonky.test.db.postgres.embedded.EmbeddedPostgres] 2026-08-18 00:50:37.342 +07 [11000] LOG:  database system was shut down at 2026-08-18 00:50:13 +07
[00:50:37 INFO]: [io.zonky.test.db.postgres.embedded.EmbeddedPostgres] 2026-08-18 00:50:37.400 +07 [8296] LOG:  database system is ready to accept connections
[00:50:37 INFO]: [io.zonky.test.db.postgres.embedded.EmbeddedPostgres]  done
[00:50:37 INFO]: [io.zonky.test.db.postgres.embedded.EmbeddedPostgres] server started
[00:50:37 INFO]: [io.zonky.test.db.postgres.embedded.EmbeddedPostgres] e189cea6-ef26-4c0c-88c3-12f0742d0f48 postmaster startup finished in 00:00:00.594
[00:50:38 INFO]: [BranzMMO] Milestone 3 runtime ready; item definitions=20, move definitions=6, spell definitions=5, technique definitions=5, form definitions=4, ailment definitions=6, encounter reward definitions=1, Scene presentation=WORLD_BACKED
[00:50:38 INFO]: [BranzMMO] Provider asset.oraxen=UNAVAILABLE [OPTIONAL]: plugin is not installed: Oraxen
[00:50:38 INFO]: [BranzMMO] Provider mob.mythicmobs=UNAVAILABLE [OPTIONAL]: plugin is not installed: MythicMobs
[00:50:38 INFO]: [BranzMMO] Provider packet.packetevents=UNAVAILABLE [OPTIONAL]: plugin is not installed: packetevents
[00:50:38 INFO]: [BranzMMO] Provider region.worldguard=UNAVAILABLE [OPTIONAL]: plugin is not installed: WorldGuard
[00:50:38 INFO]: [BranzMMO] Provider wallet.external=UNAVAILABLE [OPTIONAL]: plugin is not installed: Wallet
[00:50:38 WARN]: [BranzMMO] asset.oraxen [OPTIONAL]: plugin is not installed: Oraxen
[00:50:38 WARN]: [BranzMMO] mob.mythicmobs [OPTIONAL]: plugin is not installed: MythicMobs
[00:50:38 WARN]: [BranzMMO] packet.packetevents [OPTIONAL]: plugin is not installed: packetevents
[00:50:38 WARN]: [BranzMMO] region.worldguard [OPTIONAL]: plugin is not installed: WorldGuard
[00:50:38 WARN]: [BranzMMO] wallet.external [OPTIONAL]: plugin is not installed: Wallet
[00:50:38 INFO]: [BranzMMO] Branz MMO startup DEGRADED; content=v1.milestone-1.example.4, definitions=48
[00:50:38 INFO]: [BranzMMO] PostgreSQL runtime ready; mode=EMBEDDED_LOCAL, server-instance=local-5250a5aa-779e-46a7-be18-5b5bde1ed49c
[00:50:38 INFO]: [BranzMMO] Recovered 0 boss encounter(s) from V0009.
[00:50:38 INFO]: [BranzMMO] Death Pouch reconciliation is ready.
[00:50:39 INFO]: [BranzMMO] Recovered 0 downed encounter(s) from V0010.
[00:51:06 INFO]: UUID of player Player0 is 2654e3c3-150d-3857-a426-0b141796a4e0
[00:51:09 INFO]: Player0 joined the game
[00:51:09 INFO]: Player0[/127.0.0.1:54650] logged in with entity id 94 at ([minecraft:overworld]-9.5, 84.0, 5.5)
[00:51:09 INFO]: Nothing changed. The player already is an operator
[00:51:09 INFO]: Set 7 experience levels on Player0
[00:51:12 INFO]: Player0 issued server command: /mmo physical status
[00:51:12 INFO]: Player0 issued server command: /mmo physical status
[00:51:13 INFO]: Player0 issued server command: /mmo physical status
[00:51:13 INFO]: Player0 lost connection: Disconnected
[00:51:13 INFO]: Player0 left the game
[00:51:14 INFO]: Stopping the server
[00:51:14 INFO]: Stopping server
[00:51:14 INFO]: [BranzMMO] Disabling BranzMMO v1.0.0-SNAPSHOT
[00:51:14 INFO]: [io.zonky.test.db.postgres.embedded.EmbeddedPostgres] 2026-08-18 00:51:14.436 +07 [8296] LOG:  received fast shutdown request
[00:51:14 INFO]: [io.zonky.test.db.postgres.embedded.EmbeddedPostgres] 2026-08-18 00:51:14.437 +07 [8296] LOG:  aborting any active transactions
[00:51:14 INFO]: [io.zonky.test.db.postgres.embedded.EmbeddedPostgres] 2026-08-18 00:51:14.453 +07 [8296] LOG:  background worker "logical replication launcher" (PID 17672) exited with exit code 1
[00:51:14 INFO]: [io.zonky.test.db.postgres.embedded.EmbeddedPostgres] 2026-08-18 00:51:14.453 +07 [30356] LOG:  shutting down
[00:51:14 INFO]: [io.zonky.test.db.postgres.embedded.EmbeddedPostgres] 2026-08-18 00:51:14.493 +07 [8296] LOG:  database system is shut down
[00:51:14 INFO]: [io.zonky.test.db.postgres.embedded.EmbeddedPostgres] waiting for server to shut down.... done
[00:51:14 INFO]: [io.zonky.test.db.postgres.embedded.EmbeddedPostgres] server stopped
[00:51:14 INFO]: [io.zonky.test.db.postgres.embedded.EmbeddedPostgres] e189cea6-ef26-4c0c-88c3-12f0742d0f48 shut down postmaster in 00:00:00.139
[00:51:14 INFO]: [io.zonky.test.db.postgres.embedded.EmbeddedPostgres] Did not clean up directory C:\Users\User\AppData\Local\BranzMMORPGHarness\repo\mmo-bootstrap\run\plugins\BranzMMO\embedded-postgres
[00:51:14 INFO]: [BranzMMO] Branz MMO platform disabled cleanly.
[00:51:14 INFO]: Saving players
[00:51:14 INFO]: Saving worlds
[00:51:14 INFO]: Saving chunks for level 'ServerLevel[world]'/minecraft:overworld
[00:51:14 INFO]: [ChunkHolderManager] Waiting 60s for chunk system to halt for world 'minecraft:overworld'
[00:51:14 INFO]: [ChunkHolderManager] Halted chunk system for world 'minecraft:overworld'
[00:51:14 INFO]: [ChunkHolderManager] Saving all chunkholders for world 'minecraft:overworld'
[00:51:15 INFO]: [ChunkHolderManager] Saved 450 block chunks, 450 entity chunks, 0 poi chunks in world 'minecraft:overworld' in 0.80s
[00:51:15 INFO]: [ChunkHolderManager] Waiting 60s for chunk I/O to halt for world 'minecraft:overworld'
[00:51:15 INFO]: [ChunkHolderManager] Halted I/O scheduler for world 'minecraft:overworld'
[00:51:15 INFO]: Saving chunks for level 'ServerLevel[world]'/minecraft:the_nether
[00:51:15 INFO]: [ChunkHolderManager] Waiting 60s for chunk system to halt for world 'minecraft:the_nether'
[00:51:15 INFO]: [ChunkHolderManager] Halted chunk system for world 'minecraft:the_nether'
[00:51:15 INFO]: [ChunkHolderManager] Saving all chunkholders for world 'minecraft:the_nether'
[00:51:15 INFO]: [ChunkHolderManager] Saved 0 block chunks, 0 entity chunks, 0 poi chunks in world 'minecraft:the_nether' in 0.00s
[00:51:15 INFO]: [ChunkHolderManager] Waiting 60s for chunk I/O to halt for world 'minecraft:the_nether'
[00:51:15 INFO]: [ChunkHolderManager] Halted I/O scheduler for world 'minecraft:the_nether'
[00:51:15 INFO]: Saving chunks for level 'ServerLevel[world]'/minecraft:the_end
[00:51:15 INFO]: [ChunkHolderManager] Waiting 60s for chunk system to halt for world 'minecraft:the_end'
[00:51:15 INFO]: [ChunkHolderManager] Halted chunk system for world 'minecraft:the_end'
[00:51:15 INFO]: [ChunkHolderManager] Saving all chunkholders for world 'minecraft:the_end'
[00:51:15 INFO]: [ChunkHolderManager] Saved 0 block chunks, 0 entity chunks, 0 poi chunks in world 'minecraft:the_end' in 0.00s
[00:51:15 INFO]: [ChunkHolderManager] Waiting 60s for chunk I/O to halt for world 'minecraft:the_end'
[00:51:15 INFO]: [ChunkHolderManager] Halted I/O scheduler for world 'minecraft:the_end'
[00:51:15 INFO]: ThreadedAnvilChunkStorage (world): All chunks are saved
[00:51:15 INFO]: ThreadedAnvilChunkStorage (DIM-1): All chunks are saved
[00:51:15 INFO]: ThreadedAnvilChunkStorage (DIM1): All chunks are saved
[00:51:15 INFO]: ThreadedAnvilChunkStorage: All dimensions are saved
[00:51:15 INFO]: Waiting for all RegionFile I/O tasks to complete...
[00:51:15 INFO]: All RegionFile I/O tasks to complete
[00:51:15 INFO]: [MoonriseCommon] Awaiting termination of worker pool for up to 60s...
[00:51:15 INFO]: [MoonriseCommon] Awaiting termination of I/O pool for up to 60s...

BUILD SUCCESSFUL in 58s
39 actionable tasks: 1 executed, 38 up-to-date
Consider enabling configuration cache to speed up this build: https://docs.gradle.org/9.1.0/userguide/configuration_cache_enabling.html
