To honour the JVM settings for this build a single-use Daemon process will be forked. For more on this, please refer to https://docs.gradle.org/9.1.0/userguide/gradle_daemon.html#sec:disabling_the_daemon in the Gradle documentation.
Daemon will be stopped at the end of the build 
> Task :mmo-api:compileJava UP-TO-DATE
> Task :mmo-api:processResources NO-SOURCE
> Task :mmo-api:classes UP-TO-DATE
> Task :mmo-api:jar UP-TO-DATE
> Task :mmo-content:compileJava UP-TO-DATE
> Task :mmo-combat:compileJava UP-TO-DATE
> Task :mmo-integrations:compileJava UP-TO-DATE
> Task :mmo-items:compileJava UP-TO-DATE
> Task :mmo-lifeskills:compileJava UP-TO-DATE
> Task :mmo-magic:compileJava UP-TO-DATE
> Task :mmo-progression:compileJava UP-TO-DATE
> Task :mmo-persistence:compileJava UP-TO-DATE
> Task :mmo-scenes:compileJava UP-TO-DATE
> Task :mmo-social:compileJava UP-TO-DATE
> Task :mmo-worldloop:compileJava UP-TO-DATE
> Task :mmo-integrations:integration-mythicmobs:compileJava UP-TO-DATE
> Task :mmo-integrations:integration-oraxen:compileJava UP-TO-DATE
> Task :mmo-integrations:integration-packetevents:compileJava UP-TO-DATE
> Task :mmo-integrations:integration-wallet:compileJava UP-TO-DATE
> Task :mmo-integrations:integration-worldguard:compileJava UP-TO-DATE
> Task :mmo-bootstrap:compileJava
> Task :mmo-bootstrap:processResources UP-TO-DATE
> Task :mmo-bootstrap:classes
> Task :mmo-combat:processResources NO-SOURCE
> Task :mmo-combat:classes UP-TO-DATE
> Task :mmo-combat:jar UP-TO-DATE
> Task :mmo-content:processResources NO-SOURCE
> Task :mmo-content:classes UP-TO-DATE
> Task :mmo-content:jar UP-TO-DATE
> Task :mmo-integrations:processResources NO-SOURCE
> Task :mmo-integrations:classes UP-TO-DATE
> Task :mmo-integrations:jar UP-TO-DATE
> Task :mmo-items:processResources NO-SOURCE
> Task :mmo-items:classes UP-TO-DATE
> Task :mmo-items:jar UP-TO-DATE
> Task :mmo-lifeskills:processResources NO-SOURCE
> Task :mmo-lifeskills:classes UP-TO-DATE
> Task :mmo-lifeskills:jar UP-TO-DATE
> Task :mmo-magic:processResources NO-SOURCE
> Task :mmo-magic:classes UP-TO-DATE
> Task :mmo-magic:jar UP-TO-DATE
> Task :mmo-persistence:processResources UP-TO-DATE
> Task :mmo-persistence:classes UP-TO-DATE
> Task :mmo-persistence:jar UP-TO-DATE
> Task :mmo-progression:processResources NO-SOURCE
> Task :mmo-progression:classes UP-TO-DATE
> Task :mmo-progression:jar UP-TO-DATE
> Task :mmo-scenes:processResources NO-SOURCE
> Task :mmo-scenes:classes UP-TO-DATE
> Task :mmo-scenes:jar UP-TO-DATE
> Task :mmo-social:processResources NO-SOURCE
> Task :mmo-social:classes UP-TO-DATE
> Task :mmo-social:jar UP-TO-DATE
> Task :mmo-worldloop:processResources NO-SOURCE
> Task :mmo-worldloop:classes UP-TO-DATE
> Task :mmo-worldloop:jar UP-TO-DATE
> Task :mmo-integrations:integration-mythicmobs:processResources NO-SOURCE
> Task :mmo-integrations:integration-mythicmobs:classes UP-TO-DATE
> Task :mmo-integrations:integration-mythicmobs:jar UP-TO-DATE
> Task :mmo-integrations:integration-oraxen:processResources NO-SOURCE
> Task :mmo-integrations:integration-oraxen:classes UP-TO-DATE
> Task :mmo-integrations:integration-oraxen:jar UP-TO-DATE
> Task :mmo-integrations:integration-packetevents:processResources NO-SOURCE
> Task :mmo-integrations:integration-packetevents:classes UP-TO-DATE
> Task :mmo-integrations:integration-packetevents:jar UP-TO-DATE
> Task :mmo-integrations:integration-wallet:processResources NO-SOURCE
> Task :mmo-integrations:integration-wallet:classes UP-TO-DATE
> Task :mmo-integrations:integration-wallet:jar UP-TO-DATE
> Task :mmo-integrations:integration-worldguard:processResources NO-SOURCE
> Task :mmo-integrations:integration-worldguard:classes UP-TO-DATE
> Task :mmo-integrations:integration-worldguard:jar UP-TO-DATE
> Task :mmo-bootstrap:shadowJar

> Task :mmo-bootstrap:runServer
Located Paper 26.2 build 112 in local cache.
Starting Paper...

Downloading mojang_26.2.jar
Applying patches
Starting org.bukkit.craftbukkit.Main
2026-08-14T21:27:54.818721800Z ServerMain WARN Advanced terminal features are not available in this environment
[04:27:55 INFO]: [bootstrap] Running Java 25 (OpenJDK 64-Bit Server VM 25.0.3+9-LTS; Eclipse Adoptium Temurin-25.0.3+9) on Windows 11 10.0 (amd64)
[04:27:55 INFO]: [bootstrap] Loading Paper 26.2-112-main@c9e894d (2026-08-11T05:18:39Z) for Minecraft 26.2
[04:27:55 INFO]: [PluginInitializerManager] Initializing plugins...
[04:27:55 INFO]: [PluginInitializerManager] Initialized 1 plugin
[04:27:55 INFO]: [PluginInitializerManager] Bukkit plugins (1):
 - BranzMMO (1.0.0-SNAPSHOT)
WARNING: A terminally deprecated method in sun.misc.Unsafe has been called
WARNING: sun.misc.Unsafe::objectFieldOffset has been called by org.joml.MemUtil$MemUtilUnsafe (file:/C:/Users/User/AppData/Local/BranzMMORPGHarness/repo/mmo-bootstrap/run/libraries/org/joml/joml/1.10.8/joml-1.10.8.jar)
WARNING: Please consider reporting this to the maintainers of class org.joml.MemUtil$MemUtilUnsafe
WARNING: sun.misc.Unsafe::objectFieldOffset will be removed in a future release
[04:27:58 INFO]: [ca.spottedleaf.dataconverter.minecraft.datatypes.MCTypeRegistry] Initialising converters for DataConverter...
[04:27:58 INFO]: Environment: Environment[sessionHost=https://sessionserver.mojang.com, servicesHost=https://api.minecraftservices.com, profilesHost=https://api.mojang.com, name=PROD]
[04:27:58 INFO]: [ca.spottedleaf.dataconverter.minecraft.datatypes.MCTypeRegistry] Finished initialising converters for DataConverter in 329.9ms
[04:27:59 INFO]: Found new data pack paper, loading it automatically
[04:27:59 INFO]: No existing world data, creating new world
[04:28:00 INFO]: Loaded 1585 recipes
[04:28:00 INFO]: Loaded 1688 advancements
[04:28:00 INFO]: Starting minecraft server version 26.2
[04:28:00 INFO]: Loading properties
[04:28:00 INFO]: This server is running Paper version 26.2-112-main@c9e894d (2026-08-11T05:18:39Z) (Implementing API version 26.2.build.112-stable)
[04:28:00 INFO]: [spark] This server bundles the spark profiler. For more information please visit https://docs.papermc.io/paper/profiling
[04:28:00 INFO]: Server Ping Player Sample Count: 12
[04:28:00 INFO]: Using 4 threads for Netty based IO
[04:28:00 INFO]: [MoonriseCommon] Paper is using 3 worker threads, 1 I/O threads
[04:28:00 INFO]: Default game type: SURVIVAL
[04:28:00 INFO]: Generating keypair
[04:28:00 INFO]: Starting Minecraft server on *:25565
[04:28:01 INFO]: Paper: Using Java compression from Velocity.
[04:28:01 INFO]: Paper: Using Java cipher from Velocity.
[04:28:01 INFO]: [BranzMMO] Loading server plugin BranzMMO v1.0.0-SNAPSHOT
[04:28:01 INFO]: [BranzMMO] Enabling BranzMMO v1.0.0-SNAPSHOT
[04:28:01 INFO]: [BranzMMO] Loading and validating content snapshot from C:\Users\User\AppData\Local\BranzMMORPGHarness\repo\example-content\milestone-1
[04:28:01 WARN]: **** SERVER IS RUNNING IN OFFLINE/INSECURE MODE!
[04:28:01 WARN]: The server will make no attempt to authenticate usernames. Beware.
[04:28:01 WARN]: While this makes the game possible to play without internet access, it also opens up the ability for hackers to connect with any username they choose.
[04:28:01 WARN]: To change this, set "online-mode" to "true" in the server.properties file.
[04:28:01 INFO]: Preparing level "world"
[04:28:01 INFO]: Selecting spawn point for level 'minecraft:overworld'...
[04:28:04 INFO]: Selecting spawn point for level 'minecraft:the_nether'...
[04:28:05 INFO]: Selecting spawn point for level 'minecraft:the_end'...
[04:28:05 INFO]: Loading 0 persistent chunks for level 'minecraft:overworld'...
[04:28:05 INFO]: Preparing spawn area: 100%
[04:28:05 INFO]: Prepared spawn area in 3699 ms
[04:28:05 INFO]: Loading 0 persistent chunks for level 'minecraft:the_nether'...
[04:28:05 INFO]: Preparing spawn area: 100%
[04:28:05 INFO]: Prepared spawn area in 737 ms
[04:28:05 INFO]: Loading 0 persistent chunks for level 'minecraft:the_end'...
[04:28:05 INFO]: Preparing spawn area: 100%
[04:28:05 INFO]: Prepared spawn area in 176 ms
[04:28:05 INFO]: Done preparing level "world" (4.025s)
[04:28:05 INFO]: [spark] Starting background profiler...
[04:28:05 INFO]: [spark] The async-profiler engine is not supported for your os/arch (windows11/amd64), so the built-in Java engine will be used instead.
[04:28:05 INFO]: Saving chunks for level 'ServerLevel[world]'/minecraft:overworld
[04:28:05 INFO]: Saving chunks for level 'ServerLevel[world]'/minecraft:the_nether
[04:28:05 INFO]: Saving chunks for level 'ServerLevel[world]'/minecraft:the_end
[04:28:05 INFO]: ThreadedAnvilChunkStorage (world): All chunks are saved
[04:28:05 INFO]: ThreadedAnvilChunkStorage (DIM-1): All chunks are saved
[04:28:05 INFO]: ThreadedAnvilChunkStorage (DIM1): All chunks are saved
[04:28:05 INFO]: ThreadedAnvilChunkStorage: All dimensions are saved
[04:28:05 INFO]: Running delayed init tasks
[04:28:05 INFO]: Done (11.218s)! For help, type "help"
[04:28:05 INFO]: *************************************************************************************
[04:28:05 INFO]: This is the first time you're starting this server.
[04:28:05 INFO]: It's recommended you read our 'Getting Started' documentation for guidance.
[04:28:05 INFO]: View this and more helpful information here: https://docs.papermc.io/paper/next-steps
[04:28:05 INFO]: *************************************************************************************
[04:28:05 INFO]: [io.zonky.test.db.postgres.embedded.EmbeddedPostgres] Detected a Windows x86_64 system
[04:28:05 INFO]: [io.zonky.test.db.postgres.embedded.DefaultPostgresBinaryResolver] Detected distribution: 'Unknown'
[04:28:05 INFO]: [io.zonky.test.db.postgres.embedded.DefaultPostgresBinaryResolver] System specific postgres binaries found: 'postgres-windows-x86_64.txz'
[04:28:06 INFO]: [io.zonky.test.db.postgres.embedded.EmbeddedPostgres] Postgres binaries at C:\Users\User\AppData\Local\Temp\embedded-pg\PG-3942d5a1dcdbfebc27772e9e670d5d85
[04:28:06 INFO]: [io.zonky.test.db.postgres.embedded.EmbeddedPostgres] The files belonging to this database system will be owned by user "User".
[04:28:06 INFO]: [io.zonky.test.db.postgres.embedded.EmbeddedPostgres] This user must also own the server process.
[04:28:06 INFO]: [io.zonky.test.db.postgres.embedded.EmbeddedPostgres] 
[04:28:06 INFO]: [io.zonky.test.db.postgres.embedded.EmbeddedPostgres] The database cluster will be initialized with locale "English_United States.874".
[04:28:06 INFO]: [io.zonky.test.db.postgres.embedded.EmbeddedPostgres] The default text search configuration will be set to "english".
[04:28:06 INFO]: [io.zonky.test.db.postgres.embedded.EmbeddedPostgres] 
[04:28:06 INFO]: [io.zonky.test.db.postgres.embedded.EmbeddedPostgres] Data page checksums are disabled.
[04:28:06 INFO]: [io.zonky.test.db.postgres.embedded.EmbeddedPostgres] 
[04:28:06 INFO]: [io.zonky.test.db.postgres.embedded.EmbeddedPostgres] fixing permissions on existing directory C:/Users/User/AppData/Local/BranzMMORPGHarness/repo/mmo-bootstrap/run/plugins/BranzMMO/embedded-postgres ... ok
[04:28:06 INFO]: [io.zonky.test.db.postgres.embedded.EmbeddedPostgres] creating subdirectories ... ok
[04:28:06 INFO]: [io.zonky.test.db.postgres.embedded.EmbeddedPostgres] selecting dynamic shared memory implementation ... windows
[04:28:06 INFO]: [io.zonky.test.db.postgres.embedded.EmbeddedPostgres] selecting default max_connections ... 100
[04:28:06 INFO]: [io.zonky.test.db.postgres.embedded.EmbeddedPostgres] selecting default shared_buffers ... 128MB
[04:28:06 INFO]: [io.zonky.test.db.postgres.embedded.EmbeddedPostgres] selecting default time zone ... Asia/Bangkok
[04:28:06 INFO]: [io.zonky.test.db.postgres.embedded.EmbeddedPostgres] creating configuration files ... ok
[04:28:08 INFO]: [io.zonky.test.db.postgres.embedded.EmbeddedPostgres] running bootstrap script ... ok
[04:28:10 INFO]: [io.zonky.test.db.postgres.embedded.EmbeddedPostgres] performing post-bootstrap initialization ... ok
[04:28:14 INFO]: [io.zonky.test.db.postgres.embedded.EmbeddedPostgres] syncing data to disk ... ok
[04:28:14 INFO]: [io.zonky.test.db.postgres.embedded.EmbeddedPostgres] 
[04:28:14 INFO]: [io.zonky.test.db.postgres.embedded.EmbeddedPostgres] Success. You can now start the database server using:
[04:28:14 INFO]: [io.zonky.test.db.postgres.embedded.EmbeddedPostgres] 
[04:28:14 INFO]: [io.zonky.test.db.postgres.embedded.EmbeddedPostgres]     ^"C^:^\Users^\User^\AppData^\Local^\Temp^\embedded^-pg^\PG^-3942d5a1dcdbfebc27772e9e670d5d85^\bin^\pg^_ctl^" -D ^"C^:^\Users^\User^\AppData^\Local^\BranzMMORPGHarness^\repo^\mmo^-bootstrap^\run^\plugins^\BranzMMO^\embedded^-postgres^" -l logfile start
[04:28:14 INFO]: [io.zonky.test.db.postgres.embedded.EmbeddedPostgres] 
[04:28:14 INFO]: [io.zonky.test.db.postgres.embedded.EmbeddedPostgres] 2ddedf70-c199-48ab-b481-853d4ce3dd4a initdb completed in 00:00:08.618
[04:28:14 INFO]: [io.zonky.test.db.postgres.embedded.EmbeddedPostgres] 2ddedf70-c199-48ab-b481-853d4ce3dd4a postmaster started as Process[pid=24876, exitValue="not exited"] on port 57732.  Waiting up to PT10S for server startup to finish.
[04:28:15 INFO]: [io.zonky.test.db.postgres.embedded.EmbeddedPostgres] waiting for server to start....2026-08-15 04:28:15.054 +07 [29184] LOG:  starting PostgreSQL 14.22, compiled by Visual C++ build 1944, 64-bit
[04:28:15 INFO]: [io.zonky.test.db.postgres.embedded.EmbeddedPostgres] 2026-08-15 04:28:15.060 +07 [29184] LOG:  listening on IPv6 address "::1", port 57732
[04:28:15 INFO]: [io.zonky.test.db.postgres.embedded.EmbeddedPostgres] 2026-08-15 04:28:15.061 +07 [29184] LOG:  listening on IPv4 address "127.0.0.1", port 57732
[04:28:15 INFO]: [io.zonky.test.db.postgres.embedded.EmbeddedPostgres] 2026-08-15 04:28:15.114 +07 [32016] LOG:  database system was shut down at 2026-08-15 04:28:10 +07
[04:28:15 INFO]: [io.zonky.test.db.postgres.embedded.EmbeddedPostgres] 2026-08-15 04:28:15.182 +07 [29184] LOG:  database system is ready to accept connections
[04:28:15 INFO]: [io.zonky.test.db.postgres.embedded.EmbeddedPostgres]  done
[04:28:15 INFO]: [io.zonky.test.db.postgres.embedded.EmbeddedPostgres] server started
[04:28:15 INFO]: [io.zonky.test.db.postgres.embedded.EmbeddedPostgres] 2ddedf70-c199-48ab-b481-853d4ce3dd4a postmaster startup finished in 00:00:00.763
[04:28:17 INFO]: [BranzMMO] Milestone 3 runtime ready; item definitions=20, move definitions=6, spell definitions=5, technique definitions=5, form definitions=4, ailment definitions=6, encounter reward definitions=1, Scene presentation=WORLD_BACKED
[04:28:17 INFO]: [BranzMMO] Provider asset.oraxen=UNAVAILABLE [OPTIONAL]: plugin is not installed: Oraxen
[04:28:17 INFO]: [BranzMMO] Provider mob.mythicmobs=UNAVAILABLE [OPTIONAL]: plugin is not installed: MythicMobs
[04:28:17 INFO]: [BranzMMO] Provider packet.packetevents=UNAVAILABLE [OPTIONAL]: plugin is not installed: packetevents
[04:28:17 INFO]: [BranzMMO] Provider region.worldguard=UNAVAILABLE [OPTIONAL]: plugin is not installed: WorldGuard
[04:28:17 INFO]: [BranzMMO] Provider wallet.external=UNAVAILABLE [OPTIONAL]: plugin is not installed: Wallet
[04:28:17 WARN]: [BranzMMO] asset.oraxen [OPTIONAL]: plugin is not installed: Oraxen
[04:28:17 WARN]: [BranzMMO] mob.mythicmobs [OPTIONAL]: plugin is not installed: MythicMobs
[04:28:17 WARN]: [BranzMMO] packet.packetevents [OPTIONAL]: plugin is not installed: packetevents
[04:28:17 WARN]: [BranzMMO] region.worldguard [OPTIONAL]: plugin is not installed: WorldGuard
[04:28:17 WARN]: [BranzMMO] wallet.external [OPTIONAL]: plugin is not installed: Wallet
[04:28:17 INFO]: [BranzMMO] Branz MMO startup DEGRADED; content=v1.milestone-1.example.4, definitions=48
[04:28:17 INFO]: [BranzMMO] PostgreSQL runtime ready; mode=EMBEDDED_LOCAL, server-instance=local-d8ad450a-e0d9-4dfa-9c88-b931deaf2c56
[04:28:17 INFO]: [BranzMMO] Recovered 0 boss encounter(s) from V0009.
[04:28:17 INFO]: [BranzMMO] Death Pouch reconciliation is ready.
[04:28:17 INFO]: [BranzMMO] Recovered 0 downed encounter(s) from V0010.
[04:28:38 INFO]: UUID of player Player0 is 2654e3c3-150d-3857-a426-0b141796a4e0
[04:28:41 INFO]: Player0 joined the game
[04:28:41 INFO]: Player0[/127.0.0.1:63751] logged in with entity id 38 at ([minecraft:overworld]9.5, 63.0, -9.5)
[04:28:41 INFO]: Made Player0 a server operator
[04:28:41 INFO]: Set 7 experience levels on Player0
[04:28:42 INFO]: Player0 issued server command: /item replace entity @s hotbar.0 with minecraft:stone
[04:28:42 INFO]: [Player0: Replaced a slot on Player0 with [Stone]]
[04:28:43 INFO]: Player0 issued server command: /item replace entity @s hotbar.1 with minecraft:stone
[04:28:43 INFO]: [Player0: Replaced a slot on Player0 with [Stone]]
[04:28:43 INFO]: Player0 issued server command: /item replace entity @s hotbar.2 with minecraft:stone
[04:28:43 INFO]: [Player0: Replaced a slot on Player0 with [Stone]]
[04:28:43 INFO]: Player0 issued server command: /item replace entity @s hotbar.3 with minecraft:stone
[04:28:43 INFO]: [Player0: Replaced a slot on Player0 with [Stone]]
[04:28:43 INFO]: Player0 issued server command: /item replace entity @s hotbar.4 with minecraft:stone
[04:28:43 INFO]: [Player0: Replaced a slot on Player0 with [Stone]]
[04:28:43 INFO]: Player0 issued server command: /item replace entity @s hotbar.5 with minecraft:stone
[04:28:43 INFO]: [Player0: Replaced a slot on Player0 with [Stone]]
[04:28:43 INFO]: Player0 issued server command: /item replace entity @s hotbar.6 with minecraft:stone
[04:28:43 INFO]: [Player0: Replaced a slot on Player0 with [Stone]]
[04:28:43 INFO]: Player0 issued server command: /item replace entity @s hotbar.7 with minecraft:stone
[04:28:43 INFO]: [Player0: Replaced a slot on Player0 with [Stone]]
[04:28:43 INFO]: Player0 issued server command: /mmo dev
[04:28:44 INFO]: [BranzMMO] PHYSICAL_AUTHORITY_INVENTORY_CLICK_SERVER player=Player0 action=PICKUP_ALL slot=12 currentProjection=false cursorProjection=false
[04:28:44 INFO]: [BranzMMO] PHYSICAL_AUTHORITY_INVENTORY_CLICK_SERVER player=Player0 action=MOVE_TO_OTHER_INVENTORY slot=5 currentProjection=false cursorProjection=false
[04:28:45 INFO]: Player0 issued server command: /mmo physical status
[04:28:45 INFO]: Player0 issued server command: /item replace entity @s hotbar.7 with minecraft:air
[04:28:45 INFO]: [Player0: Replaced a slot on Player0 with [Air]]
[04:28:46 INFO]: [BranzMMO] PHYSICAL_AUTHORITY_INVENTORY_CLICK_SERVER player=Player0 action=PICKUP_ALL slot=9 currentProjection=true cursorProjection=false
[04:28:46 INFO]: [BranzMMO] PHYSICAL_AUTHORITY_INVENTORY_CLICK_SERVER player=Player0 action=PLACE_ALL slot=7 currentProjection=false cursorProjection=true
[04:28:46 INFO]: [BranzMMO] PHYSICAL_AUTHORITY_INVENTORY_PLAN_SERVER player=Player0 disposition=READY_TO_COMMIT intent=STACKABLE_LOT:9->7:2e2bad8d-e951-4bef-9f86-3c9de7dd6bbb
[04:28:46 INFO]: [BranzMMO] PHYSICAL_AUTHORITY_INVENTORY_COMMIT_BEGIN_SERVER player=Player0 type=STACKABLE_LOT source=9 destination=7 value=2e2bad8d-e951-4bef-9f86-3c9de7dd6bbb
[04:28:46 INFO]: Player0 issued server command: /mmo physical status
[04:28:47 INFO]: [BranzMMO] PHYSICAL_AUTHORITY_INVENTORY_COMMIT_SUCCESS_SERVER player=Player0 type=STACKABLE_LOT source=9 destination=7 value=2e2bad8d-e951-4bef-9f86-3c9de7dd6bbb
[04:28:47 INFO]: Player0 issued server command: /mmo physical status
[04:28:47 INFO]: Player0 lost connection: Disconnected
[04:28:48 INFO]: Player0 left the game
[04:28:48 INFO]: UUID of player Player0 is 2654e3c3-150d-3857-a426-0b141796a4e0
[04:28:48 INFO]: Player0 joined the game
[04:28:48 INFO]: Player0[/127.0.0.1:50370] logged in with entity id 172 at ([minecraft:overworld]9.5, 63.0, -9.5)
[04:28:48 INFO]: Player0 issued server command: /mmo physical status
[04:28:49 INFO]: Stopping the server
[04:28:50 INFO]: Stopping server
[04:28:50 INFO]: [BranzMMO] Disabling BranzMMO v1.0.0-SNAPSHOT
[04:28:50 INFO]: [io.zonky.test.db.postgres.embedded.EmbeddedPostgres] 2026-08-15 04:28:50.138 +07 [29184] LOG:  received fast shutdown request
[04:28:50 INFO]: [io.zonky.test.db.postgres.embedded.EmbeddedPostgres] 2026-08-15 04:28:50.138 +07 [29184] LOG:  aborting any active transactions
[04:28:50 INFO]: [io.zonky.test.db.postgres.embedded.EmbeddedPostgres] 2026-08-15 04:28:50.157 +07 [29184] LOG:  background worker "logical replication launcher" (PID 15636) exited with exit code 1
[04:28:50 INFO]: [io.zonky.test.db.postgres.embedded.EmbeddedPostgres] 2026-08-15 04:28:50.157 +07 [9252] LOG:  shutting down
[04:28:50 INFO]: [io.zonky.test.db.postgres.embedded.EmbeddedPostgres] 2026-08-15 04:28:50.373 +07 [29184] LOG:  database system is shut down
[04:28:50 INFO]: [io.zonky.test.db.postgres.embedded.EmbeddedPostgres] waiting for server to shut down.... done
[04:28:50 INFO]: [io.zonky.test.db.postgres.embedded.EmbeddedPostgres] server stopped
[04:28:50 INFO]: [io.zonky.test.db.postgres.embedded.EmbeddedPostgres] 2ddedf70-c199-48ab-b481-853d4ce3dd4a shut down postmaster in 00:00:00.346
[04:28:50 INFO]: [io.zonky.test.db.postgres.embedded.EmbeddedPostgres] Did not clean up directory C:\Users\User\AppData\Local\BranzMMORPGHarness\repo\mmo-bootstrap\run\plugins\BranzMMO\embedded-postgres
[04:28:50 INFO]: [BranzMMO] Branz MMO platform disabled cleanly.
[04:28:50 INFO]: Saving players
[04:28:50 INFO]: Player0 lost connection: Disconnected
[04:28:50 INFO]: Player0 left the game
[04:28:50 INFO]: Saving worlds
[04:28:50 INFO]: Saving chunks for level 'ServerLevel[world]'/minecraft:overworld
[04:28:50 INFO]: [ChunkHolderManager] Waiting 60s for chunk system to halt for world 'minecraft:overworld'
[04:28:50 INFO]: [ChunkHolderManager] Halted chunk system for world 'minecraft:overworld'
[04:28:50 INFO]: [ChunkHolderManager] Saving all chunkholders for world 'minecraft:overworld'
[04:28:51 INFO]: [ChunkHolderManager] Saved 1603 block chunks, 283 entity chunks, 10 poi chunks in world 'minecraft:overworld' in 0.58s
[04:28:51 INFO]: [ChunkHolderManager] Waiting 60s for chunk I/O to halt for world 'minecraft:overworld'
[04:28:51 INFO]: [ChunkHolderManager] Halted I/O scheduler for world 'minecraft:overworld'
[04:28:51 INFO]: Saving chunks for level 'ServerLevel[world]'/minecraft:the_nether
[04:28:51 INFO]: [ChunkHolderManager] Waiting 60s for chunk system to halt for world 'minecraft:the_nether'
[04:28:51 INFO]: [ChunkHolderManager] Halted chunk system for world 'minecraft:the_nether'
[04:28:51 INFO]: [ChunkHolderManager] Saving all chunkholders for world 'minecraft:the_nether'
[04:28:51 INFO]: [ChunkHolderManager] Saved 0 block chunks, 0 entity chunks, 0 poi chunks in world 'minecraft:the_nether' in 0.00s
[04:28:51 INFO]: [ChunkHolderManager] Waiting 60s for chunk I/O to halt for world 'minecraft:the_nether'
[04:28:51 INFO]: [ChunkHolderManager] Halted I/O scheduler for world 'minecraft:the_nether'
[04:28:51 INFO]: Saving chunks for level 'ServerLevel[world]'/minecraft:the_end
[04:28:51 INFO]: [ChunkHolderManager] Waiting 60s for chunk system to halt for world 'minecraft:the_end'
[04:28:51 INFO]: [ChunkHolderManager] Halted chunk system for world 'minecraft:the_end'
[04:28:51 INFO]: [ChunkHolderManager] Saving all chunkholders for world 'minecraft:the_end'
[04:28:51 INFO]: [ChunkHolderManager] Saved 0 block chunks, 0 entity chunks, 0 poi chunks in world 'minecraft:the_end' in 0.00s
[04:28:51 INFO]: [ChunkHolderManager] Waiting 60s for chunk I/O to halt for world 'minecraft:the_end'
[04:28:51 INFO]: [ChunkHolderManager] Halted I/O scheduler for world 'minecraft:the_end'
[04:28:51 INFO]: ThreadedAnvilChunkStorage (world): All chunks are saved
[04:28:51 INFO]: ThreadedAnvilChunkStorage (DIM-1): All chunks are saved
[04:28:51 INFO]: ThreadedAnvilChunkStorage (DIM1): All chunks are saved
[04:28:51 INFO]: ThreadedAnvilChunkStorage: All dimensions are saved
[04:28:51 INFO]: Waiting for all RegionFile I/O tasks to complete...
[04:28:51 INFO]: All RegionFile I/O tasks to complete
[04:28:51 INFO]: [MoonriseCommon] Awaiting termination of worker pool for up to 60s...
[04:28:51 INFO]: [MoonriseCommon] Awaiting termination of I/O pool for up to 60s...

BUILD SUCCESSFUL in 1m 26s
39 actionable tasks: 3 executed, 36 up-to-date
Consider enabling configuration cache to speed up this build: https://docs.gradle.org/9.1.0/userguide/configuration_cache_enabling.html
