To honour the JVM settings for this build a single-use Daemon process will be forked. For more on this, please refer to https://docs.gradle.org/9.1.0/userguide/gradle_daemon.html#sec:disabling_the_daemon in the Gradle documentation.
Daemon will be stopped at the end of the build 
> Task :mmo-api:compileJava UP-TO-DATE
> Task :mmo-api:processResources NO-SOURCE
> Task :mmo-api:classes UP-TO-DATE
> Task :mmo-api:jar UP-TO-DATE
> Task :mmo-content:compileJava UP-TO-DATE
> Task :mmo-combat:compileJava UP-TO-DATE
> Task :mmo-integrations:compileJava UP-TO-DATE
> Task :mmo-items:compileJava UP-TO-DATE
> Task :mmo-lifeskills:compileJava UP-TO-DATE
> Task :mmo-magic:compileJava UP-TO-DATE
> Task :mmo-progression:compileJava UP-TO-DATE
> Task :mmo-persistence:compileJava UP-TO-DATE
> Task :mmo-scenes:compileJava UP-TO-DATE
> Task :mmo-social:compileJava UP-TO-DATE
> Task :mmo-worldloop:compileJava UP-TO-DATE
> Task :mmo-integrations:integration-mythicmobs:compileJava UP-TO-DATE
> Task :mmo-integrations:integration-oraxen:compileJava UP-TO-DATE
> Task :mmo-integrations:integration-packetevents:compileJava UP-TO-DATE
> Task :mmo-integrations:integration-wallet:compileJava UP-TO-DATE
> Task :mmo-integrations:integration-worldguard:compileJava UP-TO-DATE
> Task :mmo-bootstrap:compileJava
> Task :mmo-bootstrap:processResources UP-TO-DATE
> Task :mmo-bootstrap:classes
> Task :mmo-combat:processResources NO-SOURCE
> Task :mmo-combat:classes UP-TO-DATE
> Task :mmo-combat:jar UP-TO-DATE
> Task :mmo-content:processResources NO-SOURCE
> Task :mmo-content:classes UP-TO-DATE
> Task :mmo-content:jar UP-TO-DATE
> Task :mmo-integrations:processResources NO-SOURCE
> Task :mmo-integrations:classes UP-TO-DATE
> Task :mmo-integrations:jar UP-TO-DATE
> Task :mmo-items:processResources NO-SOURCE
> Task :mmo-items:classes UP-TO-DATE
> Task :mmo-items:jar UP-TO-DATE
> Task :mmo-lifeskills:processResources NO-SOURCE
> Task :mmo-lifeskills:classes UP-TO-DATE
> Task :mmo-lifeskills:jar UP-TO-DATE
> Task :mmo-magic:processResources NO-SOURCE
> Task :mmo-magic:classes UP-TO-DATE
> Task :mmo-magic:jar UP-TO-DATE
> Task :mmo-persistence:processResources UP-TO-DATE
> Task :mmo-persistence:classes UP-TO-DATE
> Task :mmo-persistence:jar UP-TO-DATE
> Task :mmo-progression:processResources NO-SOURCE
> Task :mmo-progression:classes UP-TO-DATE
> Task :mmo-progression:jar UP-TO-DATE
> Task :mmo-scenes:processResources NO-SOURCE
> Task :mmo-scenes:classes UP-TO-DATE
> Task :mmo-scenes:jar UP-TO-DATE
> Task :mmo-social:processResources NO-SOURCE
> Task :mmo-social:classes UP-TO-DATE
> Task :mmo-social:jar UP-TO-DATE
> Task :mmo-worldloop:processResources NO-SOURCE
> Task :mmo-worldloop:classes UP-TO-DATE
> Task :mmo-worldloop:jar UP-TO-DATE
> Task :mmo-integrations:integration-mythicmobs:processResources NO-SOURCE
> Task :mmo-integrations:integration-mythicmobs:classes UP-TO-DATE
> Task :mmo-integrations:integration-mythicmobs:jar UP-TO-DATE
> Task :mmo-integrations:integration-oraxen:processResources NO-SOURCE
> Task :mmo-integrations:integration-oraxen:classes UP-TO-DATE
> Task :mmo-integrations:integration-oraxen:jar UP-TO-DATE
> Task :mmo-integrations:integration-packetevents:processResources NO-SOURCE
> Task :mmo-integrations:integration-packetevents:classes UP-TO-DATE
> Task :mmo-integrations:integration-packetevents:jar UP-TO-DATE
> Task :mmo-integrations:integration-wallet:processResources NO-SOURCE
> Task :mmo-integrations:integration-wallet:classes UP-TO-DATE
> Task :mmo-integrations:integration-wallet:jar UP-TO-DATE
> Task :mmo-integrations:integration-worldguard:processResources NO-SOURCE
> Task :mmo-integrations:integration-worldguard:classes UP-TO-DATE
> Task :mmo-integrations:integration-worldguard:jar UP-TO-DATE
> Task :mmo-bootstrap:shadowJar

> Task :mmo-bootstrap:runServer
Located Paper 26.2 build 112 in local cache.
Starting Paper...

Downloading mojang_26.2.jar
Applying patches
Starting org.bukkit.craftbukkit.Main
2026-08-14T07:52:13.074665500Z ServerMain WARN Advanced terminal features are not available in this environment
[14:52:13 INFO]: [bootstrap] Running Java 25 (OpenJDK 64-Bit Server VM 25.0.3+9-LTS; Eclipse Adoptium Temurin-25.0.3+9) on Windows 11 10.0 (amd64)
[14:52:13 INFO]: [bootstrap] Loading Paper 26.2-112-main@c9e894d (2026-08-11T05:18:39Z) for Minecraft 26.2
[14:52:13 INFO]: [PluginInitializerManager] Initializing plugins...
[14:52:14 INFO]: [PluginInitializerManager] Initialized 1 plugin
[14:52:14 INFO]: [PluginInitializerManager] Bukkit plugins (1):
 - BranzMMO (1.0.0-SNAPSHOT)
WARNING: A terminally deprecated method in sun.misc.Unsafe has been called
WARNING: sun.misc.Unsafe::objectFieldOffset has been called by org.joml.MemUtil$MemUtilUnsafe (file:/C:/Users/User/AppData/Local/BranzMMORPGHarness/repo/mmo-bootstrap/run/libraries/org/joml/joml/1.10.8/joml-1.10.8.jar)
WARNING: Please consider reporting this to the maintainers of class org.joml.MemUtil$MemUtilUnsafe
WARNING: sun.misc.Unsafe::objectFieldOffset will be removed in a future release
[14:52:21 INFO]: [ca.spottedleaf.dataconverter.minecraft.datatypes.MCTypeRegistry] Initialising converters for DataConverter...
[14:52:21 INFO]: Environment: Environment[sessionHost=https://sessionserver.mojang.com, servicesHost=https://api.minecraftservices.com, profilesHost=https://api.mojang.com, name=PROD]
[14:52:21 INFO]: [ca.spottedleaf.dataconverter.minecraft.datatypes.MCTypeRegistry] Finished initialising converters for DataConverter in 597.9ms
[14:52:22 INFO]: Found new data pack paper, loading it automatically
[14:52:22 INFO]: No existing world data, creating new world
[14:52:23 INFO]: Loaded 1585 recipes
[14:52:24 INFO]: Loaded 1688 advancements
[14:52:24 INFO]: Starting minecraft server version 26.2
[14:52:24 INFO]: Loading properties
[14:52:24 INFO]: This server is running Paper version 26.2-112-main@c9e894d (2026-08-11T05:18:39Z) (Implementing API version 26.2.build.112-stable)
[14:52:24 INFO]: [spark] This server bundles the spark profiler. For more information please visit https://docs.papermc.io/paper/profiling
[14:52:24 INFO]: Server Ping Player Sample Count: 12
[14:52:24 INFO]: Using 4 threads for Netty based IO
[14:52:24 INFO]: [MoonriseCommon] Paper is using 3 worker threads, 1 I/O threads
[14:52:25 INFO]: Default game type: SURVIVAL
[14:52:25 INFO]: Generating keypair
[14:52:25 INFO]: Starting Minecraft server on *:25565
[14:52:25 INFO]: Paper: Using Java compression from Velocity.
[14:52:25 INFO]: Paper: Using Java cipher from Velocity.
[14:52:25 INFO]: [BranzMMO] Loading server plugin BranzMMO v1.0.0-SNAPSHOT
[14:52:25 INFO]: [BranzMMO] Enabling BranzMMO v1.0.0-SNAPSHOT
[14:52:25 INFO]: [BranzMMO] Loading and validating content snapshot from C:\Users\User\AppData\Local\BranzMMORPGHarness\repo\example-content\milestone-1
[14:52:25 WARN]: **** SERVER IS RUNNING IN OFFLINE/INSECURE MODE!
[14:52:25 WARN]: The server will make no attempt to authenticate usernames. Beware.
[14:52:25 WARN]: While this makes the game possible to play without internet access, it also opens up the ability for hackers to connect with any username they choose.
[14:52:25 WARN]: To change this, set "online-mode" to "true" in the server.properties file.
[14:52:25 INFO]: Preparing level "world"
[14:52:25 INFO]: Selecting spawn point for level 'minecraft:overworld'...
[14:52:29 INFO]: Selecting spawn point for level 'minecraft:the_nether'...
[14:52:30 INFO]: Selecting spawn point for level 'minecraft:the_end'...
[14:52:30 INFO]: Loading 0 persistent chunks for level 'minecraft:overworld'...
[14:52:30 INFO]: Preparing spawn area: 100%
[14:52:30 INFO]: Prepared spawn area in 4693 ms
[14:52:30 INFO]: Loading 0 persistent chunks for level 'minecraft:the_nether'...
[14:52:30 INFO]: Preparing spawn area: 100%
[14:52:30 INFO]: Prepared spawn area in 855 ms
[14:52:30 INFO]: Loading 0 persistent chunks for level 'minecraft:the_end'...
[14:52:30 INFO]: Preparing spawn area: 100%
[14:52:30 INFO]: Prepared spawn area in 286 ms
[14:52:30 INFO]: Done preparing level "world" (5.221s)
[14:52:30 INFO]: [spark] Starting background profiler...
[14:52:30 INFO]: [spark] The async-profiler engine is not supported for your os/arch (windows11/amd64), so the built-in Java engine will be used instead.
[14:52:30 INFO]: Saving chunks for level 'ServerLevel[world]'/minecraft:overworld
[14:52:31 INFO]: Saving chunks for level 'ServerLevel[world]'/minecraft:the_nether
[14:52:31 INFO]: Saving chunks for level 'ServerLevel[world]'/minecraft:the_end
[14:52:31 INFO]: ThreadedAnvilChunkStorage (world): All chunks are saved
[14:52:31 INFO]: ThreadedAnvilChunkStorage (DIM-1): All chunks are saved
[14:52:31 INFO]: ThreadedAnvilChunkStorage (DIM1): All chunks are saved
[14:52:31 INFO]: ThreadedAnvilChunkStorage: All dimensions are saved
[14:52:31 INFO]: Running delayed init tasks
[14:52:31 INFO]: Done (19.378s)! For help, type "help"
[14:52:31 INFO]: *************************************************************************************
[14:52:31 INFO]: This is the first time you're starting this server.
[14:52:31 INFO]: It's recommended you read our 'Getting Started' documentation for guidance.
[14:52:31 INFO]: View this and more helpful information here: https://docs.papermc.io/paper/next-steps
[14:52:31 INFO]: *************************************************************************************
[14:52:31 INFO]: [io.zonky.test.db.postgres.embedded.EmbeddedPostgres] Detected a Windows x86_64 system
[14:52:31 INFO]: [io.zonky.test.db.postgres.embedded.DefaultPostgresBinaryResolver] Detected distribution: 'Unknown'
[14:52:31 INFO]: [io.zonky.test.db.postgres.embedded.DefaultPostgresBinaryResolver] System specific postgres binaries found: 'postgres-windows-x86_64.txz'
[14:52:31 INFO]: [io.zonky.test.db.postgres.embedded.EmbeddedPostgres] Postgres binaries at C:\Users\User\AppData\Local\Temp\embedded-pg\PG-3942d5a1dcdbfebc27772e9e670d5d85
[14:52:32 INFO]: [io.zonky.test.db.postgres.embedded.EmbeddedPostgres] The files belonging to this database system will be owned by user "User".
[14:52:32 INFO]: [io.zonky.test.db.postgres.embedded.EmbeddedPostgres] This user must also own the server process.
[14:52:32 INFO]: [io.zonky.test.db.postgres.embedded.EmbeddedPostgres] 
[14:52:33 INFO]: [io.zonky.test.db.postgres.embedded.EmbeddedPostgres] The database cluster will be initialized with locale "English_United States.874".
[14:52:33 INFO]: [io.zonky.test.db.postgres.embedded.EmbeddedPostgres] The default text search configuration will be set to "english".
[14:52:33 INFO]: [io.zonky.test.db.postgres.embedded.EmbeddedPostgres] 
[14:52:33 INFO]: [io.zonky.test.db.postgres.embedded.EmbeddedPostgres] Data page checksums are disabled.
[14:52:33 INFO]: [io.zonky.test.db.postgres.embedded.EmbeddedPostgres] 
[14:52:33 INFO]: [io.zonky.test.db.postgres.embedded.EmbeddedPostgres] fixing permissions on existing directory C:/Users/User/AppData/Local/BranzMMORPGHarness/repo/mmo-bootstrap/run/plugins/BranzMMO/embedded-postgres ... ok
[14:52:33 INFO]: [io.zonky.test.db.postgres.embedded.EmbeddedPostgres] creating subdirectories ... ok
[14:52:33 INFO]: [io.zonky.test.db.postgres.embedded.EmbeddedPostgres] selecting dynamic shared memory implementation ... windows
[14:52:33 INFO]: [io.zonky.test.db.postgres.embedded.EmbeddedPostgres] selecting default max_connections ... 100
[14:52:33 INFO]: [io.zonky.test.db.postgres.embedded.EmbeddedPostgres] selecting default shared_buffers ... 128MB
[14:52:33 INFO]: [io.zonky.test.db.postgres.embedded.EmbeddedPostgres] selecting default time zone ... Asia/Bangkok
[14:52:33 INFO]: [io.zonky.test.db.postgres.embedded.EmbeddedPostgres] creating configuration files ... ok
[14:52:35 INFO]: [io.zonky.test.db.postgres.embedded.EmbeddedPostgres] running bootstrap script ... ok
[14:52:40 INFO]: [io.zonky.test.db.postgres.embedded.EmbeddedPostgres] performing post-bootstrap initialization ... ok
[14:52:47 INFO]: [io.zonky.test.db.postgres.embedded.EmbeddedPostgres] syncing data to disk ... ok
[14:52:47 INFO]: [io.zonky.test.db.postgres.embedded.EmbeddedPostgres] 
[14:52:47 INFO]: [io.zonky.test.db.postgres.embedded.EmbeddedPostgres] Success. You can now start the database server using:
[14:52:47 INFO]: [io.zonky.test.db.postgres.embedded.EmbeddedPostgres] 
[14:52:47 INFO]: [io.zonky.test.db.postgres.embedded.EmbeddedPostgres]     ^"C^:^\Users^\User^\AppData^\Local^\Temp^\embedded^-pg^\PG^-3942d5a1dcdbfebc27772e9e670d5d85^\bin^\pg^_ctl^" -D ^"C^:^\Users^\User^\AppData^\Local^\BranzMMORPGHarness^\repo^\mmo^-bootstrap^\run^\plugins^\BranzMMO^\embedded^-postgres^" -l logfile start
[14:52:47 INFO]: [io.zonky.test.db.postgres.embedded.EmbeddedPostgres] 
[14:52:47 INFO]: [io.zonky.test.db.postgres.embedded.EmbeddedPostgres] 0aaf65f3-74f4-473f-a39b-1a019e872fd8 initdb completed in 00:00:15.699
[14:52:47 INFO]: [io.zonky.test.db.postgres.embedded.EmbeddedPostgres] 0aaf65f3-74f4-473f-a39b-1a019e872fd8 postmaster started as Process[pid=9800, exitValue="not exited"] on port 58890.  Waiting up to PT10S for server startup to finish.
[14:52:47 INFO]: [io.zonky.test.db.postgres.embedded.EmbeddedPostgres] waiting for server to start....2026-08-14 14:52:47.563 +07 [24280] LOG:  starting PostgreSQL 14.22, compiled by Visual C++ build 1944, 64-bit
[14:52:47 INFO]: [io.zonky.test.db.postgres.embedded.EmbeddedPostgres] 2026-08-14 14:52:47.571 +07 [24280] LOG:  listening on IPv6 address "::1", port 58890
[14:52:47 INFO]: [io.zonky.test.db.postgres.embedded.EmbeddedPostgres] 2026-08-14 14:52:47.571 +07 [24280] LOG:  listening on IPv4 address "127.0.0.1", port 58890
[14:52:47 INFO]: [io.zonky.test.db.postgres.embedded.EmbeddedPostgres] 2026-08-14 14:52:47.619 +07 [11696] LOG:  database system was shut down at 2026-08-14 14:52:40 +07
[14:52:47 INFO]: [io.zonky.test.db.postgres.embedded.EmbeddedPostgres] 2026-08-14 14:52:47.693 +07 [24280] LOG:  database system is ready to accept connections
[14:52:47 INFO]: [io.zonky.test.db.postgres.embedded.EmbeddedPostgres]  done
[14:52:47 INFO]: [io.zonky.test.db.postgres.embedded.EmbeddedPostgres] server started
[14:52:48 INFO]: [io.zonky.test.db.postgres.embedded.EmbeddedPostgres] 0aaf65f3-74f4-473f-a39b-1a019e872fd8 postmaster startup finished in 00:00:00.989
[14:52:50 INFO]: [BranzMMO] Milestone 3 runtime ready; item definitions=20, move definitions=6, spell definitions=5, technique definitions=5, form definitions=4, ailment definitions=6, encounter reward definitions=1, Scene presentation=WORLD_BACKED
[14:52:50 INFO]: [BranzMMO] Provider asset.oraxen=UNAVAILABLE [OPTIONAL]: plugin is not installed: Oraxen
[14:52:50 INFO]: [BranzMMO] Provider mob.mythicmobs=UNAVAILABLE [OPTIONAL]: plugin is not installed: MythicMobs
[14:52:50 INFO]: [BranzMMO] Provider packet.packetevents=UNAVAILABLE [OPTIONAL]: plugin is not installed: packetevents
[14:52:50 INFO]: [BranzMMO] Provider region.worldguard=UNAVAILABLE [OPTIONAL]: plugin is not installed: WorldGuard
[14:52:50 INFO]: [BranzMMO] Provider wallet.external=UNAVAILABLE [OPTIONAL]: plugin is not installed: Wallet
[14:52:50 WARN]: [BranzMMO] asset.oraxen [OPTIONAL]: plugin is not installed: Oraxen
[14:52:50 WARN]: [BranzMMO] mob.mythicmobs [OPTIONAL]: plugin is not installed: MythicMobs
[14:52:50 WARN]: [BranzMMO] packet.packetevents [OPTIONAL]: plugin is not installed: packetevents
[14:52:50 WARN]: [BranzMMO] region.worldguard [OPTIONAL]: plugin is not installed: WorldGuard
[14:52:50 WARN]: [BranzMMO] wallet.external [OPTIONAL]: plugin is not installed: Wallet
[14:52:50 INFO]: [BranzMMO] Branz MMO startup DEGRADED; content=v1.milestone-1.example.4, definitions=48
[14:52:50 INFO]: [BranzMMO] PostgreSQL runtime ready; mode=EMBEDDED_LOCAL, server-instance=local-d37f2fd3-d48b-46e9-8079-9124860b9df3
[14:52:50 INFO]: [BranzMMO] Recovered 0 boss encounter(s) from V0009.
[14:52:50 INFO]: [BranzMMO] Death Pouch reconciliation is ready.
[14:52:50 INFO]: [BranzMMO] Recovered 0 downed encounter(s) from V0010.
[14:53:31 INFO]: UUID of player Player0 is 2654e3c3-150d-3857-a426-0b141796a4e0
[14:53:39 INFO]: Player0 joined the game
[14:53:39 INFO]: Player0[/127.0.0.1:54311] logged in with entity id 50 at ([minecraft:overworld]59.5, 94.0, -105.5)
[14:53:40 INFO]: Made Player0 a server operator
[14:53:40 INFO]: Set 7 experience levels on Player0
[14:53:46 INFO]: Player0 issued server command: /item replace entity @s hotbar.0 with minecraft:stone
[14:53:48 INFO]: [Player0: Replaced a slot on Player0 with [Stone]]
[14:53:48 INFO]: Player0 issued server command: /item replace entity @s hotbar.1 with minecraft:stone
[14:53:48 INFO]: [Player0: Replaced a slot on Player0 with [Stone]]
[14:53:48 INFO]: Player0 issued server command: /item replace entity @s hotbar.2 with minecraft:stone
[14:53:48 INFO]: [Player0: Replaced a slot on Player0 with [Stone]]
[14:53:48 INFO]: Player0 issued server command: /item replace entity @s hotbar.3 with minecraft:stone
[14:53:48 INFO]: [Player0: Replaced a slot on Player0 with [Stone]]
[14:53:48 INFO]: Player0 issued server command: /item replace entity @s hotbar.4 with minecraft:stone
[14:53:48 INFO]: [Player0: Replaced a slot on Player0 with [Stone]]
[14:53:48 INFO]: Player0 issued server command: /item replace entity @s hotbar.5 with minecraft:stone
[14:53:48 INFO]: [Player0: Replaced a slot on Player0 with [Stone]]
[14:53:48 INFO]: Player0 issued server command: /item replace entity @s hotbar.6 with minecraft:stone
[14:53:48 INFO]: [Player0: Replaced a slot on Player0 with [Stone]]
[14:53:48 INFO]: Player0 issued server command: /item replace entity @s hotbar.7 with minecraft:stone
[14:53:48 INFO]: [Player0: Replaced a slot on Player0 with [Stone]]
[14:53:49 INFO]: Player0 issued server command: /mmo dev
[14:53:51 INFO]: Player0 issued server command: /mmo physical status
[14:53:52 INFO]: Player0 issued server command: /mmo physical status
[14:53:53 INFO]: Player0 issued server command: /mmo physical status
[14:53:54 INFO]: Player0 issued server command: /mmo physical status
[14:53:55 INFO]: Player0 issued server command: /item replace entity @s hotbar.7 with minecraft:air
[14:53:55 INFO]: [Player0: Replaced a slot on Player0 with [Air]]
[14:53:55 INFO]: Player0 issued server command: /mmo physical status
[14:53:56 INFO]: Player0 lost connection: Disconnected
[14:53:56 INFO]: Player0 left the game
[14:53:58 INFO]: Stopping the server
[14:53:58 INFO]: Stopping server
[14:53:58 INFO]: [BranzMMO] Disabling BranzMMO v1.0.0-SNAPSHOT
[14:53:58 INFO]: [io.zonky.test.db.postgres.embedded.EmbeddedPostgres] 2026-08-14 14:53:58.880 +07 [24280] LOG:  received fast shutdown request
[14:53:58 INFO]: [io.zonky.test.db.postgres.embedded.EmbeddedPostgres] 2026-08-14 14:53:58.880 +07 [24280] LOG:  aborting any active transactions
[14:53:58 INFO]: [io.zonky.test.db.postgres.embedded.EmbeddedPostgres] 2026-08-14 14:53:58.887 +07 [24280] LOG:  background worker "logical replication launcher" (PID 28860) exited with exit code 1
[14:53:58 INFO]: [io.zonky.test.db.postgres.embedded.EmbeddedPostgres] 2026-08-14 14:53:58.915 +07 [27076] LOG:  shutting down
[14:53:59 INFO]: [io.zonky.test.db.postgres.embedded.EmbeddedPostgres] 2026-08-14 14:53:59.330 +07 [24280] LOG:  database system is shut down
[14:53:59 INFO]: [io.zonky.test.db.postgres.embedded.EmbeddedPostgres] waiting for server to shut down.... done
[14:53:59 INFO]: [io.zonky.test.db.postgres.embedded.EmbeddedPostgres] server stopped
[14:53:59 INFO]: [io.zonky.test.db.postgres.embedded.EmbeddedPostgres] 0aaf65f3-74f4-473f-a39b-1a019e872fd8 shut down postmaster in 00:00:00.516
[14:53:59 INFO]: [io.zonky.test.db.postgres.embedded.EmbeddedPostgres] Did not clean up directory C:\Users\User\AppData\Local\BranzMMORPGHarness\repo\mmo-bootstrap\run\plugins\BranzMMO\embedded-postgres
[14:53:59 INFO]: [BranzMMO] Branz MMO platform disabled cleanly.
[14:53:59 INFO]: Saving players
[14:53:59 INFO]: Saving worlds
[14:53:59 INFO]: Saving chunks for level 'ServerLevel[world]'/minecraft:overworld
[14:53:59 INFO]: [ChunkHolderManager] Waiting 60s for chunk system to halt for world 'minecraft:overworld'
[14:53:59 INFO]: [ChunkHolderManager] Halted chunk system for world 'minecraft:overworld'
[14:53:59 INFO]: [ChunkHolderManager] Saving all chunkholders for world 'minecraft:overworld'
[14:54:00 INFO]: [ChunkHolderManager] Saved 1446 block chunks, 214 entity chunks, 3 poi chunks in world 'minecraft:overworld' in 0.96s
[14:54:00 INFO]: [ChunkHolderManager] Waiting 60s for chunk I/O to halt for world 'minecraft:overworld'
[14:54:00 INFO]: [ChunkHolderManager] Halted I/O scheduler for world 'minecraft:overworld'
[14:54:00 INFO]: Saving chunks for level 'ServerLevel[world]'/minecraft:the_nether
[14:54:00 INFO]: [ChunkHolderManager] Waiting 60s for chunk system to halt for world 'minecraft:the_nether'
[14:54:00 INFO]: [ChunkHolderManager] Halted chunk system for world 'minecraft:the_nether'
[14:54:00 INFO]: [ChunkHolderManager] Saving all chunkholders for world 'minecraft:the_nether'
[14:54:00 INFO]: [ChunkHolderManager] Saved 0 block chunks, 0 entity chunks, 0 poi chunks in world 'minecraft:the_nether' in 0.01s
[14:54:00 INFO]: [ChunkHolderManager] Waiting 60s for chunk I/O to halt for world 'minecraft:the_nether'
[14:54:00 INFO]: [ChunkHolderManager] Halted I/O scheduler for world 'minecraft:the_nether'
[14:54:00 INFO]: Saving chunks for level 'ServerLevel[world]'/minecraft:the_end
[14:54:00 INFO]: [ChunkHolderManager] Waiting 60s for chunk system to halt for world 'minecraft:the_end'
[14:54:00 INFO]: [ChunkHolderManager] Halted chunk system for world 'minecraft:the_end'
[14:54:00 INFO]: [ChunkHolderManager] Saving all chunkholders for world 'minecraft:the_end'
[14:54:00 INFO]: [ChunkHolderManager] Saved 0 block chunks, 0 entity chunks, 0 poi chunks in world 'minecraft:the_end' in 0.00s
[14:54:00 INFO]: [ChunkHolderManager] Waiting 60s for chunk I/O to halt for world 'minecraft:the_end'
[14:54:00 INFO]: [ChunkHolderManager] Halted I/O scheduler for world 'minecraft:the_end'
[14:54:00 INFO]: ThreadedAnvilChunkStorage (world): All chunks are saved
[14:54:00 INFO]: ThreadedAnvilChunkStorage (DIM-1): All chunks are saved
[14:54:00 INFO]: ThreadedAnvilChunkStorage (DIM1): All chunks are saved
[14:54:00 INFO]: ThreadedAnvilChunkStorage: All dimensions are saved
[14:54:00 INFO]: Waiting for all RegionFile I/O tasks to complete...
[14:54:00 INFO]: All RegionFile I/O tasks to complete
[14:54:00 INFO]: [MoonriseCommon] Awaiting termination of worker pool for up to 60s...
[14:54:00 INFO]: [MoonriseCommon] Awaiting termination of I/O pool for up to 60s...

BUILD SUCCESSFUL in 2m 44s
39 actionable tasks: 3 executed, 36 up-to-date
Consider enabling configuration cache to speed up this build: https://docs.gradle.org/9.1.0/userguide/configuration_cache_enabling.html
