To honour the JVM settings for this build a single-use Daemon process will be forked. For more on this, please refer to https://docs.gradle.org/9.5.0/userguide/gradle_daemon.html#sec:disabling_the_daemon in the Gradle documentation.
Daemon will be stopped at the end of the build 

> Configure project :
Fabric Loom: 1.16.2

> Task :compileJava NO-SOURCE
> Task :processResources NO-SOURCE
> Task :classes UP-TO-DATE
> Task :compileGametestJava
> Task :generateLog4jConfig UP-TO-DATE
> Task :generateDLIConfig UP-TO-DATE
> Task :configureLaunch UP-TO-DATE
> Task :downloadAssets UP-TO-DATE
> Task :configureClientLaunch UP-TO-DATE
> Task :deleteGameTestRunDir
> Task :processGametestResources UP-TO-DATE
> Task :gametestClasses

> Task :runClientGameTest
[00:33:58] [main/WARN] (FabricLoader/Knot) Class path entries reference missing files: C:\Users\User\AppData\Local\BranzMMORPGHarness\repo\acceptance\physical-client-26.2\build\classes\java\main, C:\Users\User\AppData\Local\BranzMMORPGHarness\repo\acceptance\physical-client-26.2\build\resources\main - the game may not load properly!
[00:33:58] [main/INFO] (FabricLoader/GameProvider) Loading Minecraft 26.2 with Fabric Loader 0.19.3
[00:33:58] [main/INFO] (FabricLoader/Mappings) Mappings not present!
[00:33:58] [main/INFO] (FabricLoader) Loading 51 mods:
	- branz-physical-authority-client-acceptance 1.0.0
	- fabric-api 0.156.0+26.2
	- fabric-api-base 2.0.4+ece063239e
	- fabric-api-lookup-api-v1 2.0.17+11e1c9a39e
	- fabric-biome-api-v1 18.0.6+c7bd5b8e9e
	- fabric-block-api-v1 3.0.3+ec56b6019e
	- fabric-block-getter-api-v2 2.0.7+ec56b6019e
	- fabric-client-gametest-api-v1 6.0.0+515ac5339e
	- fabric-command-api-v2 3.1.0+00cb03469e
	- fabric-content-registries-v0 11.3.0+d0a699d09e
	- fabric-convention-tags-v2 4.7.0+1f023a9e9e
	- fabric-crash-report-info-v1 1.0.5+086d547a9e
	- fabric-creative-tab-api-v1 5.0.14+d871b99e9e
	- fabric-data-attachment-api-v1 2.2.18+515ac5339e
	- fabric-data-generation-api-v1 25.5.0+aed122aa9e
	- fabric-debug-api-v1 1.0.2+c792624d9e
	- fabric-dimensions-v1 5.1.11+515ac5339e
	- fabric-entity-events-v1 5.0.5+06488ac19e
	- fabric-events-interaction-v0 5.2.7+515ac5339e
	- fabric-game-rule-api-v1 4.0.8+46a6d00c9e
	- fabric-gametest-api-v1 4.0.21+4a7fa0819e
	- fabric-item-api-v1 14.4.0+49a69a7b9e
	- fabric-key-mapping-api-v1 2.0.5+e2bdee789e
	- fabric-lifecycle-events-v1 4.1.3+4575b05f9e
	- fabric-loot-api-v3 3.0.17+06488ac19e
	- fabric-menu-api-v1 2.0.16+086d547a9e
	- fabric-message-api-v1 7.0.7+086d547a9e
	- fabric-model-loading-api-v1 8.0.16+c80601bb9e
	- fabric-networking-api-v1 6.3.3+72073ef09e
	- fabric-object-builder-api-v1 24.1.0+6fcd5f039e
	- fabric-particles-v1 5.0.18+d1756aa99e
	- fabric-permission-api-v1 1.0.4+536fad2f9e
	- fabric-recipe-api-v1 9.0.20+11e1c9a39e
	- fabric-registry-sync-v0 7.1.0+c7bd5b8e9e
	- fabric-renderer-api-v1 14.1.3+2b0d8a229e
	- fabric-renderer-indigo 9.1.3+2b0d8a229e
	- fabric-rendering-fluids-v1 6.0.4+06488ac19e
	- fabric-rendering-v1 25.3.2+515ac5339e
	- fabric-resource-conditions-api-v1 6.1.0+10e9a28b9e
	- fabric-resource-loader-v0 3.3.20+4fc5413f9e
	- fabric-resource-loader-v1 2.0.13+9edec1269e
	- fabric-screen-api-v1 5.1.0+48e3c0b09e
	- fabric-serialization-api-v1 2.0.4+11a26f319e
	- fabric-sound-api-v1 2.0.5+11a26f319e
	- fabric-tag-api-v1 2.1.4+515ac5339e
	- fabric-transfer-api-v1 8.0.12+11dbb7d79e
	- fabric-transitive-access-wideners-v1 8.1.4+67c847259e
	- fabricloader 0.19.3
	- java 25
	- minecraft 26.2
	- mixinextras 0.5.4
[00:33:58] [main/INFO] (FabricLoader/Mixin) SpongePowered MIXIN Subsystem Version=0.8.7 Source=file:/C:/Users/User/AppData/Local/BranzMMORPGHarness/gradle-home-client/caches/modules-2/files-2.1/net.fabricmc/sponge-mixin/0.17.3+mixin.0.8.7/41c4a3984a80f4679e759fb9f495587acc5cdac7/sponge-mixin-0.17.3+mixin.0.8.7.jar Service=Knot/Fabric Env=CLIENT
[00:33:58] [main/INFO] (FabricLoader/Mixin) Compatibility level set to JAVA_25
[00:34:00] [main/INFO] (FabricLoader/MixinExtras|Service) Initializing MixinExtras via com.llamalad7.mixinextras.service.MixinExtrasServiceImpl(version=0.5.4).
[00:34:02] [Datafixer Bootstrap #0/INFO] (Minecraft) 295 Datafixer optimizations took 347 milliseconds
[00:34:08] [Render thread/INFO] (Minecraft) Environment: Environment[sessionHost=https://sessionserver.mojang.com, servicesHost=https://api.minecraftservices.com, profilesHost=https://api.mojang.com, name=PROD]
[00:34:08] [Render thread/INFO] (Minecraft) Setting user: Player0
[00:34:08] [Render thread/INFO] (Indigo) [Indigo] Registering Indigo renderer!
[00:34:09] [Render thread/ERROR] (Minecraft) Illegal option value 0 for Anisotropic Filtering
[00:34:09] [Render thread/INFO] (Minecraft) Backend library: LWJGL version 3.4.1-snapshot
[00:34:09] [Render thread/INFO] (Minecraft) Using graphics backend OpenGL, using drivers: 3.3.0 NVIDIA 581.80
[00:34:09] [Render thread/INFO] (Minecraft) Using graphics device: NVIDIA GeForce GTX 1060 6GB/PCIe/SSE2 (NVIDIA Corporation)
[00:34:09] [Render thread/INFO] (Minecraft) Using graphics device extensions: GL_ARB_multi_draw_indirect, GL_ARB_buffer_storage, GL_ARB_shader_draw_parameters, GL_ARB_base_instance, GL_KHR_debug, GL_ARB_draw_indirect, GL_ARB_clip_control, GL_ARB_vertex_attrib_binding, GL_ARB_direct_state_access, GL_EXT_texture_filter_anisotropic
[00:34:10] [Render thread/INFO] (Minecraft) Reloading ResourceManager: vanilla, fabric-api, fabric-api-base, fabric-api-lookup-api-v1, fabric-biome-api-v1, fabric-block-api-v1, fabric-block-getter-api-v2, fabric-client-gametest-api-v1, fabric-command-api-v2, fabric-content-registries-v0, fabric-convention-tags-v2, fabric-crash-report-info-v1, fabric-creative-tab-api-v1, fabric-data-attachment-api-v1, fabric-data-generation-api-v1, fabric-debug-api-v1, fabric-dimensions-v1, fabric-entity-events-v1, fabric-events-interaction-v0, fabric-game-rule-api-v1, fabric-gametest-api-v1, fabric-item-api-v1, fabric-key-mapping-api-v1, fabric-lifecycle-events-v1, fabric-loot-api-v3, fabric-menu-api-v1, fabric-message-api-v1, fabric-model-loading-api-v1, fabric-networking-api-v1, fabric-object-builder-api-v1, fabric-particles-v1, fabric-permission-api-v1, fabric-recipe-api-v1, fabric-registry-sync-v0, fabric-renderer-api-v1, fabric-renderer-indigo, fabric-rendering-fluids-v1, fabric-rendering-v1, fabric-resource-conditions-api-v1, fabric-resource-loader-v0, fabric-resource-loader-v1, fabric-screen-api-v1, fabric-serialization-api-v1, fabric-sound-api-v1, fabric-tag-api-v1, fabric-transfer-api-v1, fabric-transitive-access-wideners-v1, fabricloader
[00:34:10] [Download-1/INFO] (Minecraft) Could not authorize you against Realms server: java.lang.RuntimeException: Failed to parse into SignedJWT: FabricMC
[00:34:11] [Worker-Main-2/INFO] (Minecraft) Found unifont_all_no_pua-17.0.01.hex, loading
[00:34:11] [Worker-Main-11/INFO] (Minecraft) Found unifont_pua-17.0.01.hex, loading
[00:34:11] [Worker-Main-8/INFO] (Minecraft) Found unifont_jp_patch-17.0.01.hex, loading
[00:34:13] [Render thread/INFO] (Minecraft) OpenAL initialized on device OpenAL Soft on Speakers (High Definition Audio Device)
[00:34:13] [Render thread/INFO] (Minecraft) Sound engine started
[00:34:13] [Render thread/INFO] (Minecraft) Created: 512x256x0 minecraft:textures/atlas/particles.png-atlas
[00:34:13] [Render thread/INFO] (Minecraft) Created: 128x128x0 minecraft:textures/atlas/decorated_pot.png-atlas
[00:34:13] [Render thread/INFO] (Minecraft) Created: 2048x1024x0 minecraft:textures/atlas/armor_trims.png-atlas
[00:34:13] [Render thread/INFO] (Minecraft) Created: 512x256x0 minecraft:textures/atlas/paintings.png-atlas
[00:34:13] [Render thread/INFO] (Minecraft) Created: 1024x512x0 minecraft:textures/atlas/shield_patterns.png-atlas
[00:34:13] [Render thread/INFO] (Minecraft) Created: 2048x2048x4 minecraft:textures/atlas/blocks.png-atlas
[00:34:13] [Render thread/INFO] (Minecraft) Created: 512x512x0 minecraft:textures/atlas/chest.png-atlas
[00:34:13] [Render thread/INFO] (Minecraft) Created: 256x128x0 minecraft:textures/atlas/celestials.png-atlas
[00:34:13] [Render thread/INFO] (Minecraft) Created: 1024x512x0 minecraft:textures/atlas/banner_patterns.png-atlas
[00:34:13] [Render thread/INFO] (Minecraft) Created: 1024x512x0 minecraft:textures/atlas/items.png-atlas
[00:34:13] [Render thread/INFO] (Minecraft) Created: 1024x1024x0 minecraft:textures/atlas/gui.png-atlas
[00:34:13] [Render thread/INFO] (Minecraft) Created: 128x64x0 minecraft:textures/atlas/map_decorations.png-atlas
[00:34:13] [Render thread/INFO] (Minecraft) Created: 512x512x0 minecraft:textures/atlas/shulker_boxes.png-atlas
[00:34:13] [Download-1/INFO] (Minecraft) Could not authorize you against Realms server: java.lang.RuntimeException: Failed to parse into SignedJWT: FabricMC
[00:34:15] [Render thread/INFO] (Minecraft) Connecting to localhost, 25565
[00:34:16] [Download-2/ERROR] (Minecraft) Failed to retrieve profile key pair

MinecraftClientHttpException[type=HTTP_ERROR, status=401, response=ErrorResponse[path=/player/certificates, error=null, errorMessage=null, details=null]]
	at knot//com.mojang.authlib.minecraft.client.MinecraftClient.buildHttpException(MinecraftClient.java:170)
	at knot//com.mojang.authlib.minecraft.client.MinecraftClient.readServiceResponse(MinecraftClient.java:147)
	at knot//com.mojang.authlib.minecraft.client.MinecraftClient.post(MinecraftClient.java:89)
	at knot//com.mojang.authlib.yggdrasil.YggdrasilUserApiService.getKeyPair(YggdrasilUserApiService.java:62)
	at knot//net.minecraft.client.multiplayer.AccountProfileKeyPairManager.fetchProfileKeyPair(AccountProfileKeyPairManager.java:128)
	at knot//net.minecraft.client.multiplayer.AccountProfileKeyPairManager.lambda$readOrFetchProfileKeyPair$0(AccountProfileKeyPairManager.java:77)
	at java.base/java.util.concurrent.CompletableFuture$AsyncSupply.run(CompletableFuture.java:1789)
	at java.base/java.util.concurrent.ThreadPoolExecutor.runWorker(ThreadPoolExecutor.java:1090)
	at java.base/java.util.concurrent.ThreadPoolExecutor$Worker.run(ThreadPoolExecutor.java:614)
	at java.base/java.lang.Thread.run(Thread.java:1474)
[00:34:25] [Render thread/INFO] (Minecraft) [System] [CHAT] Player0 joined the game
[00:34:25] [Render thread/INFO] (Minecraft) Loaded 2 advancements
[00:34:25] [Render thread/INFO] (Minecraft) [System] [CHAT] [Server: Made Player0 a server operator]
[00:34:25] [Render thread/INFO] (Minecraft) [System] [CHAT] [Server: Set 7 experience levels on Player0]
[00:34:26] [Render thread/INFO] (Minecraft) Loaded 4 advancements
[00:34:26] [Render thread/INFO] (Minecraft) Resizing Dynamic Transforms UBO, capacity limit of 2 reached during a single frame. New capacity will be 4.
[00:34:26] [Render thread/INFO] (Minecraft) Resizing Dynamic Transforms UBO, capacity limit of 4 reached during a single frame. New capacity will be 8.
[00:34:28] [Render thread/INFO] (Minecraft) Resizing Chunk Sections UBO, capacity limit of 2 reached during a single frame. New capacity will be 8.
[00:34:28] [Render thread/INFO] (Minecraft) Resizing Dynamic Transforms UBO, capacity limit of 8 reached during a single frame. New capacity will be 16.
[00:34:28] [Test thread/INFO] (Minecraft) [STDOUT]: PHYSICAL_AUTHORITY_C4_HANDSHAKE_CLIENT
[00:34:28] [Render thread/INFO] (Minecraft) Resizing Chunk Sections UBO, capacity limit of 8 reached during a single frame. New capacity will be 16.
[00:34:28] [Render thread/INFO] (Minecraft) Resizing Chunk Sections UBO, capacity limit of 16 reached during a single frame. New capacity will be 32.
[00:34:29] [Render thread/INFO] (Minecraft) [System] [CHAT] Replaced a slot on Player0 with [Stone]
[00:34:29] [Render thread/INFO] (Minecraft) Loaded 22 advancements
[00:34:29] [Render thread/INFO] (Minecraft) [System] [CHAT] Replaced a slot on Player0 with [Stone]
[00:34:29] [Render thread/INFO] (Minecraft) Resizing Chunk Sections UBO, capacity limit of 32 reached during a single frame. New capacity will be 64.
[00:34:30] [Render thread/INFO] (Minecraft) [System] [CHAT] Replaced a slot on Player0 with [Stone]
[00:34:30] [Render thread/INFO] (Minecraft) [System] [CHAT] Replaced a slot on Player0 with [Stone]
[00:34:30] [Render thread/INFO] (Minecraft) [System] [CHAT] Replaced a slot on Player0 with [Stone]
[00:34:30] [Render thread/INFO] (Minecraft) [System] [CHAT] Replaced a slot on Player0 with [Stone]
[00:34:30] [Render thread/INFO] (Minecraft) [System] [CHAT] Replaced a slot on Player0 with [Stone]
[00:34:32] [Render thread/INFO] (Minecraft) [System] [CHAT] Replaced a slot on Player0 with [Stone]
[00:34:34] [Render thread/INFO] (Minecraft) [System] [CHAT] Authoritative value transaction is still in progress; retry after commit.
[00:34:34] [Render thread/INFO] (Minecraft) Loaded 24 advancements
[00:34:35] [Render thread/INFO] (Minecraft) Resizing Chunk Sections UBO, capacity limit of 64 reached during a single frame. New capacity will be 128.
[00:34:35] [Render thread/INFO] (Minecraft) [System] [CHAT] Physical Authority: character=2654e3c3-150d-3857-a426-0b141796a4e0 | items=0 | lots=1
[00:34:35] [Render thread/INFO] (Minecraft) [System] [CHAT] LOT uuid=449294d6-c232-46b6-899d-4839cddb9710 def=consumable.training_weapon_coating loc=CHARACTER_INVENTORY/slot:9 ver=1 qty=64 tx=da71d071-60b5-499c-9fa8-314a991c62eb content=v1.milestone-1.example.4
[00:34:35] [Test thread/INFO] (Minecraft) [STDOUT]: PHYSICAL_AUTHORITY_C4_STATUS_FIRST_CLIENT
[00:34:35] [Test thread/INFO] (Minecraft) [STDOUT]: PHYSICAL_AUTHORITY_C4_FIRST_LOT_READY_CLIENT
[00:34:37] [Render thread/INFO] (Minecraft) [System] [CHAT] Physical Authority: character=2654e3c3-150d-3857-a426-0b141796a4e0 | items=0 | lots=2
[00:34:37] [Render thread/INFO] (Minecraft) [System] [CHAT] LOT uuid=3ce6ec9c-80b2-4ee9-b4c3-b8067d114f1d def=consumable.training_weapon_coating loc=CHARACTER_INVENTORY/slot:10 ver=1 qty=64 tx=9e003d49-8562-488d-b56f-14659093b8c8 content=v1.milestone-1.example.4
[00:34:37] [Render thread/INFO] (Minecraft) [System] [CHAT] LOT uuid=449294d6-c232-46b6-899d-4839cddb9710 def=consumable.training_weapon_coating loc=CHARACTER_INVENTORY/slot:9 ver=1 qty=64 tx=da71d071-60b5-499c-9fa8-314a991c62eb content=v1.milestone-1.example.4
[00:34:37] [Test thread/INFO] (Minecraft) [STDOUT]: PHYSICAL_AUTHORITY_C4_STATUS_STAGED_CLIENT
[00:34:37] [Test thread/INFO] (Minecraft) [STDOUT]: PHYSICAL_AUTHORITY_C4_SECOND_LOT_READY_CLIENT
[00:34:38] [Render thread/INFO] (Minecraft) [System] [CHAT] Replaced a slot on Player0 with [Air]
[00:34:38] [Test thread/INFO] (Minecraft) [STDOUT]: PHYSICAL_AUTHORITY_C4_SPLIT_MOUSE_SENT_CLIENT
[00:34:38] [Test thread/INFO] (Minecraft) [STDOUT]: PHYSICAL_AUTHORITY_C4_SPLIT_TRANSIENT_CLIENT
[00:34:38] [Render thread/INFO] (Minecraft) [System] [CHAT] Physical Authority: character=2654e3c3-150d-3857-a426-0b141796a4e0 | items=0 | lots=2
[00:34:38] [Render thread/INFO] (Minecraft) [System] [CHAT] LOT uuid=3ce6ec9c-80b2-4ee9-b4c3-b8067d114f1d def=consumable.training_weapon_coating loc=CHARACTER_INVENTORY/slot:10 ver=1 qty=64 tx=9e003d49-8562-488d-b56f-14659093b8c8 content=v1.milestone-1.example.4
[00:34:38] [Render thread/INFO] (Minecraft) [System] [CHAT] LOT uuid=449294d6-c232-46b6-899d-4839cddb9710 def=consumable.training_weapon_coating loc=CHARACTER_INVENTORY/slot:9 ver=1 qty=64 tx=da71d071-60b5-499c-9fa8-314a991c62eb content=v1.milestone-1.example.4
[00:34:39] [Test thread/INFO] (Minecraft) [STDOUT]: PHYSICAL_AUTHORITY_C4_STATUS_AFTER_SPLIT_CLIENT
[00:34:39] [Test thread/INFO] (Minecraft) [STDOUT]: PHYSICAL_AUTHORITY_C4_SPLIT_RECONCILED_CLIENT
[00:34:39] [Test thread/INFO] (Minecraft) [STDOUT]: PHYSICAL_AUTHORITY_C4_SWAP_PICKUP_CLIENT
[00:34:39] [Test thread/INFO] (Minecraft) [STDOUT]: PHYSICAL_AUTHORITY_C4_SWAP_MOUSE_SENT_CLIENT
[00:34:49] [Test thread/ERROR] (fabric-client-gametest-api-v1) Client gametests failed with an exception

java.lang.AssertionError: Timed out waiting for predicate
	at knot//net.fabricmc.fabric.impl.client.gametest.context.ClientGameTestContextImpl.waitFor(ClientGameTestContextImpl.java:200)
	at knot//com.branz.mmorpg.acceptance.PhysicalConsumableC4ClientGameTest.waitForCanonicalInventory(PhysicalConsumableC4ClientGameTest.java:238)
	at knot//com.branz.mmorpg.acceptance.PhysicalConsumableC4ClientGameTest.runTest(PhysicalConsumableC4ClientGameTest.java:113)
	at knot//com.branz.mmorpg.acceptance.PhysicalAuthorityClientGameTestDispatcher.runTest(PhysicalAuthorityClientGameTestDispatcher.java:15)
	at knot//net.fabricmc.fabric.impl.client.gametest.FabricClientGameTestRunner.lambda$start$0(FabricClientGameTestRunner.java:54)
	at knot//net.fabricmc.fabric.impl.client.gametest.threading.ThreadingImpl.lambda$runTestThread$0(ThreadingImpl.java:139)
	at java.base/java.lang.Thread.run(Thread.java:1474)
[00:34:49] [Render thread/ERROR] (FabricLoader) Minecraft has crashed!

net.fabricmc.loader.impl.FormattedException: java.lang.AssertionError: Timed out waiting for predicate
	at net.fabricmc.loader.impl.FormattedException.ofLocalized(FormattedException.java:63)
	at net.fabricmc.loader.impl.game.minecraft.MinecraftGameProvider.launch(MinecraftGameProvider.java:516)
	at net.fabricmc.loader.impl.launch.knot.Knot.launch(Knot.java:72)
	at net.fabricmc.loader.impl.launch.knot.KnotClient.main(KnotClient.java:23)
	at net.fabricmc.devlaunchinjector.Main.main(Main.java:86)
Caused by: java.lang.AssertionError: Timed out waiting for predicate
	at knot//net.fabricmc.fabric.impl.client.gametest.context.ClientGameTestContextImpl.waitFor(ClientGameTestContextImpl.java:200)
	at knot//com.branz.mmorpg.acceptance.PhysicalConsumableC4ClientGameTest.waitForCanonicalInventory(PhysicalConsumableC4ClientGameTest.java:238)
	at knot//com.branz.mmorpg.acceptance.PhysicalConsumableC4ClientGameTest.runTest(PhysicalConsumableC4ClientGameTest.java:113)
	at knot//com.branz.mmorpg.acceptance.PhysicalAuthorityClientGameTestDispatcher.runTest(PhysicalAuthorityClientGameTestDispatcher.java:15)
	at knot//net.fabricmc.fabric.impl.client.gametest.FabricClientGameTestRunner.lambda$start$0(FabricClientGameTestRunner.java:54)
	at knot//net.fabricmc.fabric.impl.client.gametest.threading.ThreadingImpl.lambda$runTestThread$0(ThreadingImpl.java:139)
	at java.base/java.lang.Thread.run(Thread.java:1474)

> Task :runClientGameTest FAILED

FAILURE: Build failed with an exception.

* What went wrong:
Execution failed for task ':runClientGameTest' (registered by plugin 'fabric-loom').
> Process 'command 'C:\Program Files\Eclipse Adoptium\jdk-25.0.3.9-hotspot\bin\java.exe'' finished with non-zero exit value 1

* Try:
> Run with --stacktrace option to get the stack trace.
> Run with --info or --debug option to get more log output.
> Run with --scan to get full insights from a Build Scan (powered by Develocity).
> Get more help at https://help.gradle.org.

BUILD FAILED in 1m 9s
7 actionable tasks: 3 executed, 4 up-to-date
