To honour the JVM settings for this build a single-use Daemon process will be forked. For more on this, please refer to https://docs.gradle.org/9.1.0/userguide/gradle_daemon.html#sec:disabling_the_daemon in the Gradle documentation.
Daemon will be stopped at the end of the build 
> Task :mmo-api:compileJava UP-TO-DATE
> Task :mmo-api:processResources NO-SOURCE
> Task :mmo-api:classes UP-TO-DATE
> Task :mmo-api:jar UP-TO-DATE
> Task :mmo-content:compileJava UP-TO-DATE
> Task :mmo-combat:compileJava UP-TO-DATE
> Task :mmo-integrations:compileJava UP-TO-DATE
> Task :mmo-items:compileJava UP-TO-DATE
> Task :mmo-lifeskills:compileJava UP-TO-DATE
> Task :mmo-magic:compileJava UP-TO-DATE
> Task :mmo-progression:compileJava UP-TO-DATE
> Task :mmo-persistence:compileJava UP-TO-DATE
> Task :mmo-scenes:compileJava UP-TO-DATE
> Task :mmo-social:compileJava UP-TO-DATE
> Task :mmo-worldloop:compileJava UP-TO-DATE
> Task :mmo-integrations:integration-mythicmobs:compileJava UP-TO-DATE
> Task :mmo-integrations:integration-oraxen:compileJava UP-TO-DATE
> Task :mmo-integrations:integration-packetevents:compileJava UP-TO-DATE
> Task :mmo-integrations:integration-wallet:compileJava UP-TO-DATE
> Task :mmo-integrations:integration-worldguard:compileJava UP-TO-DATE
> Task :mmo-bootstrap:compileJava UP-TO-DATE
> Task :mmo-bootstrap:processResources UP-TO-DATE
> Task :mmo-bootstrap:classes UP-TO-DATE
> Task :mmo-combat:processResources NO-SOURCE
> Task :mmo-combat:classes UP-TO-DATE
> Task :mmo-combat:jar UP-TO-DATE
> Task :mmo-content:processResources NO-SOURCE
> Task :mmo-content:classes UP-TO-DATE
> Task :mmo-content:jar UP-TO-DATE
> Task :mmo-integrations:processResources NO-SOURCE
> Task :mmo-integrations:classes UP-TO-DATE
> Task :mmo-integrations:jar UP-TO-DATE
> Task :mmo-items:processResources NO-SOURCE
> Task :mmo-items:classes UP-TO-DATE
> Task :mmo-items:jar UP-TO-DATE
> Task :mmo-lifeskills:processResources NO-SOURCE
> Task :mmo-lifeskills:classes UP-TO-DATE
> Task :mmo-lifeskills:jar UP-TO-DATE
> Task :mmo-magic:processResources NO-SOURCE
> Task :mmo-magic:classes UP-TO-DATE
> Task :mmo-magic:jar UP-TO-DATE
> Task :mmo-persistence:processResources UP-TO-DATE
> Task :mmo-persistence:classes UP-TO-DATE
> Task :mmo-persistence:jar UP-TO-DATE
> Task :mmo-progression:processResources NO-SOURCE
> Task :mmo-progression:classes UP-TO-DATE
> Task :mmo-progression:jar UP-TO-DATE
> Task :mmo-scenes:processResources NO-SOURCE
> Task :mmo-scenes:classes UP-TO-DATE
> Task :mmo-scenes:jar UP-TO-DATE
> Task :mmo-social:processResources NO-SOURCE
> Task :mmo-social:classes UP-TO-DATE
> Task :mmo-social:jar UP-TO-DATE
> Task :mmo-worldloop:processResources NO-SOURCE
> Task :mmo-worldloop:classes UP-TO-DATE
> Task :mmo-worldloop:jar UP-TO-DATE
> Task :mmo-integrations:integration-mythicmobs:processResources NO-SOURCE
> Task :mmo-integrations:integration-mythicmobs:classes UP-TO-DATE
> Task :mmo-integrations:integration-mythicmobs:jar UP-TO-DATE
> Task :mmo-integrations:integration-oraxen:processResources NO-SOURCE
> Task :mmo-integrations:integration-oraxen:classes UP-TO-DATE
> Task :mmo-integrations:integration-oraxen:jar UP-TO-DATE
> Task :mmo-integrations:integration-packetevents:processResources NO-SOURCE
> Task :mmo-integrations:integration-packetevents:classes UP-TO-DATE
> Task :mmo-integrations:integration-packetevents:jar UP-TO-DATE
> Task :mmo-integrations:integration-wallet:processResources NO-SOURCE
> Task :mmo-integrations:integration-wallet:classes UP-TO-DATE
> Task :mmo-integrations:integration-wallet:jar UP-TO-DATE
> Task :mmo-integrations:integration-worldguard:processResources NO-SOURCE
> Task :mmo-integrations:integration-worldguard:classes UP-TO-DATE
> Task :mmo-integrations:integration-worldguard:jar UP-TO-DATE
> Task :mmo-bootstrap:shadowJar UP-TO-DATE

> Task :mmo-bootstrap:runServer
Located Paper 26.2 build 124 in local cache.
Starting Paper...

Downloading mojang_26.2.jar
Applying patches
Starting org.bukkit.craftbukkit.Main
2026-09-16T12:09:47.775396800Z ServerMain WARN Advanced terminal features are not available in this environment
[19:09:48 INFO]: [bootstrap] Running Java 25 (OpenJDK 64-Bit Server VM 25.0.3+9-LTS; Eclipse Adoptium Temurin-25.0.3+9) on Windows 11 10.0 (amd64)
[19:09:48 INFO]: [bootstrap] Loading Paper 26.2-124-ver/26.2@22ca6c7 (2026-09-15T17:48:49Z) for Minecraft 26.2
[19:09:48 INFO]: [PluginInitializerManager] Initializing plugins...
[19:09:48 INFO]: [PluginInitializerManager] Initialized 1 plugin
[19:09:48 INFO]: [PluginInitializerManager] Bukkit plugins (1):
 - BranzMMO (1.0.0-SNAPSHOT)
WARNING: A terminally deprecated method in sun.misc.Unsafe has been called
WARNING: sun.misc.Unsafe::objectFieldOffset has been called by org.joml.MemUtil$MemUtilUnsafe (file:/C:/Users/User/AppData/Local/BranzMMORPGHarness/repo/mmo-bootstrap/run/libraries/org/joml/joml/1.10.8/joml-1.10.8.jar)
WARNING: Please consider reporting this to the maintainers of class org.joml.MemUtil$MemUtilUnsafe
WARNING: sun.misc.Unsafe::objectFieldOffset will be removed in a future release
[19:09:55 INFO]: [ca.spottedleaf.dataconverter.minecraft.datatypes.MCTypeRegistry] Initialising converters for DataConverter...
[19:09:55 INFO]: Environment: Environment[sessionHost=https://sessionserver.mojang.com, servicesHost=https://api.minecraftservices.com, profilesHost=https://api.mojang.com, name=PROD]
[19:09:55 INFO]: [ca.spottedleaf.dataconverter.minecraft.datatypes.MCTypeRegistry] Finished initialising converters for DataConverter in 654.0ms
[19:09:56 INFO]: Found new data pack paper, loading it automatically
[19:09:56 INFO]: No existing world data, creating new world
[19:09:57 INFO]: Loaded 1585 recipes
[19:09:57 INFO]: Loaded 1688 advancements
[19:09:57 INFO]: Starting minecraft server version 26.2
[19:09:57 INFO]: Loading properties
[19:09:57 INFO]: This server is running Paper version 26.2-124-ver/26.2@22ca6c7 (2026-09-15T17:48:49Z) (Implementing API version 26.2.build.124-stable)
[19:09:57 INFO]: [spark] This server bundles the spark profiler. For more information please visit https://docs.papermc.io/paper/profiling
[19:09:57 INFO]: Server Ping Player Sample Count: 12
[19:09:57 INFO]: Using 4 threads for Netty based IO
[19:09:58 INFO]: [MoonriseCommon] Paper is using 3 worker threads, 1 I/O threads
[19:09:58 INFO]: Default game type: SURVIVAL
[19:09:58 INFO]: Generating keypair
[19:09:58 INFO]: Starting Minecraft server on *:25565
[19:09:58 INFO]: Paper: Using Java compression from Velocity.
[19:09:58 INFO]: Paper: Using Java cipher from Velocity.
[19:09:58 INFO]: [BranzMMO] Loading server plugin BranzMMO v1.0.0-SNAPSHOT
[19:09:58 INFO]: [BranzMMO] Enabling BranzMMO v1.0.0-SNAPSHOT
[19:09:58 INFO]: [BranzMMO] Loading and validating content snapshot from C:\Users\User\AppData\Local\BranzMMORPGHarness\repo\example-content\milestone-1
[19:09:58 WARN]: **** SERVER IS RUNNING IN OFFLINE/INSECURE MODE!
[19:09:58 WARN]: The server will make no attempt to authenticate usernames. Beware.
[19:09:58 WARN]: While this makes the game possible to play without internet access, it also opens up the ability for hackers to connect with any username they choose.
[19:09:58 WARN]: To change this, set "online-mode" to "true" in the server.properties file.
[19:09:58 INFO]: Preparing level "world"
[19:09:59 INFO]: Selecting spawn point for level 'minecraft:overworld'...
[19:10:03 INFO]: Selecting spawn point for level 'minecraft:the_nether'...
[19:10:03 INFO]: Selecting spawn point for level 'minecraft:the_end'...
[19:10:04 INFO]: Loading 0 persistent chunks for level 'minecraft:overworld'...
[19:10:04 INFO]: Preparing spawn area: 100%
[19:10:04 INFO]: Prepared spawn area in 5045 ms
[19:10:04 INFO]: Loading 0 persistent chunks for level 'minecraft:the_nether'...
[19:10:04 INFO]: Preparing spawn area: 100%
[19:10:04 INFO]: Prepared spawn area in 909 ms
[19:10:04 INFO]: Loading 0 persistent chunks for level 'minecraft:the_end'...
[19:10:04 INFO]: Preparing spawn area: 100%
[19:10:04 INFO]: Prepared spawn area in 233 ms
[19:10:04 INFO]: Done preparing level "world" (5.415s)
[19:10:04 INFO]: [spark] Starting background profiler...
[19:10:04 INFO]: [spark] The async-profiler engine is not supported for your os/arch (windows11/amd64), so the built-in Java engine will be used instead.
[19:10:04 INFO]: Saving chunks for level 'ServerLevel[world]'/minecraft:overworld
[19:10:04 INFO]: Saving chunks for level 'ServerLevel[world]'/minecraft:the_nether
[19:10:04 INFO]: Saving chunks for level 'ServerLevel[world]'/minecraft:the_end
[19:10:04 INFO]: ThreadedAnvilChunkStorage (world): All chunks are saved
[19:10:04 INFO]: ThreadedAnvilChunkStorage (DIM-1): All chunks are saved
[19:10:04 INFO]: ThreadedAnvilChunkStorage (DIM1): All chunks are saved
[19:10:04 INFO]: ThreadedAnvilChunkStorage: All dimensions are saved
[19:10:04 INFO]: Running delayed init tasks
[19:10:04 INFO]: Done (17.770s)! For help, type "help"
[19:10:04 INFO]: *************************************************************************************
[19:10:04 INFO]: This is the first time you're starting this server.
[19:10:04 INFO]: It's recommended you read our 'Getting Started' documentation for guidance.
[19:10:04 INFO]: View this and more helpful information here: https://docs.papermc.io/paper/next-steps
[19:10:04 INFO]: *************************************************************************************
[19:10:04 INFO]: [io.zonky.test.db.postgres.embedded.EmbeddedPostgres] Detected a Windows x86_64 system
[19:10:04 INFO]: [io.zonky.test.db.postgres.embedded.DefaultPostgresBinaryResolver] Detected distribution: 'Unknown'
[19:10:04 INFO]: [io.zonky.test.db.postgres.embedded.DefaultPostgresBinaryResolver] System specific postgres binaries found: 'postgres-windows-x86_64.txz'
[19:10:05 INFO]: [io.zonky.test.db.postgres.embedded.EmbeddedPostgres] Postgres binaries at C:\Users\User\AppData\Local\Temp\embedded-pg\PG-3942d5a1dcdbfebc27772e9e670d5d85
[19:10:05 INFO]: [io.zonky.test.db.postgres.embedded.EmbeddedPostgres] The files belonging to this database system will be owned by user "User".
[19:10:05 INFO]: [io.zonky.test.db.postgres.embedded.EmbeddedPostgres] This user must also own the server process.
[19:10:05 INFO]: [io.zonky.test.db.postgres.embedded.EmbeddedPostgres] 
[19:10:05 INFO]: [io.zonky.test.db.postgres.embedded.EmbeddedPostgres] The database cluster will be initialized with locale "English_United States.874".
[19:10:05 INFO]: [io.zonky.test.db.postgres.embedded.EmbeddedPostgres] The default text search configuration will be set to "english".
[19:10:05 INFO]: [io.zonky.test.db.postgres.embedded.EmbeddedPostgres] 
[19:10:05 INFO]: [io.zonky.test.db.postgres.embedded.EmbeddedPostgres] Data page checksums are disabled.
[19:10:05 INFO]: [io.zonky.test.db.postgres.embedded.EmbeddedPostgres] 
[19:10:05 INFO]: [io.zonky.test.db.postgres.embedded.EmbeddedPostgres] fixing permissions on existing directory C:/Users/User/AppData/Local/BranzMMORPGHarness/repo/mmo-bootstrap/run/plugins/BranzMMO/embedded-postgres ... ok
[19:10:05 INFO]: [io.zonky.test.db.postgres.embedded.EmbeddedPostgres] creating subdirectories ... ok
[19:10:05 INFO]: [io.zonky.test.db.postgres.embedded.EmbeddedPostgres] selecting dynamic shared memory implementation ... windows
[19:10:05 INFO]: [io.zonky.test.db.postgres.embedded.EmbeddedPostgres] selecting default max_connections ... 100
[19:10:05 INFO]: [io.zonky.test.db.postgres.embedded.EmbeddedPostgres] selecting default shared_buffers ... 128MB
[19:10:05 INFO]: [io.zonky.test.db.postgres.embedded.EmbeddedPostgres] selecting default time zone ... Asia/Bangkok
[19:10:05 INFO]: [io.zonky.test.db.postgres.embedded.EmbeddedPostgres] creating configuration files ... ok
[19:10:07 INFO]: [io.zonky.test.db.postgres.embedded.EmbeddedPostgres] running bootstrap script ... ok
[19:10:10 INFO]: [io.zonky.test.db.postgres.embedded.EmbeddedPostgres] performing post-bootstrap initialization ... ok
[19:10:16 INFO]: [io.zonky.test.db.postgres.embedded.EmbeddedPostgres] syncing data to disk ... ok
[19:10:16 INFO]: [io.zonky.test.db.postgres.embedded.EmbeddedPostgres] 
[19:10:16 INFO]: [io.zonky.test.db.postgres.embedded.EmbeddedPostgres] Success. You can now start the database server using:
[19:10:16 INFO]: [io.zonky.test.db.postgres.embedded.EmbeddedPostgres] 
[19:10:16 INFO]: [io.zonky.test.db.postgres.embedded.EmbeddedPostgres]     ^"C^:^\Users^\User^\AppData^\Local^\Temp^\embedded^-pg^\PG^-3942d5a1dcdbfebc27772e9e670d5d85^\bin^\pg^_ctl^" -D ^"C^:^\Users^\User^\AppData^\Local^\BranzMMORPGHarness^\repo^\mmo^-bootstrap^\run^\plugins^\BranzMMO^\embedded^-postgres^" -l logfile start
[19:10:16 INFO]: [io.zonky.test.db.postgres.embedded.EmbeddedPostgres] 
[19:10:16 INFO]: [io.zonky.test.db.postgres.embedded.EmbeddedPostgres] 3b49899f-93cb-421e-a57c-8f24fc58e2e8 initdb completed in 00:00:10.731
[19:10:16 INFO]: [io.zonky.test.db.postgres.embedded.EmbeddedPostgres] 3b49899f-93cb-421e-a57c-8f24fc58e2e8 postmaster started as Process[pid=23944, exitValue="not exited"] on port 60490.  Waiting up to PT10S for server startup to finish.
[19:10:16 INFO]: [io.zonky.test.db.postgres.embedded.EmbeddedPostgres] waiting for server to start....2026-09-16 19:10:16.316 +07 [21164] LOG:  starting PostgreSQL 14.22, compiled by Visual C++ build 1944, 64-bit
[19:10:16 INFO]: [io.zonky.test.db.postgres.embedded.EmbeddedPostgres] 2026-09-16 19:10:16.322 +07 [21164] LOG:  listening on IPv6 address "::1", port 60490
[19:10:16 INFO]: [io.zonky.test.db.postgres.embedded.EmbeddedPostgres] 2026-09-16 19:10:16.322 +07 [21164] LOG:  listening on IPv4 address "127.0.0.1", port 60490
[19:10:16 INFO]: [io.zonky.test.db.postgres.embedded.EmbeddedPostgres] 2026-09-16 19:10:16.386 +07 [21784] LOG:  database system was shut down at 2026-09-16 19:10:10 +07
[19:10:16 INFO]: [io.zonky.test.db.postgres.embedded.EmbeddedPostgres] 2026-09-16 19:10:16.508 +07 [21164] LOG:  database system is ready to accept connections
[19:10:16 INFO]: [io.zonky.test.db.postgres.embedded.EmbeddedPostgres]  done
[19:10:16 INFO]: [io.zonky.test.db.postgres.embedded.EmbeddedPostgres] server started
[19:10:17 INFO]: [io.zonky.test.db.postgres.embedded.EmbeddedPostgres] 3b49899f-93cb-421e-a57c-8f24fc58e2e8 postmaster startup finished in 00:00:01.058
[19:10:19 INFO]: [BranzMMO] Milestone 3 runtime ready; item definitions=20, move definitions=6, spell definitions=5, technique definitions=5, form definitions=4, ailment definitions=6, encounter reward definitions=1, Scene presentation=WORLD_BACKED
[19:10:19 INFO]: [BranzMMO] Provider asset.oraxen=UNAVAILABLE [OPTIONAL]: plugin is not installed: Oraxen
[19:10:19 INFO]: [BranzMMO] Provider mob.mythicmobs=UNAVAILABLE [OPTIONAL]: plugin is not installed: MythicMobs
[19:10:19 INFO]: [BranzMMO] Provider packet.packetevents=UNAVAILABLE [OPTIONAL]: plugin is not installed: packetevents
[19:10:19 INFO]: [BranzMMO] Provider region.worldguard=UNAVAILABLE [OPTIONAL]: plugin is not installed: WorldGuard
[19:10:19 INFO]: [BranzMMO] Provider wallet.external=UNAVAILABLE [OPTIONAL]: plugin is not installed: Wallet
[19:10:19 WARN]: [BranzMMO] asset.oraxen [OPTIONAL]: plugin is not installed: Oraxen
[19:10:19 WARN]: [BranzMMO] mob.mythicmobs [OPTIONAL]: plugin is not installed: MythicMobs
[19:10:19 WARN]: [BranzMMO] packet.packetevents [OPTIONAL]: plugin is not installed: packetevents
[19:10:19 WARN]: [BranzMMO] region.worldguard [OPTIONAL]: plugin is not installed: WorldGuard
[19:10:19 WARN]: [BranzMMO] wallet.external [OPTIONAL]: plugin is not installed: Wallet
[19:10:19 INFO]: [BranzMMO] Branz MMO startup DEGRADED; content=v1.milestone-1.example.4, definitions=48
[19:10:19 INFO]: [BranzMMO] PostgreSQL runtime ready; mode=EMBEDDED_LOCAL, server-instance=local-6a79ce59-9954-46ec-9c54-59f20286f243
[19:10:19 INFO]: [BranzMMO] Recovered 0 boss encounter(s) from V0009.
[19:10:20 INFO]: [BranzMMO] Death Pouch reconciliation is ready.
[19:10:20 INFO]: [BranzMMO] Recovered 0 downed encounter(s) from V0010.
[19:11:19 INFO]: UUID of player Player0 is 2654e3c3-150d-3857-a426-0b141796a4e0
[19:11:26 INFO]: Player0 joined the game
[19:11:26 INFO]: Player0[/127.0.0.1:60572] logged in with entity id 24 at ([minecraft:overworld]154.5, 69.0, -59.5)
[19:11:26 INFO]: Made Player0 a server operator
[19:11:26 INFO]: Set 7 experience levels on Player0
[19:11:28 INFO]: Player0 issued server command: /item replace entity @s hotbar.0 with minecraft:stone
[19:11:29 INFO]: [Player0: Replaced a slot on Player0 with [Stone]]
[19:11:29 INFO]: Player0 issued server command: /item replace entity @s hotbar.1 with minecraft:stone
[19:11:29 INFO]: [Player0: Replaced a slot on Player0 with [Stone]]
[19:11:29 INFO]: Player0 issued server command: /item replace entity @s hotbar.2 with minecraft:stone
[19:11:29 INFO]: [Player0: Replaced a slot on Player0 with [Stone]]
[19:11:29 INFO]: Player0 issued server command: /item replace entity @s hotbar.3 with minecraft:stone
[19:11:29 INFO]: [Player0: Replaced a slot on Player0 with [Stone]]
[19:11:29 INFO]: Player0 issued server command: /item replace entity @s hotbar.4 with minecraft:stone
[19:11:29 INFO]: [Player0: Replaced a slot on Player0 with [Stone]]
[19:11:30 INFO]: Player0 issued server command: /item replace entity @s hotbar.5 with minecraft:stone
[19:11:30 INFO]: [Player0: Replaced a slot on Player0 with [Stone]]
[19:11:30 INFO]: Player0 issued server command: /item replace entity @s hotbar.6 with minecraft:stone
[19:11:30 INFO]: [Player0: Replaced a slot on Player0 with [Stone]]
[19:11:30 INFO]: Player0 issued server command: /item replace entity @s hotbar.7 with minecraft:stone
[19:11:30 INFO]: [Player0: Replaced a slot on Player0 with [Stone]]
[19:11:30 INFO]: Player0 issued server command: /item replace entity @s hotbar.7 with minecraft:air
[19:11:30 INFO]: [Player0: Replaced a slot on Player0 with [Air]]
[19:11:30 INFO]: Player0 issued server command: /mmo dev
[19:11:32 INFO]: Player0 issued server command: /item replace entity @s hotbar.6 with minecraft:air
[19:11:32 INFO]: [Player0: Replaced a slot on Player0 with [Air]]
[19:11:32 INFO]: Player0 issued server command: /mmo dev
[19:11:33 INFO]: Player0 issued server command: /item replace entity @s hotbar.5 with minecraft:air
[19:11:33 INFO]: [Player0: Replaced a slot on Player0 with [Air]]
[19:11:33 INFO]: Player0 issued server command: /mmo dev
[19:11:35 INFO]: Player0 issued server command: /mmo physical status
[19:11:35 INFO]: Player0 issued server command: /mmo physical status
[19:11:36 INFO]: Player0 issued server command: /mmo physical status
[19:11:47 INFO]: Player0 lost connection: Disconnected
[19:11:47 INFO]: Player0 left the game
[19:11:48 INFO]: Stopping the server
[19:11:48 INFO]: Stopping server
[19:11:48 INFO]: [BranzMMO] Disabling BranzMMO v1.0.0-SNAPSHOT
[19:11:48 INFO]: [io.zonky.test.db.postgres.embedded.EmbeddedPostgres] 2026-09-16 19:11:48.668 +07 [21164] LOG:  received fast shutdown request
[19:11:48 INFO]: [io.zonky.test.db.postgres.embedded.EmbeddedPostgres] 2026-09-16 19:11:48.669 +07 [21164] LOG:  aborting any active transactions
[19:11:48 INFO]: [io.zonky.test.db.postgres.embedded.EmbeddedPostgres] 2026-09-16 19:11:48.680 +07 [21164] LOG:  background worker "logical replication launcher" (PID 4532) exited with exit code 1
[19:11:48 INFO]: [io.zonky.test.db.postgres.embedded.EmbeddedPostgres] 2026-09-16 19:11:48.682 +07 [2456] LOG:  shutting down
[19:11:49 INFO]: [io.zonky.test.db.postgres.embedded.EmbeddedPostgres] 2026-09-16 19:11:49.064 +07 [21164] LOG:  database system is shut down
[19:11:49 INFO]: [io.zonky.test.db.postgres.embedded.EmbeddedPostgres] waiting for server to shut down.... done
[19:11:49 INFO]: [io.zonky.test.db.postgres.embedded.EmbeddedPostgres] server stopped
[19:11:49 INFO]: [io.zonky.test.db.postgres.embedded.EmbeddedPostgres] 3b49899f-93cb-421e-a57c-8f24fc58e2e8 shut down postmaster in 00:00:00.517
[19:11:49 INFO]: [io.zonky.test.db.postgres.embedded.EmbeddedPostgres] Did not clean up directory C:\Users\User\AppData\Local\BranzMMORPGHarness\repo\mmo-bootstrap\run\plugins\BranzMMO\embedded-postgres
[19:11:49 INFO]: [BranzMMO] Branz MMO platform disabled cleanly.
[19:11:49 INFO]: Saving players
[19:11:49 INFO]: Saving worlds
[19:11:49 INFO]: Saving chunks for level 'ServerLevel[world]'/minecraft:overworld
[19:11:49 INFO]: [ChunkHolderManager] Waiting 60s for chunk system to halt for world 'minecraft:overworld'
[19:11:49 INFO]: [ChunkHolderManager] Halted chunk system for world 'minecraft:overworld'
[19:11:49 INFO]: [ChunkHolderManager] Saving all chunkholders for world 'minecraft:overworld'
[19:11:50 INFO]: [ChunkHolderManager] Saved 2209 block chunks, 576 entity chunks, 31 poi chunks in world 'minecraft:overworld' in 1.46s
[19:11:50 INFO]: [ChunkHolderManager] Waiting 60s for chunk I/O to halt for world 'minecraft:overworld'
[19:11:50 INFO]: [ChunkHolderManager] Halted I/O scheduler for world 'minecraft:overworld'
[19:11:50 INFO]: Saving chunks for level 'ServerLevel[world]'/minecraft:the_nether
[19:11:50 INFO]: [ChunkHolderManager] Waiting 60s for chunk system to halt for world 'minecraft:the_nether'
[19:11:50 INFO]: [ChunkHolderManager] Halted chunk system for world 'minecraft:the_nether'
[19:11:50 INFO]: [ChunkHolderManager] Saving all chunkholders for world 'minecraft:the_nether'
[19:11:50 INFO]: [ChunkHolderManager] Saved 0 block chunks, 0 entity chunks, 0 poi chunks in world 'minecraft:the_nether' in 0.00s
[19:11:50 INFO]: [ChunkHolderManager] Waiting 60s for chunk I/O to halt for world 'minecraft:the_nether'
[19:11:50 INFO]: [ChunkHolderManager] Halted I/O scheduler for world 'minecraft:the_nether'
[19:11:50 INFO]: Saving chunks for level 'ServerLevel[world]'/minecraft:the_end
[19:11:50 INFO]: [ChunkHolderManager] Waiting 60s for chunk system to halt for world 'minecraft:the_end'
[19:11:50 INFO]: [ChunkHolderManager] Halted chunk system for world 'minecraft:the_end'
[19:11:50 INFO]: [ChunkHolderManager] Saving all chunkholders for world 'minecraft:the_end'
[19:11:50 INFO]: [ChunkHolderManager] Saved 0 block chunks, 0 entity chunks, 0 poi chunks in world 'minecraft:the_end' in 0.00s
[19:11:50 INFO]: [ChunkHolderManager] Waiting 60s for chunk I/O to halt for world 'minecraft:the_end'
[19:11:50 INFO]: [ChunkHolderManager] Halted I/O scheduler for world 'minecraft:the_end'
[19:11:50 INFO]: ThreadedAnvilChunkStorage (world): All chunks are saved
[19:11:50 INFO]: ThreadedAnvilChunkStorage (DIM-1): All chunks are saved
[19:11:50 INFO]: ThreadedAnvilChunkStorage (DIM1): All chunks are saved
[19:11:50 INFO]: ThreadedAnvilChunkStorage: All dimensions are saved
[19:11:50 INFO]: Waiting for all RegionFile I/O tasks to complete...
[19:11:50 INFO]: All RegionFile I/O tasks to complete
[19:11:50 INFO]: [MoonriseCommon] Awaiting termination of worker pool for up to 60s...
[19:11:50 INFO]: [MoonriseCommon] Awaiting termination of I/O pool for up to 60s...

BUILD SUCCESSFUL in 2m 38s
39 actionable tasks: 1 executed, 38 up-to-date
Consider enabling configuration cache to speed up this build: https://docs.gradle.org/9.1.0/userguide/configuration_cache_enabling.html
