To honour the JVM settings for this build a single-use Daemon process will be forked. For more on this, please refer to https://docs.gradle.org/9.1.0/userguide/gradle_daemon.html#sec:disabling_the_daemon in the Gradle documentation.
Daemon will be stopped at the end of the build 
> Task :mmo-api:compileJava UP-TO-DATE
> Task :mmo-api:processResources NO-SOURCE
> Task :mmo-api:classes UP-TO-DATE
> Task :mmo-api:jar UP-TO-DATE
> Task :mmo-content:compileJava UP-TO-DATE
> Task :mmo-combat:compileJava UP-TO-DATE
> Task :mmo-integrations:compileJava UP-TO-DATE
> Task :mmo-items:compileJava UP-TO-DATE
> Task :mmo-lifeskills:compileJava UP-TO-DATE
> Task :mmo-magic:compileJava UP-TO-DATE
> Task :mmo-progression:compileJava UP-TO-DATE
> Task :mmo-persistence:compileJava UP-TO-DATE
> Task :mmo-scenes:compileJava UP-TO-DATE
> Task :mmo-social:compileJava UP-TO-DATE
> Task :mmo-worldloop:compileJava UP-TO-DATE
> Task :mmo-integrations:integration-mythicmobs:compileJava UP-TO-DATE
> Task :mmo-integrations:integration-oraxen:compileJava UP-TO-DATE
> Task :mmo-integrations:integration-packetevents:compileJava UP-TO-DATE
> Task :mmo-integrations:integration-wallet:compileJava UP-TO-DATE
> Task :mmo-integrations:integration-worldguard:compileJava UP-TO-DATE
> Task :mmo-bootstrap:compileJava UP-TO-DATE
> Task :mmo-bootstrap:processResources UP-TO-DATE
> Task :mmo-bootstrap:classes UP-TO-DATE
> Task :mmo-combat:processResources NO-SOURCE
> Task :mmo-combat:classes UP-TO-DATE
> Task :mmo-combat:jar UP-TO-DATE
> Task :mmo-content:processResources NO-SOURCE
> Task :mmo-content:classes UP-TO-DATE
> Task :mmo-content:jar UP-TO-DATE
> Task :mmo-integrations:processResources NO-SOURCE
> Task :mmo-integrations:classes UP-TO-DATE
> Task :mmo-integrations:jar UP-TO-DATE
> Task :mmo-items:processResources NO-SOURCE
> Task :mmo-items:classes UP-TO-DATE
> Task :mmo-items:jar UP-TO-DATE
> Task :mmo-lifeskills:processResources NO-SOURCE
> Task :mmo-lifeskills:classes UP-TO-DATE
> Task :mmo-lifeskills:jar UP-TO-DATE
> Task :mmo-magic:processResources NO-SOURCE
> Task :mmo-magic:classes UP-TO-DATE
> Task :mmo-magic:jar UP-TO-DATE
> Task :mmo-persistence:processResources UP-TO-DATE
> Task :mmo-persistence:classes UP-TO-DATE
> Task :mmo-persistence:jar UP-TO-DATE
> Task :mmo-progression:processResources NO-SOURCE
> Task :mmo-progression:classes UP-TO-DATE
> Task :mmo-progression:jar UP-TO-DATE
> Task :mmo-scenes:processResources NO-SOURCE
> Task :mmo-scenes:classes UP-TO-DATE
> Task :mmo-scenes:jar UP-TO-DATE
> Task :mmo-social:processResources NO-SOURCE
> Task :mmo-social:classes UP-TO-DATE
> Task :mmo-social:jar UP-TO-DATE
> Task :mmo-worldloop:processResources NO-SOURCE
> Task :mmo-worldloop:classes UP-TO-DATE
> Task :mmo-worldloop:jar UP-TO-DATE
> Task :mmo-integrations:integration-mythicmobs:processResources NO-SOURCE
> Task :mmo-integrations:integration-mythicmobs:classes UP-TO-DATE
> Task :mmo-integrations:integration-mythicmobs:jar UP-TO-DATE
> Task :mmo-integrations:integration-oraxen:processResources NO-SOURCE
> Task :mmo-integrations:integration-oraxen:classes UP-TO-DATE
> Task :mmo-integrations:integration-oraxen:jar UP-TO-DATE
> Task :mmo-integrations:integration-packetevents:processResources NO-SOURCE
> Task :mmo-integrations:integration-packetevents:classes UP-TO-DATE
> Task :mmo-integrations:integration-packetevents:jar UP-TO-DATE
> Task :mmo-integrations:integration-wallet:processResources NO-SOURCE
> Task :mmo-integrations:integration-wallet:classes UP-TO-DATE
> Task :mmo-integrations:integration-wallet:jar UP-TO-DATE
> Task :mmo-integrations:integration-worldguard:processResources NO-SOURCE
> Task :mmo-integrations:integration-worldguard:classes UP-TO-DATE
> Task :mmo-integrations:integration-worldguard:jar UP-TO-DATE
> Task :mmo-bootstrap:shadowJar UP-TO-DATE

> Task :mmo-bootstrap:runServer
Located Paper 26.2 build 112 in local cache.
Starting Paper...

Downloading mojang_26.2.jar
Applying patches
Starting org.bukkit.craftbukkit.Main
2026-08-19T15:26:56.620419100Z ServerMain WARN Advanced terminal features are not available in this environment
[22:26:57 INFO]: [bootstrap] Running Java 25 (OpenJDK 64-Bit Server VM 25.0.3+9-LTS; Eclipse Adoptium Temurin-25.0.3+9) on Windows 11 10.0 (amd64)
[22:26:57 INFO]: [bootstrap] Loading Paper 26.2-112-main@c9e894d (2026-08-11T05:18:39Z) for Minecraft 26.2
[22:26:57 INFO]: [PluginInitializerManager] Initializing plugins...
[22:26:57 INFO]: [PluginInitializerManager] Initialized 1 plugin
[22:26:57 INFO]: [PluginInitializerManager] Bukkit plugins (1):
 - BranzMMO (1.0.0-SNAPSHOT)
WARNING: A terminally deprecated method in sun.misc.Unsafe has been called
WARNING: sun.misc.Unsafe::objectFieldOffset has been called by org.joml.MemUtil$MemUtilUnsafe (file:/C:/Users/User/AppData/Local/BranzMMORPGHarness/repo/mmo-bootstrap/run/libraries/org/joml/joml/1.10.8/joml-1.10.8.jar)
WARNING: Please consider reporting this to the maintainers of class org.joml.MemUtil$MemUtilUnsafe
WARNING: sun.misc.Unsafe::objectFieldOffset will be removed in a future release
[22:27:03 INFO]: [ca.spottedleaf.dataconverter.minecraft.datatypes.MCTypeRegistry] Initialising converters for DataConverter...
[22:27:04 INFO]: Environment: Environment[sessionHost=https://sessionserver.mojang.com, servicesHost=https://api.minecraftservices.com, profilesHost=https://api.mojang.com, name=PROD]
[22:27:04 INFO]: [ca.spottedleaf.dataconverter.minecraft.datatypes.MCTypeRegistry] Finished initialising converters for DataConverter in 776.6ms
[22:27:05 INFO]: Found new data pack paper, loading it automatically
[22:27:06 INFO]: No existing world data, creating new world
[22:27:07 INFO]: Loaded 1585 recipes
[22:27:07 INFO]: Loaded 1688 advancements
[22:27:08 INFO]: Starting minecraft server version 26.2
[22:27:08 INFO]: Loading properties
[22:27:08 INFO]: This server is running Paper version 26.2-112-main@c9e894d (2026-08-11T05:18:39Z) (Implementing API version 26.2.build.112-stable)
[22:27:08 INFO]: [spark] This server bundles the spark profiler. For more information please visit https://docs.papermc.io/paper/profiling
[22:27:08 INFO]: Server Ping Player Sample Count: 12
[22:27:08 INFO]: Using 4 threads for Netty based IO
[22:27:08 INFO]: [MoonriseCommon] Paper is using 3 worker threads, 1 I/O threads
[22:27:09 INFO]: Default game type: SURVIVAL
[22:27:09 INFO]: Generating keypair
[22:27:09 INFO]: Starting Minecraft server on *:25565
[22:27:09 INFO]: Paper: Using Java compression from Velocity.
[22:27:09 INFO]: Paper: Using Java cipher from Velocity.
[22:27:09 INFO]: [BranzMMO] Loading server plugin BranzMMO v1.0.0-SNAPSHOT
[22:27:09 INFO]: [BranzMMO] Enabling BranzMMO v1.0.0-SNAPSHOT
[22:27:09 INFO]: [BranzMMO] Loading and validating content snapshot from C:\Users\User\AppData\Local\BranzMMORPGHarness\repo\example-content\milestone-1
[22:27:09 WARN]: **** SERVER IS RUNNING IN OFFLINE/INSECURE MODE!
[22:27:09 WARN]: The server will make no attempt to authenticate usernames. Beware.
[22:27:09 WARN]: While this makes the game possible to play without internet access, it also opens up the ability for hackers to connect with any username they choose.
[22:27:09 WARN]: To change this, set "online-mode" to "true" in the server.properties file.
[22:27:09 INFO]: Preparing level "world"
[22:27:10 INFO]: Selecting spawn point for level 'minecraft:overworld'...
[22:27:14 INFO]: Selecting spawn point for level 'minecraft:the_nether'...
[22:27:15 INFO]: Selecting spawn point for level 'minecraft:the_end'...
[22:27:16 INFO]: Loading 0 persistent chunks for level 'minecraft:overworld'...
[22:27:16 INFO]: Preparing spawn area: 100%
[22:27:16 INFO]: Prepared spawn area in 6016 ms
[22:27:16 INFO]: Loading 0 persistent chunks for level 'minecraft:the_nether'...
[22:27:16 INFO]: Preparing spawn area: 100%
[22:27:16 INFO]: Prepared spawn area in 1355 ms
[22:27:16 INFO]: Loading 0 persistent chunks for level 'minecraft:the_end'...
[22:27:16 INFO]: Preparing spawn area: 100%
[22:27:16 INFO]: Prepared spawn area in 398 ms
[22:27:16 INFO]: Done preparing level "world" (6.624s)
[22:27:16 INFO]: [spark] Starting background profiler...
[22:27:16 INFO]: [spark] The async-profiler engine is not supported for your os/arch (windows11/amd64), so the built-in Java engine will be used instead.
[22:27:16 INFO]: Saving chunks for level 'ServerLevel[world]'/minecraft:overworld
[22:27:16 INFO]: Saving chunks for level 'ServerLevel[world]'/minecraft:the_nether
[22:27:16 INFO]: Saving chunks for level 'ServerLevel[world]'/minecraft:the_end
[22:27:16 INFO]: ThreadedAnvilChunkStorage (world): All chunks are saved
[22:27:16 INFO]: ThreadedAnvilChunkStorage (DIM-1): All chunks are saved
[22:27:16 INFO]: ThreadedAnvilChunkStorage (DIM1): All chunks are saved
[22:27:16 INFO]: ThreadedAnvilChunkStorage: All dimensions are saved
[22:27:16 INFO]: Running delayed init tasks
[22:27:16 INFO]: Done (21.490s)! For help, type "help"
[22:27:16 INFO]: *************************************************************************************
[22:27:16 INFO]: This is the first time you're starting this server.
[22:27:16 INFO]: It's recommended you read our 'Getting Started' documentation for guidance.
[22:27:16 INFO]: View this and more helpful information here: https://docs.papermc.io/paper/next-steps
[22:27:16 INFO]: *************************************************************************************
[22:27:17 INFO]: [io.zonky.test.db.postgres.embedded.EmbeddedPostgres] Detected a Windows x86_64 system
[22:27:17 INFO]: [io.zonky.test.db.postgres.embedded.DefaultPostgresBinaryResolver] Detected distribution: 'Unknown'
[22:27:17 INFO]: [io.zonky.test.db.postgres.embedded.DefaultPostgresBinaryResolver] System specific postgres binaries found: 'postgres-windows-x86_64.txz'
[22:27:18 INFO]: [io.zonky.test.db.postgres.embedded.EmbeddedPostgres] Postgres binaries at C:\Users\User\AppData\Local\Temp\embedded-pg\PG-3942d5a1dcdbfebc27772e9e670d5d85
[22:27:18 INFO]: [io.zonky.test.db.postgres.embedded.EmbeddedPostgres] The files belonging to this database system will be owned by user "User".
[22:27:18 INFO]: [io.zonky.test.db.postgres.embedded.EmbeddedPostgres] This user must also own the server process.
[22:27:18 INFO]: [io.zonky.test.db.postgres.embedded.EmbeddedPostgres] 
[22:27:18 INFO]: [io.zonky.test.db.postgres.embedded.EmbeddedPostgres] The database cluster will be initialized with locale "English_United States.874".
[22:27:18 INFO]: [io.zonky.test.db.postgres.embedded.EmbeddedPostgres] The default text search configuration will be set to "english".
[22:27:18 INFO]: [io.zonky.test.db.postgres.embedded.EmbeddedPostgres] 
[22:27:18 INFO]: [io.zonky.test.db.postgres.embedded.EmbeddedPostgres] Data page checksums are disabled.
[22:27:18 INFO]: [io.zonky.test.db.postgres.embedded.EmbeddedPostgres] 
[22:27:18 INFO]: [io.zonky.test.db.postgres.embedded.EmbeddedPostgres] fixing permissions on existing directory C:/Users/User/AppData/Local/BranzMMORPGHarness/repo/mmo-bootstrap/run/plugins/BranzMMO/embedded-postgres ... ok
[22:27:18 INFO]: [io.zonky.test.db.postgres.embedded.EmbeddedPostgres] creating subdirectories ... ok
[22:27:18 INFO]: [io.zonky.test.db.postgres.embedded.EmbeddedPostgres] selecting dynamic shared memory implementation ... windows
[22:27:18 INFO]: [io.zonky.test.db.postgres.embedded.EmbeddedPostgres] selecting default max_connections ... 100
[22:27:18 INFO]: [io.zonky.test.db.postgres.embedded.EmbeddedPostgres] selecting default shared_buffers ... 128MB
[22:27:18 INFO]: [io.zonky.test.db.postgres.embedded.EmbeddedPostgres] selecting default time zone ... Asia/Bangkok
[22:27:18 INFO]: [io.zonky.test.db.postgres.embedded.EmbeddedPostgres] creating configuration files ... ok
[22:27:21 INFO]: [io.zonky.test.db.postgres.embedded.EmbeddedPostgres] running bootstrap script ... ok
[22:27:27 INFO]: [io.zonky.test.db.postgres.embedded.EmbeddedPostgres] performing post-bootstrap initialization ... ok
[22:27:34 INFO]: [io.zonky.test.db.postgres.embedded.EmbeddedPostgres] syncing data to disk ... ok
[22:27:34 INFO]: [io.zonky.test.db.postgres.embedded.EmbeddedPostgres] 
[22:27:34 INFO]: [io.zonky.test.db.postgres.embedded.EmbeddedPostgres] Success. You can now start the database server using:
[22:27:34 INFO]: [io.zonky.test.db.postgres.embedded.EmbeddedPostgres] 
[22:27:34 INFO]: [io.zonky.test.db.postgres.embedded.EmbeddedPostgres]     ^"C^:^\Users^\User^\AppData^\Local^\Temp^\embedded^-pg^\PG^-3942d5a1dcdbfebc27772e9e670d5d85^\bin^\pg^_ctl^" -D ^"C^:^\Users^\User^\AppData^\Local^\BranzMMORPGHarness^\repo^\mmo^-bootstrap^\run^\plugins^\BranzMMO^\embedded^-postgres^" -l logfile start
[22:27:34 INFO]: [io.zonky.test.db.postgres.embedded.EmbeddedPostgres] 
[22:27:34 INFO]: [io.zonky.test.db.postgres.embedded.EmbeddedPostgres] 1d3071c6-3222-42c9-ba73-7238fe25f620 initdb completed in 00:00:15.619
[22:27:34 INFO]: [io.zonky.test.db.postgres.embedded.EmbeddedPostgres] 1d3071c6-3222-42c9-ba73-7238fe25f620 postmaster started as Process[pid=28552, exitValue="not exited"] on port 54931.  Waiting up to PT10S for server startup to finish.
[22:27:34 INFO]: [io.zonky.test.db.postgres.embedded.EmbeddedPostgres] waiting for server to start....2026-08-19 22:27:34.563 +07 [4680] LOG:  starting PostgreSQL 14.22, compiled by Visual C++ build 1944, 64-bit
[22:27:34 INFO]: [io.zonky.test.db.postgres.embedded.EmbeddedPostgres] 2026-08-19 22:27:34.588 +07 [4680] LOG:  listening on IPv6 address "::1", port 54931
[22:27:34 INFO]: [io.zonky.test.db.postgres.embedded.EmbeddedPostgres] 2026-08-19 22:27:34.588 +07 [4680] LOG:  listening on IPv4 address "127.0.0.1", port 54931
[22:27:34 INFO]: [io.zonky.test.db.postgres.embedded.EmbeddedPostgres] 2026-08-19 22:27:34.760 +07 [30500] LOG:  database system was shut down at 2026-08-19 22:27:27 +07
[22:27:34 INFO]: [io.zonky.test.db.postgres.embedded.EmbeddedPostgres] 2026-08-19 22:27:34.952 +07 [4680] LOG:  database system is ready to accept connections
[22:27:35 INFO]: [io.zonky.test.db.postgres.embedded.EmbeddedPostgres]  done
[22:27:35 INFO]: [io.zonky.test.db.postgres.embedded.EmbeddedPostgres] server started
[22:27:35 INFO]: [io.zonky.test.db.postgres.embedded.EmbeddedPostgres] 1d3071c6-3222-42c9-ba73-7238fe25f620 postmaster startup finished in 00:00:01.512
[22:27:38 INFO]: [BranzMMO] Milestone 3 runtime ready; item definitions=20, move definitions=6, spell definitions=5, technique definitions=5, form definitions=4, ailment definitions=6, encounter reward definitions=1, Scene presentation=WORLD_BACKED
[22:27:38 INFO]: [BranzMMO] Provider asset.oraxen=UNAVAILABLE [OPTIONAL]: plugin is not installed: Oraxen
[22:27:38 INFO]: [BranzMMO] Provider mob.mythicmobs=UNAVAILABLE [OPTIONAL]: plugin is not installed: MythicMobs
[22:27:38 INFO]: [BranzMMO] Provider packet.packetevents=UNAVAILABLE [OPTIONAL]: plugin is not installed: packetevents
[22:27:38 INFO]: [BranzMMO] Provider region.worldguard=UNAVAILABLE [OPTIONAL]: plugin is not installed: WorldGuard
[22:27:38 INFO]: [BranzMMO] Provider wallet.external=UNAVAILABLE [OPTIONAL]: plugin is not installed: Wallet
[22:27:38 WARN]: [BranzMMO] asset.oraxen [OPTIONAL]: plugin is not installed: Oraxen
[22:27:38 WARN]: [BranzMMO] mob.mythicmobs [OPTIONAL]: plugin is not installed: MythicMobs
[22:27:38 WARN]: [BranzMMO] packet.packetevents [OPTIONAL]: plugin is not installed: packetevents
[22:27:38 WARN]: [BranzMMO] region.worldguard [OPTIONAL]: plugin is not installed: WorldGuard
[22:27:38 WARN]: [BranzMMO] wallet.external [OPTIONAL]: plugin is not installed: Wallet
[22:27:38 INFO]: [BranzMMO] Branz MMO startup DEGRADED; content=v1.milestone-1.example.4, definitions=48
[22:27:38 INFO]: [BranzMMO] PostgreSQL runtime ready; mode=EMBEDDED_LOCAL, server-instance=local-52c39899-a1ec-42ea-81d6-feddf4506bb5
[22:27:39 INFO]: [BranzMMO] Death Pouch reconciliation is ready.
[22:27:39 INFO]: [BranzMMO] Recovered 0 boss encounter(s) from V0009.
[22:27:39 INFO]: [BranzMMO] Recovered 0 downed encounter(s) from V0010.
[22:28:23 INFO]: UUID of player Player0 is 2654e3c3-150d-3857-a426-0b141796a4e0
[22:28:33 INFO]: Player0 joined the game
[22:28:33 INFO]: Player0[/127.0.0.1:60159] logged in with entity id 12 at ([minecraft:overworld]36.5, 75.0, 722.5)
[22:28:34 INFO]: Made Player0 a server operator
[22:28:34 INFO]: Set 7 experience levels on Player0
[22:28:37 INFO]: Player0 issued server command: /item replace entity @s hotbar.0 with minecraft:stone
[22:28:37 INFO]: [Player0: Replaced a slot on Player0 with [Stone]]
[22:28:37 INFO]: Player0 issued server command: /item replace entity @s hotbar.1 with minecraft:stone
[22:28:37 INFO]: [Player0: Replaced a slot on Player0 with [Stone]]
[22:28:37 INFO]: Player0 issued server command: /item replace entity @s hotbar.2 with minecraft:stone
[22:28:37 INFO]: [Player0: Replaced a slot on Player0 with [Stone]]
[22:28:38 INFO]: Player0 issued server command: /item replace entity @s hotbar.3 with minecraft:stone
[22:28:38 INFO]: [Player0: Replaced a slot on Player0 with [Stone]]
[22:28:38 INFO]: Player0 issued server command: /item replace entity @s hotbar.4 with minecraft:stone
[22:28:38 INFO]: [Player0: Replaced a slot on Player0 with [Stone]]
[22:28:39 INFO]: Player0 issued server command: /item replace entity @s hotbar.5 with minecraft:stone
[22:28:39 INFO]: [Player0: Replaced a slot on Player0 with [Stone]]
[22:28:39 INFO]: Player0 issued server command: /item replace entity @s hotbar.6 with minecraft:stone
[22:28:39 INFO]: [Player0: Replaced a slot on Player0 with [Stone]]
[22:28:40 INFO]: Player0 issued server command: /item replace entity @s hotbar.7 with minecraft:stone
[22:28:40 INFO]: [Player0: Replaced a slot on Player0 with [Stone]]
[22:28:40 INFO]: Player0 issued server command: /item replace entity @s hotbar.7 with minecraft:air
[22:28:40 INFO]: [Player0: Replaced a slot on Player0 with [Air]]
[22:28:40 INFO]: Player0 issued server command: /mmo dev
[22:28:46 INFO]: Player0 issued server command: /item replace entity @s hotbar.6 with minecraft:air
[22:28:46 INFO]: [Player0: Replaced a slot on Player0 with [Air]]
[22:28:46 INFO]: Player0 issued server command: /mmo dev
[22:28:51 INFO]: Player0 issued server command: /item replace entity @s hotbar.5 with minecraft:air
[22:28:51 INFO]: [Player0: Replaced a slot on Player0 with [Air]]
[22:28:51 INFO]: Player0 issued server command: /mmo dev
[22:28:53 INFO]: Player0 has made the advancement [Into Fire]
[22:28:53 INFO]: Player0 issued server command: /mmo physical status
[22:28:54 INFO]: Player0 issued server command: /mmo physical status
[22:28:55 INFO]: Player0 issued server command: /mmo physical status
[22:28:56 INFO]: Player0 issued server command: /mmo physical status
[22:29:00 INFO]: Player0 issued server command: /execute at @s run summon minecraft:husk ^ ^ ^12 {PersistenceRequired:1b,Silent:1b,Tags:["branz_d46_source"]}
[22:29:00 INFO]: [Player0: Summoned new Husk]
[22:29:00 INFO]: Player0 issued server command: /effect give @e[tag=branz_d46_source,limit=1] minecraft:slowness infinite 255 true
[22:29:00 INFO]: [Player0: Applied effect Slowness to Husk]
[22:29:02 INFO]: Player0 issued server command: /effect clear @e[tag=branz_d46_source,limit=1] minecraft:slowness
[22:29:02 INFO]: [Player0: Removed effect Slowness from Husk]
[22:29:02 INFO]: Player0 issued server command: /execute at @s run tp @e[tag=branz_d46_source,limit=1] ^ ^ ^1.5
[22:29:02 INFO]: [Player0: Teleported Husk to 36.500000, 75.000000, 724.000000]
[22:29:03 INFO]: Player0 issued server command: /execute at @s run tp @e[tag=branz_d46_source,limit=1] ^ ^ ^12
[22:29:03 INFO]: [Player0: Teleported Husk to 36.500000, 75.000000, 734.500000]
[22:29:03 INFO]: Player0 issued server command: /mmo health
[22:29:04 INFO]: [BranzMMO] PHYSICAL_AUTHORITY_SHIELD_D46_USE_SERVER player=Player0 hand=HAND action=RIGHT_CLICK_AIR material=IRON_SWORD
[22:29:04 INFO]: [BranzMMO] PHYSICAL_AUTHORITY_SHIELD_D46_USE_SERVER player=Player0 hand=OFF_HAND action=RIGHT_CLICK_AIR material=SHIELD
[22:29:14 INFO]: Player0 lost connection: Disconnected
[22:29:14 INFO]: Player0 left the game
[22:29:15 INFO]: Stopping the server
[22:29:15 INFO]: Stopping server
[22:29:15 INFO]: [BranzMMO] Disabling BranzMMO v1.0.0-SNAPSHOT
[22:29:15 INFO]: [io.zonky.test.db.postgres.embedded.EmbeddedPostgres] 2026-08-19 22:29:15.931 +07 [4680] LOG:  received fast shutdown request
[22:29:15 INFO]: [io.zonky.test.db.postgres.embedded.EmbeddedPostgres] 2026-08-19 22:29:15.931 +07 [4680] LOG:  aborting any active transactions
[22:29:15 INFO]: [io.zonky.test.db.postgres.embedded.EmbeddedPostgres] 2026-08-19 22:29:15.937 +07 [4680] LOG:  background worker "logical replication launcher" (PID 11840) exited with exit code 1
[22:29:15 INFO]: [io.zonky.test.db.postgres.embedded.EmbeddedPostgres] 2026-08-19 22:29:15.938 +07 [28740] LOG:  shutting down
[22:29:16 INFO]: [io.zonky.test.db.postgres.embedded.EmbeddedPostgres] 2026-08-19 22:29:16.198 +07 [4680] LOG:  database system is shut down
[22:29:16 INFO]: [io.zonky.test.db.postgres.embedded.EmbeddedPostgres] waiting for server to shut down.... done
[22:29:16 INFO]: [io.zonky.test.db.postgres.embedded.EmbeddedPostgres] server stopped
[22:29:16 INFO]: [io.zonky.test.db.postgres.embedded.EmbeddedPostgres] 1d3071c6-3222-42c9-ba73-7238fe25f620 shut down postmaster in 00:00:00.388
[22:29:16 INFO]: [io.zonky.test.db.postgres.embedded.EmbeddedPostgres] Did not clean up directory C:\Users\User\AppData\Local\BranzMMORPGHarness\repo\mmo-bootstrap\run\plugins\BranzMMO\embedded-postgres
[22:29:16 INFO]: [BranzMMO] Branz MMO platform disabled cleanly.
[22:29:16 INFO]: Saving players
[22:29:16 INFO]: Saving worlds
[22:29:16 INFO]: Saving chunks for level 'ServerLevel[world]'/minecraft:overworld
[22:29:16 INFO]: [ChunkHolderManager] Waiting 60s for chunk system to halt for world 'minecraft:overworld'
[22:29:16 INFO]: [ChunkHolderManager] Halted chunk system for world 'minecraft:overworld'
[22:29:16 INFO]: [ChunkHolderManager] Saving all chunkholders for world 'minecraft:overworld'
[22:29:16 ERROR]: [STDERR] [me.lucko.spark.paper.common.util.log.Logger$1] Uncaught exception thrown in thread spark-monitoring-1-thread-1
[22:29:16 WARN]: java.util.concurrent.CancellationException
[22:29:16 WARN]: 	at java.base/java.util.concurrent.FutureTask.report(FutureTask.java:123)
[22:29:16 WARN]: 	at java.base/java.util.concurrent.FutureTask.get(FutureTask.java:193)
[22:29:16 WARN]: 	at me.lucko.spark.paper.common.util.SparkScheduledThreadPoolExecutor.afterExecute(SparkScheduledThreadPoolExecutor.java:48)
[22:29:16 WARN]: 	at java.base/java.util.concurrent.ThreadPoolExecutor.runWorker(ThreadPoolExecutor.java:1091)
[22:29:16 WARN]: 	at java.base/java.util.concurrent.ThreadPoolExecutor$Worker.run(ThreadPoolExecutor.java:614)
[22:29:16 WARN]: 	at java.base/java.lang.Thread.run(Thread.java:1474)
[22:29:18 INFO]: [ChunkHolderManager] Saved 2209 block chunks, 625 entity chunks, 17 poi chunks in world 'minecraft:overworld' in 1.91s
[22:29:18 INFO]: [ChunkHolderManager] Waiting 60s for chunk I/O to halt for world 'minecraft:overworld'
[22:29:18 INFO]: [ChunkHolderManager] Halted I/O scheduler for world 'minecraft:overworld'
[22:29:18 INFO]: Saving chunks for level 'ServerLevel[world]'/minecraft:the_nether
[22:29:18 INFO]: [ChunkHolderManager] Waiting 60s for chunk system to halt for world 'minecraft:the_nether'
[22:29:18 INFO]: [ChunkHolderManager] Halted chunk system for world 'minecraft:the_nether'
[22:29:18 INFO]: [ChunkHolderManager] Saving all chunkholders for world 'minecraft:the_nether'
[22:29:18 INFO]: [ChunkHolderManager] Saved 0 block chunks, 0 entity chunks, 0 poi chunks in world 'minecraft:the_nether' in 0.00s
[22:29:18 INFO]: [ChunkHolderManager] Waiting 60s for chunk I/O to halt for world 'minecraft:the_nether'
[22:29:18 INFO]: [ChunkHolderManager] Halted I/O scheduler for world 'minecraft:the_nether'
[22:29:18 INFO]: Saving chunks for level 'ServerLevel[world]'/minecraft:the_end
[22:29:18 INFO]: [ChunkHolderManager] Waiting 60s for chunk system to halt for world 'minecraft:the_end'
[22:29:18 INFO]: [ChunkHolderManager] Halted chunk system for world 'minecraft:the_end'
[22:29:18 INFO]: [ChunkHolderManager] Saving all chunkholders for world 'minecraft:the_end'
[22:29:18 INFO]: [ChunkHolderManager] Saved 0 block chunks, 0 entity chunks, 0 poi chunks in world 'minecraft:the_end' in 0.00s
[22:29:18 INFO]: [ChunkHolderManager] Waiting 60s for chunk I/O to halt for world 'minecraft:the_end'
[22:29:18 INFO]: [ChunkHolderManager] Halted I/O scheduler for world 'minecraft:the_end'
[22:29:18 INFO]: ThreadedAnvilChunkStorage (world): All chunks are saved
[22:29:18 INFO]: ThreadedAnvilChunkStorage (DIM-1): All chunks are saved
[22:29:18 INFO]: ThreadedAnvilChunkStorage (DIM1): All chunks are saved
[22:29:18 INFO]: ThreadedAnvilChunkStorage: All dimensions are saved
[22:29:18 INFO]: Waiting for all RegionFile I/O tasks to complete...
[22:29:18 INFO]: All RegionFile I/O tasks to complete
[22:29:18 INFO]: [MoonriseCommon] Awaiting termination of worker pool for up to 60s...
[22:29:18 INFO]: [MoonriseCommon] Awaiting termination of I/O pool for up to 60s...

BUILD SUCCESSFUL in 2m 53s
39 actionable tasks: 1 executed, 38 up-to-date
Consider enabling configuration cache to speed up this build: https://docs.gradle.org/9.1.0/userguide/configuration_cache_enabling.html
