To honour the JVM settings for this build a single-use Daemon process will be forked. For more on this, please refer to https://docs.gradle.org/9.1.0/userguide/gradle_daemon.html#sec:disabling_the_daemon in the Gradle documentation.
Daemon will be stopped at the end of the build 
> Task :mmo-api:compileJava UP-TO-DATE
> Task :mmo-api:processResources NO-SOURCE
> Task :mmo-api:classes UP-TO-DATE
> Task :mmo-api:jar UP-TO-DATE
> Task :mmo-content:compileJava UP-TO-DATE
> Task :mmo-combat:compileJava UP-TO-DATE
> Task :mmo-integrations:compileJava UP-TO-DATE
> Task :mmo-items:compileJava UP-TO-DATE
> Task :mmo-lifeskills:compileJava UP-TO-DATE
> Task :mmo-magic:compileJava UP-TO-DATE
> Task :mmo-progression:compileJava UP-TO-DATE
> Task :mmo-persistence:compileJava UP-TO-DATE
> Task :mmo-scenes:compileJava UP-TO-DATE
> Task :mmo-social:compileJava UP-TO-DATE
> Task :mmo-worldloop:compileJava UP-TO-DATE
> Task :mmo-integrations:integration-mythicmobs:compileJava UP-TO-DATE
> Task :mmo-integrations:integration-oraxen:compileJava UP-TO-DATE
> Task :mmo-integrations:integration-packetevents:compileJava UP-TO-DATE
> Task :mmo-integrations:integration-wallet:compileJava UP-TO-DATE
> Task :mmo-integrations:integration-worldguard:compileJava UP-TO-DATE
> Task :mmo-bootstrap:compileJava UP-TO-DATE
> Task :mmo-bootstrap:processResources UP-TO-DATE
> Task :mmo-bootstrap:classes UP-TO-DATE
> Task :mmo-combat:processResources NO-SOURCE
> Task :mmo-combat:classes UP-TO-DATE
> Task :mmo-combat:jar UP-TO-DATE
> Task :mmo-content:processResources NO-SOURCE
> Task :mmo-content:classes UP-TO-DATE
> Task :mmo-content:jar UP-TO-DATE
> Task :mmo-integrations:processResources NO-SOURCE
> Task :mmo-integrations:classes UP-TO-DATE
> Task :mmo-integrations:jar UP-TO-DATE
> Task :mmo-items:processResources NO-SOURCE
> Task :mmo-items:classes UP-TO-DATE
> Task :mmo-items:jar UP-TO-DATE
> Task :mmo-lifeskills:processResources NO-SOURCE
> Task :mmo-lifeskills:classes UP-TO-DATE
> Task :mmo-lifeskills:jar UP-TO-DATE
> Task :mmo-magic:processResources NO-SOURCE
> Task :mmo-magic:classes UP-TO-DATE
> Task :mmo-magic:jar UP-TO-DATE
> Task :mmo-persistence:processResources UP-TO-DATE
> Task :mmo-persistence:classes UP-TO-DATE
> Task :mmo-persistence:jar UP-TO-DATE
> Task :mmo-progression:processResources NO-SOURCE
> Task :mmo-progression:classes UP-TO-DATE
> Task :mmo-progression:jar UP-TO-DATE
> Task :mmo-scenes:processResources NO-SOURCE
> Task :mmo-scenes:classes UP-TO-DATE
> Task :mmo-scenes:jar UP-TO-DATE
> Task :mmo-social:processResources NO-SOURCE
> Task :mmo-social:classes UP-TO-DATE
> Task :mmo-social:jar UP-TO-DATE
> Task :mmo-worldloop:processResources NO-SOURCE
> Task :mmo-worldloop:classes UP-TO-DATE
> Task :mmo-worldloop:jar UP-TO-DATE
> Task :mmo-integrations:integration-mythicmobs:processResources NO-SOURCE
> Task :mmo-integrations:integration-mythicmobs:classes UP-TO-DATE
> Task :mmo-integrations:integration-mythicmobs:jar UP-TO-DATE
> Task :mmo-integrations:integration-oraxen:processResources NO-SOURCE
> Task :mmo-integrations:integration-oraxen:classes UP-TO-DATE
> Task :mmo-integrations:integration-oraxen:jar UP-TO-DATE
> Task :mmo-integrations:integration-packetevents:processResources NO-SOURCE
> Task :mmo-integrations:integration-packetevents:classes UP-TO-DATE
> Task :mmo-integrations:integration-packetevents:jar UP-TO-DATE
> Task :mmo-integrations:integration-wallet:processResources NO-SOURCE
> Task :mmo-integrations:integration-wallet:classes UP-TO-DATE
> Task :mmo-integrations:integration-wallet:jar UP-TO-DATE
> Task :mmo-integrations:integration-worldguard:processResources NO-SOURCE
> Task :mmo-integrations:integration-worldguard:classes UP-TO-DATE
> Task :mmo-integrations:integration-worldguard:jar UP-TO-DATE
> Task :mmo-bootstrap:shadowJar UP-TO-DATE

> Task :mmo-bootstrap:runServer
Fetching latest Paper build for version 26.2...
Latest build for 26.2 is 124.
Downloading Paper 26.2 build 124...
Done downloading Paper, took 5.599s.
Verified SHA256 hash of downloaded jar.
Starting Paper...

Downloading mojang_26.2.jar
Applying patches
Starting org.bukkit.craftbukkit.Main
2026-09-16T09:58:18.738966200Z ServerMain WARN Advanced terminal features are not available in this environment
[16:58:18 INFO]: [bootstrap] Running Java 25 (OpenJDK 64-Bit Server VM 25.0.3+9-LTS; Eclipse Adoptium Temurin-25.0.3+9) on Windows 11 10.0 (amd64)
[16:58:18 INFO]: [bootstrap] Loading Paper 26.2-124-ver/26.2@22ca6c7 (2026-09-15T17:48:49Z) for Minecraft 26.2
[16:58:18 INFO]: [PluginInitializerManager] Initializing plugins...
[16:58:19 INFO]: [PluginInitializerManager] Initialized 1 plugin
[16:58:19 INFO]: [PluginInitializerManager] Bukkit plugins (1):
 - BranzMMO (1.0.0-SNAPSHOT)
WARNING: A terminally deprecated method in sun.misc.Unsafe has been called
WARNING: sun.misc.Unsafe::objectFieldOffset has been called by org.joml.MemUtil$MemUtilUnsafe (file:/C:/Users/User/AppData/Local/BranzMMORPGHarness/repo/mmo-bootstrap/run/libraries/org/joml/joml/1.10.8/joml-1.10.8.jar)
WARNING: Please consider reporting this to the maintainers of class org.joml.MemUtil$MemUtilUnsafe
WARNING: sun.misc.Unsafe::objectFieldOffset will be removed in a future release
[16:58:22 INFO]: [ca.spottedleaf.dataconverter.minecraft.datatypes.MCTypeRegistry] Initialising converters for DataConverter...
[16:58:22 INFO]: Environment: Environment[sessionHost=https://sessionserver.mojang.com, servicesHost=https://api.minecraftservices.com, profilesHost=https://api.mojang.com, name=PROD]
[16:58:22 INFO]: [ca.spottedleaf.dataconverter.minecraft.datatypes.MCTypeRegistry] Finished initialising converters for DataConverter in 325.3ms
[16:58:23 INFO]: Found new data pack paper, loading it automatically
[16:58:23 INFO]: No existing world data, creating new world
[16:58:23 INFO]: Loaded 1585 recipes
[16:58:24 INFO]: Loaded 1688 advancements
[16:58:24 INFO]: Starting minecraft server version 26.2
[16:58:24 INFO]: Loading properties
[16:58:24 INFO]: This server is running Paper version 26.2-124-ver/26.2@22ca6c7 (2026-09-15T17:48:49Z) (Implementing API version 26.2.build.124-stable)
[16:58:24 INFO]: [spark] This server bundles the spark profiler. For more information please visit https://docs.papermc.io/paper/profiling
[16:58:24 INFO]: Server Ping Player Sample Count: 12
[16:58:24 INFO]: Using 4 threads for Netty based IO
[16:58:24 INFO]: [MoonriseCommon] Paper is using 3 worker threads, 1 I/O threads
[16:58:24 INFO]: Default game type: SURVIVAL
[16:58:24 INFO]: Generating keypair
[16:58:24 INFO]: Starting Minecraft server on *:25565
[16:58:24 INFO]: Paper: Using Java compression from Velocity.
[16:58:24 INFO]: Paper: Using Java cipher from Velocity.
[16:58:24 INFO]: [BranzMMO] Loading server plugin BranzMMO v1.0.0-SNAPSHOT
[16:58:24 INFO]: [BranzMMO] Enabling BranzMMO v1.0.0-SNAPSHOT
[16:58:24 INFO]: [BranzMMO] Loading and validating content snapshot from C:\Users\User\AppData\Local\BranzMMORPGHarness\repo\example-content\milestone-1
[16:58:24 WARN]: **** SERVER IS RUNNING IN OFFLINE/INSECURE MODE!
[16:58:24 WARN]: The server will make no attempt to authenticate usernames. Beware.
[16:58:24 WARN]: While this makes the game possible to play without internet access, it also opens up the ability for hackers to connect with any username they choose.
[16:58:24 WARN]: To change this, set "online-mode" to "true" in the server.properties file.
[16:58:24 INFO]: Preparing level "world"
[16:58:25 INFO]: Selecting spawn point for level 'minecraft:overworld'...
[16:58:27 INFO]: Selecting spawn point for level 'minecraft:the_nether'...
[16:58:28 INFO]: Selecting spawn point for level 'minecraft:the_end'...
[16:58:28 INFO]: Loading 0 persistent chunks for level 'minecraft:overworld'...
[16:58:28 INFO]: Preparing spawn area: 100%
[16:58:28 INFO]: Prepared spawn area in 3263 ms
[16:58:28 INFO]: Loading 0 persistent chunks for level 'minecraft:the_nether'...
[16:58:28 INFO]: Preparing spawn area: 100%
[16:58:28 INFO]: Prepared spawn area in 771 ms
[16:58:28 INFO]: Loading 0 persistent chunks for level 'minecraft:the_end'...
[16:58:28 INFO]: Preparing spawn area: 100%
[16:58:28 INFO]: Prepared spawn area in 320 ms
[16:58:28 INFO]: Done preparing level "world" (3.621s)
[16:58:28 INFO]: [spark] Starting background profiler...
[16:58:28 INFO]: [spark] The async-profiler engine is not supported for your os/arch (windows11/amd64), so the built-in Java engine will be used instead.
[16:58:28 INFO]: Saving chunks for level 'ServerLevel[world]'/minecraft:overworld
[16:58:28 INFO]: Saving chunks for level 'ServerLevel[world]'/minecraft:the_nether
[16:58:28 INFO]: Saving chunks for level 'ServerLevel[world]'/minecraft:the_end
[16:58:28 INFO]: ThreadedAnvilChunkStorage (world): All chunks are saved
[16:58:28 INFO]: ThreadedAnvilChunkStorage (DIM-1): All chunks are saved
[16:58:28 INFO]: ThreadedAnvilChunkStorage (DIM1): All chunks are saved
[16:58:28 INFO]: ThreadedAnvilChunkStorage: All dimensions are saved
[16:58:28 INFO]: Running delayed init tasks
[16:58:28 INFO]: Done (10.837s)! For help, type "help"
[16:58:28 INFO]: *************************************************************************************
[16:58:28 INFO]: This is the first time you're starting this server.
[16:58:28 INFO]: It's recommended you read our 'Getting Started' documentation for guidance.
[16:58:28 INFO]: View this and more helpful information here: https://docs.papermc.io/paper/next-steps
[16:58:28 INFO]: *************************************************************************************
[16:58:28 INFO]: [io.zonky.test.db.postgres.embedded.EmbeddedPostgres] Detected a Windows x86_64 system
[16:58:28 INFO]: [io.zonky.test.db.postgres.embedded.DefaultPostgresBinaryResolver] Detected distribution: 'Unknown'
[16:58:28 INFO]: [io.zonky.test.db.postgres.embedded.DefaultPostgresBinaryResolver] System specific postgres binaries found: 'postgres-windows-x86_64.txz'
[16:58:29 INFO]: [io.zonky.test.db.postgres.embedded.EmbeddedPostgres] Extracting Postgres...
[16:58:32 INFO]: [io.zonky.test.db.postgres.embedded.EmbeddedPostgres] Postgres binaries at C:\Users\User\AppData\Local\Temp\embedded-pg\PG-3942d5a1dcdbfebc27772e9e670d5d85
[16:58:33 INFO]: [io.zonky.test.db.postgres.embedded.EmbeddedPostgres] The files belonging to this database system will be owned by user "User".
[16:58:33 INFO]: [io.zonky.test.db.postgres.embedded.EmbeddedPostgres] This user must also own the server process.
[16:58:33 INFO]: [io.zonky.test.db.postgres.embedded.EmbeddedPostgres] 
[16:58:33 INFO]: [io.zonky.test.db.postgres.embedded.EmbeddedPostgres] The database cluster will be initialized with locale "English_United States.874".
[16:58:33 INFO]: [io.zonky.test.db.postgres.embedded.EmbeddedPostgres] The default text search configuration will be set to "english".
[16:58:33 INFO]: [io.zonky.test.db.postgres.embedded.EmbeddedPostgres] 
[16:58:33 INFO]: [io.zonky.test.db.postgres.embedded.EmbeddedPostgres] Data page checksums are disabled.
[16:58:33 INFO]: [io.zonky.test.db.postgres.embedded.EmbeddedPostgres] 
[16:58:33 INFO]: [io.zonky.test.db.postgres.embedded.EmbeddedPostgres] fixing permissions on existing directory C:/Users/User/AppData/Local/BranzMMORPGHarness/repo/mmo-bootstrap/run/plugins/BranzMMO/embedded-postgres ... ok
[16:58:33 INFO]: [io.zonky.test.db.postgres.embedded.EmbeddedPostgres] creating subdirectories ... ok
[16:58:33 INFO]: [io.zonky.test.db.postgres.embedded.EmbeddedPostgres] selecting dynamic shared memory implementation ... windows
[16:58:33 INFO]: [io.zonky.test.db.postgres.embedded.EmbeddedPostgres] selecting default max_connections ... 100
[16:58:33 INFO]: [io.zonky.test.db.postgres.embedded.EmbeddedPostgres] selecting default shared_buffers ... 128MB
[16:58:33 INFO]: [io.zonky.test.db.postgres.embedded.EmbeddedPostgres] selecting default time zone ... Asia/Bangkok
[16:58:33 INFO]: [io.zonky.test.db.postgres.embedded.EmbeddedPostgres] creating configuration files ... ok
[16:58:35 INFO]: [io.zonky.test.db.postgres.embedded.EmbeddedPostgres] running bootstrap script ... ok
[16:58:37 INFO]: [io.zonky.test.db.postgres.embedded.EmbeddedPostgres] performing post-bootstrap initialization ... ok
[16:58:41 INFO]: [io.zonky.test.db.postgres.embedded.EmbeddedPostgres] syncing data to disk ... ok
[16:58:41 INFO]: [io.zonky.test.db.postgres.embedded.EmbeddedPostgres] 
[16:58:41 INFO]: [io.zonky.test.db.postgres.embedded.EmbeddedPostgres] Success. You can now start the database server using:
[16:58:41 INFO]: [io.zonky.test.db.postgres.embedded.EmbeddedPostgres] 
[16:58:41 INFO]: [io.zonky.test.db.postgres.embedded.EmbeddedPostgres]     ^"C^:^\Users^\User^\AppData^\Local^\Temp^\embedded^-pg^\PG^-3942d5a1dcdbfebc27772e9e670d5d85^\bin^\pg^_ctl^" -D ^"C^:^\Users^\User^\AppData^\Local^\BranzMMORPGHarness^\repo^\mmo^-bootstrap^\run^\plugins^\BranzMMO^\embedded^-postgres^" -l logfile start
[16:58:41 INFO]: [io.zonky.test.db.postgres.embedded.EmbeddedPostgres] 
[16:58:41 INFO]: [io.zonky.test.db.postgres.embedded.EmbeddedPostgres] ae1d10df-0152-45af-8027-12a30b38d993 initdb completed in 00:00:08.961
[16:58:41 INFO]: [io.zonky.test.db.postgres.embedded.EmbeddedPostgres] ae1d10df-0152-45af-8027-12a30b38d993 postmaster started as Process[pid=13444, exitValue="not exited"] on port 64327.  Waiting up to PT10S for server startup to finish.
[16:58:41 INFO]: [io.zonky.test.db.postgres.embedded.EmbeddedPostgres] waiting for server to start....2026-09-16 16:58:41.956 +07 [19936] LOG:  starting PostgreSQL 14.22, compiled by Visual C++ build 1944, 64-bit
[16:58:41 INFO]: [io.zonky.test.db.postgres.embedded.EmbeddedPostgres] 2026-09-16 16:58:41.961 +07 [19936] LOG:  listening on IPv6 address "::1", port 64327
[16:58:41 INFO]: [io.zonky.test.db.postgres.embedded.EmbeddedPostgres] 2026-09-16 16:58:41.961 +07 [19936] LOG:  listening on IPv4 address "127.0.0.1", port 64327
[16:58:41 INFO]: [io.zonky.test.db.postgres.embedded.EmbeddedPostgres] 2026-09-16 16:58:41.994 +07 [1492] LOG:  database system was shut down at 2026-09-16 16:58:37 +07
[16:58:42 INFO]: [io.zonky.test.db.postgres.embedded.EmbeddedPostgres] 2026-09-16 16:58:42.041 +07 [19936] LOG:  database system is ready to accept connections
[16:58:42 INFO]: [io.zonky.test.db.postgres.embedded.EmbeddedPostgres]  done
[16:58:42 INFO]: [io.zonky.test.db.postgres.embedded.EmbeddedPostgres] server started
[16:58:42 INFO]: [io.zonky.test.db.postgres.embedded.EmbeddedPostgres] ae1d10df-0152-45af-8027-12a30b38d993 postmaster startup finished in 00:00:00.599
[16:58:43 INFO]: [BranzMMO] Milestone 3 runtime ready; item definitions=20, move definitions=6, spell definitions=5, technique definitions=5, form definitions=4, ailment definitions=6, encounter reward definitions=1, Scene presentation=WORLD_BACKED
[16:58:43 INFO]: [BranzMMO] Provider asset.oraxen=UNAVAILABLE [OPTIONAL]: plugin is not installed: Oraxen
[16:58:43 INFO]: [BranzMMO] Provider mob.mythicmobs=UNAVAILABLE [OPTIONAL]: plugin is not installed: MythicMobs
[16:58:43 INFO]: [BranzMMO] Provider packet.packetevents=UNAVAILABLE [OPTIONAL]: plugin is not installed: packetevents
[16:58:43 INFO]: [BranzMMO] Provider region.worldguard=UNAVAILABLE [OPTIONAL]: plugin is not installed: WorldGuard
[16:58:43 INFO]: [BranzMMO] Provider wallet.external=UNAVAILABLE [OPTIONAL]: plugin is not installed: Wallet
[16:58:43 WARN]: [BranzMMO] asset.oraxen [OPTIONAL]: plugin is not installed: Oraxen
[16:58:43 WARN]: [BranzMMO] mob.mythicmobs [OPTIONAL]: plugin is not installed: MythicMobs
[16:58:43 WARN]: [BranzMMO] packet.packetevents [OPTIONAL]: plugin is not installed: packetevents
[16:58:43 WARN]: [BranzMMO] region.worldguard [OPTIONAL]: plugin is not installed: WorldGuard
[16:58:43 WARN]: [BranzMMO] wallet.external [OPTIONAL]: plugin is not installed: Wallet
[16:58:43 INFO]: [BranzMMO] Branz MMO startup DEGRADED; content=v1.milestone-1.example.4, definitions=48
[16:58:43 INFO]: [BranzMMO] PostgreSQL runtime ready; mode=EMBEDDED_LOCAL, server-instance=local-0845c907-17e5-4978-9190-771e5a9b4bab
[16:58:43 INFO]: [BranzMMO] Death Pouch reconciliation is ready.
[16:58:43 INFO]: [BranzMMO] Recovered 0 boss encounter(s) from V0009.
[16:58:43 INFO]: [BranzMMO] Recovered 0 downed encounter(s) from V0010.
[16:59:59 INFO]: UUID of player Player0 is 2654e3c3-150d-3857-a426-0b141796a4e0
[17:00:03 INFO]: Player0 joined the game
[17:00:03 INFO]: Player0[/127.0.0.1:62793] logged in with entity id 41 at ([minecraft:overworld]-20.5, 95.0, -38.5)
[17:00:04 INFO]: Made Player0 a server operator
[17:00:04 INFO]: Set 7 experience levels on Player0
[17:00:04 INFO]: Player0 issued server command: /item replace entity @s hotbar.0 with minecraft:stone
[17:00:04 INFO]: [Player0: Replaced a slot on Player0 with [Stone]]
[17:00:04 INFO]: Player0 issued server command: /item replace entity @s hotbar.1 with minecraft:stone
[17:00:04 INFO]: [Player0: Replaced a slot on Player0 with [Stone]]
[17:00:04 INFO]: Player0 issued server command: /item replace entity @s hotbar.2 with minecraft:stone
[17:00:04 INFO]: [Player0: Replaced a slot on Player0 with [Stone]]
[17:00:05 INFO]: Player0 issued server command: /item replace entity @s hotbar.3 with minecraft:stone
[17:00:05 INFO]: [Player0: Replaced a slot on Player0 with [Stone]]
[17:00:05 INFO]: Player0 issued server command: /item replace entity @s hotbar.4 with minecraft:stone
[17:00:05 INFO]: [Player0: Replaced a slot on Player0 with [Stone]]
[17:00:05 INFO]: Player0 issued server command: /item replace entity @s hotbar.5 with minecraft:stone
[17:00:05 INFO]: [Player0: Replaced a slot on Player0 with [Stone]]
[17:00:05 INFO]: Player0 issued server command: /item replace entity @s hotbar.6 with minecraft:stone
[17:00:05 INFO]: [Player0: Replaced a slot on Player0 with [Stone]]
[17:00:05 INFO]: Player0 issued server command: /item replace entity @s hotbar.7 with minecraft:stone
[17:00:05 INFO]: [Player0: Replaced a slot on Player0 with [Stone]]
[17:00:05 INFO]: Player0 issued server command: /item replace entity @s hotbar.7 with minecraft:air
[17:00:05 INFO]: [Player0: Replaced a slot on Player0 with [Air]]
[17:00:05 INFO]: Player0 issued server command: /mmo dev
[17:00:06 INFO]: Player0 issued server command: /item replace entity @s hotbar.6 with minecraft:air
[17:00:06 INFO]: [Player0: Replaced a slot on Player0 with [Air]]
[17:00:07 INFO]: Player0 issued server command: /mmo dev
[17:00:07 INFO]: Player0 issued server command: /item replace entity @s hotbar.5 with minecraft:air
[17:00:07 INFO]: [Player0: Replaced a slot on Player0 with [Air]]
[17:00:07 INFO]: Player0 issued server command: /mmo dev
[17:00:09 INFO]: Player0 issued server command: /mmo physical status
[17:00:09 INFO]: Player0 issued server command: /mmo physical status
[17:00:10 INFO]: Player0 issued server command: /mmo physical status
[17:00:21 INFO]: Player0 lost connection: Disconnected
[17:00:21 INFO]: Player0 left the game
[17:00:22 INFO]: Stopping the server
[17:00:22 INFO]: Stopping server
[17:00:22 INFO]: [BranzMMO] Disabling BranzMMO v1.0.0-SNAPSHOT
[17:00:22 INFO]: [io.zonky.test.db.postgres.embedded.EmbeddedPostgres] 2026-09-16 17:00:22.897 +07 [19936] LOG:  received fast shutdown request
[17:00:22 INFO]: [io.zonky.test.db.postgres.embedded.EmbeddedPostgres] 2026-09-16 17:00:22.898 +07 [19936] LOG:  aborting any active transactions
[17:00:22 INFO]: [io.zonky.test.db.postgres.embedded.EmbeddedPostgres] 2026-09-16 17:00:22.903 +07 [19936] LOG:  background worker "logical replication launcher" (PID 15800) exited with exit code 1
[17:00:22 INFO]: [io.zonky.test.db.postgres.embedded.EmbeddedPostgres] 2026-09-16 17:00:22.903 +07 [21696] LOG:  shutting down
[17:00:23 INFO]: [io.zonky.test.db.postgres.embedded.EmbeddedPostgres] 2026-09-16 17:00:23.085 +07 [19936] LOG:  database system is shut down
[17:00:23 INFO]: [io.zonky.test.db.postgres.embedded.EmbeddedPostgres] waiting for server to shut down.... done
[17:00:23 INFO]: [io.zonky.test.db.postgres.embedded.EmbeddedPostgres] server stopped
[17:00:23 INFO]: [io.zonky.test.db.postgres.embedded.EmbeddedPostgres] ae1d10df-0152-45af-8027-12a30b38d993 shut down postmaster in 00:00:00.253
[17:00:23 INFO]: [io.zonky.test.db.postgres.embedded.EmbeddedPostgres] Did not clean up directory C:\Users\User\AppData\Local\BranzMMORPGHarness\repo\mmo-bootstrap\run\plugins\BranzMMO\embedded-postgres
[17:00:23 INFO]: [BranzMMO] Branz MMO platform disabled cleanly.
[17:00:23 INFO]: Saving players
[17:00:23 INFO]: Saving worlds
[17:00:23 INFO]: Saving chunks for level 'ServerLevel[world]'/minecraft:overworld
[17:00:23 INFO]: [ChunkHolderManager] Waiting 60s for chunk system to halt for world 'minecraft:overworld'
[17:00:23 INFO]: [ChunkHolderManager] Halted chunk system for world 'minecraft:overworld'
[17:00:23 INFO]: [ChunkHolderManager] Saving all chunkholders for world 'minecraft:overworld'
[17:00:24 INFO]: [ChunkHolderManager] Saved 2209 block chunks, 625 entity chunks, 31 poi chunks in world 'minecraft:overworld' in 1.41s
[17:00:24 INFO]: [ChunkHolderManager] Waiting 60s for chunk I/O to halt for world 'minecraft:overworld'
[17:00:24 INFO]: [ChunkHolderManager] Halted I/O scheduler for world 'minecraft:overworld'
[17:00:24 INFO]: Saving chunks for level 'ServerLevel[world]'/minecraft:the_nether
[17:00:24 INFO]: [ChunkHolderManager] Waiting 60s for chunk system to halt for world 'minecraft:the_nether'
[17:00:24 INFO]: [ChunkHolderManager] Halted chunk system for world 'minecraft:the_nether'
[17:00:24 INFO]: [ChunkHolderManager] Saving all chunkholders for world 'minecraft:the_nether'
[17:00:24 INFO]: [ChunkHolderManager] Saved 0 block chunks, 0 entity chunks, 0 poi chunks in world 'minecraft:the_nether' in 0.00s
[17:00:24 INFO]: [ChunkHolderManager] Waiting 60s for chunk I/O to halt for world 'minecraft:the_nether'
[17:00:24 INFO]: [ChunkHolderManager] Halted I/O scheduler for world 'minecraft:the_nether'
[17:00:24 INFO]: Saving chunks for level 'ServerLevel[world]'/minecraft:the_end
[17:00:24 INFO]: [ChunkHolderManager] Waiting 60s for chunk system to halt for world 'minecraft:the_end'
[17:00:24 INFO]: [ChunkHolderManager] Halted chunk system for world 'minecraft:the_end'
[17:00:24 INFO]: [ChunkHolderManager] Saving all chunkholders for world 'minecraft:the_end'
[17:00:24 INFO]: [ChunkHolderManager] Saved 0 block chunks, 0 entity chunks, 0 poi chunks in world 'minecraft:the_end' in 0.01s
[17:00:24 INFO]: [ChunkHolderManager] Waiting 60s for chunk I/O to halt for world 'minecraft:the_end'
[17:00:24 INFO]: [ChunkHolderManager] Halted I/O scheduler for world 'minecraft:the_end'
[17:00:24 INFO]: ThreadedAnvilChunkStorage (world): All chunks are saved
[17:00:24 INFO]: ThreadedAnvilChunkStorage (DIM-1): All chunks are saved
[17:00:24 INFO]: ThreadedAnvilChunkStorage (DIM1): All chunks are saved
[17:00:24 INFO]: ThreadedAnvilChunkStorage: All dimensions are saved
[17:00:24 INFO]: Waiting for all RegionFile I/O tasks to complete...
[17:00:24 INFO]: All RegionFile I/O tasks to complete
[17:00:24 INFO]: [MoonriseCommon] Awaiting termination of worker pool for up to 60s...
[17:00:24 INFO]: [MoonriseCommon] Awaiting termination of I/O pool for up to 60s...

BUILD SUCCESSFUL in 2m 40s
39 actionable tasks: 1 executed, 38 up-to-date
Consider enabling configuration cache to speed up this build: https://docs.gradle.org/9.1.0/userguide/configuration_cache_enabling.html
