To honour the JVM settings for this build a single-use Daemon process will be forked. For more on this, please refer to https://docs.gradle.org/9.1.0/userguide/gradle_daemon.html#sec:disabling_the_daemon in the Gradle documentation.
Daemon will be stopped at the end of the build 
> Task :mmo-api:compileJava UP-TO-DATE
> Task :mmo-api:processResources NO-SOURCE
> Task :mmo-api:classes UP-TO-DATE
> Task :mmo-api:jar UP-TO-DATE
> Task :mmo-content:compileJava UP-TO-DATE
> Task :mmo-combat:compileJava UP-TO-DATE
> Task :mmo-integrations:compileJava UP-TO-DATE
> Task :mmo-items:compileJava UP-TO-DATE
> Task :mmo-lifeskills:compileJava UP-TO-DATE
> Task :mmo-magic:compileJava UP-TO-DATE
> Task :mmo-progression:compileJava UP-TO-DATE
> Task :mmo-persistence:compileJava UP-TO-DATE
> Task :mmo-scenes:compileJava UP-TO-DATE
> Task :mmo-social:compileJava UP-TO-DATE
> Task :mmo-worldloop:compileJava UP-TO-DATE
> Task :mmo-integrations:integration-mythicmobs:compileJava UP-TO-DATE
> Task :mmo-integrations:integration-oraxen:compileJava UP-TO-DATE
> Task :mmo-integrations:integration-packetevents:compileJava UP-TO-DATE
> Task :mmo-integrations:integration-wallet:compileJava UP-TO-DATE
> Task :mmo-integrations:integration-worldguard:compileJava UP-TO-DATE
> Task :mmo-bootstrap:compileJava UP-TO-DATE
> Task :mmo-bootstrap:processResources UP-TO-DATE
> Task :mmo-bootstrap:classes UP-TO-DATE
> Task :mmo-combat:processResources NO-SOURCE
> Task :mmo-combat:classes UP-TO-DATE
> Task :mmo-combat:jar UP-TO-DATE
> Task :mmo-content:processResources NO-SOURCE
> Task :mmo-content:classes UP-TO-DATE
> Task :mmo-content:jar UP-TO-DATE
> Task :mmo-integrations:processResources NO-SOURCE
> Task :mmo-integrations:classes UP-TO-DATE
> Task :mmo-integrations:jar UP-TO-DATE
> Task :mmo-items:processResources NO-SOURCE
> Task :mmo-items:classes UP-TO-DATE
> Task :mmo-items:jar UP-TO-DATE
> Task :mmo-lifeskills:processResources NO-SOURCE
> Task :mmo-lifeskills:classes UP-TO-DATE
> Task :mmo-lifeskills:jar UP-TO-DATE
> Task :mmo-magic:processResources NO-SOURCE
> Task :mmo-magic:classes UP-TO-DATE
> Task :mmo-magic:jar UP-TO-DATE
> Task :mmo-persistence:processResources UP-TO-DATE
> Task :mmo-persistence:classes UP-TO-DATE
> Task :mmo-persistence:jar UP-TO-DATE
> Task :mmo-progression:processResources NO-SOURCE
> Task :mmo-progression:classes UP-TO-DATE
> Task :mmo-progression:jar UP-TO-DATE
> Task :mmo-scenes:processResources NO-SOURCE
> Task :mmo-scenes:classes UP-TO-DATE
> Task :mmo-scenes:jar UP-TO-DATE
> Task :mmo-social:processResources NO-SOURCE
> Task :mmo-social:classes UP-TO-DATE
> Task :mmo-social:jar UP-TO-DATE
> Task :mmo-worldloop:processResources NO-SOURCE
> Task :mmo-worldloop:classes UP-TO-DATE
> Task :mmo-worldloop:jar UP-TO-DATE
> Task :mmo-integrations:integration-mythicmobs:processResources NO-SOURCE
> Task :mmo-integrations:integration-mythicmobs:classes UP-TO-DATE
> Task :mmo-integrations:integration-mythicmobs:jar UP-TO-DATE
> Task :mmo-integrations:integration-oraxen:processResources NO-SOURCE
> Task :mmo-integrations:integration-oraxen:classes UP-TO-DATE
> Task :mmo-integrations:integration-oraxen:jar UP-TO-DATE
> Task :mmo-integrations:integration-packetevents:processResources NO-SOURCE
> Task :mmo-integrations:integration-packetevents:classes UP-TO-DATE
> Task :mmo-integrations:integration-packetevents:jar UP-TO-DATE
> Task :mmo-integrations:integration-wallet:processResources NO-SOURCE
> Task :mmo-integrations:integration-wallet:classes UP-TO-DATE
> Task :mmo-integrations:integration-wallet:jar UP-TO-DATE
> Task :mmo-integrations:integration-worldguard:processResources NO-SOURCE
> Task :mmo-integrations:integration-worldguard:classes UP-TO-DATE
> Task :mmo-integrations:integration-worldguard:jar UP-TO-DATE
> Task :mmo-bootstrap:shadowJar UP-TO-DATE

> Task :mmo-bootstrap:runServer
Located Paper 26.2 build 112 in local cache.
Starting Paper...

Starting org.bukkit.craftbukkit.Main
2026-08-18T15:31:51.598032Z ServerMain WARN Advanced terminal features are not available in this environment
[22:31:51 INFO]: [bootstrap] Running Java 25 (OpenJDK 64-Bit Server VM 25.0.3+9-LTS; Eclipse Adoptium Temurin-25.0.3+9) on Windows 11 10.0 (amd64)
[22:31:51 INFO]: [bootstrap] Loading Paper 26.2-112-main@c9e894d (2026-08-11T05:18:39Z) for Minecraft 26.2
[22:31:51 INFO]: [PluginInitializerManager] Initializing plugins...
[22:31:52 INFO]: [PluginInitializerManager] Initialized 1 plugin
[22:31:52 INFO]: [PluginInitializerManager] Bukkit plugins (1):
 - BranzMMO (1.0.0-SNAPSHOT)
WARNING: A terminally deprecated method in sun.misc.Unsafe has been called
WARNING: sun.misc.Unsafe::objectFieldOffset has been called by org.joml.MemUtil$MemUtilUnsafe (file:/C:/Users/User/AppData/Local/BranzMMORPGHarness/repo/mmo-bootstrap/run/libraries/org/joml/joml/1.10.8/joml-1.10.8.jar)
WARNING: Please consider reporting this to the maintainers of class org.joml.MemUtil$MemUtilUnsafe
WARNING: sun.misc.Unsafe::objectFieldOffset will be removed in a future release
[22:31:58 INFO]: [ca.spottedleaf.dataconverter.minecraft.datatypes.MCTypeRegistry] Initialising converters for DataConverter...
[22:31:58 INFO]: Environment: Environment[sessionHost=https://sessionserver.mojang.com, servicesHost=https://api.minecraftservices.com, profilesHost=https://api.mojang.com, name=PROD]
[22:31:59 INFO]: [ca.spottedleaf.dataconverter.minecraft.datatypes.MCTypeRegistry] Finished initialising converters for DataConverter in 994.4ms
[22:32:01 INFO]: Loaded 1585 recipes
[22:32:01 INFO]: Loaded 1688 advancements
[22:32:02 INFO]: Starting minecraft server version 26.2
[22:32:02 INFO]: Loading properties
[22:32:02 INFO]: This server is running Paper version 26.2-112-main@c9e894d (2026-08-11T05:18:39Z) (Implementing API version 26.2.build.112-stable)
[22:32:02 INFO]: [spark] This server bundles the spark profiler. For more information please visit https://docs.papermc.io/paper/profiling
[22:32:02 INFO]: Server Ping Player Sample Count: 12
[22:32:02 INFO]: Using 4 threads for Netty based IO
[22:32:02 INFO]: [MoonriseCommon] Paper is using 3 worker threads, 1 I/O threads
[22:32:03 INFO]: Default game type: SURVIVAL
[22:32:03 INFO]: Generating keypair
[22:32:03 INFO]: Starting Minecraft server on *:25565
[22:32:03 INFO]: Paper: Using Java compression from Velocity.
[22:32:03 INFO]: Paper: Using Java cipher from Velocity.
[22:32:03 INFO]: [BranzMMO] Loading server plugin BranzMMO v1.0.0-SNAPSHOT
[22:32:03 INFO]: [BranzMMO] Enabling BranzMMO v1.0.0-SNAPSHOT
[22:32:03 INFO]: [BranzMMO] Loading and validating content snapshot from C:\Users\User\AppData\Local\BranzMMORPGHarness\repo\example-content\milestone-1
[22:32:03 WARN]: **** SERVER IS RUNNING IN OFFLINE/INSECURE MODE!
[22:32:03 WARN]: The server will make no attempt to authenticate usernames. Beware.
[22:32:03 WARN]: While this makes the game possible to play without internet access, it also opens up the ability for hackers to connect with any username they choose.
[22:32:03 WARN]: To change this, set "online-mode" to "true" in the server.properties file.
[22:32:03 INFO]: Preparing level "world"
[22:32:04 INFO]: Loading 0 persistent chunks for level 'minecraft:overworld'...
[22:32:04 INFO]: Preparing spawn area: 100%
[22:32:04 INFO]: Prepared spawn area in 2 ms
[22:32:04 INFO]: Loading 0 persistent chunks for level 'minecraft:the_nether'...
[22:32:04 INFO]: Prepared spawn area in 8 ms
[22:32:04 INFO]: Loading 0 persistent chunks for level 'minecraft:the_end'...
[22:32:04 INFO]: Preparing spawn area: 100%
[22:32:04 INFO]: Prepared spawn area in 14 ms
[22:32:04 INFO]: Done preparing level "world" (0.752s)
[22:32:04 INFO]: [spark] Starting background profiler...
[22:32:04 INFO]: [spark] The async-profiler engine is not supported for your os/arch (windows11/amd64), so the built-in Java engine will be used instead.
[22:32:04 INFO]: Saving chunks for level 'ServerLevel[world]'/minecraft:overworld
[22:32:04 INFO]: Saving chunks for level 'ServerLevel[world]'/minecraft:the_nether
[22:32:04 INFO]: Saving chunks for level 'ServerLevel[world]'/minecraft:the_end
[22:32:04 INFO]: ThreadedAnvilChunkStorage (world): All chunks are saved
[22:32:04 INFO]: ThreadedAnvilChunkStorage (DIM-1): All chunks are saved
[22:32:04 INFO]: ThreadedAnvilChunkStorage (DIM1): All chunks are saved
[22:32:04 INFO]: ThreadedAnvilChunkStorage: All dimensions are saved
[22:32:04 INFO]: Running delayed init tasks
[22:32:04 INFO]: Done (14.025s)! For help, type "help"
[22:32:04 INFO]: [io.zonky.test.db.postgres.embedded.EmbeddedPostgres] Detected a Windows x86_64 system
[22:32:04 INFO]: [io.zonky.test.db.postgres.embedded.DefaultPostgresBinaryResolver] Detected distribution: 'Unknown'
[22:32:04 INFO]: [io.zonky.test.db.postgres.embedded.DefaultPostgresBinaryResolver] System specific postgres binaries found: 'postgres-windows-x86_64.txz'
[22:32:05 INFO]: [io.zonky.test.db.postgres.embedded.EmbeddedPostgres] Postgres binaries at C:\Users\User\AppData\Local\Temp\embedded-pg\PG-3942d5a1dcdbfebc27772e9e670d5d85
[22:32:05 INFO]: [io.zonky.test.db.postgres.embedded.EmbeddedPostgres] d6deb273-4858-4d2c-807d-a1a3bb3322f6 postmaster started as Process[pid=21788, exitValue="not exited"] on port 55976.  Waiting up to PT10S for server startup to finish.
[22:32:05 INFO]: [io.zonky.test.db.postgres.embedded.EmbeddedPostgres] waiting for server to start....2026-08-18 22:32:05.676 +07 [30520] LOG:  starting PostgreSQL 14.22, compiled by Visual C++ build 1944, 64-bit
[22:32:05 INFO]: [io.zonky.test.db.postgres.embedded.EmbeddedPostgres] 2026-08-18 22:32:05.691 +07 [30520] LOG:  listening on IPv6 address "::1", port 55976
[22:32:05 INFO]: [io.zonky.test.db.postgres.embedded.EmbeddedPostgres] 2026-08-18 22:32:05.691 +07 [30520] LOG:  listening on IPv4 address "127.0.0.1", port 55976
[22:32:05 INFO]: [io.zonky.test.db.postgres.embedded.EmbeddedPostgres] 2026-08-18 22:32:05.772 +07 [13800] LOG:  database system was shut down at 2026-08-18 22:31:29 +07
[22:32:05 INFO]: [io.zonky.test.db.postgres.embedded.EmbeddedPostgres] 2026-08-18 22:32:05.878 +07 [30520] LOG:  database system is ready to accept connections
[22:32:05 INFO]: [io.zonky.test.db.postgres.embedded.EmbeddedPostgres]  done
[22:32:05 INFO]: [io.zonky.test.db.postgres.embedded.EmbeddedPostgres] server started
[22:32:06 INFO]: [io.zonky.test.db.postgres.embedded.EmbeddedPostgres] d6deb273-4858-4d2c-807d-a1a3bb3322f6 postmaster startup finished in 00:00:01.354
[22:32:09 INFO]: [BranzMMO] Milestone 3 runtime ready; item definitions=20, move definitions=6, spell definitions=5, technique definitions=5, form definitions=4, ailment definitions=6, encounter reward definitions=1, Scene presentation=WORLD_BACKED
[22:32:09 INFO]: [BranzMMO] Provider asset.oraxen=UNAVAILABLE [OPTIONAL]: plugin is not installed: Oraxen
[22:32:09 INFO]: [BranzMMO] Provider mob.mythicmobs=UNAVAILABLE [OPTIONAL]: plugin is not installed: MythicMobs
[22:32:09 INFO]: [BranzMMO] Provider packet.packetevents=UNAVAILABLE [OPTIONAL]: plugin is not installed: packetevents
[22:32:09 INFO]: [BranzMMO] Provider region.worldguard=UNAVAILABLE [OPTIONAL]: plugin is not installed: WorldGuard
[22:32:09 INFO]: [BranzMMO] Provider wallet.external=UNAVAILABLE [OPTIONAL]: plugin is not installed: Wallet
[22:32:09 WARN]: [BranzMMO] asset.oraxen [OPTIONAL]: plugin is not installed: Oraxen
[22:32:09 WARN]: [BranzMMO] mob.mythicmobs [OPTIONAL]: plugin is not installed: MythicMobs
[22:32:09 WARN]: [BranzMMO] packet.packetevents [OPTIONAL]: plugin is not installed: packetevents
[22:32:09 WARN]: [BranzMMO] region.worldguard [OPTIONAL]: plugin is not installed: WorldGuard
[22:32:09 WARN]: [BranzMMO] wallet.external [OPTIONAL]: plugin is not installed: Wallet
[22:32:09 INFO]: [BranzMMO] Branz MMO startup DEGRADED; content=v1.milestone-1.example.4, definitions=48
[22:32:09 INFO]: [BranzMMO] PostgreSQL runtime ready; mode=EMBEDDED_LOCAL, server-instance=local-df587a3c-a664-444f-b857-91b454e84e3a
[22:32:09 INFO]: [BranzMMO] Recovered 0 boss encounter(s) from V0009.
[22:32:09 INFO]: [BranzMMO] Death Pouch reconciliation is ready.
[22:32:09 INFO]: [BranzMMO] Recovered 0 downed encounter(s) from V0010.
[22:32:48 INFO]: UUID of player Player0 is 2654e3c3-150d-3857-a426-0b141796a4e0
[22:32:51 INFO]: Player0 joined the game
[22:32:51 INFO]: Player0[/127.0.0.1:56045] logged in with entity id 100 at ([minecraft:overworld]-20.5, 85.0, 23.5)
[22:32:52 INFO]: Nothing changed. The player already is an operator
[22:32:52 INFO]: Set 7 experience levels on Player0
[22:32:54 INFO]: Player0 issued server command: /mmo physical status
[22:32:55 INFO]: Player0 issued server command: /mmo physical status
[22:32:57 INFO]: Player0 issued server command: /mmo physical status
[22:32:58 INFO]: Player0 issued server command: /mmo physical status
[22:32:59 INFO]: Player0 issued server command: /mmo physical status
[22:32:59 INFO]: Player0 lost connection: Disconnected
[22:32:59 INFO]: Player0 left the game
[22:32:59 INFO]: Stopping the server
[22:32:59 INFO]: Stopping server
[22:32:59 INFO]: [BranzMMO] Disabling BranzMMO v1.0.0-SNAPSHOT
[22:32:59 ERROR]: [STDERR] [me.lucko.spark.paper.common.util.log.Logger$1] Uncaught exception thrown in thread spark-java-sampler-2-thread-2
[22:32:59 WARN]: java.util.concurrent.CancellationException
[22:32:59 WARN]: 	at java.base/java.util.concurrent.FutureTask.report(FutureTask.java:123)
[22:32:59 WARN]: 	at java.base/java.util.concurrent.FutureTask.get(FutureTask.java:193)
[22:32:59 WARN]: 	at me.lucko.spark.paper.common.util.SparkScheduledThreadPoolExecutor.afterExecute(SparkScheduledThreadPoolExecutor.java:48)
[22:32:59 WARN]: 	at java.base/java.util.concurrent.ThreadPoolExecutor.runWorker(ThreadPoolExecutor.java:1091)
[22:32:59 WARN]: 	at java.base/java.util.concurrent.ThreadPoolExecutor$Worker.run(ThreadPoolExecutor.java:614)
[22:32:59 WARN]: 	at java.base/java.lang.Thread.run(Thread.java:1474)
[22:32:59 INFO]: [io.zonky.test.db.postgres.embedded.EmbeddedPostgres] 2026-08-18 22:32:59.662 +07 [30520] LOG:  received fast shutdown request
[22:32:59 INFO]: [io.zonky.test.db.postgres.embedded.EmbeddedPostgres] 2026-08-18 22:32:59.666 +07 [30520] LOG:  aborting any active transactions
[22:32:59 INFO]: [io.zonky.test.db.postgres.embedded.EmbeddedPostgres] 2026-08-18 22:32:59.741 +07 [30520] LOG:  background worker "logical replication launcher" (PID 28112) exited with exit code 1
[22:32:59 INFO]: [io.zonky.test.db.postgres.embedded.EmbeddedPostgres] 2026-08-18 22:32:59.751 +07 [8308] LOG:  shutting down
[22:32:59 INFO]: [io.zonky.test.db.postgres.embedded.EmbeddedPostgres] 2026-08-18 22:32:59.965 +07 [30520] LOG:  database system is shut down
[22:32:59 INFO]: [io.zonky.test.db.postgres.embedded.EmbeddedPostgres] waiting for server to shut down.... done
[22:32:59 INFO]: [io.zonky.test.db.postgres.embedded.EmbeddedPostgres] server stopped
[22:32:59 INFO]: [io.zonky.test.db.postgres.embedded.EmbeddedPostgres] d6deb273-4858-4d2c-807d-a1a3bb3322f6 shut down postmaster in 00:00:00.491
[22:33:00 INFO]: [io.zonky.test.db.postgres.embedded.EmbeddedPostgres] Did not clean up directory C:\Users\User\AppData\Local\BranzMMORPGHarness\repo\mmo-bootstrap\run\plugins\BranzMMO\embedded-postgres
[22:33:00 INFO]: [BranzMMO] Branz MMO platform disabled cleanly.
[22:33:00 INFO]: Saving players
[22:33:00 INFO]: Saving worlds
[22:33:00 INFO]: Saving chunks for level 'ServerLevel[world]'/minecraft:overworld
[22:33:00 INFO]: [ChunkHolderManager] Waiting 60s for chunk system to halt for world 'minecraft:overworld'
[22:33:00 INFO]: [ChunkHolderManager] Halted chunk system for world 'minecraft:overworld'
[22:33:00 INFO]: [ChunkHolderManager] Saving all chunkholders for world 'minecraft:overworld'
[22:33:01 INFO]: [ChunkHolderManager] Saved 1755 block chunks, 297 entity chunks, 0 poi chunks in world 'minecraft:overworld' in 1.52s
[22:33:01 INFO]: [ChunkHolderManager] Waiting 60s for chunk I/O to halt for world 'minecraft:overworld'
[22:33:01 INFO]: [ChunkHolderManager] Halted I/O scheduler for world 'minecraft:overworld'
[22:33:01 INFO]: Saving chunks for level 'ServerLevel[world]'/minecraft:the_nether
[22:33:01 INFO]: [ChunkHolderManager] Waiting 60s for chunk system to halt for world 'minecraft:the_nether'
[22:33:01 INFO]: [ChunkHolderManager] Halted chunk system for world 'minecraft:the_nether'
[22:33:01 INFO]: [ChunkHolderManager] Saving all chunkholders for world 'minecraft:the_nether'
[22:33:01 INFO]: [ChunkHolderManager] Saved 0 block chunks, 0 entity chunks, 0 poi chunks in world 'minecraft:the_nether' in 0.00s
[22:33:01 INFO]: [ChunkHolderManager] Waiting 60s for chunk I/O to halt for world 'minecraft:the_nether'
[22:33:01 INFO]: [ChunkHolderManager] Halted I/O scheduler for world 'minecraft:the_nether'
[22:33:01 INFO]: Saving chunks for level 'ServerLevel[world]'/minecraft:the_end
[22:33:01 INFO]: [ChunkHolderManager] Waiting 60s for chunk system to halt for world 'minecraft:the_end'
[22:33:01 INFO]: [ChunkHolderManager] Halted chunk system for world 'minecraft:the_end'
[22:33:01 INFO]: [ChunkHolderManager] Saving all chunkholders for world 'minecraft:the_end'
[22:33:01 INFO]: [ChunkHolderManager] Saved 0 block chunks, 0 entity chunks, 0 poi chunks in world 'minecraft:the_end' in 0.00s
[22:33:01 INFO]: [ChunkHolderManager] Waiting 60s for chunk I/O to halt for world 'minecraft:the_end'
[22:33:01 INFO]: [ChunkHolderManager] Halted I/O scheduler for world 'minecraft:the_end'
[22:33:01 INFO]: ThreadedAnvilChunkStorage (world): All chunks are saved
[22:33:01 INFO]: ThreadedAnvilChunkStorage (DIM-1): All chunks are saved
[22:33:01 INFO]: ThreadedAnvilChunkStorage (DIM1): All chunks are saved
[22:33:01 INFO]: ThreadedAnvilChunkStorage: All dimensions are saved
[22:33:01 INFO]: Waiting for all RegionFile I/O tasks to complete...
[22:33:01 INFO]: All RegionFile I/O tasks to complete
[22:33:01 INFO]: [MoonriseCommon] Awaiting termination of worker pool for up to 60s...
[22:33:01 INFO]: [MoonriseCommon] Awaiting termination of I/O pool for up to 60s...

BUILD SUCCESSFUL in 1m 28s
39 actionable tasks: 1 executed, 38 up-to-date
Consider enabling configuration cache to speed up this build: https://docs.gradle.org/9.1.0/userguide/configuration_cache_enabling.html
