To honour the JVM settings for this build a single-use Daemon process will be forked. For more on this, please refer to https://docs.gradle.org/9.1.0/userguide/gradle_daemon.html#sec:disabling_the_daemon in the Gradle documentation.
Daemon will be stopped at the end of the build 
> Task :mmo-api:compileJava UP-TO-DATE
> Task :mmo-api:processResources NO-SOURCE
> Task :mmo-api:classes UP-TO-DATE
> Task :mmo-api:jar UP-TO-DATE
> Task :mmo-content:compileJava UP-TO-DATE
> Task :mmo-combat:compileJava UP-TO-DATE
> Task :mmo-integrations:compileJava UP-TO-DATE
> Task :mmo-items:compileJava UP-TO-DATE
> Task :mmo-lifeskills:compileJava UP-TO-DATE
> Task :mmo-magic:compileJava UP-TO-DATE
> Task :mmo-progression:compileJava UP-TO-DATE
> Task :mmo-persistence:compileJava UP-TO-DATE
> Task :mmo-scenes:compileJava UP-TO-DATE
> Task :mmo-social:compileJava UP-TO-DATE
> Task :mmo-worldloop:compileJava UP-TO-DATE
> Task :mmo-integrations:integration-mythicmobs:compileJava UP-TO-DATE
> Task :mmo-integrations:integration-oraxen:compileJava UP-TO-DATE
> Task :mmo-integrations:integration-packetevents:compileJava UP-TO-DATE
> Task :mmo-integrations:integration-wallet:compileJava UP-TO-DATE
> Task :mmo-integrations:integration-worldguard:compileJava UP-TO-DATE
> Task :mmo-bootstrap:compileJava
> Task :mmo-bootstrap:processResources UP-TO-DATE
> Task :mmo-bootstrap:classes
> Task :mmo-combat:processResources NO-SOURCE
> Task :mmo-combat:classes UP-TO-DATE
> Task :mmo-combat:jar UP-TO-DATE
> Task :mmo-content:processResources NO-SOURCE
> Task :mmo-content:classes UP-TO-DATE
> Task :mmo-content:jar UP-TO-DATE
> Task :mmo-integrations:processResources NO-SOURCE
> Task :mmo-integrations:classes UP-TO-DATE
> Task :mmo-integrations:jar UP-TO-DATE
> Task :mmo-items:processResources NO-SOURCE
> Task :mmo-items:classes UP-TO-DATE
> Task :mmo-items:jar UP-TO-DATE
> Task :mmo-lifeskills:processResources NO-SOURCE
> Task :mmo-lifeskills:classes UP-TO-DATE
> Task :mmo-lifeskills:jar UP-TO-DATE
> Task :mmo-magic:processResources NO-SOURCE
> Task :mmo-magic:classes UP-TO-DATE
> Task :mmo-magic:jar UP-TO-DATE
> Task :mmo-persistence:processResources UP-TO-DATE
> Task :mmo-persistence:classes UP-TO-DATE
> Task :mmo-persistence:jar UP-TO-DATE
> Task :mmo-progression:processResources NO-SOURCE
> Task :mmo-progression:classes UP-TO-DATE
> Task :mmo-progression:jar UP-TO-DATE
> Task :mmo-scenes:processResources NO-SOURCE
> Task :mmo-scenes:classes UP-TO-DATE
> Task :mmo-scenes:jar UP-TO-DATE
> Task :mmo-social:processResources NO-SOURCE
> Task :mmo-social:classes UP-TO-DATE
> Task :mmo-social:jar UP-TO-DATE
> Task :mmo-worldloop:processResources NO-SOURCE
> Task :mmo-worldloop:classes UP-TO-DATE
> Task :mmo-worldloop:jar UP-TO-DATE
> Task :mmo-integrations:integration-mythicmobs:processResources NO-SOURCE
> Task :mmo-integrations:integration-mythicmobs:classes UP-TO-DATE
> Task :mmo-integrations:integration-mythicmobs:jar UP-TO-DATE
> Task :mmo-integrations:integration-oraxen:processResources NO-SOURCE
> Task :mmo-integrations:integration-oraxen:classes UP-TO-DATE
> Task :mmo-integrations:integration-oraxen:jar UP-TO-DATE
> Task :mmo-integrations:integration-packetevents:processResources NO-SOURCE
> Task :mmo-integrations:integration-packetevents:classes UP-TO-DATE
> Task :mmo-integrations:integration-packetevents:jar UP-TO-DATE
> Task :mmo-integrations:integration-wallet:processResources NO-SOURCE
> Task :mmo-integrations:integration-wallet:classes UP-TO-DATE
> Task :mmo-integrations:integration-wallet:jar UP-TO-DATE
> Task :mmo-integrations:integration-worldguard:processResources NO-SOURCE
> Task :mmo-integrations:integration-worldguard:classes UP-TO-DATE
> Task :mmo-integrations:integration-worldguard:jar UP-TO-DATE
> Task :mmo-bootstrap:shadowJar

> Task :mmo-bootstrap:runServer
Fetching latest Paper build for version 26.2...
Latest build for 26.2 is 112.
Located Paper 26.2 build 112 in local cache.
Starting Paper...

Downloading mojang_26.2.jar
Applying patches
Starting org.bukkit.craftbukkit.Main
2026-08-12T20:57:47.423099Z ServerMain WARN Advanced terminal features are not available in this environment
[03:57:47 INFO]: [bootstrap] Running Java 25 (OpenJDK 64-Bit Server VM 25.0.3+9-LTS; Eclipse Adoptium Temurin-25.0.3+9) on Windows 11 10.0 (amd64)
[03:57:47 INFO]: [bootstrap] Loading Paper 26.2-112-main@c9e894d (2026-08-11T05:18:39Z) for Minecraft 26.2
[03:57:47 INFO]: [PluginInitializerManager] Initializing plugins...
[03:57:47 INFO]: [PluginInitializerManager] Initialized 1 plugin
[03:57:47 INFO]: [PluginInitializerManager] Bukkit plugins (1):
 - BranzMMO (1.0.0-SNAPSHOT)
WARNING: A terminally deprecated method in sun.misc.Unsafe has been called
WARNING: sun.misc.Unsafe::objectFieldOffset has been called by org.joml.MemUtil$MemUtilUnsafe (file:/C:/Users/User/AppData/Local/BranzMMORPGHarness/repo/mmo-bootstrap/run/libraries/org/joml/joml/1.10.8/joml-1.10.8.jar)
WARNING: Please consider reporting this to the maintainers of class org.joml.MemUtil$MemUtilUnsafe
WARNING: sun.misc.Unsafe::objectFieldOffset will be removed in a future release
[03:57:50 INFO]: [ca.spottedleaf.dataconverter.minecraft.datatypes.MCTypeRegistry] Initialising converters for DataConverter...
[03:57:50 INFO]: Environment: Environment[sessionHost=https://sessionserver.mojang.com, servicesHost=https://api.minecraftservices.com, profilesHost=https://api.mojang.com, name=PROD]
[03:57:51 INFO]: [ca.spottedleaf.dataconverter.minecraft.datatypes.MCTypeRegistry] Finished initialising converters for DataConverter in 303.7ms
[03:57:51 INFO]: Found new data pack paper, loading it automatically
[03:57:51 INFO]: No existing world data, creating new world
[03:57:52 INFO]: Loaded 1585 recipes
[03:57:52 INFO]: Loaded 1688 advancements
[03:57:52 INFO]: Starting minecraft server version 26.2
[03:57:52 INFO]: Loading properties
[03:57:52 INFO]: This server is running Paper version 26.2-112-main@c9e894d (2026-08-11T05:18:39Z) (Implementing API version 26.2.build.112-stable)
[03:57:52 INFO]: [spark] This server bundles the spark profiler. For more information please visit https://docs.papermc.io/paper/profiling
[03:57:52 INFO]: Using 4 threads for Netty based IO
[03:57:52 INFO]: Server Ping Player Sample Count: 12
[03:57:52 INFO]: [MoonriseCommon] Paper is using 3 worker threads, 1 I/O threads
[03:57:52 INFO]: Default game type: SURVIVAL
[03:57:52 INFO]: Generating keypair
[03:57:52 INFO]: Starting Minecraft server on *:25565
[03:57:52 INFO]: Paper: Using Java compression from Velocity.
[03:57:52 INFO]: Paper: Using Java cipher from Velocity.
[03:57:52 INFO]: [BranzMMO] Loading server plugin BranzMMO v1.0.0-SNAPSHOT
[03:57:52 INFO]: [BranzMMO] Enabling BranzMMO v1.0.0-SNAPSHOT
[03:57:52 INFO]: [BranzMMO] Loading and validating content snapshot from C:\Users\User\AppData\Local\BranzMMORPGHarness\repo\example-content\milestone-1
[03:57:52 WARN]: **** SERVER IS RUNNING IN OFFLINE/INSECURE MODE!
[03:57:52 WARN]: The server will make no attempt to authenticate usernames. Beware.
[03:57:52 WARN]: While this makes the game possible to play without internet access, it also opens up the ability for hackers to connect with any username they choose.
[03:57:52 WARN]: To change this, set "online-mode" to "true" in the server.properties file.
[03:57:52 INFO]: Preparing level "world"
[03:57:53 INFO]: Selecting spawn point for level 'minecraft:overworld'...
[03:57:55 INFO]: Selecting spawn point for level 'minecraft:the_nether'...
[03:57:55 INFO]: Selecting spawn point for level 'minecraft:the_end'...
[03:57:56 INFO]: Loading 0 persistent chunks for level 'minecraft:overworld'...
[03:57:56 INFO]: Preparing spawn area: 100%
[03:57:56 INFO]: Prepared spawn area in 3020 ms
[03:57:56 INFO]: Loading 0 persistent chunks for level 'minecraft:the_nether'...
[03:57:56 INFO]: Preparing spawn area: 100%
[03:57:56 INFO]: Prepared spawn area in 703 ms
[03:57:56 INFO]: Loading 0 persistent chunks for level 'minecraft:the_end'...
[03:57:56 INFO]: Preparing spawn area: 100%
[03:57:56 INFO]: Prepared spawn area in 243 ms
[03:57:56 INFO]: Done preparing level "world" (3.332s)
[03:57:56 INFO]: [spark] Starting background profiler...
[03:57:56 INFO]: [spark] The async-profiler engine is not supported for your os/arch (windows11/amd64), so the built-in Java engine will be used instead.
[03:57:56 INFO]: Saving chunks for level 'ServerLevel[world]'/minecraft:overworld
[03:57:56 INFO]: Saving chunks for level 'ServerLevel[world]'/minecraft:the_nether
[03:57:56 INFO]: Saving chunks for level 'ServerLevel[world]'/minecraft:the_end
[03:57:56 INFO]: ThreadedAnvilChunkStorage (world): All chunks are saved
[03:57:56 INFO]: ThreadedAnvilChunkStorage (DIM-1): All chunks are saved
[03:57:56 INFO]: ThreadedAnvilChunkStorage (DIM1): All chunks are saved
[03:57:56 INFO]: ThreadedAnvilChunkStorage: All dimensions are saved
[03:57:56 INFO]: Running delayed init tasks
[03:57:56 INFO]: Done (9.723s)! For help, type "help"
[03:57:56 INFO]: *************************************************************************************
[03:57:56 INFO]: This is the first time you're starting this server.
[03:57:56 INFO]: It's recommended you read our 'Getting Started' documentation for guidance.
[03:57:56 INFO]: View this and more helpful information here: https://docs.papermc.io/paper/next-steps
[03:57:56 INFO]: *************************************************************************************
[03:57:56 INFO]: [io.zonky.test.db.postgres.embedded.EmbeddedPostgres] Detected a Windows x86_64 system
[03:57:56 INFO]: [io.zonky.test.db.postgres.embedded.DefaultPostgresBinaryResolver] Detected distribution: 'Unknown'
[03:57:56 INFO]: [io.zonky.test.db.postgres.embedded.DefaultPostgresBinaryResolver] System specific postgres binaries found: 'postgres-windows-x86_64.txz'
[03:57:56 INFO]: [io.zonky.test.db.postgres.embedded.EmbeddedPostgres] Postgres binaries at C:\Users\User\AppData\Local\Temp\embedded-pg\PG-3942d5a1dcdbfebc27772e9e670d5d85
[03:57:57 INFO]: [io.zonky.test.db.postgres.embedded.EmbeddedPostgres] The files belonging to this database system will be owned by user "User".
[03:57:57 INFO]: [io.zonky.test.db.postgres.embedded.EmbeddedPostgres] This user must also own the server process.
[03:57:57 INFO]: [io.zonky.test.db.postgres.embedded.EmbeddedPostgres] 
[03:57:57 INFO]: [io.zonky.test.db.postgres.embedded.EmbeddedPostgres] The database cluster will be initialized with locale "English_United States.874".
[03:57:57 INFO]: [io.zonky.test.db.postgres.embedded.EmbeddedPostgres] The default text search configuration will be set to "english".
[03:57:57 INFO]: [io.zonky.test.db.postgres.embedded.EmbeddedPostgres] 
[03:57:57 INFO]: [io.zonky.test.db.postgres.embedded.EmbeddedPostgres] Data page checksums are disabled.
[03:57:57 INFO]: [io.zonky.test.db.postgres.embedded.EmbeddedPostgres] 
[03:57:57 INFO]: [io.zonky.test.db.postgres.embedded.EmbeddedPostgres] fixing permissions on existing directory C:/Users/User/AppData/Local/BranzMMORPGHarness/repo/mmo-bootstrap/run/plugins/BranzMMO/embedded-postgres ... ok
[03:57:57 INFO]: [io.zonky.test.db.postgres.embedded.EmbeddedPostgres] creating subdirectories ... ok
[03:57:57 INFO]: [io.zonky.test.db.postgres.embedded.EmbeddedPostgres] selecting dynamic shared memory implementation ... windows
[03:57:57 INFO]: [io.zonky.test.db.postgres.embedded.EmbeddedPostgres] selecting default max_connections ... 100
[03:57:57 INFO]: [io.zonky.test.db.postgres.embedded.EmbeddedPostgres] selecting default shared_buffers ... 128MB
[03:57:57 INFO]: [io.zonky.test.db.postgres.embedded.EmbeddedPostgres] selecting default time zone ... Asia/Bangkok
[03:57:57 INFO]: [io.zonky.test.db.postgres.embedded.EmbeddedPostgres] creating configuration files ... ok
[03:57:58 INFO]: [io.zonky.test.db.postgres.embedded.EmbeddedPostgres] running bootstrap script ... ok
[03:58:01 INFO]: [io.zonky.test.db.postgres.embedded.EmbeddedPostgres] performing post-bootstrap initialization ... ok
[03:58:05 INFO]: [io.zonky.test.db.postgres.embedded.EmbeddedPostgres] syncing data to disk ... ok
[03:58:05 INFO]: [io.zonky.test.db.postgres.embedded.EmbeddedPostgres] 
[03:58:05 INFO]: [io.zonky.test.db.postgres.embedded.EmbeddedPostgres] Success. You can now start the database server using:
[03:58:05 INFO]: [io.zonky.test.db.postgres.embedded.EmbeddedPostgres] 
[03:58:05 INFO]: [io.zonky.test.db.postgres.embedded.EmbeddedPostgres]     ^"C^:^\Users^\User^\AppData^\Local^\Temp^\embedded^-pg^\PG^-3942d5a1dcdbfebc27772e9e670d5d85^\bin^\pg^_ctl^" -D ^"C^:^\Users^\User^\AppData^\Local^\BranzMMORPGHarness^\repo^\mmo^-bootstrap^\run^\plugins^\BranzMMO^\embedded^-postgres^" -l logfile start
[03:58:05 INFO]: [io.zonky.test.db.postgres.embedded.EmbeddedPostgres] 
[03:58:05 INFO]: [io.zonky.test.db.postgres.embedded.EmbeddedPostgres] e59abde1-2444-4c5c-a6be-8cd9c9814d5a initdb completed in 00:00:08.895
[03:58:05 INFO]: [io.zonky.test.db.postgres.embedded.EmbeddedPostgres] e59abde1-2444-4c5c-a6be-8cd9c9814d5a postmaster started as Process[pid=3168, exitValue="not exited"] on port 61898.  Waiting up to PT10S for server startup to finish.
[03:58:05 INFO]: [io.zonky.test.db.postgres.embedded.EmbeddedPostgres] waiting for server to start....2026-08-13 03:58:05.879 +07 [25016] LOG:  starting PostgreSQL 14.22, compiled by Visual C++ build 1944, 64-bit
[03:58:05 INFO]: [io.zonky.test.db.postgres.embedded.EmbeddedPostgres] 2026-08-13 03:58:05.885 +07 [25016] LOG:  listening on IPv6 address "::1", port 61898
[03:58:05 INFO]: [io.zonky.test.db.postgres.embedded.EmbeddedPostgres] 2026-08-13 03:58:05.885 +07 [25016] LOG:  listening on IPv4 address "127.0.0.1", port 61898
[03:58:05 INFO]: [io.zonky.test.db.postgres.embedded.EmbeddedPostgres] 2026-08-13 03:58:05.915 +07 [26016] LOG:  database system was shut down at 2026-08-13 03:58:01 +07
[03:58:05 INFO]: [io.zonky.test.db.postgres.embedded.EmbeddedPostgres] 2026-08-13 03:58:05.962 +07 [25016] LOG:  database system is ready to accept connections
[03:58:06 INFO]: [io.zonky.test.db.postgres.embedded.EmbeddedPostgres]  done
[03:58:06 INFO]: [io.zonky.test.db.postgres.embedded.EmbeddedPostgres] server started
[03:58:06 INFO]: [io.zonky.test.db.postgres.embedded.EmbeddedPostgres] e59abde1-2444-4c5c-a6be-8cd9c9814d5a postmaster startup finished in 00:00:00.502
[03:58:07 INFO]: [BranzMMO] Milestone 3 runtime ready; item definitions=20, move definitions=6, spell definitions=5, technique definitions=5, form definitions=4, ailment definitions=6, encounter reward definitions=1, Scene presentation=WORLD_BACKED
[03:58:07 INFO]: [BranzMMO] Provider asset.oraxen=UNAVAILABLE [OPTIONAL]: plugin is not installed: Oraxen
[03:58:07 INFO]: [BranzMMO] Provider mob.mythicmobs=UNAVAILABLE [OPTIONAL]: plugin is not installed: MythicMobs
[03:58:07 INFO]: [BranzMMO] Provider packet.packetevents=UNAVAILABLE [OPTIONAL]: plugin is not installed: packetevents
[03:58:07 INFO]: [BranzMMO] Provider region.worldguard=UNAVAILABLE [OPTIONAL]: plugin is not installed: WorldGuard
[03:58:07 INFO]: [BranzMMO] Provider wallet.external=UNAVAILABLE [OPTIONAL]: plugin is not installed: Wallet
[03:58:07 WARN]: [BranzMMO] asset.oraxen [OPTIONAL]: plugin is not installed: Oraxen
[03:58:07 WARN]: [BranzMMO] mob.mythicmobs [OPTIONAL]: plugin is not installed: MythicMobs
[03:58:07 WARN]: [BranzMMO] packet.packetevents [OPTIONAL]: plugin is not installed: packetevents
[03:58:07 WARN]: [BranzMMO] region.worldguard [OPTIONAL]: plugin is not installed: WorldGuard
[03:58:07 WARN]: [BranzMMO] wallet.external [OPTIONAL]: plugin is not installed: Wallet
[03:58:07 INFO]: [BranzMMO] Branz MMO startup DEGRADED; content=v1.milestone-1.example.4, definitions=48
[03:58:07 INFO]: [BranzMMO] PostgreSQL runtime ready; mode=EMBEDDED_LOCAL, server-instance=local-c4140401-6d5e-4324-a7b5-29c7d5c2621b
[03:58:07 INFO]: [BranzMMO] Recovered 0 boss encounter(s) from V0009.
[03:58:07 INFO]: [BranzMMO] Death Pouch reconciliation is ready.
[03:58:07 INFO]: [BranzMMO] Recovered 0 downed encounter(s) from V0010.
[03:58:25 INFO]: UUID of player Player0 is 2654e3c3-150d-3857-a426-0b141796a4e0
[03:58:28 INFO]: Player0 joined the game
[03:58:28 INFO]: Player0[/127.0.0.1:61944] logged in with entity id 9 at ([minecraft:overworld]3.5, 112.0, -9.5)
[03:58:28 INFO]: Made Player0 a server operator
[03:58:28 INFO]: Set 7 experience levels on Player0
[03:58:29 INFO]: [BranzMMO] PHYSICAL_AUTHORITY_PRIMARY_STAGE_PERSISTED_SERVER player=Player0 definition=weapon.training_blade
[03:58:29 INFO]: [BranzMMO] PHYSICAL_AUTHORITY_PRIMARY_STAGE_PROJECTED_SERVER player=Player0 definition=weapon.training_blade
[03:58:29 INFO]: Teleported Player0 to 3.500000, 112.000000, -9.500000
[03:58:29 INFO]: Summoned new Iron Golem
[03:58:29 INFO]: Summoned new Iron Golem
[03:58:29 INFO]: Set 11 experience levels on Player0
[03:58:29 INFO]: [Not Secure] [Server] PHYSICAL_AUTHORITY_B4_TARGET_A_STAGED_SERVER
[03:58:29 INFO]: [Not Secure] [Server] PHYSICAL_AUTHORITY_B4_TARGET_B_STAGED_SERVER
[03:58:29 INFO]: Player0 issued server command: /mmo physical status
[03:58:29 INFO]: [BranzMMO] PHYSICAL_AUTHORITY_ARM_SWING_SERVER player=Player0
[03:58:29 INFO]: [BranzMMO] PHYSICAL_AUTHORITY_PRIMARY_SESSION_READY_SERVER player=Player0
[03:58:29 INFO]: [BranzMMO] PHYSICAL_AUTHORITY_PRIMARY_MOVE_RESOLVED_SERVER player=Player0 move=move.training_blade.primary_1
[03:58:29 INFO]: [BranzMMO] PHYSICAL_AUTHORITY_PRIMARY_INTENT_SERVER player=Player0
[03:58:29 INFO]: [BranzMMO] PHYSICAL_AUTHORITY_PRIMARY_ROUTED_SERVER player=Player0
[03:58:29 INFO]: [BranzMMO] PHYSICAL_AUTHORITY_WEAPON_SUCCESS_OBSERVED_SERVER actor=CharacterId[value=2654e3c3-150d-3857-a426-0b141796a4e0] action=f0bb5af3-9117-44aa-8b7e-45ac65302516 move=move.training_blade.primary_1
[03:58:33 INFO]: Player0 issued server command: /mmo physical status
[03:58:34 INFO]: [Not Secure] [Server] PHYSICAL_AUTHORITY_B4_TARGET_A_CHANGED_SERVER
[03:58:34 INFO]: [Not Secure] [Server] PHYSICAL_AUTHORITY_B4_TARGET_B_CHANGED_SERVER
[03:58:34 INFO]: Stopping the server
[03:58:34 INFO]: Stopping server
[03:58:34 INFO]: [BranzMMO] Disabling BranzMMO v1.0.0-SNAPSHOT
[03:58:34 INFO]: [io.zonky.test.db.postgres.embedded.EmbeddedPostgres] 2026-08-13 03:58:34.876 +07 [25016] LOG:  received fast shutdown request
[03:58:34 INFO]: [io.zonky.test.db.postgres.embedded.EmbeddedPostgres] 2026-08-13 03:58:34.876 +07 [25016] LOG:  aborting any active transactions
[03:58:34 INFO]: [io.zonky.test.db.postgres.embedded.EmbeddedPostgres] 2026-08-13 03:58:34.889 +07 [25016] LOG:  background worker "logical replication launcher" (PID 8312) exited with exit code 1
[03:58:34 INFO]: [io.zonky.test.db.postgres.embedded.EmbeddedPostgres] 2026-08-13 03:58:34.890 +07 [8684] LOG:  shutting down
[03:58:35 INFO]: [io.zonky.test.db.postgres.embedded.EmbeddedPostgres] 2026-08-13 03:58:35.103 +07 [25016] LOG:  database system is shut down
[03:58:35 INFO]: [io.zonky.test.db.postgres.embedded.EmbeddedPostgres] waiting for server to shut down.... done
[03:58:35 INFO]: [io.zonky.test.db.postgres.embedded.EmbeddedPostgres] server stopped
[03:58:35 INFO]: [io.zonky.test.db.postgres.embedded.EmbeddedPostgres] e59abde1-2444-4c5c-a6be-8cd9c9814d5a shut down postmaster in 00:00:00.279
[03:58:35 INFO]: [io.zonky.test.db.postgres.embedded.EmbeddedPostgres] Did not clean up directory C:\Users\User\AppData\Local\BranzMMORPGHarness\repo\mmo-bootstrap\run\plugins\BranzMMO\embedded-postgres
[03:58:35 INFO]: [BranzMMO] Branz MMO platform disabled cleanly.
[03:58:35 INFO]: Saving players
[03:58:35 INFO]: Player0 lost connection: Server closed
[03:58:35 INFO]: Player0 left the game
[03:58:35 INFO]: Saving worlds
[03:58:35 INFO]: Saving chunks for level 'ServerLevel[world]'/minecraft:overworld
[03:58:35 INFO]: [ChunkHolderManager] Waiting 60s for chunk system to halt for world 'minecraft:overworld'
[03:58:35 INFO]: [ChunkHolderManager] Halted chunk system for world 'minecraft:overworld'
[03:58:35 INFO]: [ChunkHolderManager] Saving all chunkholders for world 'minecraft:overworld'
[03:58:35 INFO]: [ChunkHolderManager] Saved 1906 block chunks, 331 entity chunks, 1 poi chunks in world 'minecraft:overworld' in 0.62s
[03:58:35 INFO]: [ChunkHolderManager] Waiting 60s for chunk I/O to halt for world 'minecraft:overworld'
[03:58:35 INFO]: [ChunkHolderManager] Halted I/O scheduler for world 'minecraft:overworld'
[03:58:35 INFO]: Saving chunks for level 'ServerLevel[world]'/minecraft:the_nether
[03:58:35 INFO]: [ChunkHolderManager] Waiting 60s for chunk system to halt for world 'minecraft:the_nether'
[03:58:35 INFO]: [ChunkHolderManager] Halted chunk system for world 'minecraft:the_nether'
[03:58:35 INFO]: [ChunkHolderManager] Saving all chunkholders for world 'minecraft:the_nether'
[03:58:35 INFO]: [ChunkHolderManager] Saved 0 block chunks, 0 entity chunks, 0 poi chunks in world 'minecraft:the_nether' in 0.00s
[03:58:35 INFO]: [ChunkHolderManager] Waiting 60s for chunk I/O to halt for world 'minecraft:the_nether'
[03:58:35 INFO]: [ChunkHolderManager] Halted I/O scheduler for world 'minecraft:the_nether'
[03:58:35 INFO]: Saving chunks for level 'ServerLevel[world]'/minecraft:the_end
[03:58:35 INFO]: [ChunkHolderManager] Waiting 60s for chunk system to halt for world 'minecraft:the_end'
[03:58:35 INFO]: [ChunkHolderManager] Halted chunk system for world 'minecraft:the_end'
[03:58:35 INFO]: [ChunkHolderManager] Saving all chunkholders for world 'minecraft:the_end'
[03:58:35 INFO]: [ChunkHolderManager] Saved 0 block chunks, 0 entity chunks, 0 poi chunks in world 'minecraft:the_end' in 0.00s
[03:58:35 INFO]: [ChunkHolderManager] Waiting 60s for chunk I/O to halt for world 'minecraft:the_end'
[03:58:35 INFO]: [ChunkHolderManager] Halted I/O scheduler for world 'minecraft:the_end'
[03:58:35 INFO]: ThreadedAnvilChunkStorage (world): All chunks are saved
[03:58:35 INFO]: ThreadedAnvilChunkStorage (DIM-1): All chunks are saved
[03:58:35 INFO]: ThreadedAnvilChunkStorage (DIM1): All chunks are saved
[03:58:35 INFO]: ThreadedAnvilChunkStorage: All dimensions are saved
[03:58:35 INFO]: Waiting for all RegionFile I/O tasks to complete...
[03:58:35 INFO]: All RegionFile I/O tasks to complete
[03:58:35 INFO]: [MoonriseCommon] Awaiting termination of worker pool for up to 60s...
[03:58:35 INFO]: [MoonriseCommon] Awaiting termination of I/O pool for up to 60s...

BUILD SUCCESSFUL in 1m 15s
39 actionable tasks: 3 executed, 36 up-to-date
Consider enabling configuration cache to speed up this build: https://docs.gradle.org/9.1.0/userguide/configuration_cache_enabling.html
