To honour the JVM settings for this build a single-use Daemon process will be forked. For more on this, please refer to https://docs.gradle.org/9.1.0/userguide/gradle_daemon.html#sec:disabling_the_daemon in the Gradle documentation.
Daemon will be stopped at the end of the build 
> Task :mmo-api:compileJava UP-TO-DATE
> Task :mmo-api:processResources NO-SOURCE
> Task :mmo-api:classes UP-TO-DATE
> Task :mmo-api:jar UP-TO-DATE
> Task :mmo-content:compileJava UP-TO-DATE
> Task :mmo-combat:compileJava UP-TO-DATE
> Task :mmo-integrations:compileJava UP-TO-DATE
> Task :mmo-items:compileJava UP-TO-DATE
> Task :mmo-lifeskills:compileJava UP-TO-DATE
> Task :mmo-magic:compileJava UP-TO-DATE
> Task :mmo-progression:compileJava UP-TO-DATE
> Task :mmo-persistence:compileJava UP-TO-DATE
> Task :mmo-scenes:compileJava UP-TO-DATE
> Task :mmo-social:compileJava UP-TO-DATE
> Task :mmo-worldloop:compileJava UP-TO-DATE
> Task :mmo-integrations:integration-mythicmobs:compileJava UP-TO-DATE
> Task :mmo-integrations:integration-oraxen:compileJava UP-TO-DATE
> Task :mmo-integrations:integration-packetevents:compileJava UP-TO-DATE
> Task :mmo-integrations:integration-wallet:compileJava UP-TO-DATE
> Task :mmo-integrations:integration-worldguard:compileJava UP-TO-DATE
> Task :mmo-bootstrap:compileJava
> Task :mmo-bootstrap:processResources UP-TO-DATE
> Task :mmo-bootstrap:classes
> Task :mmo-combat:processResources NO-SOURCE
> Task :mmo-combat:classes UP-TO-DATE
> Task :mmo-combat:jar UP-TO-DATE
> Task :mmo-content:processResources NO-SOURCE
> Task :mmo-content:classes UP-TO-DATE
> Task :mmo-content:jar UP-TO-DATE
> Task :mmo-integrations:processResources NO-SOURCE
> Task :mmo-integrations:classes UP-TO-DATE
> Task :mmo-integrations:jar UP-TO-DATE
> Task :mmo-items:processResources NO-SOURCE
> Task :mmo-items:classes UP-TO-DATE
> Task :mmo-items:jar UP-TO-DATE
> Task :mmo-lifeskills:processResources NO-SOURCE
> Task :mmo-lifeskills:classes UP-TO-DATE
> Task :mmo-lifeskills:jar UP-TO-DATE
> Task :mmo-magic:processResources NO-SOURCE
> Task :mmo-magic:classes UP-TO-DATE
> Task :mmo-magic:jar UP-TO-DATE
> Task :mmo-persistence:processResources UP-TO-DATE
> Task :mmo-persistence:classes UP-TO-DATE
> Task :mmo-persistence:jar UP-TO-DATE
> Task :mmo-progression:processResources NO-SOURCE
> Task :mmo-progression:classes UP-TO-DATE
> Task :mmo-progression:jar UP-TO-DATE
> Task :mmo-scenes:processResources NO-SOURCE
> Task :mmo-scenes:classes UP-TO-DATE
> Task :mmo-scenes:jar UP-TO-DATE
> Task :mmo-social:processResources NO-SOURCE
> Task :mmo-social:classes UP-TO-DATE
> Task :mmo-social:jar UP-TO-DATE
> Task :mmo-worldloop:processResources NO-SOURCE
> Task :mmo-worldloop:classes UP-TO-DATE
> Task :mmo-worldloop:jar UP-TO-DATE
> Task :mmo-integrations:integration-mythicmobs:processResources NO-SOURCE
> Task :mmo-integrations:integration-mythicmobs:classes UP-TO-DATE
> Task :mmo-integrations:integration-mythicmobs:jar UP-TO-DATE
> Task :mmo-integrations:integration-oraxen:processResources NO-SOURCE
> Task :mmo-integrations:integration-oraxen:classes UP-TO-DATE
> Task :mmo-integrations:integration-oraxen:jar UP-TO-DATE
> Task :mmo-integrations:integration-packetevents:processResources NO-SOURCE
> Task :mmo-integrations:integration-packetevents:classes UP-TO-DATE
> Task :mmo-integrations:integration-packetevents:jar UP-TO-DATE
> Task :mmo-integrations:integration-wallet:processResources NO-SOURCE
> Task :mmo-integrations:integration-wallet:classes UP-TO-DATE
> Task :mmo-integrations:integration-wallet:jar UP-TO-DATE
> Task :mmo-integrations:integration-worldguard:processResources NO-SOURCE
> Task :mmo-integrations:integration-worldguard:classes UP-TO-DATE
> Task :mmo-integrations:integration-worldguard:jar UP-TO-DATE
> Task :mmo-bootstrap:shadowJar

> Task :mmo-bootstrap:runServer
Fetching latest Paper build for version 26.2...
Latest build for 26.2 is 112.
Located Paper 26.2 build 112 in local cache.
Starting Paper...

Downloading mojang_26.2.jar
Applying patches
Starting org.bukkit.craftbukkit.Main
2026-08-19T17:23:44.758160800Z ServerMain WARN Advanced terminal features are not available in this environment
[00:23:45 INFO]: [bootstrap] Running Java 25 (OpenJDK 64-Bit Server VM 25.0.3+9-LTS; Eclipse Adoptium Temurin-25.0.3+9) on Windows 11 10.0 (amd64)
[00:23:45 INFO]: [bootstrap] Loading Paper 26.2-112-main@c9e894d (2026-08-11T05:18:39Z) for Minecraft 26.2
[00:23:45 INFO]: [PluginInitializerManager] Initializing plugins...
[00:23:45 INFO]: [PluginInitializerManager] Initialized 1 plugin
[00:23:45 INFO]: [PluginInitializerManager] Bukkit plugins (1):
 - BranzMMO (1.0.0-SNAPSHOT)
WARNING: A terminally deprecated method in sun.misc.Unsafe has been called
WARNING: sun.misc.Unsafe::objectFieldOffset has been called by org.joml.MemUtil$MemUtilUnsafe (file:/C:/Users/User/AppData/Local/BranzMMORPGHarness/repo/mmo-bootstrap/run/libraries/org/joml/joml/1.10.8/joml-1.10.8.jar)
WARNING: Please consider reporting this to the maintainers of class org.joml.MemUtil$MemUtilUnsafe
WARNING: sun.misc.Unsafe::objectFieldOffset will be removed in a future release
[00:23:50 INFO]: [ca.spottedleaf.dataconverter.minecraft.datatypes.MCTypeRegistry] Initialising converters for DataConverter...
[00:23:50 INFO]: Environment: Environment[sessionHost=https://sessionserver.mojang.com, servicesHost=https://api.minecraftservices.com, profilesHost=https://api.mojang.com, name=PROD]
[00:23:51 INFO]: [ca.spottedleaf.dataconverter.minecraft.datatypes.MCTypeRegistry] Finished initialising converters for DataConverter in 572.9ms
[00:23:51 INFO]: Found new data pack paper, loading it automatically
[00:23:52 INFO]: No existing world data, creating new world
[00:23:53 INFO]: Loaded 1585 recipes
[00:23:53 INFO]: Loaded 1688 advancements
[00:23:53 INFO]: Starting minecraft server version 26.2
[00:23:53 INFO]: Loading properties
[00:23:53 INFO]: This server is running Paper version 26.2-112-main@c9e894d (2026-08-11T05:18:39Z) (Implementing API version 26.2.build.112-stable)
[00:23:53 INFO]: [spark] This server bundles the spark profiler. For more information please visit https://docs.papermc.io/paper/profiling
[00:23:53 INFO]: Using 4 threads for Netty based IO
[00:23:53 INFO]: Server Ping Player Sample Count: 12
[00:23:54 INFO]: [MoonriseCommon] Paper is using 3 worker threads, 1 I/O threads
[00:23:54 INFO]: Default game type: SURVIVAL
[00:23:54 INFO]: Generating keypair
[00:23:54 INFO]: Starting Minecraft server on *:25565
[00:23:54 INFO]: Paper: Using Java compression from Velocity.
[00:23:54 INFO]: Paper: Using Java cipher from Velocity.
[00:23:54 INFO]: [BranzMMO] Loading server plugin BranzMMO v1.0.0-SNAPSHOT
[00:23:54 INFO]: [BranzMMO] Enabling BranzMMO v1.0.0-SNAPSHOT
[00:23:55 INFO]: [BranzMMO] Loading and validating content snapshot from C:\Users\User\AppData\Local\BranzMMORPGHarness\repo\example-content\milestone-1
[00:23:55 WARN]: **** SERVER IS RUNNING IN OFFLINE/INSECURE MODE!
[00:23:55 WARN]: The server will make no attempt to authenticate usernames. Beware.
[00:23:55 WARN]: While this makes the game possible to play without internet access, it also opens up the ability for hackers to connect with any username they choose.
[00:23:55 WARN]: To change this, set "online-mode" to "true" in the server.properties file.
[00:23:55 INFO]: Preparing level "world"
[00:23:55 INFO]: Selecting spawn point for level 'minecraft:overworld'...
[00:23:59 INFO]: Selecting spawn point for level 'minecraft:the_nether'...
[00:24:00 INFO]: Selecting spawn point for level 'minecraft:the_end'...
[00:24:00 INFO]: Loading 0 persistent chunks for level 'minecraft:overworld'...
[00:24:00 INFO]: Preparing spawn area: 100%
[00:24:00 INFO]: Prepared spawn area in 5205 ms
[00:24:00 INFO]: Loading 0 persistent chunks for level 'minecraft:the_nether'...
[00:24:00 INFO]: Preparing spawn area: 100%
[00:24:00 INFO]: Prepared spawn area in 1073 ms
[00:24:00 INFO]: Loading 0 persistent chunks for level 'minecraft:the_end'...
[00:24:00 INFO]: Preparing spawn area: 100%
[00:24:00 INFO]: Prepared spawn area in 270 ms
[00:24:00 INFO]: Done preparing level "world" (5.724s)
[00:24:00 INFO]: [spark] Starting background profiler...
[00:24:00 INFO]: [spark] The async-profiler engine is not supported for your os/arch (windows11/amd64), so the built-in Java engine will be used instead.
[00:24:01 INFO]: Saving chunks for level 'ServerLevel[world]'/minecraft:overworld
[00:24:01 INFO]: Saving chunks for level 'ServerLevel[world]'/minecraft:the_nether
[00:24:01 INFO]: Saving chunks for level 'ServerLevel[world]'/minecraft:the_end
[00:24:01 INFO]: ThreadedAnvilChunkStorage (world): All chunks are saved
[00:24:01 INFO]: ThreadedAnvilChunkStorage (DIM-1): All chunks are saved
[00:24:01 INFO]: ThreadedAnvilChunkStorage (DIM1): All chunks are saved
[00:24:01 INFO]: ThreadedAnvilChunkStorage: All dimensions are saved
[00:24:01 INFO]: Running delayed init tasks
[00:24:01 INFO]: Done (17.389s)! For help, type "help"
[00:24:01 INFO]: *************************************************************************************
[00:24:01 INFO]: This is the first time you're starting this server.
[00:24:01 INFO]: It's recommended you read our 'Getting Started' documentation for guidance.
[00:24:01 INFO]: View this and more helpful information here: https://docs.papermc.io/paper/next-steps
[00:24:01 INFO]: *************************************************************************************
[00:24:01 INFO]: [io.zonky.test.db.postgres.embedded.EmbeddedPostgres] Detected a Windows x86_64 system
[00:24:01 INFO]: [io.zonky.test.db.postgres.embedded.DefaultPostgresBinaryResolver] Detected distribution: 'Unknown'
[00:24:01 INFO]: [io.zonky.test.db.postgres.embedded.DefaultPostgresBinaryResolver] System specific postgres binaries found: 'postgres-windows-x86_64.txz'
[00:24:02 INFO]: [io.zonky.test.db.postgres.embedded.EmbeddedPostgres] Postgres binaries at C:\Users\User\AppData\Local\Temp\embedded-pg\PG-3942d5a1dcdbfebc27772e9e670d5d85
[00:24:02 INFO]: [io.zonky.test.db.postgres.embedded.EmbeddedPostgres] The files belonging to this database system will be owned by user "User".
[00:24:02 INFO]: [io.zonky.test.db.postgres.embedded.EmbeddedPostgres] This user must also own the server process.
[00:24:02 INFO]: [io.zonky.test.db.postgres.embedded.EmbeddedPostgres] 
[00:24:02 INFO]: [io.zonky.test.db.postgres.embedded.EmbeddedPostgres] The database cluster will be initialized with locale "English_United States.874".
[00:24:02 INFO]: [io.zonky.test.db.postgres.embedded.EmbeddedPostgres] The default text search configuration will be set to "english".
[00:24:02 INFO]: [io.zonky.test.db.postgres.embedded.EmbeddedPostgres] 
[00:24:02 INFO]: [io.zonky.test.db.postgres.embedded.EmbeddedPostgres] Data page checksums are disabled.
[00:24:02 INFO]: [io.zonky.test.db.postgres.embedded.EmbeddedPostgres] 
[00:24:02 INFO]: [io.zonky.test.db.postgres.embedded.EmbeddedPostgres] fixing permissions on existing directory C:/Users/User/AppData/Local/BranzMMORPGHarness/repo/mmo-bootstrap/run/plugins/BranzMMO/embedded-postgres ... ok
[00:24:02 INFO]: [io.zonky.test.db.postgres.embedded.EmbeddedPostgres] creating subdirectories ... ok
[00:24:02 INFO]: [io.zonky.test.db.postgres.embedded.EmbeddedPostgres] selecting dynamic shared memory implementation ... windows
[00:24:02 INFO]: [io.zonky.test.db.postgres.embedded.EmbeddedPostgres] selecting default max_connections ... 100
[00:24:02 INFO]: [io.zonky.test.db.postgres.embedded.EmbeddedPostgres] selecting default shared_buffers ... 128MB
[00:24:02 INFO]: [io.zonky.test.db.postgres.embedded.EmbeddedPostgres] selecting default time zone ... Asia/Bangkok
[00:24:02 INFO]: [io.zonky.test.db.postgres.embedded.EmbeddedPostgres] creating configuration files ... ok
[00:24:04 INFO]: [io.zonky.test.db.postgres.embedded.EmbeddedPostgres] running bootstrap script ... ok
[00:24:08 INFO]: [io.zonky.test.db.postgres.embedded.EmbeddedPostgres] performing post-bootstrap initialization ... ok
[00:24:13 INFO]: [io.zonky.test.db.postgres.embedded.EmbeddedPostgres] syncing data to disk ... ok
[00:24:13 INFO]: [io.zonky.test.db.postgres.embedded.EmbeddedPostgres] 
[00:24:13 INFO]: [io.zonky.test.db.postgres.embedded.EmbeddedPostgres] Success. You can now start the database server using:
[00:24:13 INFO]: [io.zonky.test.db.postgres.embedded.EmbeddedPostgres] 
[00:24:13 INFO]: [io.zonky.test.db.postgres.embedded.EmbeddedPostgres]     ^"C^:^\Users^\User^\AppData^\Local^\Temp^\embedded^-pg^\PG^-3942d5a1dcdbfebc27772e9e670d5d85^\bin^\pg^_ctl^" -D ^"C^:^\Users^\User^\AppData^\Local^\BranzMMORPGHarness^\repo^\mmo^-bootstrap^\run^\plugins^\BranzMMO^\embedded^-postgres^" -l logfile start
[00:24:13 INFO]: [io.zonky.test.db.postgres.embedded.EmbeddedPostgres] 
[00:24:13 INFO]: [io.zonky.test.db.postgres.embedded.EmbeddedPostgres] edc39060-9663-429d-b152-0f65bcc2e5e3 initdb completed in 00:00:10.757
[00:24:13 INFO]: [io.zonky.test.db.postgres.embedded.EmbeddedPostgres] edc39060-9663-429d-b152-0f65bcc2e5e3 postmaster started as Process[pid=17924, exitValue="not exited"] on port 57766.  Waiting up to PT10S for server startup to finish.
[00:24:13 INFO]: [io.zonky.test.db.postgres.embedded.EmbeddedPostgres] waiting for server to start....2026-08-20 00:24:13.382 +07 [3384] LOG:  starting PostgreSQL 14.22, compiled by Visual C++ build 1944, 64-bit
[00:24:13 INFO]: [io.zonky.test.db.postgres.embedded.EmbeddedPostgres] 2026-08-20 00:24:13.391 +07 [3384] LOG:  listening on IPv6 address "::1", port 57766
[00:24:13 INFO]: [io.zonky.test.db.postgres.embedded.EmbeddedPostgres] 2026-08-20 00:24:13.391 +07 [3384] LOG:  listening on IPv4 address "127.0.0.1", port 57766
[00:24:13 INFO]: [io.zonky.test.db.postgres.embedded.EmbeddedPostgres] 2026-08-20 00:24:13.447 +07 [27324] LOG:  database system was shut down at 2026-08-20 00:24:08 +07
[00:24:13 INFO]: [io.zonky.test.db.postgres.embedded.EmbeddedPostgres] 2026-08-20 00:24:13.563 +07 [3384] LOG:  database system is ready to accept connections
[00:24:13 INFO]: [io.zonky.test.db.postgres.embedded.EmbeddedPostgres]  done
[00:24:13 INFO]: [io.zonky.test.db.postgres.embedded.EmbeddedPostgres] server started
[00:24:14 INFO]: [io.zonky.test.db.postgres.embedded.EmbeddedPostgres] edc39060-9663-429d-b152-0f65bcc2e5e3 postmaster startup finished in 00:00:01.079
[00:24:16 INFO]: [BranzMMO] Milestone 3 runtime ready; item definitions=20, move definitions=6, spell definitions=5, technique definitions=5, form definitions=4, ailment definitions=6, encounter reward definitions=1, Scene presentation=WORLD_BACKED
[00:24:16 INFO]: [BranzMMO] Provider asset.oraxen=UNAVAILABLE [OPTIONAL]: plugin is not installed: Oraxen
[00:24:16 INFO]: [BranzMMO] Provider mob.mythicmobs=UNAVAILABLE [OPTIONAL]: plugin is not installed: MythicMobs
[00:24:16 INFO]: [BranzMMO] Provider packet.packetevents=UNAVAILABLE [OPTIONAL]: plugin is not installed: packetevents
[00:24:16 INFO]: [BranzMMO] Provider region.worldguard=UNAVAILABLE [OPTIONAL]: plugin is not installed: WorldGuard
[00:24:16 INFO]: [BranzMMO] Provider wallet.external=UNAVAILABLE [OPTIONAL]: plugin is not installed: Wallet
[00:24:16 WARN]: [BranzMMO] asset.oraxen [OPTIONAL]: plugin is not installed: Oraxen
[00:24:16 WARN]: [BranzMMO] mob.mythicmobs [OPTIONAL]: plugin is not installed: MythicMobs
[00:24:16 WARN]: [BranzMMO] packet.packetevents [OPTIONAL]: plugin is not installed: packetevents
[00:24:16 WARN]: [BranzMMO] region.worldguard [OPTIONAL]: plugin is not installed: WorldGuard
[00:24:16 WARN]: [BranzMMO] wallet.external [OPTIONAL]: plugin is not installed: Wallet
[00:24:16 INFO]: [BranzMMO] Branz MMO startup DEGRADED; content=v1.milestone-1.example.4, definitions=48
[00:24:16 INFO]: [BranzMMO] PostgreSQL runtime ready; mode=EMBEDDED_LOCAL, server-instance=local-7d4f791b-d45c-4e13-abef-cd918d171e51
[00:24:16 INFO]: [BranzMMO] Recovered 0 boss encounter(s) from V0009.
[00:24:16 INFO]: [BranzMMO] Death Pouch reconciliation is ready.
[00:24:16 INFO]: [BranzMMO] Recovered 0 downed encounter(s) from V0010.
[00:24:47 INFO]: UUID of player Player0 is 2654e3c3-150d-3857-a426-0b141796a4e0
[00:24:57 INFO]: Player0 joined the game
[00:24:57 INFO]: Player0[/127.0.0.1:63394] logged in with entity id 31 at ([minecraft:overworld]-7.5, 78.0, -2.5)
[00:24:58 INFO]: Made Player0 a server operator
[00:24:58 INFO]: Set 7 experience levels on Player0
[00:25:02 INFO]: Player0 issued server command: /item replace entity @s hotbar.0 with minecraft:stone
[00:25:02 INFO]: [Player0: Replaced a slot on Player0 with [Stone]]
[00:25:03 INFO]: Player0 issued server command: /item replace entity @s hotbar.1 with minecraft:stone
[00:25:03 INFO]: [Player0: Replaced a slot on Player0 with [Stone]]
[00:25:03 INFO]: Player0 issued server command: /item replace entity @s hotbar.2 with minecraft:stone
[00:25:03 INFO]: [Player0: Replaced a slot on Player0 with [Stone]]
[00:25:03 INFO]: Player0 issued server command: /item replace entity @s hotbar.3 with minecraft:stone
[00:25:03 INFO]: [Player0: Replaced a slot on Player0 with [Stone]]
[00:25:03 INFO]: Player0 issued server command: /item replace entity @s hotbar.4 with minecraft:stone
[00:25:03 INFO]: [Player0: Replaced a slot on Player0 with [Stone]]
[00:25:04 INFO]: Player0 issued server command: /item replace entity @s hotbar.5 with minecraft:stone
[00:25:04 INFO]: [Player0: Replaced a slot on Player0 with [Stone]]
[00:25:04 INFO]: Player0 issued server command: /item replace entity @s hotbar.6 with minecraft:stone
[00:25:04 INFO]: [Player0: Replaced a slot on Player0 with [Stone]]
[00:25:04 INFO]: Player0 issued server command: /item replace entity @s hotbar.7 with minecraft:stone
[00:25:04 INFO]: [Player0: Replaced a slot on Player0 with [Stone]]
[00:25:04 INFO]: Player0 issued server command: /item replace entity @s hotbar.7 with minecraft:air
[00:25:04 INFO]: [Player0: Replaced a slot on Player0 with [Air]]
[00:25:04 INFO]: Player0 issued server command: /mmo dev
[00:25:11 INFO]: Player0 issued server command: /item replace entity @s hotbar.6 with minecraft:air
[00:25:11 INFO]: [Player0: Replaced a slot on Player0 with [Air]]
[00:25:11 INFO]: Player0 issued server command: /mmo dev
[00:25:14 INFO]: Player0 issued server command: /item replace entity @s hotbar.5 with minecraft:air
[00:25:14 INFO]: [Player0: Replaced a slot on Player0 with [Air]]
[00:25:31 INFO]: Player0 lost connection: Disconnected
[00:25:32 INFO]: Player0 left the game
[00:25:32 INFO]: Stopping the server
[00:25:32 INFO]: Stopping server
[00:25:32 INFO]: [BranzMMO] Disabling BranzMMO v1.0.0-SNAPSHOT
[00:25:33 INFO]: [io.zonky.test.db.postgres.embedded.EmbeddedPostgres] 2026-08-20 00:25:33.113 +07 [3384] LOG:  received fast shutdown request
[00:25:33 INFO]: [io.zonky.test.db.postgres.embedded.EmbeddedPostgres] 2026-08-20 00:25:33.114 +07 [3384] LOG:  aborting any active transactions
[00:25:33 INFO]: [io.zonky.test.db.postgres.embedded.EmbeddedPostgres] 2026-08-20 00:25:33.127 +07 [3384] LOG:  background worker "logical replication launcher" (PID 9464) exited with exit code 1
[00:25:33 INFO]: [io.zonky.test.db.postgres.embedded.EmbeddedPostgres] 2026-08-20 00:25:33.133 +07 [10272] LOG:  shutting down
[00:25:33 INFO]: [io.zonky.test.db.postgres.embedded.EmbeddedPostgres] 2026-08-20 00:25:33.912 +07 [3384] LOG:  database system is shut down
[00:25:33 INFO]: [io.zonky.test.db.postgres.embedded.EmbeddedPostgres] waiting for server to shut down.... done
[00:25:33 INFO]: [io.zonky.test.db.postgres.embedded.EmbeddedPostgres] server stopped
[00:25:33 INFO]: [io.zonky.test.db.postgres.embedded.EmbeddedPostgres] edc39060-9663-429d-b152-0f65bcc2e5e3 shut down postmaster in 00:00:01.097
[00:25:33 INFO]: [io.zonky.test.db.postgres.embedded.EmbeddedPostgres] Did not clean up directory C:\Users\User\AppData\Local\BranzMMORPGHarness\repo\mmo-bootstrap\run\plugins\BranzMMO\embedded-postgres
[00:25:33 INFO]: [BranzMMO] Branz MMO platform disabled cleanly.
[00:25:33 INFO]: Saving players
[00:25:33 INFO]: Saving worlds
[00:25:34 INFO]: Saving chunks for level 'ServerLevel[world]'/minecraft:overworld
[00:25:34 INFO]: [ChunkHolderManager] Waiting 60s for chunk system to halt for world 'minecraft:overworld'
[00:25:34 INFO]: [ChunkHolderManager] Halted chunk system for world 'minecraft:overworld'
[00:25:34 INFO]: [ChunkHolderManager] Saving all chunkholders for world 'minecraft:overworld'
[00:25:35 INFO]: [ChunkHolderManager] Saved 2126 block chunks, 458 entity chunks, 11 poi chunks in world 'minecraft:overworld' in 1.84s
[00:25:35 INFO]: [ChunkHolderManager] Waiting 60s for chunk I/O to halt for world 'minecraft:overworld'
[00:25:35 INFO]: [ChunkHolderManager] Halted I/O scheduler for world 'minecraft:overworld'
[00:25:35 INFO]: Saving chunks for level 'ServerLevel[world]'/minecraft:the_nether
[00:25:36 INFO]: [ChunkHolderManager] Waiting 60s for chunk system to halt for world 'minecraft:the_nether'
[00:25:36 INFO]: [ChunkHolderManager] Halted chunk system for world 'minecraft:the_nether'
[00:25:36 INFO]: [ChunkHolderManager] Saving all chunkholders for world 'minecraft:the_nether'
[00:25:36 INFO]: [ChunkHolderManager] Saved 0 block chunks, 0 entity chunks, 0 poi chunks in world 'minecraft:the_nether' in 0.00s
[00:25:36 INFO]: [ChunkHolderManager] Waiting 60s for chunk I/O to halt for world 'minecraft:the_nether'
[00:25:36 INFO]: [ChunkHolderManager] Halted I/O scheduler for world 'minecraft:the_nether'
[00:25:36 INFO]: Saving chunks for level 'ServerLevel[world]'/minecraft:the_end
[00:25:36 INFO]: [ChunkHolderManager] Waiting 60s for chunk system to halt for world 'minecraft:the_end'
[00:25:36 INFO]: [ChunkHolderManager] Halted chunk system for world 'minecraft:the_end'
[00:25:36 INFO]: [ChunkHolderManager] Saving all chunkholders for world 'minecraft:the_end'
[00:25:36 INFO]: [ChunkHolderManager] Saved 0 block chunks, 0 entity chunks, 0 poi chunks in world 'minecraft:the_end' in 0.00s
[00:25:36 INFO]: [ChunkHolderManager] Waiting 60s for chunk I/O to halt for world 'minecraft:the_end'
[00:25:36 INFO]: [ChunkHolderManager] Halted I/O scheduler for world 'minecraft:the_end'
[00:25:36 INFO]: ThreadedAnvilChunkStorage (world): All chunks are saved
[00:25:36 INFO]: ThreadedAnvilChunkStorage (DIM-1): All chunks are saved
[00:25:36 INFO]: ThreadedAnvilChunkStorage (DIM1): All chunks are saved
[00:25:36 INFO]: ThreadedAnvilChunkStorage: All dimensions are saved
[00:25:36 INFO]: Waiting for all RegionFile I/O tasks to complete...
[00:25:36 INFO]: All RegionFile I/O tasks to complete
[00:25:36 INFO]: [MoonriseCommon] Awaiting termination of worker pool for up to 60s...
[00:25:36 INFO]: [MoonriseCommon] Awaiting termination of I/O pool for up to 60s...

BUILD SUCCESSFUL in 2m 30s
39 actionable tasks: 3 executed, 36 up-to-date
Consider enabling configuration cache to speed up this build: https://docs.gradle.org/9.1.0/userguide/configuration_cache_enabling.html
