To honour the JVM settings for this build a single-use Daemon process will be forked. For more on this, please refer to https://docs.gradle.org/9.1.0/userguide/gradle_daemon.html#sec:disabling_the_daemon in the Gradle documentation.
Daemon will be stopped at the end of the build 
> Task :mmo-api:compileJava UP-TO-DATE
> Task :mmo-api:processResources NO-SOURCE
> Task :mmo-api:classes UP-TO-DATE
> Task :mmo-api:jar UP-TO-DATE
> Task :mmo-content:compileJava UP-TO-DATE
> Task :mmo-combat:compileJava UP-TO-DATE
> Task :mmo-integrations:compileJava UP-TO-DATE
> Task :mmo-items:compileJava UP-TO-DATE
> Task :mmo-lifeskills:compileJava UP-TO-DATE
> Task :mmo-magic:compileJava UP-TO-DATE
> Task :mmo-progression:compileJava UP-TO-DATE
> Task :mmo-persistence:compileJava UP-TO-DATE
> Task :mmo-scenes:compileJava UP-TO-DATE
> Task :mmo-social:compileJava UP-TO-DATE
> Task :mmo-worldloop:compileJava UP-TO-DATE
> Task :mmo-integrations:integration-mythicmobs:compileJava UP-TO-DATE
> Task :mmo-integrations:integration-oraxen:compileJava UP-TO-DATE
> Task :mmo-integrations:integration-packetevents:compileJava UP-TO-DATE
> Task :mmo-integrations:integration-wallet:compileJava UP-TO-DATE
> Task :mmo-integrations:integration-worldguard:compileJava UP-TO-DATE
> Task :mmo-bootstrap:compileJava UP-TO-DATE
> Task :mmo-bootstrap:processResources UP-TO-DATE
> Task :mmo-bootstrap:classes UP-TO-DATE
> Task :mmo-combat:processResources NO-SOURCE
> Task :mmo-combat:classes UP-TO-DATE
> Task :mmo-combat:jar UP-TO-DATE
> Task :mmo-content:processResources NO-SOURCE
> Task :mmo-content:classes UP-TO-DATE
> Task :mmo-content:jar UP-TO-DATE
> Task :mmo-integrations:processResources NO-SOURCE
> Task :mmo-integrations:classes UP-TO-DATE
> Task :mmo-integrations:jar UP-TO-DATE
> Task :mmo-items:processResources NO-SOURCE
> Task :mmo-items:classes UP-TO-DATE
> Task :mmo-items:jar UP-TO-DATE
> Task :mmo-lifeskills:processResources NO-SOURCE
> Task :mmo-lifeskills:classes UP-TO-DATE
> Task :mmo-lifeskills:jar UP-TO-DATE
> Task :mmo-magic:processResources NO-SOURCE
> Task :mmo-magic:classes UP-TO-DATE
> Task :mmo-magic:jar UP-TO-DATE
> Task :mmo-persistence:processResources UP-TO-DATE
> Task :mmo-persistence:classes UP-TO-DATE
> Task :mmo-persistence:jar UP-TO-DATE
> Task :mmo-progression:processResources NO-SOURCE
> Task :mmo-progression:classes UP-TO-DATE
> Task :mmo-progression:jar UP-TO-DATE
> Task :mmo-scenes:processResources NO-SOURCE
> Task :mmo-scenes:classes UP-TO-DATE
> Task :mmo-scenes:jar UP-TO-DATE
> Task :mmo-social:processResources NO-SOURCE
> Task :mmo-social:classes UP-TO-DATE
> Task :mmo-social:jar UP-TO-DATE
> Task :mmo-worldloop:processResources NO-SOURCE
> Task :mmo-worldloop:classes UP-TO-DATE
> Task :mmo-worldloop:jar UP-TO-DATE
> Task :mmo-integrations:integration-mythicmobs:processResources NO-SOURCE
> Task :mmo-integrations:integration-mythicmobs:classes UP-TO-DATE
> Task :mmo-integrations:integration-mythicmobs:jar UP-TO-DATE
> Task :mmo-integrations:integration-oraxen:processResources NO-SOURCE
> Task :mmo-integrations:integration-oraxen:classes UP-TO-DATE
> Task :mmo-integrations:integration-oraxen:jar UP-TO-DATE
> Task :mmo-integrations:integration-packetevents:processResources NO-SOURCE
> Task :mmo-integrations:integration-packetevents:classes UP-TO-DATE
> Task :mmo-integrations:integration-packetevents:jar UP-TO-DATE
> Task :mmo-integrations:integration-wallet:processResources NO-SOURCE
> Task :mmo-integrations:integration-wallet:classes UP-TO-DATE
> Task :mmo-integrations:integration-wallet:jar UP-TO-DATE
> Task :mmo-integrations:integration-worldguard:processResources NO-SOURCE
> Task :mmo-integrations:integration-worldguard:classes UP-TO-DATE
> Task :mmo-integrations:integration-worldguard:jar UP-TO-DATE
> Task :mmo-bootstrap:shadowJar UP-TO-DATE

> Task :mmo-bootstrap:runServer
Located Paper 26.2 build 112 in local cache.
Starting Paper...

Starting org.bukkit.craftbukkit.Main
2026-08-18T15:37:43.599720700Z ServerMain WARN Advanced terminal features are not available in this environment
[22:37:43 INFO]: [bootstrap] Running Java 25 (OpenJDK 64-Bit Server VM 25.0.3+9-LTS; Eclipse Adoptium Temurin-25.0.3+9) on Windows 11 10.0 (amd64)
[22:37:43 INFO]: [bootstrap] Loading Paper 26.2-112-main@c9e894d (2026-08-11T05:18:39Z) for Minecraft 26.2
[22:37:43 INFO]: [PluginInitializerManager] Initializing plugins...
[22:37:44 INFO]: [PluginInitializerManager] Initialized 1 plugin
[22:37:44 INFO]: [PluginInitializerManager] Bukkit plugins (1):
 - BranzMMO (1.0.0-SNAPSHOT)
WARNING: A terminally deprecated method in sun.misc.Unsafe has been called
WARNING: sun.misc.Unsafe::objectFieldOffset has been called by org.joml.MemUtil$MemUtilUnsafe (file:/C:/Users/User/AppData/Local/BranzMMORPGHarness/repo/mmo-bootstrap/run/libraries/org/joml/joml/1.10.8/joml-1.10.8.jar)
WARNING: Please consider reporting this to the maintainers of class org.joml.MemUtil$MemUtilUnsafe
WARNING: sun.misc.Unsafe::objectFieldOffset will be removed in a future release
[22:37:50 INFO]: [ca.spottedleaf.dataconverter.minecraft.datatypes.MCTypeRegistry] Initialising converters for DataConverter...
[22:37:50 INFO]: Environment: Environment[sessionHost=https://sessionserver.mojang.com, servicesHost=https://api.minecraftservices.com, profilesHost=https://api.mojang.com, name=PROD]
[22:37:51 INFO]: [ca.spottedleaf.dataconverter.minecraft.datatypes.MCTypeRegistry] Finished initialising converters for DataConverter in 823.0ms
[22:37:53 INFO]: Loaded 1585 recipes
[22:37:53 INFO]: Loaded 1688 advancements
[22:37:53 INFO]: Starting minecraft server version 26.2
[22:37:53 INFO]: Loading properties
[22:37:53 INFO]: This server is running Paper version 26.2-112-main@c9e894d (2026-08-11T05:18:39Z) (Implementing API version 26.2.build.112-stable)
[22:37:53 INFO]: [spark] This server bundles the spark profiler. For more information please visit https://docs.papermc.io/paper/profiling
[22:37:53 INFO]: Server Ping Player Sample Count: 12
[22:37:53 INFO]: Using 4 threads for Netty based IO
[22:37:54 INFO]: [MoonriseCommon] Paper is using 3 worker threads, 1 I/O threads
[22:37:54 INFO]: Default game type: SURVIVAL
[22:37:54 INFO]: Generating keypair
[22:37:54 INFO]: Starting Minecraft server on *:25565
[22:37:54 INFO]: Paper: Using Java compression from Velocity.
[22:37:54 INFO]: Paper: Using Java cipher from Velocity.
[22:37:54 INFO]: [BranzMMO] Loading server plugin BranzMMO v1.0.0-SNAPSHOT
[22:37:54 INFO]: [BranzMMO] Enabling BranzMMO v1.0.0-SNAPSHOT
[22:37:54 INFO]: [BranzMMO] Loading and validating content snapshot from C:\Users\User\AppData\Local\BranzMMORPGHarness\repo\example-content\milestone-1
[22:37:54 WARN]: **** SERVER IS RUNNING IN OFFLINE/INSECURE MODE!
[22:37:54 WARN]: The server will make no attempt to authenticate usernames. Beware.
[22:37:54 WARN]: While this makes the game possible to play without internet access, it also opens up the ability for hackers to connect with any username they choose.
[22:37:54 WARN]: To change this, set "online-mode" to "true" in the server.properties file.
[22:37:54 INFO]: Preparing level "world"
[22:37:55 INFO]: Loading 0 persistent chunks for level 'minecraft:overworld'...
[22:37:55 INFO]: Preparing spawn area: 100%
[22:37:55 INFO]: Prepared spawn area in 16 ms
[22:37:55 INFO]: Loading 0 persistent chunks for level 'minecraft:the_nether'...
[22:37:55 INFO]: Prepared spawn area in 11 ms
[22:37:55 INFO]: Loading 0 persistent chunks for level 'minecraft:the_end'...
[22:37:55 INFO]: Prepared spawn area in 14 ms
[22:37:55 INFO]: Done preparing level "world" (0.945s)
[22:37:56 INFO]: [spark] Starting background profiler...
[22:37:56 INFO]: [spark] The async-profiler engine is not supported for your os/arch (windows11/amd64), so the built-in Java engine will be used instead.
[22:37:56 INFO]: Saving chunks for level 'ServerLevel[world]'/minecraft:overworld
[22:37:56 INFO]: Saving chunks for level 'ServerLevel[world]'/minecraft:the_nether
[22:37:56 INFO]: Saving chunks for level 'ServerLevel[world]'/minecraft:the_end
[22:37:56 INFO]: ThreadedAnvilChunkStorage (world): All chunks are saved
[22:37:56 INFO]: ThreadedAnvilChunkStorage (DIM-1): All chunks are saved
[22:37:56 INFO]: ThreadedAnvilChunkStorage (DIM1): All chunks are saved
[22:37:56 INFO]: ThreadedAnvilChunkStorage: All dimensions are saved
[22:37:56 INFO]: Running delayed init tasks
[22:37:56 INFO]: Done (13.681s)! For help, type "help"
[22:37:56 INFO]: [io.zonky.test.db.postgres.embedded.EmbeddedPostgres] Detected a Windows x86_64 system
[22:37:56 INFO]: [io.zonky.test.db.postgres.embedded.DefaultPostgresBinaryResolver] Detected distribution: 'Unknown'
[22:37:56 INFO]: [io.zonky.test.db.postgres.embedded.DefaultPostgresBinaryResolver] System specific postgres binaries found: 'postgres-windows-x86_64.txz'
[22:37:56 INFO]: [io.zonky.test.db.postgres.embedded.EmbeddedPostgres] Postgres binaries at C:\Users\User\AppData\Local\Temp\embedded-pg\PG-3942d5a1dcdbfebc27772e9e670d5d85
[22:37:56 INFO]: [io.zonky.test.db.postgres.embedded.EmbeddedPostgres] 3c1040ea-fd82-4ac0-b139-bc197ac7aec2 postmaster started as Process[pid=10916, exitValue="not exited"] on port 58071.  Waiting up to PT10S for server startup to finish.
[22:37:57 INFO]: [io.zonky.test.db.postgres.embedded.EmbeddedPostgres] waiting for server to start....2026-08-18 22:37:57.289 +07 [12036] LOG:  starting PostgreSQL 14.22, compiled by Visual C++ build 1944, 64-bit
[22:37:57 INFO]: [io.zonky.test.db.postgres.embedded.EmbeddedPostgres] 2026-08-18 22:37:57.307 +07 [12036] LOG:  listening on IPv6 address "::1", port 58071
[22:37:57 INFO]: [io.zonky.test.db.postgres.embedded.EmbeddedPostgres] 2026-08-18 22:37:57.308 +07 [12036] LOG:  listening on IPv4 address "127.0.0.1", port 58071
[22:37:57 INFO]: [io.zonky.test.db.postgres.embedded.EmbeddedPostgres] 2026-08-18 22:37:57.418 +07 [29100] LOG:  database system was shut down at 2026-08-18 22:37:21 +07
[22:37:57 INFO]: [io.zonky.test.db.postgres.embedded.EmbeddedPostgres] 2026-08-18 22:37:57.502 +07 [12036] LOG:  database system is ready to accept connections
[22:37:57 INFO]: [io.zonky.test.db.postgres.embedded.EmbeddedPostgres]  done
[22:37:57 INFO]: [io.zonky.test.db.postgres.embedded.EmbeddedPostgres] server started
[22:37:58 INFO]: [io.zonky.test.db.postgres.embedded.EmbeddedPostgres] 3c1040ea-fd82-4ac0-b139-bc197ac7aec2 postmaster startup finished in 00:00:01.187
[22:38:01 INFO]: [BranzMMO] Milestone 3 runtime ready; item definitions=20, move definitions=6, spell definitions=5, technique definitions=5, form definitions=4, ailment definitions=6, encounter reward definitions=1, Scene presentation=WORLD_BACKED
[22:38:01 INFO]: [BranzMMO] Provider asset.oraxen=UNAVAILABLE [OPTIONAL]: plugin is not installed: Oraxen
[22:38:01 INFO]: [BranzMMO] Provider mob.mythicmobs=UNAVAILABLE [OPTIONAL]: plugin is not installed: MythicMobs
[22:38:01 INFO]: [BranzMMO] Provider packet.packetevents=UNAVAILABLE [OPTIONAL]: plugin is not installed: packetevents
[22:38:01 INFO]: [BranzMMO] Provider region.worldguard=UNAVAILABLE [OPTIONAL]: plugin is not installed: WorldGuard
[22:38:01 INFO]: [BranzMMO] Provider wallet.external=UNAVAILABLE [OPTIONAL]: plugin is not installed: Wallet
[22:38:01 WARN]: [BranzMMO] asset.oraxen [OPTIONAL]: plugin is not installed: Oraxen
[22:38:01 WARN]: [BranzMMO] mob.mythicmobs [OPTIONAL]: plugin is not installed: MythicMobs
[22:38:01 WARN]: [BranzMMO] packet.packetevents [OPTIONAL]: plugin is not installed: packetevents
[22:38:01 WARN]: [BranzMMO] region.worldguard [OPTIONAL]: plugin is not installed: WorldGuard
[22:38:01 WARN]: [BranzMMO] wallet.external [OPTIONAL]: plugin is not installed: Wallet
[22:38:01 INFO]: [BranzMMO] Branz MMO startup DEGRADED; content=v1.milestone-1.example.4, definitions=48
[22:38:01 INFO]: [BranzMMO] PostgreSQL runtime ready; mode=EMBEDDED_LOCAL, server-instance=local-d64d7188-a610-449b-9d7c-e59feff1e5e5
[22:38:01 INFO]: [BranzMMO] Recovered 0 boss encounter(s) from V0009.
[22:38:01 INFO]: [BranzMMO] Death Pouch reconciliation is ready.
[22:38:01 INFO]: [BranzMMO] Recovered 0 downed encounter(s) from V0010.
[22:38:41 INFO]: UUID of player Player0 is 2654e3c3-150d-3857-a426-0b141796a4e0
[22:38:45 INFO]: Player0 joined the game
[22:38:45 INFO]: Player0[/127.0.0.1:58139] logged in with entity id 107 at ([minecraft:overworld]-1.5, 69.0, 7.5)
[22:38:45 INFO]: Nothing changed. The player already is an operator
[22:38:45 INFO]: Set 7 experience levels on Player0
[22:38:48 INFO]: Player0 issued server command: /mmo physical status
[22:38:49 INFO]: Player0 issued server command: /mmo physical status
[22:38:49 INFO]: Player0 issued server command: /mmo physical status
[22:38:50 INFO]: Player0 lost connection: Disconnected
[22:38:50 INFO]: Player0 left the game
[22:38:50 INFO]: Stopping the server
[22:38:50 INFO]: Stopping server
[22:38:50 INFO]: [BranzMMO] Disabling BranzMMO v1.0.0-SNAPSHOT
[22:38:50 INFO]: [io.zonky.test.db.postgres.embedded.EmbeddedPostgres] 2026-08-18 22:38:50.764 +07 [12036] LOG:  received fast shutdown request
[22:38:50 INFO]: [io.zonky.test.db.postgres.embedded.EmbeddedPostgres] 2026-08-18 22:38:50.765 +07 [12036] LOG:  aborting any active transactions
[22:38:50 INFO]: [io.zonky.test.db.postgres.embedded.EmbeddedPostgres] 2026-08-18 22:38:50.802 +07 [12036] LOG:  background worker "logical replication launcher" (PID 12404) exited with exit code 1
[22:38:50 INFO]: [io.zonky.test.db.postgres.embedded.EmbeddedPostgres] 2026-08-18 22:38:50.813 +07 [29988] LOG:  shutting down
[22:38:51 INFO]: [io.zonky.test.db.postgres.embedded.EmbeddedPostgres] 2026-08-18 22:38:51.146 +07 [12036] LOG:  database system is shut down
[22:38:51 INFO]: [io.zonky.test.db.postgres.embedded.EmbeddedPostgres] waiting for server to shut down.... done
[22:38:51 INFO]: [io.zonky.test.db.postgres.embedded.EmbeddedPostgres] server stopped
[22:38:51 INFO]: [io.zonky.test.db.postgres.embedded.EmbeddedPostgres] 3c1040ea-fd82-4ac0-b139-bc197ac7aec2 shut down postmaster in 00:00:00.658
[22:38:51 INFO]: [io.zonky.test.db.postgres.embedded.EmbeddedPostgres] Did not clean up directory C:\Users\User\AppData\Local\BranzMMORPGHarness\repo\mmo-bootstrap\run\plugins\BranzMMO\embedded-postgres
[22:38:51 INFO]: [BranzMMO] Branz MMO platform disabled cleanly.
[22:38:51 INFO]: Saving players
[22:38:51 INFO]: Saving worlds
[22:38:51 INFO]: Saving chunks for level 'ServerLevel[world]'/minecraft:overworld
[22:38:51 INFO]: [ChunkHolderManager] Waiting 60s for chunk system to halt for world 'minecraft:overworld'
[22:38:51 INFO]: [ChunkHolderManager] Halted chunk system for world 'minecraft:overworld'
[22:38:51 INFO]: [ChunkHolderManager] Saving all chunkholders for world 'minecraft:overworld'
[22:38:53 INFO]: [ChunkHolderManager] Saved 1588 block chunks, 201 entity chunks, 0 poi chunks in world 'minecraft:overworld' in 1.73s
[22:38:53 INFO]: [ChunkHolderManager] Waiting 60s for chunk I/O to halt for world 'minecraft:overworld'
[22:38:53 INFO]: [ChunkHolderManager] Halted I/O scheduler for world 'minecraft:overworld'
[22:38:53 INFO]: Saving chunks for level 'ServerLevel[world]'/minecraft:the_nether
[22:38:53 INFO]: [ChunkHolderManager] Waiting 60s for chunk system to halt for world 'minecraft:the_nether'
[22:38:53 INFO]: [ChunkHolderManager] Halted chunk system for world 'minecraft:the_nether'
[22:38:53 INFO]: [ChunkHolderManager] Saving all chunkholders for world 'minecraft:the_nether'
[22:38:53 INFO]: [ChunkHolderManager] Saved 0 block chunks, 0 entity chunks, 0 poi chunks in world 'minecraft:the_nether' in 0.00s
[22:38:53 INFO]: [ChunkHolderManager] Waiting 60s for chunk I/O to halt for world 'minecraft:the_nether'
[22:38:53 INFO]: [ChunkHolderManager] Halted I/O scheduler for world 'minecraft:the_nether'
[22:38:53 INFO]: Saving chunks for level 'ServerLevel[world]'/minecraft:the_end
[22:38:53 INFO]: [ChunkHolderManager] Waiting 60s for chunk system to halt for world 'minecraft:the_end'
[22:38:53 INFO]: [ChunkHolderManager] Halted chunk system for world 'minecraft:the_end'
[22:38:53 INFO]: [ChunkHolderManager] Saving all chunkholders for world 'minecraft:the_end'
[22:38:53 INFO]: [ChunkHolderManager] Saved 0 block chunks, 0 entity chunks, 0 poi chunks in world 'minecraft:the_end' in 0.00s
[22:38:53 INFO]: [ChunkHolderManager] Waiting 60s for chunk I/O to halt for world 'minecraft:the_end'
[22:38:53 INFO]: [ChunkHolderManager] Halted I/O scheduler for world 'minecraft:the_end'
[22:38:53 INFO]: ThreadedAnvilChunkStorage (world): All chunks are saved
[22:38:53 INFO]: ThreadedAnvilChunkStorage (DIM-1): All chunks are saved
[22:38:53 INFO]: ThreadedAnvilChunkStorage (DIM1): All chunks are saved
[22:38:53 INFO]: ThreadedAnvilChunkStorage: All dimensions are saved
[22:38:53 INFO]: Waiting for all RegionFile I/O tasks to complete...
[22:38:53 INFO]: All RegionFile I/O tasks to complete
[22:38:53 INFO]: [MoonriseCommon] Awaiting termination of worker pool for up to 60s...
[22:38:53 INFO]: [MoonriseCommon] Awaiting termination of I/O pool for up to 60s...

BUILD SUCCESSFUL in 1m 28s
39 actionable tasks: 1 executed, 38 up-to-date
Consider enabling configuration cache to speed up this build: https://docs.gradle.org/9.1.0/userguide/configuration_cache_enabling.html
