To honour the JVM settings for this build a single-use Daemon process will be forked. For more on this, please refer to https://docs.gradle.org/9.1.0/userguide/gradle_daemon.html#sec:disabling_the_daemon in the Gradle documentation.
Daemon will be stopped at the end of the build 
> Task :mmo-api:compileJava UP-TO-DATE
> Task :mmo-api:processResources NO-SOURCE
> Task :mmo-api:classes UP-TO-DATE
> Task :mmo-api:jar UP-TO-DATE
> Task :mmo-content:compileJava UP-TO-DATE
> Task :mmo-combat:compileJava UP-TO-DATE
> Task :mmo-integrations:compileJava UP-TO-DATE
> Task :mmo-items:compileJava UP-TO-DATE
> Task :mmo-lifeskills:compileJava UP-TO-DATE
> Task :mmo-magic:compileJava UP-TO-DATE
> Task :mmo-progression:compileJava UP-TO-DATE
> Task :mmo-persistence:compileJava UP-TO-DATE
> Task :mmo-scenes:compileJava UP-TO-DATE
> Task :mmo-social:compileJava UP-TO-DATE
> Task :mmo-worldloop:compileJava UP-TO-DATE
> Task :mmo-integrations:integration-mythicmobs:compileJava UP-TO-DATE
> Task :mmo-integrations:integration-oraxen:compileJava UP-TO-DATE
> Task :mmo-integrations:integration-packetevents:compileJava UP-TO-DATE
> Task :mmo-integrations:integration-wallet:compileJava UP-TO-DATE
> Task :mmo-integrations:integration-worldguard:compileJava UP-TO-DATE
> Task :mmo-bootstrap:compileJava UP-TO-DATE
> Task :mmo-bootstrap:processResources UP-TO-DATE
> Task :mmo-bootstrap:classes UP-TO-DATE
> Task :mmo-combat:processResources NO-SOURCE
> Task :mmo-combat:classes UP-TO-DATE
> Task :mmo-combat:jar UP-TO-DATE
> Task :mmo-content:processResources NO-SOURCE
> Task :mmo-content:classes UP-TO-DATE
> Task :mmo-content:jar UP-TO-DATE
> Task :mmo-integrations:processResources NO-SOURCE
> Task :mmo-integrations:classes UP-TO-DATE
> Task :mmo-integrations:jar UP-TO-DATE
> Task :mmo-items:processResources NO-SOURCE
> Task :mmo-items:classes UP-TO-DATE
> Task :mmo-items:jar UP-TO-DATE
> Task :mmo-lifeskills:processResources NO-SOURCE
> Task :mmo-lifeskills:classes UP-TO-DATE
> Task :mmo-lifeskills:jar UP-TO-DATE
> Task :mmo-magic:processResources NO-SOURCE
> Task :mmo-magic:classes UP-TO-DATE
> Task :mmo-magic:jar UP-TO-DATE
> Task :mmo-persistence:processResources UP-TO-DATE
> Task :mmo-persistence:classes UP-TO-DATE
> Task :mmo-persistence:jar UP-TO-DATE
> Task :mmo-progression:processResources NO-SOURCE
> Task :mmo-progression:classes UP-TO-DATE
> Task :mmo-progression:jar UP-TO-DATE
> Task :mmo-scenes:processResources NO-SOURCE
> Task :mmo-scenes:classes UP-TO-DATE
> Task :mmo-scenes:jar UP-TO-DATE
> Task :mmo-social:processResources NO-SOURCE
> Task :mmo-social:classes UP-TO-DATE
> Task :mmo-social:jar UP-TO-DATE
> Task :mmo-worldloop:processResources NO-SOURCE
> Task :mmo-worldloop:classes UP-TO-DATE
> Task :mmo-worldloop:jar UP-TO-DATE
> Task :mmo-integrations:integration-mythicmobs:processResources NO-SOURCE
> Task :mmo-integrations:integration-mythicmobs:classes UP-TO-DATE
> Task :mmo-integrations:integration-mythicmobs:jar UP-TO-DATE
> Task :mmo-integrations:integration-oraxen:processResources NO-SOURCE
> Task :mmo-integrations:integration-oraxen:classes UP-TO-DATE
> Task :mmo-integrations:integration-oraxen:jar UP-TO-DATE
> Task :mmo-integrations:integration-packetevents:processResources NO-SOURCE
> Task :mmo-integrations:integration-packetevents:classes UP-TO-DATE
> Task :mmo-integrations:integration-packetevents:jar UP-TO-DATE
> Task :mmo-integrations:integration-wallet:processResources NO-SOURCE
> Task :mmo-integrations:integration-wallet:classes UP-TO-DATE
> Task :mmo-integrations:integration-wallet:jar UP-TO-DATE
> Task :mmo-integrations:integration-worldguard:processResources NO-SOURCE
> Task :mmo-integrations:integration-worldguard:classes UP-TO-DATE
> Task :mmo-integrations:integration-worldguard:jar UP-TO-DATE
> Task :mmo-bootstrap:shadowJar UP-TO-DATE

> Task :mmo-bootstrap:runServer
Located Paper 26.2 build 112 in local cache.
Starting Paper...

Downloading mojang_26.2.jar
Applying patches
Starting org.bukkit.craftbukkit.Main
2026-08-18T15:35:53.599995200Z ServerMain WARN Advanced terminal features are not available in this environment
[22:35:54 INFO]: [bootstrap] Running Java 25 (OpenJDK 64-Bit Server VM 25.0.3+9-LTS; Eclipse Adoptium Temurin-25.0.3+9) on Windows 11 10.0 (amd64)
[22:35:54 INFO]: [bootstrap] Loading Paper 26.2-112-main@c9e894d (2026-08-11T05:18:39Z) for Minecraft 26.2
[22:35:54 INFO]: [PluginInitializerManager] Initializing plugins...
[22:35:54 INFO]: [PluginInitializerManager] Initialized 1 plugin
[22:35:54 INFO]: [PluginInitializerManager] Bukkit plugins (1):
 - BranzMMO (1.0.0-SNAPSHOT)
WARNING: A terminally deprecated method in sun.misc.Unsafe has been called
WARNING: sun.misc.Unsafe::objectFieldOffset has been called by org.joml.MemUtil$MemUtilUnsafe (file:/C:/Users/User/AppData/Local/BranzMMORPGHarness/repo/mmo-bootstrap/run/libraries/org/joml/joml/1.10.8/joml-1.10.8.jar)
WARNING: Please consider reporting this to the maintainers of class org.joml.MemUtil$MemUtilUnsafe
WARNING: sun.misc.Unsafe::objectFieldOffset will be removed in a future release
[22:36:00 INFO]: [ca.spottedleaf.dataconverter.minecraft.datatypes.MCTypeRegistry] Initialising converters for DataConverter...
[22:36:01 INFO]: Environment: Environment[sessionHost=https://sessionserver.mojang.com, servicesHost=https://api.minecraftservices.com, profilesHost=https://api.mojang.com, name=PROD]
[22:36:01 INFO]: [ca.spottedleaf.dataconverter.minecraft.datatypes.MCTypeRegistry] Finished initialising converters for DataConverter in 587.2ms
[22:36:01 INFO]: Found new data pack paper, loading it automatically
[22:36:02 INFO]: No existing world data, creating new world
[22:36:03 INFO]: Loaded 1585 recipes
[22:36:03 INFO]: Loaded 1688 advancements
[22:36:03 INFO]: Starting minecraft server version 26.2
[22:36:03 INFO]: Loading properties
[22:36:03 INFO]: This server is running Paper version 26.2-112-main@c9e894d (2026-08-11T05:18:39Z) (Implementing API version 26.2.build.112-stable)
[22:36:03 INFO]: [spark] This server bundles the spark profiler. For more information please visit https://docs.papermc.io/paper/profiling
[22:36:03 INFO]: Using 4 threads for Netty based IO
[22:36:03 INFO]: Server Ping Player Sample Count: 12
[22:36:04 INFO]: [MoonriseCommon] Paper is using 3 worker threads, 1 I/O threads
[22:36:04 INFO]: Default game type: SURVIVAL
[22:36:04 INFO]: Generating keypair
[22:36:04 INFO]: Starting Minecraft server on *:25565
[22:36:04 INFO]: Paper: Using Java compression from Velocity.
[22:36:04 INFO]: Paper: Using Java cipher from Velocity.
[22:36:04 INFO]: [BranzMMO] Loading server plugin BranzMMO v1.0.0-SNAPSHOT
[22:36:04 INFO]: [BranzMMO] Enabling BranzMMO v1.0.0-SNAPSHOT
[22:36:04 INFO]: [BranzMMO] Loading and validating content snapshot from C:\Users\User\AppData\Local\BranzMMORPGHarness\repo\example-content\milestone-1
[22:36:04 WARN]: **** SERVER IS RUNNING IN OFFLINE/INSECURE MODE!
[22:36:04 WARN]: The server will make no attempt to authenticate usernames. Beware.
[22:36:04 WARN]: While this makes the game possible to play without internet access, it also opens up the ability for hackers to connect with any username they choose.
[22:36:04 WARN]: To change this, set "online-mode" to "true" in the server.properties file.
[22:36:04 INFO]: Preparing level "world"
[22:36:05 INFO]: Selecting spawn point for level 'minecraft:overworld'...
[22:36:10 INFO]: Selecting spawn point for level 'minecraft:the_nether'...
[22:36:11 INFO]: Selecting spawn point for level 'minecraft:the_end'...
[22:36:11 INFO]: Loading 0 persistent chunks for level 'minecraft:overworld'...
[22:36:11 INFO]: Preparing spawn area: 100%
[22:36:11 INFO]: Prepared spawn area in 6232 ms
[22:36:11 INFO]: Loading 0 persistent chunks for level 'minecraft:the_nether'...
[22:36:11 INFO]: Preparing spawn area: 100%
[22:36:11 INFO]: Prepared spawn area in 1298 ms
[22:36:11 INFO]: Loading 0 persistent chunks for level 'minecraft:the_end'...
[22:36:11 INFO]: Preparing spawn area: 100%
[22:36:11 INFO]: Prepared spawn area in 333 ms
[22:36:11 INFO]: Done preparing level "world" (6.712s)
[22:36:11 INFO]: [spark] Starting background profiler...
[22:36:11 INFO]: [spark] The async-profiler engine is not supported for your os/arch (windows11/amd64), so the built-in Java engine will be used instead.
[22:36:11 INFO]: Saving chunks for level 'ServerLevel[world]'/minecraft:overworld
[22:36:11 INFO]: Saving chunks for level 'ServerLevel[world]'/minecraft:the_nether
[22:36:12 INFO]: Saving chunks for level 'ServerLevel[world]'/minecraft:the_end
[22:36:12 INFO]: ThreadedAnvilChunkStorage (world): All chunks are saved
[22:36:12 INFO]: ThreadedAnvilChunkStorage (DIM-1): All chunks are saved
[22:36:12 INFO]: ThreadedAnvilChunkStorage (DIM1): All chunks are saved
[22:36:12 INFO]: ThreadedAnvilChunkStorage: All dimensions are saved
[22:36:12 INFO]: Running delayed init tasks
[22:36:12 INFO]: Done (19.548s)! For help, type "help"
[22:36:12 INFO]: *************************************************************************************
[22:36:12 INFO]: This is the first time you're starting this server.
[22:36:12 INFO]: It's recommended you read our 'Getting Started' documentation for guidance.
[22:36:12 INFO]: View this and more helpful information here: https://docs.papermc.io/paper/next-steps
[22:36:12 INFO]: *************************************************************************************
[22:36:12 INFO]: [io.zonky.test.db.postgres.embedded.EmbeddedPostgres] Detected a Windows x86_64 system
[22:36:12 INFO]: [io.zonky.test.db.postgres.embedded.DefaultPostgresBinaryResolver] Detected distribution: 'Unknown'
[22:36:12 INFO]: [io.zonky.test.db.postgres.embedded.DefaultPostgresBinaryResolver] System specific postgres binaries found: 'postgres-windows-x86_64.txz'
[22:36:12 INFO]: [io.zonky.test.db.postgres.embedded.EmbeddedPostgres] Postgres binaries at C:\Users\User\AppData\Local\Temp\embedded-pg\PG-3942d5a1dcdbfebc27772e9e670d5d85
[22:36:12 INFO]: [io.zonky.test.db.postgres.embedded.EmbeddedPostgres] The files belonging to this database system will be owned by user "User".
[22:36:12 INFO]: [io.zonky.test.db.postgres.embedded.EmbeddedPostgres] This user must also own the server process.
[22:36:12 INFO]: [io.zonky.test.db.postgres.embedded.EmbeddedPostgres] 
[22:36:12 INFO]: [io.zonky.test.db.postgres.embedded.EmbeddedPostgres] The database cluster will be initialized with locale "English_United States.874".
[22:36:12 INFO]: [io.zonky.test.db.postgres.embedded.EmbeddedPostgres] The default text search configuration will be set to "english".
[22:36:12 INFO]: [io.zonky.test.db.postgres.embedded.EmbeddedPostgres] 
[22:36:12 INFO]: [io.zonky.test.db.postgres.embedded.EmbeddedPostgres] Data page checksums are disabled.
[22:36:12 INFO]: [io.zonky.test.db.postgres.embedded.EmbeddedPostgres] 
[22:36:12 INFO]: [io.zonky.test.db.postgres.embedded.EmbeddedPostgres] fixing permissions on existing directory C:/Users/User/AppData/Local/BranzMMORPGHarness/repo/mmo-bootstrap/run/plugins/BranzMMO/embedded-postgres ... ok
[22:36:12 INFO]: [io.zonky.test.db.postgres.embedded.EmbeddedPostgres] creating subdirectories ... ok
[22:36:12 INFO]: [io.zonky.test.db.postgres.embedded.EmbeddedPostgres] selecting dynamic shared memory implementation ... windows
[22:36:13 INFO]: [io.zonky.test.db.postgres.embedded.EmbeddedPostgres] selecting default max_connections ... 100
[22:36:13 INFO]: [io.zonky.test.db.postgres.embedded.EmbeddedPostgres] selecting default shared_buffers ... 128MB
[22:36:13 INFO]: [io.zonky.test.db.postgres.embedded.EmbeddedPostgres] selecting default time zone ... Asia/Bangkok
[22:36:13 INFO]: [io.zonky.test.db.postgres.embedded.EmbeddedPostgres] creating configuration files ... ok
[22:36:15 INFO]: [io.zonky.test.db.postgres.embedded.EmbeddedPostgres] running bootstrap script ... ok
[22:36:19 INFO]: [io.zonky.test.db.postgres.embedded.EmbeddedPostgres] performing post-bootstrap initialization ... ok
[22:36:24 INFO]: [io.zonky.test.db.postgres.embedded.EmbeddedPostgres] syncing data to disk ... ok
[22:36:24 INFO]: [io.zonky.test.db.postgres.embedded.EmbeddedPostgres] 
[22:36:24 INFO]: [io.zonky.test.db.postgres.embedded.EmbeddedPostgres] Success. You can now start the database server using:
[22:36:24 INFO]: [io.zonky.test.db.postgres.embedded.EmbeddedPostgres] 
[22:36:24 INFO]: [io.zonky.test.db.postgres.embedded.EmbeddedPostgres]     ^"C^:^\Users^\User^\AppData^\Local^\Temp^\embedded^-pg^\PG^-3942d5a1dcdbfebc27772e9e670d5d85^\bin^\pg^_ctl^" -D ^"C^:^\Users^\User^\AppData^\Local^\BranzMMORPGHarness^\repo^\mmo^-bootstrap^\run^\plugins^\BranzMMO^\embedded^-postgres^" -l logfile start
[22:36:24 INFO]: [io.zonky.test.db.postgres.embedded.EmbeddedPostgres] 
[22:36:25 INFO]: [io.zonky.test.db.postgres.embedded.EmbeddedPostgres] b636899a-e039-4fa3-9dfc-b4ed15b0d0be initdb completed in 00:00:12.549
[22:36:25 INFO]: [io.zonky.test.db.postgres.embedded.EmbeddedPostgres] b636899a-e039-4fa3-9dfc-b4ed15b0d0be postmaster started as Process[pid=28008, exitValue="not exited"] on port 49171.  Waiting up to PT10S for server startup to finish.
[22:36:25 INFO]: [io.zonky.test.db.postgres.embedded.EmbeddedPostgres] waiting for server to start....2026-08-18 22:36:25.287 +07 [3840] LOG:  starting PostgreSQL 14.22, compiled by Visual C++ build 1944, 64-bit
[22:36:25 INFO]: [io.zonky.test.db.postgres.embedded.EmbeddedPostgres] 2026-08-18 22:36:25.294 +07 [3840] LOG:  listening on IPv6 address "::1", port 49171
[22:36:25 INFO]: [io.zonky.test.db.postgres.embedded.EmbeddedPostgres] 2026-08-18 22:36:25.294 +07 [3840] LOG:  listening on IPv4 address "127.0.0.1", port 49171
[22:36:25 INFO]: [io.zonky.test.db.postgres.embedded.EmbeddedPostgres] 2026-08-18 22:36:25.346 +07 [30672] LOG:  database system was shut down at 2026-08-18 22:36:19 +07
[22:36:25 INFO]: [io.zonky.test.db.postgres.embedded.EmbeddedPostgres] 2026-08-18 22:36:25.426 +07 [3840] LOG:  database system is ready to accept connections
[22:36:25 INFO]: [io.zonky.test.db.postgres.embedded.EmbeddedPostgres]  done
[22:36:25 INFO]: [io.zonky.test.db.postgres.embedded.EmbeddedPostgres] server started
[22:36:25 INFO]: [io.zonky.test.db.postgres.embedded.EmbeddedPostgres] b636899a-e039-4fa3-9dfc-b4ed15b0d0be postmaster startup finished in 00:00:00.834
[22:36:28 INFO]: [BranzMMO] Milestone 3 runtime ready; item definitions=20, move definitions=6, spell definitions=5, technique definitions=5, form definitions=4, ailment definitions=6, encounter reward definitions=1, Scene presentation=WORLD_BACKED
[22:36:28 INFO]: [BranzMMO] Provider asset.oraxen=UNAVAILABLE [OPTIONAL]: plugin is not installed: Oraxen
[22:36:28 INFO]: [BranzMMO] Provider mob.mythicmobs=UNAVAILABLE [OPTIONAL]: plugin is not installed: MythicMobs
[22:36:28 INFO]: [BranzMMO] Provider packet.packetevents=UNAVAILABLE [OPTIONAL]: plugin is not installed: packetevents
[22:36:28 INFO]: [BranzMMO] Provider region.worldguard=UNAVAILABLE [OPTIONAL]: plugin is not installed: WorldGuard
[22:36:28 INFO]: [BranzMMO] Provider wallet.external=UNAVAILABLE [OPTIONAL]: plugin is not installed: Wallet
[22:36:28 WARN]: [BranzMMO] asset.oraxen [OPTIONAL]: plugin is not installed: Oraxen
[22:36:28 WARN]: [BranzMMO] mob.mythicmobs [OPTIONAL]: plugin is not installed: MythicMobs
[22:36:28 WARN]: [BranzMMO] packet.packetevents [OPTIONAL]: plugin is not installed: packetevents
[22:36:28 WARN]: [BranzMMO] region.worldguard [OPTIONAL]: plugin is not installed: WorldGuard
[22:36:28 WARN]: [BranzMMO] wallet.external [OPTIONAL]: plugin is not installed: Wallet
[22:36:28 INFO]: [BranzMMO] Branz MMO startup DEGRADED; content=v1.milestone-1.example.4, definitions=48
[22:36:28 INFO]: [BranzMMO] PostgreSQL runtime ready; mode=EMBEDDED_LOCAL, server-instance=local-0f8de4c4-1bc5-4c1b-9f9e-a344f21ede15
[22:36:28 INFO]: [BranzMMO] Recovered 0 boss encounter(s) from V0009.
[22:36:28 INFO]: [BranzMMO] Death Pouch reconciliation is ready.
[22:36:28 INFO]: [BranzMMO] Recovered 0 downed encounter(s) from V0010.
[22:36:59 INFO]: UUID of player Player0 is 2654e3c3-150d-3857-a426-0b141796a4e0
[22:37:04 INFO]: Player0 joined the game
[22:37:04 INFO]: Player0[/127.0.0.1:49229] logged in with entity id 27 at ([minecraft:overworld]-1.5, 69.0, 7.5)
[22:37:04 INFO]: Made Player0 a server operator
[22:37:04 INFO]: Set 7 experience levels on Player0
[22:37:06 INFO]: Player0 issued server command: /item replace entity @s hotbar.0 with minecraft:stone
[22:37:06 INFO]: [Player0: Replaced a slot on Player0 with [Stone]]
[22:37:06 INFO]: Player0 issued server command: /item replace entity @s hotbar.1 with minecraft:stone
[22:37:06 INFO]: [Player0: Replaced a slot on Player0 with [Stone]]
[22:37:06 INFO]: Player0 issued server command: /item replace entity @s hotbar.2 with minecraft:stone
[22:37:06 INFO]: [Player0: Replaced a slot on Player0 with [Stone]]
[22:37:06 INFO]: Player0 issued server command: /item replace entity @s hotbar.3 with minecraft:stone
[22:37:06 INFO]: [Player0: Replaced a slot on Player0 with [Stone]]
[22:37:06 INFO]: Player0 issued server command: /item replace entity @s hotbar.4 with minecraft:stone
[22:37:07 INFO]: [Player0: Replaced a slot on Player0 with [Stone]]
[22:37:07 INFO]: Player0 issued server command: /item replace entity @s hotbar.5 with minecraft:stone
[22:37:07 INFO]: [Player0: Replaced a slot on Player0 with [Stone]]
[22:37:07 INFO]: Player0 issued server command: /item replace entity @s hotbar.6 with minecraft:stone
[22:37:07 INFO]: [Player0: Replaced a slot on Player0 with [Stone]]
[22:37:07 INFO]: Player0 issued server command: /item replace entity @s hotbar.7 with minecraft:stone
[22:37:07 INFO]: [Player0: Replaced a slot on Player0 with [Stone]]
[22:37:07 INFO]: Player0 issued server command: /mmo dev
[22:37:07 INFO]: [BranzMMO] PHYSICAL_AUTHORITY_INVENTORY_CLICK_SERVER player=Player0 action=PICKUP_ALL slot=12 currentProjection=false cursorProjection=false
[22:37:07 INFO]: [BranzMMO] PHYSICAL_AUTHORITY_INVENTORY_CLICK_SERVER player=Player0 action=MOVE_TO_OTHER_INVENTORY slot=19 currentProjection=false cursorProjection=false
[22:37:08 INFO]: Player0 issued server command: /mmo physical status
[22:37:10 INFO]: Player0 issued server command: /mmo physical status
[22:37:11 INFO]: Player0 issued server command: /mmo dev
[22:37:11 INFO]: [BranzMMO] PHYSICAL_AUTHORITY_INVENTORY_CLICK_SERVER player=Player0 action=PICKUP_ALL slot=12 currentProjection=false cursorProjection=false
[22:37:11 INFO]: [BranzMMO] PHYSICAL_AUTHORITY_INVENTORY_CLICK_SERVER player=Player0 action=MOVE_TO_OTHER_INVENTORY slot=19 currentProjection=false cursorProjection=false
[22:37:12 INFO]: Player0 issued server command: /mmo physical status
[22:37:14 INFO]: Player0 issued server command: /mmo physical status
[22:37:14 INFO]: Player0 issued server command: /item replace entity @s hotbar.7 with minecraft:air
[22:37:14 INFO]: [Player0: Replaced a slot on Player0 with [Air]]
[22:37:14 INFO]: [BranzMMO] PHYSICAL_AUTHORITY_INVENTORY_CLICK_SERVER player=Player0 action=PICKUP_HALF slot=9 currentProjection=true cursorProjection=false
[22:37:14 ERROR]: [BranzMMO] PHYSICAL_AUTHORITY_INVENTORY_PLAN_FAILED_SERVER player=Player0 code=PROJECTION_MOVE_DUPLICATE detail=Cursor projection duplicates an MMO value still present in storage.
[22:37:14 INFO]: [BranzMMO] PHYSICAL_AUTHORITY_INVENTORY_ABORT_SERVER player=2654e3c3-150d-3857-a426-0b141796a4e0 detail=PROJECTION_MOVE_DUPLICATE: Cursor projection duplicates an MMO value still present in storage.
[22:37:15 INFO]: Player0 issued server command: /mmo physical status
[22:37:15 INFO]: [BranzMMO] PHYSICAL_AUTHORITY_INVENTORY_CLICK_SERVER player=Player0 action=PICKUP_ALL slot=9 currentProjection=true cursorProjection=false
[22:37:15 INFO]: [BranzMMO] PHYSICAL_AUTHORITY_INVENTORY_PLAN_SERVER player=Player0 disposition=TRANSIENT_CURSOR intent=none
[22:37:15 INFO]: [BranzMMO] PHYSICAL_AUTHORITY_INVENTORY_CLICK_SERVER player=Player0 action=SWAP_WITH_CURSOR slot=10 currentProjection=true cursorProjection=true
[22:37:15 ERROR]: [BranzMMO] PHYSICAL_AUTHORITY_INVENTORY_PLAN_FAILED_SERVER player=Player0 code=PROJECTION_MOVE_STACKABLE_UNSUPPORTED detail=Stackable lot swap, merge or mixed cursor permutation is unsupported.
[22:37:15 INFO]: [BranzMMO] PHYSICAL_AUTHORITY_INVENTORY_ABORT_SERVER player=2654e3c3-150d-3857-a426-0b141796a4e0 detail=PROJECTION_MOVE_STACKABLE_UNSUPPORTED: Stackable lot swap, merge or mixed cursor permutation is unsupported.
[22:37:16 INFO]: Player0 issued server command: /mmo physical status
[22:37:16 INFO]: [BranzMMO] PHYSICAL_AUTHORITY_INVENTORY_CLICK_SERVER player=Player0 action=PICKUP_ALL slot=9 currentProjection=true cursorProjection=false
[22:37:16 INFO]: [BranzMMO] PHYSICAL_AUTHORITY_INVENTORY_PLAN_SERVER player=Player0 disposition=TRANSIENT_CURSOR intent=none
[22:37:17 INFO]: [BranzMMO] PHYSICAL_AUTHORITY_INVENTORY_CLICK_SERVER player=Player0 action=PLACE_ALL slot=7 currentProjection=false cursorProjection=true
[22:37:17 INFO]: [BranzMMO] PHYSICAL_AUTHORITY_INVENTORY_PLAN_SERVER player=Player0 disposition=READY_TO_COMMIT intent=STACKABLE_LOT:9->7:56998b11-fd7c-454f-b915-8c847e31a496
[22:37:17 INFO]: [BranzMMO] PHYSICAL_AUTHORITY_INVENTORY_COMMIT_BEGIN_SERVER player=Player0 type=STACKABLE_LOT source=9 destination=7 value=56998b11-fd7c-454f-b915-8c847e31a496
[22:37:18 INFO]: Player0 issued server command: /mmo physical status
[22:37:18 INFO]: [BranzMMO] PHYSICAL_AUTHORITY_INVENTORY_COMMIT_SUCCESS_SERVER player=Player0 type=STACKABLE_LOT source=9 destination=7 value=56998b11-fd7c-454f-b915-8c847e31a496
[22:37:19 INFO]: Player0 issued server command: /mmo physical status
[22:37:19 INFO]: Player0 issued server command: /mmo physical status
[22:37:20 INFO]: Player0 issued server command: /mmo physical status
[22:37:21 INFO]: Player0 lost connection: Disconnected
[22:37:21 INFO]: Player0 left the game
[22:37:21 INFO]: Stopping the server
[22:37:21 INFO]: Stopping server
[22:37:21 INFO]: [BranzMMO] Disabling BranzMMO v1.0.0-SNAPSHOT
[22:37:21 ERROR]: [STDERR] [me.lucko.spark.paper.common.util.log.Logger$1] Uncaught exception thrown in thread spark-monitoring-1-thread-1
[22:37:21 WARN]: java.util.concurrent.CancellationException
[22:37:21 WARN]: 	at java.base/java.util.concurrent.FutureTask.report(FutureTask.java:123)
[22:37:21 WARN]: 	at java.base/java.util.concurrent.FutureTask.get(FutureTask.java:193)
[22:37:21 WARN]: 	at me.lucko.spark.paper.common.util.SparkScheduledThreadPoolExecutor.afterExecute(SparkScheduledThreadPoolExecutor.java:48)
[22:37:21 WARN]: 	at java.base/java.util.concurrent.ThreadPoolExecutor.runWorker(ThreadPoolExecutor.java:1091)
[22:37:21 WARN]: 	at java.base/java.util.concurrent.ThreadPoolExecutor$Worker.run(ThreadPoolExecutor.java:614)
[22:37:21 WARN]: 	at java.base/java.lang.Thread.run(Thread.java:1474)
[22:37:21 INFO]: [io.zonky.test.db.postgres.embedded.EmbeddedPostgres] 2026-08-18 22:37:21.522 +07 [3840] LOG:  received fast shutdown request
[22:37:21 INFO]: [io.zonky.test.db.postgres.embedded.EmbeddedPostgres] 2026-08-18 22:37:21.523 +07 [3840] LOG:  aborting any active transactions
[22:37:21 INFO]: [io.zonky.test.db.postgres.embedded.EmbeddedPostgres] 2026-08-18 22:37:21.541 +07 [3840] LOG:  background worker "logical replication launcher" (PID 29908) exited with exit code 1
[22:37:21 INFO]: [io.zonky.test.db.postgres.embedded.EmbeddedPostgres] 2026-08-18 22:37:21.549 +07 [17084] LOG:  shutting down
[22:37:22 INFO]: [io.zonky.test.db.postgres.embedded.EmbeddedPostgres] 2026-08-18 22:37:22.037 +07 [3840] LOG:  database system is shut down
[22:37:22 INFO]: [io.zonky.test.db.postgres.embedded.EmbeddedPostgres] waiting for server to shut down.... done
[22:37:22 INFO]: [io.zonky.test.db.postgres.embedded.EmbeddedPostgres] server stopped
[22:37:22 INFO]: [io.zonky.test.db.postgres.embedded.EmbeddedPostgres] b636899a-e039-4fa3-9dfc-b4ed15b0d0be shut down postmaster in 00:00:00.673
[22:37:22 INFO]: [io.zonky.test.db.postgres.embedded.EmbeddedPostgres] Did not clean up directory C:\Users\User\AppData\Local\BranzMMORPGHarness\repo\mmo-bootstrap\run\plugins\BranzMMO\embedded-postgres
[22:37:22 INFO]: [BranzMMO] Branz MMO platform disabled cleanly.
[22:37:22 INFO]: Saving players
[22:37:22 INFO]: Saving worlds
[22:37:22 INFO]: Saving chunks for level 'ServerLevel[world]'/minecraft:overworld
[22:37:22 INFO]: [ChunkHolderManager] Waiting 60s for chunk system to halt for world 'minecraft:overworld'
[22:37:22 INFO]: [ChunkHolderManager] Halted chunk system for world 'minecraft:overworld'
[22:37:22 INFO]: [ChunkHolderManager] Saving all chunkholders for world 'minecraft:overworld'
[22:37:23 INFO]: [ChunkHolderManager] Saved 1616 block chunks, 219 entity chunks, 0 poi chunks in world 'minecraft:overworld' in 1.19s
[22:37:23 INFO]: [ChunkHolderManager] Waiting 60s for chunk I/O to halt for world 'minecraft:overworld'
[22:37:23 INFO]: [ChunkHolderManager] Halted I/O scheduler for world 'minecraft:overworld'
[22:37:23 INFO]: Saving chunks for level 'ServerLevel[world]'/minecraft:the_nether
[22:37:23 INFO]: [ChunkHolderManager] Waiting 60s for chunk system to halt for world 'minecraft:the_nether'
[22:37:23 INFO]: [ChunkHolderManager] Halted chunk system for world 'minecraft:the_nether'
[22:37:23 INFO]: [ChunkHolderManager] Saving all chunkholders for world 'minecraft:the_nether'
[22:37:23 INFO]: [ChunkHolderManager] Saved 0 block chunks, 0 entity chunks, 0 poi chunks in world 'minecraft:the_nether' in 0.00s
[22:37:23 INFO]: [ChunkHolderManager] Waiting 60s for chunk I/O to halt for world 'minecraft:the_nether'
[22:37:23 INFO]: [ChunkHolderManager] Halted I/O scheduler for world 'minecraft:the_nether'
[22:37:23 INFO]: Saving chunks for level 'ServerLevel[world]'/minecraft:the_end
[22:37:23 INFO]: [ChunkHolderManager] Waiting 60s for chunk system to halt for world 'minecraft:the_end'
[22:37:23 INFO]: [ChunkHolderManager] Halted chunk system for world 'minecraft:the_end'
[22:37:23 INFO]: [ChunkHolderManager] Saving all chunkholders for world 'minecraft:the_end'
[22:37:23 INFO]: [ChunkHolderManager] Saved 0 block chunks, 0 entity chunks, 0 poi chunks in world 'minecraft:the_end' in 0.00s
[22:37:23 INFO]: [ChunkHolderManager] Waiting 60s for chunk I/O to halt for world 'minecraft:the_end'
[22:37:23 INFO]: [ChunkHolderManager] Halted I/O scheduler for world 'minecraft:the_end'
[22:37:23 INFO]: ThreadedAnvilChunkStorage (world): All chunks are saved
[22:37:23 INFO]: ThreadedAnvilChunkStorage (DIM-1): All chunks are saved
[22:37:23 INFO]: ThreadedAnvilChunkStorage (DIM1): All chunks are saved
[22:37:23 INFO]: ThreadedAnvilChunkStorage: All dimensions are saved
[22:37:23 INFO]: Waiting for all RegionFile I/O tasks to complete...
[22:37:23 INFO]: All RegionFile I/O tasks to complete
[22:37:23 INFO]: [MoonriseCommon] Awaiting termination of worker pool for up to 60s...
[22:37:23 INFO]: [MoonriseCommon] Awaiting termination of I/O pool for up to 60s...

BUILD SUCCESSFUL in 1m 59s
39 actionable tasks: 1 executed, 38 up-to-date
Consider enabling configuration cache to speed up this build: https://docs.gradle.org/9.1.0/userguide/configuration_cache_enabling.html
