To honour the JVM settings for this build a single-use Daemon process will be forked. For more on this, please refer to https://docs.gradle.org/9.1.0/userguide/gradle_daemon.html#sec:disabling_the_daemon in the Gradle documentation.
Daemon will be stopped at the end of the build 
> Task :mmo-api:compileJava UP-TO-DATE
> Task :mmo-api:processResources NO-SOURCE
> Task :mmo-api:classes UP-TO-DATE
> Task :mmo-api:jar UP-TO-DATE
> Task :mmo-content:compileJava UP-TO-DATE
> Task :mmo-combat:compileJava UP-TO-DATE
> Task :mmo-integrations:compileJava UP-TO-DATE
> Task :mmo-items:compileJava UP-TO-DATE
> Task :mmo-lifeskills:compileJava UP-TO-DATE
> Task :mmo-magic:compileJava UP-TO-DATE
> Task :mmo-progression:compileJava UP-TO-DATE
> Task :mmo-persistence:compileJava UP-TO-DATE
> Task :mmo-scenes:compileJava UP-TO-DATE
> Task :mmo-social:compileJava UP-TO-DATE
> Task :mmo-worldloop:compileJava UP-TO-DATE
> Task :mmo-integrations:integration-mythicmobs:compileJava UP-TO-DATE
> Task :mmo-integrations:integration-oraxen:compileJava UP-TO-DATE
> Task :mmo-integrations:integration-packetevents:compileJava UP-TO-DATE
> Task :mmo-integrations:integration-wallet:compileJava UP-TO-DATE
> Task :mmo-integrations:integration-worldguard:compileJava UP-TO-DATE
> Task :mmo-bootstrap:compileJava UP-TO-DATE
> Task :mmo-bootstrap:processResources UP-TO-DATE
> Task :mmo-bootstrap:classes UP-TO-DATE
> Task :mmo-combat:processResources NO-SOURCE
> Task :mmo-combat:classes UP-TO-DATE
> Task :mmo-combat:jar UP-TO-DATE
> Task :mmo-content:processResources NO-SOURCE
> Task :mmo-content:classes UP-TO-DATE
> Task :mmo-content:jar UP-TO-DATE
> Task :mmo-integrations:processResources NO-SOURCE
> Task :mmo-integrations:classes UP-TO-DATE
> Task :mmo-integrations:jar UP-TO-DATE
> Task :mmo-items:processResources NO-SOURCE
> Task :mmo-items:classes UP-TO-DATE
> Task :mmo-items:jar UP-TO-DATE
> Task :mmo-lifeskills:processResources NO-SOURCE
> Task :mmo-lifeskills:classes UP-TO-DATE
> Task :mmo-lifeskills:jar UP-TO-DATE
> Task :mmo-magic:processResources NO-SOURCE
> Task :mmo-magic:classes UP-TO-DATE
> Task :mmo-magic:jar UP-TO-DATE
> Task :mmo-persistence:processResources UP-TO-DATE
> Task :mmo-persistence:classes UP-TO-DATE
> Task :mmo-persistence:jar UP-TO-DATE
> Task :mmo-progression:processResources NO-SOURCE
> Task :mmo-progression:classes UP-TO-DATE
> Task :mmo-progression:jar UP-TO-DATE
> Task :mmo-scenes:processResources NO-SOURCE
> Task :mmo-scenes:classes UP-TO-DATE
> Task :mmo-scenes:jar UP-TO-DATE
> Task :mmo-social:processResources NO-SOURCE
> Task :mmo-social:classes UP-TO-DATE
> Task :mmo-social:jar UP-TO-DATE
> Task :mmo-worldloop:processResources NO-SOURCE
> Task :mmo-worldloop:classes UP-TO-DATE
> Task :mmo-worldloop:jar UP-TO-DATE
> Task :mmo-integrations:integration-mythicmobs:processResources NO-SOURCE
> Task :mmo-integrations:integration-mythicmobs:classes UP-TO-DATE
> Task :mmo-integrations:integration-mythicmobs:jar UP-TO-DATE
> Task :mmo-integrations:integration-oraxen:processResources NO-SOURCE
> Task :mmo-integrations:integration-oraxen:classes UP-TO-DATE
> Task :mmo-integrations:integration-oraxen:jar UP-TO-DATE
> Task :mmo-integrations:integration-packetevents:processResources NO-SOURCE
> Task :mmo-integrations:integration-packetevents:classes UP-TO-DATE
> Task :mmo-integrations:integration-packetevents:jar UP-TO-DATE
> Task :mmo-integrations:integration-wallet:processResources NO-SOURCE
> Task :mmo-integrations:integration-wallet:classes UP-TO-DATE
> Task :mmo-integrations:integration-wallet:jar UP-TO-DATE
> Task :mmo-integrations:integration-worldguard:processResources NO-SOURCE
> Task :mmo-integrations:integration-worldguard:classes UP-TO-DATE
> Task :mmo-integrations:integration-worldguard:jar UP-TO-DATE
> Task :mmo-bootstrap:shadowJar UP-TO-DATE

> Task :mmo-bootstrap:runServer
Located Paper 26.2 build 112 in local cache.
Starting Paper...

Downloading mojang_26.2.jar
Applying patches
Starting org.bukkit.craftbukkit.Main
2026-08-15T08:03:09.595476200Z ServerMain WARN Advanced terminal features are not available in this environment
[15:03:09 INFO]: [bootstrap] Running Java 25 (OpenJDK 64-Bit Server VM 25.0.3+9-LTS; Eclipse Adoptium Temurin-25.0.3+9) on Windows 11 10.0 (amd64)
[15:03:09 INFO]: [bootstrap] Loading Paper 26.2-112-main@c9e894d (2026-08-11T05:18:39Z) for Minecraft 26.2
[15:03:10 INFO]: [PluginInitializerManager] Initializing plugins...
[15:03:10 INFO]: [PluginInitializerManager] Initialized 1 plugin
[15:03:10 INFO]: [PluginInitializerManager] Bukkit plugins (1):
 - BranzMMO (1.0.0-SNAPSHOT)
WARNING: A terminally deprecated method in sun.misc.Unsafe has been called
WARNING: sun.misc.Unsafe::objectFieldOffset has been called by org.joml.MemUtil$MemUtilUnsafe (file:/C:/Users/User/AppData/Local/BranzMMORPGHarness/repo/mmo-bootstrap/run/libraries/org/joml/joml/1.10.8/joml-1.10.8.jar)
WARNING: Please consider reporting this to the maintainers of class org.joml.MemUtil$MemUtilUnsafe
WARNING: sun.misc.Unsafe::objectFieldOffset will be removed in a future release
[15:03:16 INFO]: [ca.spottedleaf.dataconverter.minecraft.datatypes.MCTypeRegistry] Initialising converters for DataConverter...
[15:03:16 INFO]: Environment: Environment[sessionHost=https://sessionserver.mojang.com, servicesHost=https://api.minecraftservices.com, profilesHost=https://api.mojang.com, name=PROD]
[15:03:16 INFO]: [ca.spottedleaf.dataconverter.minecraft.datatypes.MCTypeRegistry] Finished initialising converters for DataConverter in 564.9ms
[15:03:17 INFO]: Found new data pack paper, loading it automatically
[15:03:17 INFO]: No existing world data, creating new world
[15:03:18 INFO]: Loaded 1585 recipes
[15:03:18 INFO]: Loaded 1688 advancements
[15:03:19 INFO]: Starting minecraft server version 26.2
[15:03:19 INFO]: Loading properties
[15:03:19 INFO]: This server is running Paper version 26.2-112-main@c9e894d (2026-08-11T05:18:39Z) (Implementing API version 26.2.build.112-stable)
[15:03:19 INFO]: [spark] This server bundles the spark profiler. For more information please visit https://docs.papermc.io/paper/profiling
[15:03:20 INFO]: Using 4 threads for Netty based IO
[15:03:20 INFO]: Server Ping Player Sample Count: 12
[15:03:20 INFO]: [MoonriseCommon] Paper is using 3 worker threads, 1 I/O threads
[15:03:21 INFO]: Default game type: SURVIVAL
[15:03:21 INFO]: Generating keypair
[15:03:21 INFO]: Starting Minecraft server on *:25565
[15:03:21 INFO]: Paper: Using Java compression from Velocity.
[15:03:21 INFO]: Paper: Using Java cipher from Velocity.
[15:03:21 INFO]: [BranzMMO] Loading server plugin BranzMMO v1.0.0-SNAPSHOT
[15:03:21 INFO]: [BranzMMO] Enabling BranzMMO v1.0.0-SNAPSHOT
[15:03:21 INFO]: [BranzMMO] Loading and validating content snapshot from C:\Users\User\AppData\Local\BranzMMORPGHarness\repo\example-content\milestone-1
[15:03:21 WARN]: **** SERVER IS RUNNING IN OFFLINE/INSECURE MODE!
[15:03:21 WARN]: The server will make no attempt to authenticate usernames. Beware.
[15:03:21 WARN]: While this makes the game possible to play without internet access, it also opens up the ability for hackers to connect with any username they choose.
[15:03:21 WARN]: To change this, set "online-mode" to "true" in the server.properties file.
[15:03:21 INFO]: Preparing level "world"
[15:03:21 INFO]: Selecting spawn point for level 'minecraft:overworld'...
[15:03:26 INFO]: Selecting spawn point for level 'minecraft:the_nether'...
[15:03:27 INFO]: Selecting spawn point for level 'minecraft:the_end'...
[15:03:28 INFO]: Loading 0 persistent chunks for level 'minecraft:overworld'...
[15:03:28 INFO]: Preparing spawn area: 100%
[15:03:28 INFO]: Prepared spawn area in 6052 ms
[15:03:28 INFO]: Loading 0 persistent chunks for level 'minecraft:the_nether'...
[15:03:28 INFO]: Preparing spawn area: 100%
[15:03:28 INFO]: Prepared spawn area in 1550 ms
[15:03:28 INFO]: Loading 0 persistent chunks for level 'minecraft:the_end'...
[15:03:28 INFO]: Preparing spawn area: 100%
[15:03:28 INFO]: Prepared spawn area in 472 ms
[15:03:28 INFO]: Done preparing level "world" (6.672s)
[15:03:28 INFO]: [spark] Starting background profiler...
[15:03:28 INFO]: [spark] The async-profiler engine is not supported for your os/arch (windows11/amd64), so the built-in Java engine will be used instead.
[15:03:28 INFO]: Saving chunks for level 'ServerLevel[world]'/minecraft:overworld
[15:03:28 INFO]: Saving chunks for level 'ServerLevel[world]'/minecraft:the_nether
[15:03:28 INFO]: Saving chunks for level 'ServerLevel[world]'/minecraft:the_end
[15:03:28 INFO]: ThreadedAnvilChunkStorage (world): All chunks are saved
[15:03:28 INFO]: ThreadedAnvilChunkStorage (DIM-1): All chunks are saved
[15:03:28 INFO]: ThreadedAnvilChunkStorage (DIM1): All chunks are saved
[15:03:28 INFO]: ThreadedAnvilChunkStorage: All dimensions are saved
[15:03:28 INFO]: Running delayed init tasks
[15:03:28 INFO]: Done (20.295s)! For help, type "help"
[15:03:28 INFO]: *************************************************************************************
[15:03:28 INFO]: This is the first time you're starting this server.
[15:03:28 INFO]: It's recommended you read our 'Getting Started' documentation for guidance.
[15:03:28 INFO]: View this and more helpful information here: https://docs.papermc.io/paper/next-steps
[15:03:28 INFO]: *************************************************************************************
[15:03:28 INFO]: [io.zonky.test.db.postgres.embedded.EmbeddedPostgres] Detected a Windows x86_64 system
[15:03:28 INFO]: [io.zonky.test.db.postgres.embedded.DefaultPostgresBinaryResolver] Detected distribution: 'Unknown'
[15:03:28 INFO]: [io.zonky.test.db.postgres.embedded.DefaultPostgresBinaryResolver] System specific postgres binaries found: 'postgres-windows-x86_64.txz'
[15:03:30 INFO]: [io.zonky.test.db.postgres.embedded.EmbeddedPostgres] Postgres binaries at C:\Users\User\AppData\Local\Temp\embedded-pg\PG-3942d5a1dcdbfebc27772e9e670d5d85
[15:03:31 INFO]: [io.zonky.test.db.postgres.embedded.EmbeddedPostgres] The files belonging to this database system will be owned by user "User".
[15:03:31 INFO]: [io.zonky.test.db.postgres.embedded.EmbeddedPostgres] This user must also own the server process.
[15:03:31 INFO]: [io.zonky.test.db.postgres.embedded.EmbeddedPostgres] 
[15:03:31 INFO]: [io.zonky.test.db.postgres.embedded.EmbeddedPostgres] The database cluster will be initialized with locale "English_United States.874".
[15:03:31 INFO]: [io.zonky.test.db.postgres.embedded.EmbeddedPostgres] The default text search configuration will be set to "english".
[15:03:31 INFO]: [io.zonky.test.db.postgres.embedded.EmbeddedPostgres] 
[15:03:31 INFO]: [io.zonky.test.db.postgres.embedded.EmbeddedPostgres] Data page checksums are disabled.
[15:03:31 INFO]: [io.zonky.test.db.postgres.embedded.EmbeddedPostgres] 
[15:03:31 INFO]: [io.zonky.test.db.postgres.embedded.EmbeddedPostgres] fixing permissions on existing directory C:/Users/User/AppData/Local/BranzMMORPGHarness/repo/mmo-bootstrap/run/plugins/BranzMMO/embedded-postgres ... ok
[15:03:31 INFO]: [io.zonky.test.db.postgres.embedded.EmbeddedPostgres] creating subdirectories ... ok
[15:03:31 INFO]: [io.zonky.test.db.postgres.embedded.EmbeddedPostgres] selecting dynamic shared memory implementation ... windows
[15:03:32 INFO]: [io.zonky.test.db.postgres.embedded.EmbeddedPostgres] selecting default max_connections ... 100
[15:03:32 INFO]: [io.zonky.test.db.postgres.embedded.EmbeddedPostgres] selecting default shared_buffers ... 128MB
[15:03:32 INFO]: [io.zonky.test.db.postgres.embedded.EmbeddedPostgres] selecting default time zone ... Asia/Bangkok
[15:03:32 INFO]: [io.zonky.test.db.postgres.embedded.EmbeddedPostgres] creating configuration files ... ok
[15:03:33 INFO]: [io.zonky.test.db.postgres.embedded.EmbeddedPostgres] running bootstrap script ... ok
[15:03:38 INFO]: [io.zonky.test.db.postgres.embedded.EmbeddedPostgres] performing post-bootstrap initialization ... ok
[15:03:44 INFO]: [io.zonky.test.db.postgres.embedded.EmbeddedPostgres] syncing data to disk ... ok
[15:03:44 INFO]: [io.zonky.test.db.postgres.embedded.EmbeddedPostgres] 
[15:03:44 INFO]: [io.zonky.test.db.postgres.embedded.EmbeddedPostgres] Success. You can now start the database server using:
[15:03:44 INFO]: [io.zonky.test.db.postgres.embedded.EmbeddedPostgres] 
[15:03:44 INFO]: [io.zonky.test.db.postgres.embedded.EmbeddedPostgres]     ^"C^:^\Users^\User^\AppData^\Local^\Temp^\embedded^-pg^\PG^-3942d5a1dcdbfebc27772e9e670d5d85^\bin^\pg^_ctl^" -D ^"C^:^\Users^\User^\AppData^\Local^\BranzMMORPGHarness^\repo^\mmo^-bootstrap^\run^\plugins^\BranzMMO^\embedded^-postgres^" -l logfile start
[15:03:44 INFO]: [io.zonky.test.db.postgres.embedded.EmbeddedPostgres] 
[15:03:44 INFO]: [io.zonky.test.db.postgres.embedded.EmbeddedPostgres] a82aecf4-ee64-4417-9ffa-ee81c59901d1 initdb completed in 00:00:14.391
[15:03:45 INFO]: [io.zonky.test.db.postgres.embedded.EmbeddedPostgres] a82aecf4-ee64-4417-9ffa-ee81c59901d1 postmaster started as Process[pid=23516, exitValue="not exited"] on port 60653.  Waiting up to PT10S for server startup to finish.
[15:03:45 INFO]: [io.zonky.test.db.postgres.embedded.EmbeddedPostgres] waiting for server to start....2026-08-15 15:03:45.465 +07 [35576] LOG:  starting PostgreSQL 14.22, compiled by Visual C++ build 1944, 64-bit
[15:03:45 INFO]: [io.zonky.test.db.postgres.embedded.EmbeddedPostgres] 2026-08-15 15:03:45.478 +07 [35576] LOG:  listening on IPv6 address "::1", port 60653
[15:03:45 INFO]: [io.zonky.test.db.postgres.embedded.EmbeddedPostgres] 2026-08-15 15:03:45.478 +07 [35576] LOG:  listening on IPv4 address "127.0.0.1", port 60653
[15:03:45 INFO]: [io.zonky.test.db.postgres.embedded.EmbeddedPostgres] 2026-08-15 15:03:45.674 +07 [35276] LOG:  database system was shut down at 2026-08-15 15:03:38 +07
[15:03:45 INFO]: [io.zonky.test.db.postgres.embedded.EmbeddedPostgres] 2026-08-15 15:03:45.972 +07 [35576] LOG:  database system is ready to accept connections
[15:03:46 INFO]: [io.zonky.test.db.postgres.embedded.EmbeddedPostgres]  done
[15:03:46 INFO]: [io.zonky.test.db.postgres.embedded.EmbeddedPostgres] server started
[15:03:46 INFO]: [io.zonky.test.db.postgres.embedded.EmbeddedPostgres] a82aecf4-ee64-4417-9ffa-ee81c59901d1 postmaster startup finished in 00:00:01.653
[15:03:51 INFO]: [BranzMMO] Milestone 3 runtime ready; item definitions=20, move definitions=6, spell definitions=5, technique definitions=5, form definitions=4, ailment definitions=6, encounter reward definitions=1, Scene presentation=WORLD_BACKED
[15:03:51 INFO]: [BranzMMO] Provider asset.oraxen=UNAVAILABLE [OPTIONAL]: plugin is not installed: Oraxen
[15:03:51 INFO]: [BranzMMO] Provider mob.mythicmobs=UNAVAILABLE [OPTIONAL]: plugin is not installed: MythicMobs
[15:03:51 INFO]: [BranzMMO] Provider packet.packetevents=UNAVAILABLE [OPTIONAL]: plugin is not installed: packetevents
[15:03:51 INFO]: [BranzMMO] Provider region.worldguard=UNAVAILABLE [OPTIONAL]: plugin is not installed: WorldGuard
[15:03:51 INFO]: [BranzMMO] Provider wallet.external=UNAVAILABLE [OPTIONAL]: plugin is not installed: Wallet
[15:03:51 WARN]: [BranzMMO] asset.oraxen [OPTIONAL]: plugin is not installed: Oraxen
[15:03:51 WARN]: [BranzMMO] mob.mythicmobs [OPTIONAL]: plugin is not installed: MythicMobs
[15:03:51 WARN]: [BranzMMO] packet.packetevents [OPTIONAL]: plugin is not installed: packetevents
[15:03:51 WARN]: [BranzMMO] region.worldguard [OPTIONAL]: plugin is not installed: WorldGuard
[15:03:51 WARN]: [BranzMMO] wallet.external [OPTIONAL]: plugin is not installed: Wallet
[15:03:51 INFO]: [BranzMMO] Branz MMO startup DEGRADED; content=v1.milestone-1.example.4, definitions=48
[15:03:51 INFO]: [BranzMMO] PostgreSQL runtime ready; mode=EMBEDDED_LOCAL, server-instance=local-cece11b6-fc21-448f-8c4c-ae0a7383d62a
[15:03:52 INFO]: [BranzMMO] Recovered 0 boss encounter(s) from V0009.
[15:03:52 INFO]: [BranzMMO] Recovered 0 downed encounter(s) from V0010.
[15:03:52 INFO]: [BranzMMO] Death Pouch reconciliation is ready.
[15:04:33 INFO]: UUID of player Player0 is 2654e3c3-150d-3857-a426-0b141796a4e0
[15:04:45 INFO]: Player0 joined the game
[15:04:45 INFO]: Player0[/127.0.0.1:61638] logged in with entity id 7 at ([minecraft:overworld]8.5, 73.0, -8.5)
[15:04:45 INFO]: Made Player0 a server operator
[15:04:46 INFO]: Set 7 experience levels on Player0
[15:04:56 INFO]: Player0 issued server command: /item replace entity @s hotbar.0 with minecraft:stone
[15:04:56 INFO]: [Player0: Replaced a slot on Player0 with [Stone]]
[15:04:57 INFO]: Player0 issued server command: /item replace entity @s hotbar.1 with minecraft:stone
[15:04:57 INFO]: [Player0: Replaced a slot on Player0 with [Stone]]
[15:04:57 INFO]: Player0 issued server command: /item replace entity @s hotbar.2 with minecraft:stone
[15:04:57 INFO]: [Player0: Replaced a slot on Player0 with [Stone]]
[15:04:57 INFO]: Player0 issued server command: /item replace entity @s hotbar.3 with minecraft:stone
[15:04:57 INFO]: [Player0: Replaced a slot on Player0 with [Stone]]
[15:04:57 INFO]: Player0 issued server command: /item replace entity @s hotbar.4 with minecraft:stone
[15:04:57 INFO]: [Player0: Replaced a slot on Player0 with [Stone]]
[15:04:57 INFO]: Player0 issued server command: /item replace entity @s hotbar.5 with minecraft:stone
[15:04:57 INFO]: [Player0: Replaced a slot on Player0 with [Stone]]
[15:04:58 INFO]: Player0 issued server command: /item replace entity @s hotbar.6 with minecraft:stone
[15:04:58 INFO]: [Player0: Replaced a slot on Player0 with [Stone]]
[15:04:58 INFO]: Player0 issued server command: /item replace entity @s hotbar.7 with minecraft:stone
[15:04:58 INFO]: [Player0: Replaced a slot on Player0 with [Stone]]
[15:04:58 INFO]: Player0 issued server command: /mmo dev
[15:05:00 INFO]: Player0 issued server command: /mmo physical status
[15:05:01 INFO]: Player0 issued server command: /mmo physical status
[15:05:02 INFO]: Player0 issued server command: /item replace entity @s hotbar.7 with minecraft:air
[15:05:02 INFO]: [Player0: Replaced a slot on Player0 with [Air]]
[15:05:09 INFO]: Player0 lost connection: Disconnected
[15:05:09 INFO]: Player0 left the game
[15:05:11 INFO]: Stopping the server
[15:05:11 INFO]: Stopping server
[15:05:11 INFO]: [BranzMMO] Disabling BranzMMO v1.0.0-SNAPSHOT
[15:05:11 INFO]: [io.zonky.test.db.postgres.embedded.EmbeddedPostgres] 2026-08-15 15:05:11.231 +07 [35576] LOG:  received fast shutdown request
[15:05:11 INFO]: [io.zonky.test.db.postgres.embedded.EmbeddedPostgres] 2026-08-15 15:05:11.232 +07 [35576] LOG:  aborting any active transactions
[15:05:11 INFO]: [io.zonky.test.db.postgres.embedded.EmbeddedPostgres] 2026-08-15 15:05:11.239 +07 [35576] LOG:  background worker "logical replication launcher" (PID 34528) exited with exit code 1
[15:05:11 INFO]: [io.zonky.test.db.postgres.embedded.EmbeddedPostgres] 2026-08-15 15:05:11.240 +07 [35092] LOG:  shutting down
[15:05:11 INFO]: [io.zonky.test.db.postgres.embedded.EmbeddedPostgres] 2026-08-15 15:05:11.560 +07 [35576] LOG:  database system is shut down
[15:05:11 INFO]: [io.zonky.test.db.postgres.embedded.EmbeddedPostgres] waiting for server to shut down.... done
[15:05:11 INFO]: [io.zonky.test.db.postgres.embedded.EmbeddedPostgres] server stopped
[15:05:11 INFO]: [io.zonky.test.db.postgres.embedded.EmbeddedPostgres] a82aecf4-ee64-4417-9ffa-ee81c59901d1 shut down postmaster in 00:00:00.393
[15:05:11 INFO]: [io.zonky.test.db.postgres.embedded.EmbeddedPostgres] Did not clean up directory C:\Users\User\AppData\Local\BranzMMORPGHarness\repo\mmo-bootstrap\run\plugins\BranzMMO\embedded-postgres
[15:05:11 INFO]: [BranzMMO] Branz MMO platform disabled cleanly.
[15:05:11 INFO]: Saving players
[15:05:11 INFO]: Saving worlds
[15:05:11 INFO]: Saving chunks for level 'ServerLevel[world]'/minecraft:overworld
[15:05:11 INFO]: [ChunkHolderManager] Waiting 60s for chunk system to halt for world 'minecraft:overworld'
[15:05:11 INFO]: [ChunkHolderManager] Halted chunk system for world 'minecraft:overworld'
[15:05:11 INFO]: [ChunkHolderManager] Saving all chunkholders for world 'minecraft:overworld'
[15:05:12 INFO]: [ChunkHolderManager] Saved 1726 block chunks, 318 entity chunks, 11 poi chunks in world 'minecraft:overworld' in 0.84s
[15:05:12 INFO]: [ChunkHolderManager] Waiting 60s for chunk I/O to halt for world 'minecraft:overworld'
[15:05:12 INFO]: [ChunkHolderManager] Halted I/O scheduler for world 'minecraft:overworld'
[15:05:12 INFO]: Saving chunks for level 'ServerLevel[world]'/minecraft:the_nether
[15:05:12 INFO]: [ChunkHolderManager] Waiting 60s for chunk system to halt for world 'minecraft:the_nether'
[15:05:12 INFO]: [ChunkHolderManager] Halted chunk system for world 'minecraft:the_nether'
[15:05:12 INFO]: [ChunkHolderManager] Saving all chunkholders for world 'minecraft:the_nether'
[15:05:12 INFO]: [ChunkHolderManager] Saved 0 block chunks, 0 entity chunks, 0 poi chunks in world 'minecraft:the_nether' in 0.00s
[15:05:12 INFO]: [ChunkHolderManager] Waiting 60s for chunk I/O to halt for world 'minecraft:the_nether'
[15:05:12 INFO]: [ChunkHolderManager] Halted I/O scheduler for world 'minecraft:the_nether'
[15:05:12 INFO]: Saving chunks for level 'ServerLevel[world]'/minecraft:the_end
[15:05:12 INFO]: [ChunkHolderManager] Waiting 60s for chunk system to halt for world 'minecraft:the_end'
[15:05:12 INFO]: [ChunkHolderManager] Halted chunk system for world 'minecraft:the_end'
[15:05:12 INFO]: [ChunkHolderManager] Saving all chunkholders for world 'minecraft:the_end'
[15:05:12 INFO]: [ChunkHolderManager] Saved 0 block chunks, 0 entity chunks, 0 poi chunks in world 'minecraft:the_end' in 0.00s
[15:05:12 INFO]: [ChunkHolderManager] Waiting 60s for chunk I/O to halt for world 'minecraft:the_end'
[15:05:12 INFO]: [ChunkHolderManager] Halted I/O scheduler for world 'minecraft:the_end'
[15:05:12 INFO]: ThreadedAnvilChunkStorage (world): All chunks are saved
[15:05:12 INFO]: ThreadedAnvilChunkStorage (DIM-1): All chunks are saved
[15:05:12 INFO]: ThreadedAnvilChunkStorage (DIM1): All chunks are saved
[15:05:12 INFO]: ThreadedAnvilChunkStorage: All dimensions are saved
[15:05:12 INFO]: Waiting for all RegionFile I/O tasks to complete...
[15:05:12 INFO]: All RegionFile I/O tasks to complete
[15:05:12 INFO]: [MoonriseCommon] Awaiting termination of worker pool for up to 60s...
[15:05:12 INFO]: [MoonriseCommon] Awaiting termination of I/O pool for up to 60s...

BUILD SUCCESSFUL in 2m 41s
39 actionable tasks: 1 executed, 38 up-to-date
Consider enabling configuration cache to speed up this build: https://docs.gradle.org/9.1.0/userguide/configuration_cache_enabling.html
