To honour the JVM settings for this build a single-use Daemon process will be forked. For more on this, please refer to https://docs.gradle.org/9.1.0/userguide/gradle_daemon.html#sec:disabling_the_daemon in the Gradle documentation.
Daemon will be stopped at the end of the build 
> Task :mmo-api:compileJava UP-TO-DATE
> Task :mmo-api:processResources NO-SOURCE
> Task :mmo-api:classes UP-TO-DATE
> Task :mmo-api:jar UP-TO-DATE
> Task :mmo-content:compileJava UP-TO-DATE
> Task :mmo-combat:compileJava UP-TO-DATE
> Task :mmo-integrations:compileJava UP-TO-DATE
> Task :mmo-items:compileJava UP-TO-DATE
> Task :mmo-lifeskills:compileJava UP-TO-DATE
> Task :mmo-magic:compileJava UP-TO-DATE
> Task :mmo-progression:compileJava UP-TO-DATE
> Task :mmo-persistence:compileJava UP-TO-DATE
> Task :mmo-scenes:compileJava UP-TO-DATE
> Task :mmo-social:compileJava UP-TO-DATE
> Task :mmo-worldloop:compileJava UP-TO-DATE
> Task :mmo-integrations:integration-mythicmobs:compileJava UP-TO-DATE
> Task :mmo-integrations:integration-oraxen:compileJava UP-TO-DATE
> Task :mmo-integrations:integration-packetevents:compileJava UP-TO-DATE
> Task :mmo-integrations:integration-wallet:compileJava UP-TO-DATE
> Task :mmo-integrations:integration-worldguard:compileJava UP-TO-DATE
> Task :mmo-bootstrap:compileJava
> Task :mmo-bootstrap:processResources UP-TO-DATE
> Task :mmo-bootstrap:classes
> Task :mmo-combat:processResources NO-SOURCE
> Task :mmo-combat:classes UP-TO-DATE
> Task :mmo-combat:jar UP-TO-DATE
> Task :mmo-content:processResources NO-SOURCE
> Task :mmo-content:classes UP-TO-DATE
> Task :mmo-content:jar UP-TO-DATE
> Task :mmo-integrations:processResources NO-SOURCE
> Task :mmo-integrations:classes UP-TO-DATE
> Task :mmo-integrations:jar UP-TO-DATE
> Task :mmo-items:processResources NO-SOURCE
> Task :mmo-items:classes UP-TO-DATE
> Task :mmo-items:jar UP-TO-DATE
> Task :mmo-lifeskills:processResources NO-SOURCE
> Task :mmo-lifeskills:classes UP-TO-DATE
> Task :mmo-lifeskills:jar UP-TO-DATE
> Task :mmo-magic:processResources NO-SOURCE
> Task :mmo-magic:classes UP-TO-DATE
> Task :mmo-magic:jar UP-TO-DATE
> Task :mmo-persistence:processResources UP-TO-DATE
> Task :mmo-persistence:classes UP-TO-DATE
> Task :mmo-persistence:jar UP-TO-DATE
> Task :mmo-progression:processResources NO-SOURCE
> Task :mmo-progression:classes UP-TO-DATE
> Task :mmo-progression:jar UP-TO-DATE
> Task :mmo-scenes:processResources NO-SOURCE
> Task :mmo-scenes:classes UP-TO-DATE
> Task :mmo-scenes:jar UP-TO-DATE
> Task :mmo-social:processResources NO-SOURCE
> Task :mmo-social:classes UP-TO-DATE
> Task :mmo-social:jar UP-TO-DATE
> Task :mmo-worldloop:processResources NO-SOURCE
> Task :mmo-worldloop:classes UP-TO-DATE
> Task :mmo-worldloop:jar UP-TO-DATE
> Task :mmo-integrations:integration-mythicmobs:processResources NO-SOURCE
> Task :mmo-integrations:integration-mythicmobs:classes UP-TO-DATE
> Task :mmo-integrations:integration-mythicmobs:jar UP-TO-DATE
> Task :mmo-integrations:integration-oraxen:processResources NO-SOURCE
> Task :mmo-integrations:integration-oraxen:classes UP-TO-DATE
> Task :mmo-integrations:integration-oraxen:jar UP-TO-DATE
> Task :mmo-integrations:integration-packetevents:processResources NO-SOURCE
> Task :mmo-integrations:integration-packetevents:classes UP-TO-DATE
> Task :mmo-integrations:integration-packetevents:jar UP-TO-DATE
> Task :mmo-integrations:integration-wallet:processResources NO-SOURCE
> Task :mmo-integrations:integration-wallet:classes UP-TO-DATE
> Task :mmo-integrations:integration-wallet:jar UP-TO-DATE
> Task :mmo-integrations:integration-worldguard:processResources NO-SOURCE
> Task :mmo-integrations:integration-worldguard:classes UP-TO-DATE
> Task :mmo-integrations:integration-worldguard:jar UP-TO-DATE
> Task :mmo-bootstrap:shadowJar

> Task :mmo-bootstrap:runServer
Fetching latest Paper build for version 26.2...
Latest build for 26.2 is 112.
Located Paper 26.2 build 112 in local cache.
Starting Paper...

Downloading mojang_26.2.jar
Applying patches
Starting org.bukkit.craftbukkit.Main
2026-08-19T15:14:48.356067300Z ServerMain WARN Advanced terminal features are not available in this environment
[22:14:49 INFO]: [bootstrap] Running Java 25 (OpenJDK 64-Bit Server VM 25.0.3+9-LTS; Eclipse Adoptium Temurin-25.0.3+9) on Windows 11 10.0 (amd64)
[22:14:49 INFO]: [bootstrap] Loading Paper 26.2-112-main@c9e894d (2026-08-11T05:18:39Z) for Minecraft 26.2
[22:14:49 INFO]: [PluginInitializerManager] Initializing plugins...
[22:14:49 INFO]: [PluginInitializerManager] Initialized 1 plugin
[22:14:49 INFO]: [PluginInitializerManager] Bukkit plugins (1):
 - BranzMMO (1.0.0-SNAPSHOT)
WARNING: A terminally deprecated method in sun.misc.Unsafe has been called
WARNING: sun.misc.Unsafe::objectFieldOffset has been called by org.joml.MemUtil$MemUtilUnsafe (file:/C:/Users/User/AppData/Local/BranzMMORPGHarness/repo/mmo-bootstrap/run/libraries/org/joml/joml/1.10.8/joml-1.10.8.jar)
WARNING: Please consider reporting this to the maintainers of class org.joml.MemUtil$MemUtilUnsafe
WARNING: sun.misc.Unsafe::objectFieldOffset will be removed in a future release
[22:14:57 INFO]: [ca.spottedleaf.dataconverter.minecraft.datatypes.MCTypeRegistry] Initialising converters for DataConverter...
[22:14:57 INFO]: Environment: Environment[sessionHost=https://sessionserver.mojang.com, servicesHost=https://api.minecraftservices.com, profilesHost=https://api.mojang.com, name=PROD]
[22:14:58 INFO]: [ca.spottedleaf.dataconverter.minecraft.datatypes.MCTypeRegistry] Finished initialising converters for DataConverter in 751.0ms
[22:14:58 INFO]: Found new data pack paper, loading it automatically
[22:14:59 INFO]: No existing world data, creating new world
[22:15:01 INFO]: Loaded 1585 recipes
[22:15:01 INFO]: Loaded 1688 advancements
[22:15:02 INFO]: Starting minecraft server version 26.2
[22:15:02 INFO]: Loading properties
[22:15:02 INFO]: This server is running Paper version 26.2-112-main@c9e894d (2026-08-11T05:18:39Z) (Implementing API version 26.2.build.112-stable)
[22:15:02 INFO]: [spark] This server bundles the spark profiler. For more information please visit https://docs.papermc.io/paper/profiling
[22:15:02 INFO]: Server Ping Player Sample Count: 12
[22:15:02 INFO]: Using 4 threads for Netty based IO
[22:15:03 INFO]: [MoonriseCommon] Paper is using 3 worker threads, 1 I/O threads
[22:15:04 INFO]: Default game type: SURVIVAL
[22:15:04 INFO]: Generating keypair
[22:15:04 INFO]: Starting Minecraft server on *:25565
[22:15:04 INFO]: Paper: Using Java compression from Velocity.
[22:15:04 INFO]: Paper: Using Java cipher from Velocity.
[22:15:04 INFO]: [BranzMMO] Loading server plugin BranzMMO v1.0.0-SNAPSHOT
[22:15:04 INFO]: [BranzMMO] Enabling BranzMMO v1.0.0-SNAPSHOT
[22:15:04 INFO]: [BranzMMO] Loading and validating content snapshot from C:\Users\User\AppData\Local\BranzMMORPGHarness\repo\example-content\milestone-1
[22:15:04 WARN]: **** SERVER IS RUNNING IN OFFLINE/INSECURE MODE!
[22:15:04 WARN]: The server will make no attempt to authenticate usernames. Beware.
[22:15:04 WARN]: While this makes the game possible to play without internet access, it also opens up the ability for hackers to connect with any username they choose.
[22:15:04 WARN]: To change this, set "online-mode" to "true" in the server.properties file.
[22:15:05 INFO]: Preparing level "world"
[22:15:06 INFO]: Selecting spawn point for level 'minecraft:overworld'...
[22:15:11 INFO]: Selecting spawn point for level 'minecraft:the_nether'...
[22:15:12 INFO]: Selecting spawn point for level 'minecraft:the_end'...
[22:15:13 INFO]: Loading 0 persistent chunks for level 'minecraft:overworld'...
[22:15:13 INFO]: Preparing spawn area: 100%
[22:15:13 INFO]: Prepared spawn area in 7041 ms
[22:15:13 INFO]: Loading 0 persistent chunks for level 'minecraft:the_nether'...
[22:15:13 INFO]: Preparing spawn area: 100%
[22:15:13 INFO]: Prepared spawn area in 1570 ms
[22:15:13 INFO]: Loading 0 persistent chunks for level 'minecraft:the_end'...
[22:15:13 INFO]: Preparing spawn area: 100%
[22:15:13 INFO]: Prepared spawn area in 437 ms
[22:15:13 INFO]: Done preparing level "world" (8.092s)
[22:15:13 INFO]: [spark] Starting background profiler...
[22:15:13 INFO]: [spark] The async-profiler engine is not supported for your os/arch (windows11/amd64), so the built-in Java engine will be used instead.
[22:15:13 INFO]: Saving chunks for level 'ServerLevel[world]'/minecraft:overworld
[22:15:13 INFO]: Saving chunks for level 'ServerLevel[world]'/minecraft:the_nether
[22:15:14 INFO]: Saving chunks for level 'ServerLevel[world]'/minecraft:the_end
[22:15:14 INFO]: ThreadedAnvilChunkStorage (world): All chunks are saved
[22:15:14 INFO]: ThreadedAnvilChunkStorage (DIM-1): All chunks are saved
[22:15:14 INFO]: ThreadedAnvilChunkStorage (DIM1): All chunks are saved
[22:15:14 INFO]: ThreadedAnvilChunkStorage: All dimensions are saved
[22:15:14 INFO]: Running delayed init tasks
[22:15:14 INFO]: Done (27.123s)! For help, type "help"
[22:15:14 INFO]: *************************************************************************************
[22:15:14 INFO]: This is the first time you're starting this server.
[22:15:14 INFO]: It's recommended you read our 'Getting Started' documentation for guidance.
[22:15:14 INFO]: View this and more helpful information here: https://docs.papermc.io/paper/next-steps
[22:15:14 INFO]: *************************************************************************************
[22:15:14 INFO]: [io.zonky.test.db.postgres.embedded.EmbeddedPostgres] Detected a Windows x86_64 system
[22:15:14 INFO]: [io.zonky.test.db.postgres.embedded.DefaultPostgresBinaryResolver] Detected distribution: 'Unknown'
[22:15:14 INFO]: [io.zonky.test.db.postgres.embedded.DefaultPostgresBinaryResolver] System specific postgres binaries found: 'postgres-windows-x86_64.txz'
[22:15:16 INFO]: [io.zonky.test.db.postgres.embedded.EmbeddedPostgres] Postgres binaries at C:\Users\User\AppData\Local\Temp\embedded-pg\PG-3942d5a1dcdbfebc27772e9e670d5d85
[22:15:16 INFO]: [io.zonky.test.db.postgres.embedded.EmbeddedPostgres] The files belonging to this database system will be owned by user "User".
[22:15:16 INFO]: [io.zonky.test.db.postgres.embedded.EmbeddedPostgres] This user must also own the server process.
[22:15:16 INFO]: [io.zonky.test.db.postgres.embedded.EmbeddedPostgres] 
[22:15:16 INFO]: [io.zonky.test.db.postgres.embedded.EmbeddedPostgres] The database cluster will be initialized with locale "English_United States.874".
[22:15:16 INFO]: [io.zonky.test.db.postgres.embedded.EmbeddedPostgres] The default text search configuration will be set to "english".
[22:15:16 INFO]: [io.zonky.test.db.postgres.embedded.EmbeddedPostgres] 
[22:15:16 INFO]: [io.zonky.test.db.postgres.embedded.EmbeddedPostgres] Data page checksums are disabled.
[22:15:16 INFO]: [io.zonky.test.db.postgres.embedded.EmbeddedPostgres] 
[22:15:16 INFO]: [io.zonky.test.db.postgres.embedded.EmbeddedPostgres] fixing permissions on existing directory C:/Users/User/AppData/Local/BranzMMORPGHarness/repo/mmo-bootstrap/run/plugins/BranzMMO/embedded-postgres ... ok
[22:15:16 INFO]: [io.zonky.test.db.postgres.embedded.EmbeddedPostgres] creating subdirectories ... ok
[22:15:16 INFO]: [io.zonky.test.db.postgres.embedded.EmbeddedPostgres] selecting dynamic shared memory implementation ... windows
[22:15:16 INFO]: [io.zonky.test.db.postgres.embedded.EmbeddedPostgres] selecting default max_connections ... 100
[22:15:16 INFO]: [io.zonky.test.db.postgres.embedded.EmbeddedPostgres] selecting default shared_buffers ... 128MB
[22:15:16 INFO]: [io.zonky.test.db.postgres.embedded.EmbeddedPostgres] selecting default time zone ... Asia/Bangkok
[22:15:16 INFO]: [io.zonky.test.db.postgres.embedded.EmbeddedPostgres] creating configuration files ... ok
[22:15:18 INFO]: [io.zonky.test.db.postgres.embedded.EmbeddedPostgres] running bootstrap script ... ok
[22:15:23 INFO]: [io.zonky.test.db.postgres.embedded.EmbeddedPostgres] performing post-bootstrap initialization ... ok
[22:15:30 INFO]: [io.zonky.test.db.postgres.embedded.EmbeddedPostgres] syncing data to disk ... ok
[22:15:30 INFO]: [io.zonky.test.db.postgres.embedded.EmbeddedPostgres] 
[22:15:30 INFO]: [io.zonky.test.db.postgres.embedded.EmbeddedPostgres] Success. You can now start the database server using:
[22:15:30 INFO]: [io.zonky.test.db.postgres.embedded.EmbeddedPostgres] 
[22:15:30 INFO]: [io.zonky.test.db.postgres.embedded.EmbeddedPostgres]     ^"C^:^\Users^\User^\AppData^\Local^\Temp^\embedded^-pg^\PG^-3942d5a1dcdbfebc27772e9e670d5d85^\bin^\pg^_ctl^" -D ^"C^:^\Users^\User^\AppData^\Local^\BranzMMORPGHarness^\repo^\mmo^-bootstrap^\run^\plugins^\BranzMMO^\embedded^-postgres^" -l logfile start
[22:15:30 INFO]: [io.zonky.test.db.postgres.embedded.EmbeddedPostgres] 
[22:15:30 INFO]: [io.zonky.test.db.postgres.embedded.EmbeddedPostgres] 0591468b-1ce4-4a22-85ab-9011ab039427 initdb completed in 00:00:13.989
[22:15:30 INFO]: [io.zonky.test.db.postgres.embedded.EmbeddedPostgres] 0591468b-1ce4-4a22-85ab-9011ab039427 postmaster started as Process[pid=18860, exitValue="not exited"] on port 62160.  Waiting up to PT10S for server startup to finish.
[22:15:30 INFO]: [io.zonky.test.db.postgres.embedded.EmbeddedPostgres] waiting for server to start....2026-08-19 22:15:30.598 +07 [24796] LOG:  starting PostgreSQL 14.22, compiled by Visual C++ build 1944, 64-bit
[22:15:30 INFO]: [io.zonky.test.db.postgres.embedded.EmbeddedPostgres] 2026-08-19 22:15:30.614 +07 [24796] LOG:  listening on IPv6 address "::1", port 62160
[22:15:30 INFO]: [io.zonky.test.db.postgres.embedded.EmbeddedPostgres] 2026-08-19 22:15:30.614 +07 [24796] LOG:  listening on IPv4 address "127.0.0.1", port 62160
[22:15:30 INFO]: [io.zonky.test.db.postgres.embedded.EmbeddedPostgres] 2026-08-19 22:15:30.678 +07 [19536] LOG:  database system was shut down at 2026-08-19 22:15:23 +07
[22:15:30 INFO]: [io.zonky.test.db.postgres.embedded.EmbeddedPostgres] 2026-08-19 22:15:30.812 +07 [24796] LOG:  database system is ready to accept connections
[22:15:30 INFO]: [io.zonky.test.db.postgres.embedded.EmbeddedPostgres]  done
[22:15:30 INFO]: [io.zonky.test.db.postgres.embedded.EmbeddedPostgres] server started
[22:15:32 INFO]: [io.zonky.test.db.postgres.embedded.EmbeddedPostgres] 0591468b-1ce4-4a22-85ab-9011ab039427 postmaster startup finished in 00:00:01.826
[22:15:38 INFO]: [BranzMMO] Milestone 3 runtime ready; item definitions=20, move definitions=6, spell definitions=5, technique definitions=5, form definitions=4, ailment definitions=6, encounter reward definitions=1, Scene presentation=WORLD_BACKED
[22:15:38 INFO]: [BranzMMO] Provider asset.oraxen=UNAVAILABLE [OPTIONAL]: plugin is not installed: Oraxen
[22:15:38 INFO]: [BranzMMO] Provider mob.mythicmobs=UNAVAILABLE [OPTIONAL]: plugin is not installed: MythicMobs
[22:15:38 INFO]: [BranzMMO] Provider packet.packetevents=UNAVAILABLE [OPTIONAL]: plugin is not installed: packetevents
[22:15:38 INFO]: [BranzMMO] Provider region.worldguard=UNAVAILABLE [OPTIONAL]: plugin is not installed: WorldGuard
[22:15:38 INFO]: [BranzMMO] Provider wallet.external=UNAVAILABLE [OPTIONAL]: plugin is not installed: Wallet
[22:15:38 WARN]: [BranzMMO] asset.oraxen [OPTIONAL]: plugin is not installed: Oraxen
[22:15:38 WARN]: [BranzMMO] mob.mythicmobs [OPTIONAL]: plugin is not installed: MythicMobs
[22:15:38 WARN]: [BranzMMO] packet.packetevents [OPTIONAL]: plugin is not installed: packetevents
[22:15:38 WARN]: [BranzMMO] region.worldguard [OPTIONAL]: plugin is not installed: WorldGuard
[22:15:38 WARN]: [BranzMMO] wallet.external [OPTIONAL]: plugin is not installed: Wallet
[22:15:38 INFO]: [BranzMMO] Branz MMO startup DEGRADED; content=v1.milestone-1.example.4, definitions=48
[22:15:38 INFO]: [BranzMMO] PostgreSQL runtime ready; mode=EMBEDDED_LOCAL, server-instance=local-12051f63-8e23-4262-869e-15e9ce76b581
[22:15:38 INFO]: [BranzMMO] Recovered 0 boss encounter(s) from V0009.
[22:15:38 INFO]: [BranzMMO] Death Pouch reconciliation is ready.
[22:15:38 INFO]: [BranzMMO] Recovered 0 downed encounter(s) from V0010.
[22:16:24 INFO]: UUID of player Player0 is 2654e3c3-150d-3857-a426-0b141796a4e0
[22:16:31 INFO]: Player0 joined the game
[22:16:32 INFO]: Player0[/127.0.0.1:54311] logged in with entity id 11 at ([minecraft:overworld]-7.5, 79.0, 24.5)
[22:16:32 INFO]: Made Player0 a server operator
[22:16:32 INFO]: Set 7 experience levels on Player0
[22:16:35 INFO]: Player0 issued server command: /item replace entity @s hotbar.0 with minecraft:stone
[22:16:35 INFO]: [Player0: Replaced a slot on Player0 with [Stone]]
[22:16:36 INFO]: Player0 issued server command: /item replace entity @s hotbar.1 with minecraft:stone
[22:16:36 INFO]: [Player0: Replaced a slot on Player0 with [Stone]]
[22:16:36 INFO]: Player0 issued server command: /item replace entity @s hotbar.2 with minecraft:stone
[22:16:36 INFO]: [Player0: Replaced a slot on Player0 with [Stone]]
[22:16:36 INFO]: Player0 issued server command: /item replace entity @s hotbar.3 with minecraft:stone
[22:16:36 INFO]: [Player0: Replaced a slot on Player0 with [Stone]]
[22:16:36 INFO]: Player0 issued server command: /item replace entity @s hotbar.4 with minecraft:stone
[22:16:36 INFO]: [Player0: Replaced a slot on Player0 with [Stone]]
[22:16:37 INFO]: Player0 issued server command: /item replace entity @s hotbar.5 with minecraft:stone
[22:16:37 INFO]: [Player0: Replaced a slot on Player0 with [Stone]]
[22:16:37 INFO]: Player0 issued server command: /item replace entity @s hotbar.6 with minecraft:stone
[22:16:37 INFO]: [Player0: Replaced a slot on Player0 with [Stone]]
[22:16:37 INFO]: Player0 issued server command: /item replace entity @s hotbar.7 with minecraft:stone
[22:16:37 INFO]: [Player0: Replaced a slot on Player0 with [Stone]]
[22:16:37 INFO]: Player0 issued server command: /item replace entity @s hotbar.7 with minecraft:air
[22:16:37 INFO]: [Player0: Replaced a slot on Player0 with [Air]]
[22:16:37 INFO]: Player0 issued server command: /mmo dev
[22:16:42 INFO]: Player0 issued server command: /item replace entity @s hotbar.6 with minecraft:air
[22:16:42 INFO]: [Player0: Replaced a slot on Player0 with [Air]]
[22:16:43 INFO]: Player0 issued server command: /mmo dev
[22:16:47 INFO]: Player0 issued server command: /item replace entity @s hotbar.5 with minecraft:air
[22:16:47 INFO]: [Player0: Replaced a slot on Player0 with [Air]]
[22:16:47 INFO]: Player0 issued server command: /mmo dev
[22:16:49 INFO]: Player0 has made the advancement [Into Fire]
[22:16:50 INFO]: Player0 issued server command: /mmo physical status
[22:16:51 INFO]: Player0 issued server command: /mmo physical status
[22:16:52 INFO]: Player0 issued server command: /mmo physical status
[22:16:53 INFO]: Player0 issued server command: /mmo physical status
[22:16:57 INFO]: Player0 issued server command: /execute at @s run summon minecraft:husk ^ ^ ^12 {PersistenceRequired:1b,Silent:1b,Tags:["branz_d46_source"]}
[22:16:57 INFO]: [Player0: Summoned new Husk]
[22:16:57 INFO]: Player0 issued server command: /effect give @e[tag=branz_d46_source,limit=1] minecraft:slowness infinite 255 true
[22:16:57 INFO]: [Player0: Applied effect Slowness to Husk]
[22:16:59 INFO]: Player0 issued server command: /effect clear @e[tag=branz_d46_source,limit=1] minecraft:slowness
[22:16:59 INFO]: [Player0: Removed effect Slowness from Husk]
[22:16:59 INFO]: Player0 issued server command: /execute at @s run tp @e[tag=branz_d46_source,limit=1] ^ ^ ^1.5
[22:16:59 INFO]: [Player0: Teleported Husk to -7.500000, 79.000000, 26.000000]
[22:17:01 INFO]: Player0 issued server command: /execute at @s run tp @e[tag=branz_d46_source,limit=1] ^ ^ ^12
[22:17:01 INFO]: [Player0: Teleported Husk to -7.500000, 79.000000, 36.500000]
[22:17:01 INFO]: [BranzMMO] PHYSICAL_AUTHORITY_SHIELD_D46_USE_SERVER player=Player0 hand=HAND action=RIGHT_CLICK_AIR material=IRON_SWORD
[22:17:01 INFO]: [BranzMMO] PHYSICAL_AUTHORITY_SHIELD_D46_USE_SERVER player=Player0 hand=OFF_HAND action=RIGHT_CLICK_AIR material=SHIELD
[22:17:12 INFO]: Player0 lost connection: Disconnected
[22:17:12 INFO]: Player0 left the game
[22:17:13 INFO]: Stopping the server
[22:17:13 INFO]: Stopping server
[22:17:13 INFO]: [BranzMMO] Disabling BranzMMO v1.0.0-SNAPSHOT
[22:17:13 INFO]: [io.zonky.test.db.postgres.embedded.EmbeddedPostgres] 2026-08-19 22:17:13.850 +07 [24796] LOG:  received fast shutdown request
[22:17:13 INFO]: [io.zonky.test.db.postgres.embedded.EmbeddedPostgres] 2026-08-19 22:17:13.851 +07 [24796] LOG:  aborting any active transactions
[22:17:13 INFO]: [io.zonky.test.db.postgres.embedded.EmbeddedPostgres] 2026-08-19 22:17:13.861 +07 [24796] LOG:  background worker "logical replication launcher" (PID 30460) exited with exit code 1
[22:17:13 INFO]: [io.zonky.test.db.postgres.embedded.EmbeddedPostgres] 2026-08-19 22:17:13.863 +07 [20904] LOG:  shutting down
[22:17:14 INFO]: [io.zonky.test.db.postgres.embedded.EmbeddedPostgres] 2026-08-19 22:17:14.254 +07 [24796] LOG:  database system is shut down
[22:17:14 INFO]: [io.zonky.test.db.postgres.embedded.EmbeddedPostgres] waiting for server to shut down.... done
[22:17:14 INFO]: [io.zonky.test.db.postgres.embedded.EmbeddedPostgres] server stopped
[22:17:14 INFO]: [io.zonky.test.db.postgres.embedded.EmbeddedPostgres] 0591468b-1ce4-4a22-85ab-9011ab039427 shut down postmaster in 00:00:00.572
[22:17:14 INFO]: [io.zonky.test.db.postgres.embedded.EmbeddedPostgres] Did not clean up directory C:\Users\User\AppData\Local\BranzMMORPGHarness\repo\mmo-bootstrap\run\plugins\BranzMMO\embedded-postgres
[22:17:14 INFO]: [BranzMMO] Branz MMO platform disabled cleanly.
[22:17:14 INFO]: Saving players
[22:17:14 INFO]: Saving worlds
[22:17:14 INFO]: Saving chunks for level 'ServerLevel[world]'/minecraft:overworld
[22:17:14 INFO]: [ChunkHolderManager] Waiting 60s for chunk system to halt for world 'minecraft:overworld'
[22:17:14 INFO]: [ChunkHolderManager] Halted chunk system for world 'minecraft:overworld'
[22:17:14 INFO]: [ChunkHolderManager] Saving all chunkholders for world 'minecraft:overworld'
[22:17:16 INFO]: [ChunkHolderManager] Saved 2209 block chunks, 625 entity chunks, 5 poi chunks in world 'minecraft:overworld' in 2.46s
[22:17:16 INFO]: [ChunkHolderManager] Waiting 60s for chunk I/O to halt for world 'minecraft:overworld'
[22:17:16 INFO]: [ChunkHolderManager] Halted I/O scheduler for world 'minecraft:overworld'
[22:17:16 INFO]: Saving chunks for level 'ServerLevel[world]'/minecraft:the_nether
[22:17:16 INFO]: [ChunkHolderManager] Waiting 60s for chunk system to halt for world 'minecraft:the_nether'
[22:17:16 INFO]: [ChunkHolderManager] Halted chunk system for world 'minecraft:the_nether'
[22:17:16 INFO]: [ChunkHolderManager] Saving all chunkholders for world 'minecraft:the_nether'
[22:17:16 INFO]: [ChunkHolderManager] Saved 0 block chunks, 0 entity chunks, 0 poi chunks in world 'minecraft:the_nether' in 0.00s
[22:17:16 INFO]: [ChunkHolderManager] Waiting 60s for chunk I/O to halt for world 'minecraft:the_nether'
[22:17:16 INFO]: [ChunkHolderManager] Halted I/O scheduler for world 'minecraft:the_nether'
[22:17:16 INFO]: Saving chunks for level 'ServerLevel[world]'/minecraft:the_end
[22:17:16 INFO]: [ChunkHolderManager] Waiting 60s for chunk system to halt for world 'minecraft:the_end'
[22:17:16 INFO]: [ChunkHolderManager] Halted chunk system for world 'minecraft:the_end'
[22:17:16 INFO]: [ChunkHolderManager] Saving all chunkholders for world 'minecraft:the_end'
[22:17:16 INFO]: [ChunkHolderManager] Saved 0 block chunks, 0 entity chunks, 0 poi chunks in world 'minecraft:the_end' in 0.00s
[22:17:16 INFO]: [ChunkHolderManager] Waiting 60s for chunk I/O to halt for world 'minecraft:the_end'
[22:17:16 INFO]: [ChunkHolderManager] Halted I/O scheduler for world 'minecraft:the_end'
[22:17:16 INFO]: ThreadedAnvilChunkStorage (world): All chunks are saved
[22:17:16 INFO]: ThreadedAnvilChunkStorage (DIM-1): All chunks are saved
[22:17:16 INFO]: ThreadedAnvilChunkStorage (DIM1): All chunks are saved
[22:17:16 INFO]: ThreadedAnvilChunkStorage: All dimensions are saved
[22:17:16 INFO]: Waiting for all RegionFile I/O tasks to complete...
[22:17:16 INFO]: All RegionFile I/O tasks to complete
[22:17:16 INFO]: [MoonriseCommon] Awaiting termination of worker pool for up to 60s...
[22:17:16 INFO]: [MoonriseCommon] Awaiting termination of I/O pool for up to 60s...

BUILD SUCCESSFUL in 3m 29s
39 actionable tasks: 3 executed, 36 up-to-date
Consider enabling configuration cache to speed up this build: https://docs.gradle.org/9.1.0/userguide/configuration_cache_enabling.html
